=== Part A: dps-30 identity verification (t moderate, n = floor(13t/8)) ===
t=   100.0 n=     162 dT3=-sJ2 resid=7.137e-04  dT3-IBP resid=7.137e-04  |T3|=2.5755e-05  quad-tails=8.4e-06/1.6e-05
t=   500.0 n=     812 dT3=-sJ2 resid=7.866e-04  dT3-IBP resid=7.866e-04  |T3|=9.7124e-06  quad-tails=2.7e-06/6.3e-06
t=  1000.0 n=    1625 dT3=-sJ2 resid=7.959e-04  dT3-IBP resid=7.959e-04  |T3|=4.4356e-06  quad-tails=1.2e-06/3.2e-06
t=  2000.0 n=    3250 dT3=-sJ2 resid=7.310e-04  dT3-IBP resid=7.310e-04  |T3|=2.4636e-06  quad-tails=5.1e-07/1.4e-06
t=  5000.0 n=    8125 dT3=-sJ2 resid=5.467e-04  dT3-IBP resid=5.467e-04  |T3|=4.6231e-06  quad-tails=1.4e-07/4.1e-07
t= 10000.0 n=   16250 dT3=-sJ2 resid=4.022e-04  dT3-IBP resid=4.022e-04  |T3|=3.9474e-06  quad-tails=5.2e-08/1.5e-07
t= 20000.0 n=   32500 dT3=-sJ2 resid=2.512e-04  dT3-IBP resid=2.512e-04  |T3|=6.9455e-07  quad-tails=1.9e-08/5.6e-08
t= 50000.0 n=   81250 dT3=-sJ2 resid=1.782e-04  dT3-IBP resid=1.782e-04  |T3|=5.6724e-07  quad-tails=4.8e-09/1.4e-08

=== Part A2: asymptotic constant fits (t moderate) ===
|T3| candidates at n = floor(13t/8):  C_k = |T3| / (‖s(s+1)(s+2)‖ n^{-7/2}),  D_k = |T3|/(‖s(s+1)‖ n^{-7/2})
t=  2000.0  C(n^-7/2, ‖s(s+1)(s+2)‖)=6.0265e-04   D(n^-7/2, ‖s(s+1)‖)=1.2053e+00   D2(n^-5/2, ‖s(s+1)‖)=3.7086e-04
t=  5000.0  C(n^-7/2, ‖s(s+1)(s+2)‖)=1.7882e-03   D(n^-7/2, ‖s(s+1)‖)=8.9408e+00   D2(n^-5/2, ‖s(s+1)‖)=1.1004e-03
t= 10000.0  C(n^-7/2, ‖s(s+1)(s+2)‖)=2.1592e-03   D(n^-7/2, ‖s(s+1)‖)=2.1592e+01   D2(n^-5/2, ‖s(s+1)‖)=1.3287e-03
t= 20000.0  C(n^-7/2, ‖s(s+1)(s+2)‖)=5.3729e-04   D(n^-7/2, ‖s(s+1)‖)=1.0746e+01   D2(n^-5/2, ‖s(s+1)‖)=3.3064e-04
t= 50000.0  C(n^-7/2, ‖s(s+1)(s+2)‖)=6.9380e-04   D(n^-7/2, ‖s(s+1)‖)=3.4690e+01   D2(n^-5/2, ‖s(s+1)‖)=4.2696e-04

=== Part A3: exponent in n at fixed t = 5000 (n-t ratios 5/8 .. 20) ===
n=5000     |T3|=2.4774e-05  log-log slope in n vs n=3125: -2.7157
n=8125     |T3|=4.6231e-06  log-log slope in n vs n=3125: -3.0927
n=15000    |T3|=1.4748e-07  log-log slope in n vs n=3125: -4.0802
n=25000    |T3|=1.2206e-07  log-log slope in n vs n=3125: -3.1689
n=50000    |T3|=9.6282e-09  log-log slope in n vs n=3125: -3.2927
n=100000   |T3|=3.3454e-10  log-log slope in n vs n=3125: -3.6036

=== Part A4: J2 decay check (|J2| n^{2.5} ‖s+1‖^-1 and n^{3.5} variants) ===
t=  2000.0  |J2|=3.6482e-07  |J2|*n^2.5/‖s+1‖=1.0984e-01   |J2|*n^3.5/‖s+1‖=3.5698e+02   (ζ(3)/(2π³)=0.0193840898014583994705599451594)
t=  5000.0  |J2|=1.0888e-07  |J2|*n^2.5/‖s+1‖=1.2958e-01   |J2|*n^3.5/‖s+1‖=1.0529e+03   (ζ(3)/(2π³)=0.0193840898014583994705599451594)
t= 10000.0  |J2|=4.0493e-08  |J2|*n^2.5/‖s+1‖=1.3630e-01   |J2|*n^3.5/‖s+1‖=2.2149e+03   (ζ(3)/(2π³)=0.0193840898014583994705599451594)
t= 20000.0  |J2|=1.2524e-08  |J2|*n^2.5/‖s+1‖=1.1924e-01   |J2|*n^3.5/‖s+1‖=3.8753e+03   (ζ(3)/(2π³)=0.0193840898014583994705599451594)
t= 50000.0  |J2|=3.5611e-09  |J2|*n^2.5/‖s+1‖=1.3402e-01   |J2|*n^3.5/‖s+1‖=1.0889e+04   (ζ(3)/(2π³)=0.0193840898014583994705599451594)

=== Part B: zeta-route |T3| at certified zero heights (n = floor(13t/8)) ===
t=137114.841071            [P0 certified]  |T3|=3.4419e-03  |T3|/|T1|=3.2493e+00  C(n^-7/2)=6.9714e+00  D(n^-7/2)=9.5588e+05  D2(n^-5/2)=4.2901e+00
t=1000000.063441           [P4 certified]  |T3|=1.2745e-03  |T3|/|T1|=3.2493e+00  C(n^-7/2)=6.9715e+00  D(n^-7/2)=6.9715e+06  D2(n^-5/2)=4.2902e+00
t=10000019.917692          [P3 33 digits]  |T3|=4.0300e-04  |T3|/|T1|=3.2491e+00  C(n^-7/2)=6.9709e+00  D(n^-7/2)=6.9709e+07  D2(n^-5/2)=4.2898e+00
t=15000000.148362          [P6 certified]  |T3|=3.2906e-04  |T3|/|T1|=3.2492e+00  C(n^-7/2)=6.9712e+00  D(n^-7/2)=1.0457e+08  D2(n^-5/2)=4.2900e+00
t=25000003.367518          [P6 certified]  |T3|=2.5489e-04  |T3|/|T1|=3.2492e+00  C(n^-7/2)=6.9712e+00  D(n^-7/2)=1.7428e+08  D2(n^-5/2)=4.2900e+00
t=50000000.798368          [P7 certified]  |T3|=1.8007e-04  |T3|/|T1|=3.2462e+00  C(n^-7/2)=6.9647e+00  D(n^-7/2)=3.4824e+08  D2(n^-5/2)=4.2860e+00
t=100000000.451635         [P7 certified]  |T3|=1.2754e-04  |T3|/|T1|=3.2517e+00  C(n^-7/2)=6.9766e+00  D(n^-7/2)=6.9766e+08  D2(n^-5/2)=4.2933e+00

=== Part C: wall assessment at list scale ===
t=137114.841071             |T1|=1.0593e-03  T3UB_old=3.5284e-01 (3.33e+02 of T1)   T3UB_new=5.4857e-07 (5.18e-04 of T1)   |EM|_lo_old=-3.5189e-01  new=9.5007e-04   Eenv=5.3247e-15   ratio_new/Eenv=1.784e+11
t=1000000.063441            |T1|=3.9223e-04  T3UB_old=9.5287e-01 (2.43e+03 of T1)   T3UB_new=2.0313e-07 (5.18e-04 of T1)   |EM|_lo_old=-9.5252e-01  new=3.5180e-04   Eenv=1.0011e-16   ratio_new/Eenv=3.514e+12
t=10000019.917692           |T1|=1.2403e-04  T3UB_old=3.0132e+00 (2.43e+04 of T1)   T3UB_new=6.4235e-08 (5.18e-04 of T1)   |EM|_lo_old=-3.0131e+00  new=1.1125e-04   Eenv=1.0011e-18   ratio_new/Eenv=1.111e+14
t=15000000.148362           |T1|=1.0127e-04  T3UB_old=3.6904e+00 (3.64e+04 of T1)   T3UB_new=5.2448e-08 (5.18e-04 of T1)   |EM|_lo_old=-3.6904e+00  new=9.0834e-05   Eenv=4.4492e-19   ratio_new/Eenv=2.042e+14
t=25000003.367518           |T1|=7.8446e-05  T3UB_old=4.7643e+00 (6.07e+04 of T1)   T3UB_new=4.0626e-08 (5.18e-04 of T1)   |EM|_lo_old=-4.7643e+00  new=7.0360e-05   Eenv=1.6017e-19   ratio_new/Eenv=4.393e+14
t=50000000.798368           |T1|=5.5470e-05  T3UB_old=6.7378e+00 (1.21e+05 of T1)   T3UB_new=2.8727e-08 (5.18e-04 of T1)   |EM|_lo_old=-6.7378e+00  new=4.9752e-05   Eenv=4.0043e-20   ratio_new/Eenv=1.242e+15
t=100000000.451635          |T1|=3.9223e-05  T3UB_old=9.5287e+00 (2.43e+05 of T1)   T3UB_new=2.0313e-08 (5.18e-04 of T1)   |EM|_lo_old=-9.5287e+00  new=3.5180e-05   Eenv=1.0011e-20   ratio_new/Eenv=3.514e+15
DONE -> out_day026_25ae_t3_sharpen.txt
