day029 model-split re-run  (mpmath 1.4.1, dps-30)
G_LAST = 2001745999.627241   NPTS = 400/400

S1: no-split path identity (t < G_LAST)
  nosplit flag      : True
  rem_split total   : -8110700745.797528266906738
  H.quad_rem total  : -8110700745.797528266906738
  exact mpf equality: True
S1 PASS  (23s)

S2: committed-row replay at the 1.95e9 straddle
  mnew   got=1.144107053719  want=1.144107053719  |d|=0.00e+00
  Efull  got=2.071823336710  want=2.071823336710  |d|=0.00e+00
  zeta   got=2.953821554580  want=2.953821554580  |d|=0.00e+00
  dev    got=1.000000006154  want=1.000000006154  |d|=0.00e+00
S2 PASS  (95s)

S3: subtracted-singular form == direct form at t = 4e9
  A (subtracted) : -92185305136.738708496093750
  B (subtracted) : -208246781065126772736.000000000000000
  closed forms   : cfA = 40795433748.217857  cfB = 40446531508106698752.000000
  cross dA dB    : 6.50e-06 5.06e+03

MODEL-LEVEL Efull, SINGULARITY-SPLIT rem (t > G_LAST; (G_LAST, t) density-modeled)
t       |zeta|      la          pairlog_re  re(A)       re(B)        re(ext)     cross dA     dB     dext  Efull
 2.5e+09     0.08933 272493636.72355 11865935668.28534 -22980302996.56718 -208246781240201576448.00000   -40.39684   2.3e-06   2.6e+04   0.0e+00  +208246781249079934976.000000   (126s)
   4e+09     0.21790 292361819.78118 18548168751.88437 -92185305136.73871 -208246781065126772736.00000  -103.40832   6.5e-06   5.1e+03   0.0e+00  +208246781135329951744.000000   (128s)
   6e+09     2.26292 309501767.88863 23651512337.75125 -187407842856.09326 -208246780828837806080.00000  -232.67006   2.2e-05   1.3e+04   0.0e+00  +208246780987572256768.000000   (129s)
   1e+10     0.45759 331095529.51676 29829916400.32155 -386191967358.44025 -208246780349974446080.00000  -646.30636   6.2e-07   1.8e+04   0.0e+00  +208246780698151419904.000000   (130s)
