day029 model-split re-run  (mpmath 1.4.1, dps-30)
G_LAST = 2001745999.627241   NPTS = 400/400

S1: no-split path identity (t < G_LAST)
  nosplit flag      : True
  rem_split total   : -8110700745.797528266906738
  H.quad_rem total  : -8110700745.797528266906738
  exact mpf equality: True
S1 PASS  (23s)

S2: committed-row replay at the 1.95e9 straddle
  mnew   got=1.144107053719  want=1.144107053719  |d|=0.00e+00
  Efull  got=2.071823336710  want=2.071823336710  |d|=0.00e+00
  zeta   got=2.953821554580  want=2.953821554580  |d|=0.00e+00
  dev    got=1.000000006154  want=1.000000006154  |d|=0.00e+00
S2 PASS  (95s)

MODEL-LEVEL Efull, SINGULARITY-SPLIT rem (t > G_LAST; (G_LAST, t) density-modeled)
t       |zeta|      la          pairlog_re  re(A)       re(B)        re(ext)     cross dA     dB     dext  Efull
 2.5e+09     0.08933 272493636.72355 11865935668.28534          -inf -11352547266.08340   -40.39684       nan   0.0e+00   0.0e+00  +inf   (108s)
   4e+09     0.21790 292361819.78118 18548168751.88437 -3403249363.36783 -18578873718.20527  -103.40832   0.0e+00   0.0e+00   0.0e+00  -2.288352   (109s)
   6e+09     2.26292 309501767.88863 23651512337.75125 -268332087.12624 -28405070724.56151  -232.67006   0.0e+00   0.0e+00   0.0e+00  -0.631216   (107s)
   1e+10     0.45759 331095529.51676 29829916400.32155 10453854588.96265 -48468847463.14275  -646.30636   0.0e+00   0.0e+00   0.0e+00  -2.995276   (107s)
