chain start Sat Sep 19 04:46:00 AM EDT 2026
crosscheck PASS -> phase1 Sat Sep 19 05:28:01 AM EDT 2026
day034b PHASE 1: 62 windows, workers=10
Traceback (most recent call last):
  File "/home/jsmille/Projects/rh-missing-tail/scripts/rh/day034b_h1cert.py", line 375, in <module>
    phase1_run(int(os.environ.get("P1WORKERS", "10")))
  File "/home/jsmille/Projects/rh-missing-tail/scripts/rh/day034b_h1cert.py", line 176, in phase1_run
    w = fu.result()
        ^^^^^^^^^^^
  File "/usr/lib/python3.12/concurrent/futures/_base.py", line 449, in result
    return self.__get_result()
           ^^^^^^^^^^^^^^^^^^^
  File "/usr/lib/python3.12/concurrent/futures/_base.py", line 401, in __get_result
    raise self._exception
concurrent.futures.process.BrokenProcessPool: A process in the process pool was terminated abruptly while the future was running or pending.
phase1 rc=1 -> ABORT Sat Sep 19 05:30:51 AM EDT 2026
chain start Sat Sep 19 05:33:32 AM EDT 2026
crosscheck PASS -> phase1 Sat Sep 19 05:33:32 AM EDT 2026
tail cache: (10000000, 31946000] 52290633 + band 2792198664; G_LAST = 1006345999.847005
day034b PHASE 1: 62 windows, workers=8
chain start Sat Sep 19 06:14:00 AM EDT 2026
crosscheck PASS -> phase1 Sat Sep 19 06:34:00 AM EDT 2026
tail cache: (10000000, 31946000] 52290633 + band 2792198664; G_LAST = 1006345999.847005
day034b PHASE 1: 39 windows, workers=8
[07:10:06] window 5 done (x=1.6e+07, elapsed 34.3 min)
[07:10:06] window 0 done (x=1e+06, elapsed 34.3 min)
[07:10:07] window 7 done (x=3.3e+07, elapsed 34.3 min)
[07:10:08] window 6 done (x=2.4e+07, elapsed 34.3 min)
[07:10:11] window 2 done (x=4e+06, elapsed 34.4 min)
[07:10:14] window 3 done (x=6e+06, elapsed 34.4 min)
[07:10:21] window 1 done (x=2e+06, elapsed 34.5 min)
[07:10:24] window 4 done (x=1e+07, elapsed 34.6 min)
[07:44:17] window 10 done (x=4.25e+07, elapsed 68.4 min)
[07:44:18] window 9 done (x=4e+07, elapsed 68.5 min)
[07:44:18] window 8 done (x=3.9e+07, elapsed 68.5 min)
[07:44:19] window 11 done (x=4.4e+07, elapsed 68.5 min)
[07:44:28] window 12 done (x=4.6e+07, elapsed 68.6 min)
[07:44:32] window 13 done (x=4.8e+07, elapsed 68.7 min)
[07:44:46] window 14 done (x=5.2e+07, elapsed 68.9 min)
[07:44:52] window 15 done (x=5.6e+07, elapsed 69.0 min)
[08:18:31] window 16 done (x=6e+07, elapsed 102.7 min)
[08:18:32] window 17 done (x=6.4e+07, elapsed 102.7 min)
[08:18:33] window 18 done (x=6.8e+07, elapsed 102.7 min)
[08:18:34] window 19 done (x=7.2e+07, elapsed 102.7 min)
[08:18:49] window 20 done (x=7.8e+07, elapsed 103.0 min)
[08:18:54] window 21 done (x=8.4e+07, elapsed 103.1 min)
[08:19:15] window 22 done (x=9e+07, elapsed 103.4 min)
[08:19:24] window 23 done (x=9.6e+07, elapsed 103.6 min)
[08:52:53] window 24 done (x=1.05e+08, elapsed 137.0 min)
[08:52:54] window 25 done (x=1.1e+08, elapsed 137.1 min)
[08:52:56] window 27 done (x=1.3e+08, elapsed 137.1 min)
[08:53:05] window 26 done (x=1.2e+08, elapsed 137.2 min)
[08:53:16] window 28 done (x=1.4e+08, elapsed 137.4 min)
[08:53:16] window 29 done (x=1.6e+08, elapsed 137.4 min)
[08:53:51] window 30 done (x=1.8e+08, elapsed 138.0 min)
[08:54:08] window 31 done (x=2e+08, elapsed 138.3 min)
[09:23:48] window 32 done (x=2.5e+08, elapsed 168.0 min)
[09:23:48] window 33 done (x=3e+08, elapsed 168.0 min)
[09:23:50] window 34 done (x=4e+08, elapsed 168.0 min)
[09:23:55] window 35 done (x=5e+08, elapsed 168.1 min)
[09:24:00] window 36 done (x=6e+08, elapsed 168.2 min)
[09:24:00] window 37 done (x=8e+08, elapsed 168.2 min)
[09:24:11] window 38 done (x=1e+09, elapsed 168.3 min)
phase 1 wall = 168.3 min
phase1 done: 39 window files -> phase2 Sat Sep 19 09:24:11 AM EDT 2026
tail cache: (10000000, 31946000] 52290633 + band 2792198664; G_LAST = 1006345999.847005
day034b PHASE 2: 39 windows, workers=27
[10:25:56] 1/39 windows (elapsed 59.9 min)
[10:26:04] 2/39 windows (elapsed 60.1 min)
[10:26:53] 3/39 windows (elapsed 60.9 min)
[10:27:40] 4/39 windows (elapsed 61.6 min)
[10:27:48] 5/39 windows (elapsed 61.8 min)
[10:28:40] 6/39 windows (elapsed 62.6 min)
[10:29:11] 7/39 windows (elapsed 63.2 min)
[10:29:44] 8/39 windows (elapsed 63.7 min)
[10:30:38] 9/39 windows (elapsed 64.6 min)
[10:31:14] 10/39 windows (elapsed 65.2 min)
[10:31:44] 11/39 windows (elapsed 65.7 min)
[10:31:53] 12/39 windows (elapsed 65.9 min)
[10:32:27] 13/39 windows (elapsed 66.4 min)
[10:32:29] 14/39 windows (elapsed 66.5 min)
[10:32:49] 15/39 windows (elapsed 66.8 min)
[10:32:49] 16/39 windows (elapsed 66.8 min)
[10:33:16] 17/39 windows (elapsed 67.2 min)
[10:33:20] 18/39 windows (elapsed 67.3 min)
[10:33:33] 19/39 windows (elapsed 67.5 min)
[10:33:35] 20/39 windows (elapsed 67.6 min)
[10:34:13] 21/39 windows (elapsed 68.2 min)
[10:34:31] 22/39 windows (elapsed 68.5 min)
[10:34:34] 23/39 windows (elapsed 68.6 min)
[10:35:58] 24/39 windows (elapsed 70.0 min)
[10:36:19] 25/39 windows (elapsed 70.3 min)
[10:38:27] 26/39 windows (elapsed 72.4 min)
[10:38:34] 27/39 windows (elapsed 72.5 min)
[11:04:33] 28/39 windows (elapsed 98.5 min)
[11:04:59] 29/39 windows (elapsed 99.0 min)
[11:05:06] 30/39 windows (elapsed 99.1 min)
[11:05:33] 31/39 windows (elapsed 99.5 min)
[11:05:53] 32/39 windows (elapsed 99.9 min)
[11:06:15] 33/39 windows (elapsed 100.2 min)
[11:06:26] 34/39 windows (elapsed 100.4 min)
[11:06:26] 35/39 windows (elapsed 100.4 min)
[11:07:04] 36/39 windows (elapsed 101.0 min)
[11:07:19] 37/39 windows (elapsed 101.3 min)
[11:07:24] 38/39 windows (elapsed 101.4 min)
[11:07:28] 39/39 windows (elapsed 101.5 min)
           x            g best_mnew worst_mcert      btot      flag
       1e+06 1000000.0000 1904042.310358 501303.278431  1.36e-06 -
       2e+06 2000000.0000 445119.185365 266380.837907  1.42e-06 -
       4e+06 4000000.0000 108279.202578 90954.880024  1.67e-06 -
       6e+06 6000000.0000 47927.479727 43836.230331  1.79e-06 -
       1e+07 10000000.2400 17200.511400 16472.856723  2.23e-06 -
     1.6e+07 16000000.0926 6708.381660 6571.860578  2.60e-06 -
     2.4e+07 23999999.9546 2983.131091 2944.009198  3.42e-06 -
     3.3e+07 32999999.9850 1575.929360 1558.545988  5.58e-06 -
     3.9e+07 39000000.0306 1127.965537 1120.624943  5.13e-06 -
       4e+07 40000000.0712 1072.351727 1026.865234  2.58e-05 -
    4.25e+07 42499999.8769 949.860707 944.188293  5.41e-06 -
     4.4e+07 43999999.7817 885.906722 881.035025  5.51e-06 -
     4.6e+07 45999999.7655 810.876217 805.347635  6.69e-06 -
     4.8e+07 47999999.9235 744.373865 740.140878  6.26e-06 -
     5.2e+07 52000000.1717 634.508133 631.045102  8.66e-06 -
     5.6e+07 56000000.1181 546.757580 544.489546  7.40e-06 -
       6e+07 60000000.3230 476.227796 462.058068  3.74e-05 -
     6.4e+07 63999999.8527 418.539761 416.861352  8.33e-06 -
     6.8e+07 68000000.0039 370.687663 369.283946  8.71e-06 -
     7.2e+07 72000000.0377 331.150328 326.743857  2.97e-05 -
     7.8e+07 77999999.9043 281.628020 279.943965  1.53e-05 -
     8.4e+07 83999999.7961 242.799016 242.093682  1.05e-05 -
       9e+07 89999999.9043 211.528394 210.898073  1.04e-05 -
     9.6e+07 96000000.0958 185.798431 185.058385  1.70e-05 -
    1.05e+08 104999999.6150 155.244817 154.828288  1.53e-05 -
     1.1e+08 109999999.9096 141.427175 141.129184  1.37e-05 -
     1.2e+08 119999999.9582 118.777027 118.573508  1.33e-05 -
     1.3e+08 130000000.0756 102.651137 100.842221  1.76e-04 FLAG
     1.4e+08 140000000.1022 87.182650  87.029436  1.70e-05 -
     1.6e+08 159999999.7567 66.657554  66.572432  1.78e-05 -
     1.8e+08 180000000.1952 52.592595  52.523290  2.47e-05 -
       2e+08 199999999.8408 42.532553  42.481374  2.53e-05 -
     2.5e+08 249999999.7739 27.127680  27.031971  1.35e-04 -
       3e+08 300000000.1628 18.704285  18.691320  3.23e-05 -
       4e+08 399999999.9071 10.357852  10.353442  4.20e-05 -
       5e+08 499999999.9790  6.488254   6.485332  7.13e-05 -
       6e+08 600000000.0718  4.377576   4.374360  1.29e-04 -
       8e+08 799999999.7760  2.243366   2.243071  9.00e-05 -
       1e+09 1000000000.1157  1.081644   1.081636  9.16e-05 -
worst certified margin = 1.081636 at t = 1000000001.61565 (computed 1.081644)
margin_cert < 1: NONE
margin_new  < 1: NONE
wall = 6088.2 s
STATUS: C-1 candidate (all points certified >= 1)
phase2 rc=0 Sat Sep 19 11:07:29 AM EDT 2026
