phase2 complete Sat Sep 19 11:07:40 AM EDT 2026 -> s3b solo start
tail cache: (10000000, 31946000] 52290633 + band 2792198664; G_LAST = 1006345999.847005
t = 39000000.5   (min |g-t| = 0.4694;  1.9 min)
  GATE  S1 vs L-form |d|          = 0.000e+00 (must be ~1e-6 or less)
  S1  = sum p(gamma)              = -1.219687e+08
  B   = boundary DN terms         = +2.131465e-01
  Dc  = walk-weighted gap sum     = -1.366099e+00
       Dc_near [t-200,t+200]      = +5.201076e-01
       Dc_far                      = -1.886207e+00
  R   = smooth (Nas) part         = -1.219687e+08
  check S1 - (B - Dc + R)         = 0.000e+00 (must be ~0)
  walk stats: DN(G1) = -8.071823e-02  DN(G2) = +7.154274e-01  max|DN| = 2.439e+00

t = 100000000.5   (min |g-t| = 0.5796;  1.9 min)
  GATE  S1 vs L-form |d|          = 0.000e+00 (must be ~1e-6 or less)
  S1  = sum p(gamma)              = -1.833810e+08
  B   = boundary DN terms         = +3.638105e-01
  Dc  = walk-weighted gap sum     = -5.352599e+00
       Dc_near [t-200,t+200]      = -2.076549e+00
       Dc_far                      = -3.276050e+00
  R   = smooth (Nas) part         = -1.833810e+08
  check S1 - (B - Dc + R)         = 0.000e+00 (must be ~0)
  walk stats: DN(G1) = -8.071823e-02  DN(G2) = +7.154274e-01  max|DN| = 2.439e+00

t = 300000000.5   (min |g-t| = 0.6704;  1.9 min)
  GATE  S1 vs L-form |d|          = 5.960e-08 (must be ~1e-6 or less)
  S1  = sum p(gamma)              = -1.311423e+08
  B   = boundary DN terms         = +4.824041e-01
  Dc  = walk-weighted gap sum     = -6.351156e+00
       Dc_near [t-200,t+200]      = -1.439734e+00
       Dc_far                      = -4.911422e+00
  R   = smooth (Nas) part         = -1.311423e+08
  check S1 - (B - Dc + R)         = 2.980e-08 (must be ~0)
  walk stats: DN(G1) = -8.071823e-02  DN(G2) = +7.154274e-01  max|DN| = 2.439e+00

s3b rc=0 Sat Sep 19 11:14:56 AM EDT 2026
