RhAttack/P8Floor.lean:344:57: warning: Used `tac1 <;> tac2` where `(tac1; tac2)` would suffice

Note: This linter can be disabled with `set_option linter.unnecessarySeqFocus false`
RhAttack/P8Floor.lean:498:46: warning: Variable name `hn` is not explicitly referenced.

Hint: The binding can be removed (if unused) or named `_` (if used implicitly). Alternatively, prefix the name with `_` to silence this warning:
  [apply] _hn

Note: This linter can be disabled with `set_option linter.unusedVariables false`
RhAttack/P8Floor.lean:499:33: warning: Variable name `hM` is not explicitly referenced.

Hint: The binding can be removed (if unused) or named `_` (if used implicitly). Alternatively, prefix the name with `_` to silence this warning:
  [apply] _hM

Note: This linter can be disabled with `set_option linter.unusedVariables false`
RhAttack/P8Floor.lean:529:47: warning: Variable name `hX` is not explicitly referenced.

Hint: The binding can be removed (if unused) or named `_` (if used implicitly). Alternatively, prefix the name with `_` to silence this warning:
  [apply] _hX

Note: This linter can be disabled with `set_option linter.unusedVariables false`
RhAttack/P8Floor.lean:581:51: warning: Variable name `hn` is not explicitly referenced.

Hint: The binding can be removed (if unused) or named `_` (if used implicitly). Alternatively, prefix the name with `_` to silence this warning:
  [apply] _hn

Note: This linter can be disabled with `set_option linter.unusedVariables false`
RhAttack/P8Floor.lean:582:5: warning: Variable name `hM` is not explicitly referenced.

Hint: The binding can be removed (if unused) or named `_` (if used implicitly). Alternatively, prefix the name with `_` to silence this warning:
  [apply] _hM

Note: This linter can be disabled with `set_option linter.unusedVariables false`
RhAttack/P8Floor.lean:600:4: error(lean.synthInstanceFailed): failed to synthesize instance of type class
  Lattice ℂ

Hint: Type class instance resolution failures can be inspected with the `set_option trace.Meta.synthInstance true` command.
RhAttack/P8Floor.lean:633:4: error(lean.synthInstanceFailed): failed to synthesize instance of type class
  Lattice ℂ

Hint: Type class instance resolution failures can be inspected with the `set_option trace.Meta.synthInstance true` command.
