RhAttack/S4Asm.lean:165:36: error(lean.unknownIdentifier): Unknown identifier `le_of_not_le`
RhAttack/S4Asm.lean:213:4: error: unsolved goals
case ha
t0 d0 : ℝ
ht0 : 1000 ≤ t0
hdlo : 1 / 200 ≤ d0
hd : d0 ≤ 1 / 2
hd0 : 0 < d0
⊢ 0 ≤ t0 ^ (1 / 4)
RhAttack/S4Asm.lean:214:6: error: Type mismatch
  mul_nonneg
    (rpow_nonneg
      (le_of_not_gt fun a =>
        Mathlib.Tactic.Linarith.lt_irrefl
          (Eq.mp
            (congrArg (fun _a => _a < 0)
              (Mathlib.Tactic.Ring.of_eq
                (Mathlib.Tactic.Ring.Common.add_congr
                  (Mathlib.Tactic.Ring.Common.add_congr
                    (Mathlib.Tactic.Ring.Common.mul_congr
                      (Mathlib.Tactic.Ring.cast_pos (Mathlib.Meta.NormNum.isNat_ofNat ℝ (Eq.refl 1000)))
                      (Mathlib.Tactic.Ring.Common.neg_congr
                        (Mathlib.Tactic.Ring.cast_pos (Mathlib.Meta.NormNum.isNat_ofNat ℝ Nat.cast_one))
                        (Mathlib.Tactic.Ring.Common.neg_add
                          (Mathlib.Meta.NormNum.IsInt.to_raw_eq
                            (Mathlib.Meta.NormNum.isInt_neg (Eq.refl Neg.neg)
                              (Mathlib.Meta.NormNum.IsNat.to_isInt (Mathlib.Meta.NormNum.IsNat.of_raw ℝ 1))
                              (Eq.refl (Int.negOfNat 1))))
                          Mathlib.Tactic.Ring.Common.neg_zero))
                      (Mathlib.Tactic.Ring.Common.add_mul
                        (Mathlib.Tactic.Ring.Common.mul_add
                          (Mathlib.Meta.NormNum.IsInt.to_raw_eq
                            (Mathlib.Meta.NormNum.isInt_mul (Eq.refl HMul.hMul)
                              (Mathlib.Meta.NormNum.IsNat.to_isInt (Mathlib.Meta.NormNum.IsNat.of_raw ℝ 1000))
                              (Mathlib.Meta.NormNum.IsInt.of_raw ℝ (Int.negOfNat 1)) (Eq.refl (Int.negOfNat 1000))))
                          (Mathlib.Tactic.Ring.Common.mul_zero (Nat.rawCast 1000))
                          (Mathlib.Tactic.Ring.Common.add_pf_add_zero ((Int.negOfNat 1000).rawCast + 0)))
                        (Mathlib.Tactic.Ring.Common.zero_mul ((Int.negOfNat 1).rawCast + 0))
                        (Mathlib.Tactic.Ring.Common.add_pf_add_zero ((Int.negOfNat 1000).rawCast + 0))))
                    (Mathlib.Tactic.Ring.Common.sub_congr
                      (Mathlib.Tactic.Ring.cast_pos (Mathlib.Meta.NormNum.isNat_ofNat ℝ (Eq.refl 1000)))
                      (Mathlib.Tactic.Ring.Common.atom_pf t0 rfl
                        (Eq.mpr
                          (id
                            (congrArg (fun _a => t0 ^ Nat.rawCast 1 * Nat.rawCast 1 = t0 ^ Nat.rawCast 1 * _a)
                              (Eq.symm rfl)))
                          (Eq.refl (t0 ^ Nat.rawCast 1 * Nat.rawCast 1))))
                      (Mathlib.Tactic.Ring.Common.sub_pf
                        (Mathlib.Tactic.Ring.Common.neg_add
                          (Mathlib.Tactic.Ring.Common.neg_mul t0 (Nat.rawCast 1)
                            (Mathlib.Meta.NormNum.IsInt.to_raw_eq
                              (Mathlib.Meta.NormNum.isInt_neg (Eq.refl Neg.neg)
                                (Mathlib.Meta.NormNum.IsNat.to_isInt (Mathlib.Meta.NormNum.IsNat.of_raw ℝ 1))
                                (Eq.refl (Int.negOfNat 1)))))
                          Mathlib.Tactic.Ring.Common.neg_zero)
                        (Mathlib.Tactic.Ring.Common.add_pf_add_lt (Nat.rawCast 1000)
                          (Mathlib.Tactic.Ring.Common.add_pf_zero_add
                            (t0 ^ Nat.rawCast 1 * (Int.negOfNat 1).rawCast + 0)))))
                    (Mathlib.Tactic.Ring.Common.add_pf_add_overlap_zero
                      (Mathlib.Meta.NormNum.IsInt.to_isNat
                        (Mathlib.Meta.NormNum.isInt_add (Eq.refl HAdd.hAdd)
                          (Mathlib.Meta.NormNum.IsInt.of_raw ℝ (Int.negOfNat 1000))
                          (Mathlib.Meta.NormNum.IsNat.to_isInt (Mathlib.Meta.NormNum.IsNat.of_raw ℝ 1000))
                          (Eq.refl (Int.ofNat 0))))
                      (Mathlib.Tactic.Ring.Common.add_pf_zero_add (t0 ^ Nat.rawCast 1 * (Int.negOfNat 1).rawCast + 0))))
                  (Mathlib.Tactic.Ring.Common.sub_congr
                    (Mathlib.Tactic.Ring.Common.atom_pf t0 rfl
                      (Eq.mpr
                        (id
                          (congrArg (fun _a => t0 ^ Nat.rawCast 1 * Nat.rawCast 1 = t0 ^ Nat.rawCast 1 * _a)
                            (Eq.symm rfl)))
                        (Eq.refl (t0 ^ Nat.rawCast 1 * Nat.rawCast 1))))
                    (Mathlib.Tactic.Ring.cast_zero (Mathlib.Meta.NormNum.isNat_ofNat ℝ Nat.cast_zero))
                    (Mathlib.Tactic.Ring.Common.sub_pf Mathlib.Tactic.Ring.Common.neg_zero
                      (Mathlib.Tactic.Ring.Common.add_pf_add_zero (t0 ^ Nat.rawCast 1 * Nat.rawCast 1 + 0))))
                  (Mathlib.Tactic.Ring.Common.add_pf_add_overlap_zero
                    (Mathlib.Tactic.Ring.Common.add_overlap_pf_zero t0 (Nat.rawCast 1)
                      (Mathlib.Meta.NormNum.IsInt.to_isNat
                        (Mathlib.Meta.NormNum.isInt_add (Eq.refl HAdd.hAdd)
                          (Mathlib.Meta.NormNum.IsInt.of_raw ℝ (Int.negOfNat 1))
                          (Mathlib.Meta.NormNum.IsNat.to_isInt (Mathlib.Meta.NormNum.IsNat.of_raw ℝ 1))
                          (Eq.refl (Int.ofNat 0)))))
                    (Mathlib.Tactic.Ring.Common.add_pf_zero_add 0)))
                (Mathlib.Tactic.Ring.cast_zero (Mathlib.Meta.NormNum.isNat_ofNat ℝ Nat.cast_zero))))
            (Mathlib.Tactic.Linarith.add_neg
              (Mathlib.Tactic.Linarith.add_lt_of_neg_of_le
                (Mathlib.Tactic.Linarith.mul_neg (neg_neg_of_pos Mathlib.Tactic.Linarith.zero_lt_one)
                  (Mathlib.Meta.NormNum.isNat_lt_true (Mathlib.Meta.NormNum.isNat_ofNat ℝ Nat.cast_zero)
                    (Mathlib.Meta.NormNum.isNat_ofNat ℝ (Eq.refl 1000)) (Eq.refl false)))
                (Mathlib.Tactic.Linarith.sub_nonpos_of_le ht0))
              (Mathlib.Tactic.Linarith.sub_neg_of_lt a))))
      (1 / 4))
    (log_nonneg
      (le_of_not_gt fun a =>
        Mathlib.Tactic.Linarith.lt_irrefl
          (Eq.mp
            (congrArg (fun _a => _a < 0)
              (Mathlib.Tactic.Ring.of_eq
                (Mathlib.Tactic.Ring.Common.add_congr
                  (Mathlib.Tactic.Ring.Common.add_congr
                    (Mathlib.Tactic.Ring.Common.mul_congr
                      (Mathlib.Tactic.Ring.cast_pos (Mathlib.Meta.NormNum.isNat_ofNat ℝ (Eq.refl 999)))
                      (Mathlib.Tactic.Ring.Common.neg_congr
                        (Mathlib.Tactic.Ring.cast_pos (Mathlib.Meta.NormNum.isNat_ofNat ℝ Nat.cast_one))
                        (Mathlib.Tactic.Ring.Common.neg_add
                          (Mathlib.Meta.NormNum.IsInt.to_raw_eq
                            (Mathlib.Meta.NormNum.isInt_neg (Eq.refl Neg.neg)
                              (Mathlib.Meta.NormNum.IsNat.to_isInt (Mathlib.Meta.NormNum.IsNat.of_raw ℝ 1))
                              (Eq.refl (Int.negOfNat 1))))
                          Mathlib.Tactic.Ring.Common.neg_zero))
                      (Mathlib.Tactic.Ring.Common.add_mul
                        (Mathlib.Tactic.Ring.Common.mul_add
                          (Mathlib.Meta.NormNum.IsInt.to_raw_eq
                            (Mathlib.Meta.NormNum.isInt_mul (Eq.refl HMul.hMul)
                              (Mathlib.Meta.NormNum.IsNat.to_isInt (Mathlib.Meta.NormNum.IsNat.of_raw ℝ 999))
                              (Mathlib.Meta.NormNum.IsInt.of_raw ℝ (Int.negOfNat 1)) (Eq.refl (Int.negOfNat 999))))
                          (Mathlib.Tactic.Ring.Common.mul_zero (Nat.rawCast 999))
                          (Mathlib.Tactic.Ring.Common.add_pf_add_zero ((Int.negOfNat 999).rawCast + 0)))
                        (Mathlib.Tactic.Ring.Common.zero_mul ((Int.negOfNat 1).rawCast + 0))
                        (Mathlib.Tactic.Ring.Common.add_pf_add_zero ((Int.negOfNat 999).rawCast + 0))))
                    (Mathlib.Tactic.Ring.Common.sub_congr
                      (Mathlib.Tactic.Ring.cast_pos (Mathlib.Meta.NormNum.isNat_ofNat ℝ (Eq.refl 1000)))
                      (Mathlib.Tactic.Ring.Common.atom_pf t0 rfl
                        (Eq.mpr
                          (id
                            (congrArg (fun _a => t0 ^ Nat.rawCast 1 * Nat.rawCast 1 = t0 ^ Nat.rawCast 1 * _a)
                              (Eq.symm rfl)))
                          (Eq.refl (t0 ^ Nat.rawCast 1 * Nat.rawCast 1))))
                      (Mathlib.Tactic.Ring.Common.sub_pf
                        (Mathlib.Tactic.Ring.Common.neg_add
                          (Mathlib.Tactic.Ring.Common.neg_mul t0 (Nat.rawCast 1)
                            (Mathlib.Meta.NormNum.IsInt.to_raw_eq
                              (Mathlib.Meta.NormNum.isInt_neg (Eq.refl Neg.neg)
                                (Mathlib.Meta.NormNum.IsNat.to_isInt (Mathlib.Meta.NormNum.IsNat.of_raw ℝ 1))
                                (Eq.refl (Int.negOfNat 1)))))
                          Mathlib.Tactic.Ring.Common.neg_zero)
                        (Mathlib.Tactic.Ring.Common.add_pf_add_lt (Nat.rawCast 1000)
                          (Mathlib.Tactic.Ring.Common.add_pf_zero_add
                            (t0 ^ Nat.rawCast 1 * (Int.negOfNat 1).rawCast + 0)))))
                    (Mathlib.Tactic.Ring.Common.add_pf_add_overlap
                      (Mathlib.Meta.NormNum.IsNat.to_raw_eq
                        (Mathlib.Meta.NormNum.IsInt.to_isNat
                          (Mathlib.Meta.NormNum.isInt_add (Eq.refl HAdd.hAdd)
                            (Mathlib.Meta.NormNum.IsInt.of_raw ℝ (Int.negOfNat 999))
                            (Mathlib.Meta.NormNum.IsNat.to_isInt (Mathlib.Meta.NormNum.IsNat.of_raw ℝ 1000))
                            (Eq.refl (Int.ofNat 1)))))
                      (Mathlib.Tactic.Ring.Common.add_pf_zero_add (t0 ^ Nat.rawCast 1 * (Int.negOfNat 1).rawCast + 0))))
                  (Mathlib.Tactic.Ring.Common.sub_congr
                    (Mathlib.Tactic.Ring.Common.atom_pf t0 rfl
                      (Eq.mpr
                        (id
                          (congrArg (fun _a => t0 ^ Nat.rawCast 1 * Nat.rawCast 1 = t0 ^ Nat.rawCast 1 * _a)
                            (Eq.symm rfl)))
                        (Eq.refl (t0 ^ Nat.rawCast 1 * Nat.rawCast 1))))
                    (Mathlib.Tactic.Ring.cast_pos (Mathlib.Meta.NormNum.isNat_ofNat ℝ Nat.cast_one))
                    (Mathlib.Tactic.Ring.Common.sub_pf
                      (Mathlib.Tactic.Ring.Common.neg_add
                        (Mathlib.Meta.NormNum.IsInt.to_raw_eq
                          (Mathlib.Meta.NormNum.isInt_neg (Eq.refl Neg.neg)
                            (Mathlib.Meta.NormNum.IsNat.to_isInt (Mathlib.Meta.NormNum.IsNat.of_raw ℝ 1))
                            (Eq.refl (Int.negOfNat 1))))
                        Mathlib.Tactic.Ring.Common.neg_zero)
                      (Mathlib.Tactic.Ring.Common.add_pf_add_gt (Int.negOfNat 1).rawCast
                        (Mathlib.Tactic.Ring.Common.add_pf_add_zero (t0 ^ Nat.rawCast 1 * Nat.rawCast 1 + 0)))))
                  (Mathlib.Tactic.Ring.Common.add_pf_add_overlap_zero
                    (Mathlib.Meta.NormNum.IsInt.to_isNat
                      (Mathlib.Meta.NormNum.isInt_add (Eq.refl HAdd.hAdd)
                        (Mathlib.Meta.NormNum.IsNat.to_isInt (Mathlib.Meta.NormNum.IsNat.of_raw ℝ 1))
                        (Mathlib.Meta.NormNum.IsInt.of_raw ℝ (Int.negOfNat 1)) (Eq.refl (Int.ofNat 0))))
                    (Mathlib.Tactic.Ring.Common.add_pf_add_overlap_zero
                      (Mathlib.Tactic.Ring.Common.add_overlap_pf_zero t0 (Nat.rawCast 1)
                        (Mathlib.Meta.NormNum.IsInt.to_isNat
                          (Mathlib.Meta.NormNum.isInt_add (Eq.refl HAdd.hAdd)
                            (Mathlib.Meta.NormNum.IsInt.of_raw ℝ (Int.negOfNat 1))
                            (Mathlib.Meta.NormNum.IsNat.to_isInt (Mathlib.Meta.NormNum.IsNat.of_raw ℝ 1))
                            (Eq.refl (Int.ofNat 0)))))
                      (Mathlib.Tactic.Ring.Common.add_pf_zero_add 0))))
                (Mathlib.Tactic.Ring.cast_zero (Mathlib.Meta.NormNum.isNat_ofNat ℝ Nat.cast_zero))))
            (Mathlib.Tactic.Linarith.add_neg
              (Mathlib.Tactic.Linarith.add_lt_of_neg_of_le
                (Mathlib.Tactic.Linarith.mul_neg (neg_neg_of_pos Mathlib.Tactic.Linarith.zero_lt_one)
                  (Mathlib.Meta.NormNum.isNat_lt_true (Mathlib.Meta.NormNum.isNat_ofNat ℝ Nat.cast_zero)
                    (Mathlib.Meta.NormNum.isNat_ofNat ℝ (Eq.refl 999)) (Eq.refl false)))
                (Mathlib.Tactic.Linarith.sub_nonpos_of_le ht0))
              (Mathlib.Tactic.Linarith.sub_neg_of_lt a)))))
has type
  0 ≤ t0 ^ (1 / 4) * log t0
but is expected to have type
  0 ≤ log t0
RhAttack/S4Asm.lean:237:4: error: unsolved goals
case ha
hX : S4W.Xwire S4W.T0 ≤ S4W.RX
t0 : ℝ
ht0 : 1000 ≤ t0
⊢ 0 ≤ t0 ^ (1 / 4)
RhAttack/S4Asm.lean:238:6: error: Type mismatch
  mul_nonneg
    (rpow_nonneg
      (le_of_not_gt fun a =>
        Mathlib.Tactic.Linarith.lt_irrefl
          (Eq.mp
            (congrArg (fun _a => _a < 0)
              (Mathlib.Tactic.Ring.of_eq
                (Mathlib.Tactic.Ring.Common.add_congr
                  (Mathlib.Tactic.Ring.Common.add_congr
                    (Mathlib.Tactic.Ring.Common.mul_congr
                      (Mathlib.Tactic.Ring.cast_pos (Mathlib.Meta.NormNum.isNat_ofNat ℝ (Eq.refl 1000)))
                      (Mathlib.Tactic.Ring.Common.neg_congr
                        (Mathlib.Tactic.Ring.cast_pos (Mathlib.Meta.NormNum.isNat_ofNat ℝ Nat.cast_one))
                        (Mathlib.Tactic.Ring.Common.neg_add
                          (Mathlib.Meta.NormNum.IsInt.to_raw_eq
                            (Mathlib.Meta.NormNum.isInt_neg (Eq.refl Neg.neg)
                              (Mathlib.Meta.NormNum.IsNat.to_isInt (Mathlib.Meta.NormNum.IsNat.of_raw ℝ 1))
                              (Eq.refl (Int.negOfNat 1))))
                          Mathlib.Tactic.Ring.Common.neg_zero))
                      (Mathlib.Tactic.Ring.Common.add_mul
                        (Mathlib.Tactic.Ring.Common.mul_add
                          (Mathlib.Meta.NormNum.IsInt.to_raw_eq
                            (Mathlib.Meta.NormNum.isInt_mul (Eq.refl HMul.hMul)
                              (Mathlib.Meta.NormNum.IsNat.to_isInt (Mathlib.Meta.NormNum.IsNat.of_raw ℝ 1000))
                              (Mathlib.Meta.NormNum.IsInt.of_raw ℝ (Int.negOfNat 1)) (Eq.refl (Int.negOfNat 1000))))
                          (Mathlib.Tactic.Ring.Common.mul_zero (Nat.rawCast 1000))
                          (Mathlib.Tactic.Ring.Common.add_pf_add_zero ((Int.negOfNat 1000).rawCast + 0)))
                        (Mathlib.Tactic.Ring.Common.zero_mul ((Int.negOfNat 1).rawCast + 0))
                        (Mathlib.Tactic.Ring.Common.add_pf_add_zero ((Int.negOfNat 1000).rawCast + 0))))
                    (Mathlib.Tactic.Ring.Common.sub_congr
                      (Mathlib.Tactic.Ring.cast_pos (Mathlib.Meta.NormNum.isNat_ofNat ℝ (Eq.refl 1000)))
                      (Mathlib.Tactic.Ring.Common.atom_pf t0 rfl
                        (Eq.mpr
                          (id
                            (congrArg (fun _a => t0 ^ Nat.rawCast 1 * Nat.rawCast 1 = t0 ^ Nat.rawCast 1 * _a)
                              (Eq.symm rfl)))
                          (Eq.refl (t0 ^ Nat.rawCast 1 * Nat.rawCast 1))))
                      (Mathlib.Tactic.Ring.Common.sub_pf
                        (Mathlib.Tactic.Ring.Common.neg_add
                          (Mathlib.Tactic.Ring.Common.neg_mul t0 (Nat.rawCast 1)
                            (Mathlib.Meta.NormNum.IsInt.to_raw_eq
                              (Mathlib.Meta.NormNum.isInt_neg (Eq.refl Neg.neg)
                                (Mathlib.Meta.NormNum.IsNat.to_isInt (Mathlib.Meta.NormNum.IsNat.of_raw ℝ 1))
                                (Eq.refl (Int.negOfNat 1)))))
                          Mathlib.Tactic.Ring.Common.neg_zero)
                        (Mathlib.Tactic.Ring.Common.add_pf_add_lt (Nat.rawCast 1000)
                          (Mathlib.Tactic.Ring.Common.add_pf_zero_add
                            (t0 ^ Nat.rawCast 1 * (Int.negOfNat 1).rawCast + 0)))))
                    (Mathlib.Tactic.Ring.Common.add_pf_add_overlap_zero
                      (Mathlib.Meta.NormNum.IsInt.to_isNat
                        (Mathlib.Meta.NormNum.isInt_add (Eq.refl HAdd.hAdd)
                          (Mathlib.Meta.NormNum.IsInt.of_raw ℝ (Int.negOfNat 1000))
                          (Mathlib.Meta.NormNum.IsNat.to_isInt (Mathlib.Meta.NormNum.IsNat.of_raw ℝ 1000))
                          (Eq.refl (Int.ofNat 0))))
                      (Mathlib.Tactic.Ring.Common.add_pf_zero_add (t0 ^ Nat.rawCast 1 * (Int.negOfNat 1).rawCast + 0))))
                  (Mathlib.Tactic.Ring.Common.sub_congr
                    (Mathlib.Tactic.Ring.Common.atom_pf t0 rfl
                      (Eq.mpr
                        (id
                          (congrArg (fun _a => t0 ^ Nat.rawCast 1 * Nat.rawCast 1 = t0 ^ Nat.rawCast 1 * _a)
                            (Eq.symm rfl)))
                        (Eq.refl (t0 ^ Nat.rawCast 1 * Nat.rawCast 1))))
                    (Mathlib.Tactic.Ring.cast_zero (Mathlib.Meta.NormNum.isNat_ofNat ℝ Nat.cast_zero))
                    (Mathlib.Tactic.Ring.Common.sub_pf Mathlib.Tactic.Ring.Common.neg_zero
                      (Mathlib.Tactic.Ring.Common.add_pf_add_zero (t0 ^ Nat.rawCast 1 * Nat.rawCast 1 + 0))))
                  (Mathlib.Tactic.Ring.Common.add_pf_add_overlap_zero
                    (Mathlib.Tactic.Ring.Common.add_overlap_pf_zero t0 (Nat.rawCast 1)
                      (Mathlib.Meta.NormNum.IsInt.to_isNat
                        (Mathlib.Meta.NormNum.isInt_add (Eq.refl HAdd.hAdd)
                          (Mathlib.Meta.NormNum.IsInt.of_raw ℝ (Int.negOfNat 1))
                          (Mathlib.Meta.NormNum.IsNat.to_isInt (Mathlib.Meta.NormNum.IsNat.of_raw ℝ 1))
                          (Eq.refl (Int.ofNat 0)))))
                    (Mathlib.Tactic.Ring.Common.add_pf_zero_add 0)))
                (Mathlib.Tactic.Ring.cast_zero (Mathlib.Meta.NormNum.isNat_ofNat ℝ Nat.cast_zero))))
            (Mathlib.Tactic.Linarith.add_neg
              (Mathlib.Tactic.Linarith.add_lt_of_neg_of_le
                (Mathlib.Tactic.Linarith.mul_neg (neg_neg_of_pos Mathlib.Tactic.Linarith.zero_lt_one)
                  (Mathlib.Meta.NormNum.isNat_lt_true (Mathlib.Meta.NormNum.isNat_ofNat ℝ Nat.cast_zero)
                    (Mathlib.Meta.NormNum.isNat_ofNat ℝ (Eq.refl 1000)) (Eq.refl false)))
                (Mathlib.Tactic.Linarith.sub_nonpos_of_le ht0))
              (Mathlib.Tactic.Linarith.sub_neg_of_lt a))))
      (1 / 4))
    (log_nonneg
      (le_of_not_gt fun a =>
        Mathlib.Tactic.Linarith.lt_irrefl
          (Eq.mp
            (congrArg (fun _a => _a < 0)
              (Mathlib.Tactic.Ring.of_eq
                (Mathlib.Tactic.Ring.Common.add_congr
                  (Mathlib.Tactic.Ring.Common.add_congr
                    (Mathlib.Tactic.Ring.Common.mul_congr
                      (Mathlib.Tactic.Ring.cast_pos (Mathlib.Meta.NormNum.isNat_ofNat ℝ (Eq.refl 999)))
                      (Mathlib.Tactic.Ring.Common.neg_congr
                        (Mathlib.Tactic.Ring.cast_pos (Mathlib.Meta.NormNum.isNat_ofNat ℝ Nat.cast_one))
                        (Mathlib.Tactic.Ring.Common.neg_add
                          (Mathlib.Meta.NormNum.IsInt.to_raw_eq
                            (Mathlib.Meta.NormNum.isInt_neg (Eq.refl Neg.neg)
                              (Mathlib.Meta.NormNum.IsNat.to_isInt (Mathlib.Meta.NormNum.IsNat.of_raw ℝ 1))
                              (Eq.refl (Int.negOfNat 1))))
                          Mathlib.Tactic.Ring.Common.neg_zero))
                      (Mathlib.Tactic.Ring.Common.add_mul
                        (Mathlib.Tactic.Ring.Common.mul_add
                          (Mathlib.Meta.NormNum.IsInt.to_raw_eq
                            (Mathlib.Meta.NormNum.isInt_mul (Eq.refl HMul.hMul)
                              (Mathlib.Meta.NormNum.IsNat.to_isInt (Mathlib.Meta.NormNum.IsNat.of_raw ℝ 999))
                              (Mathlib.Meta.NormNum.IsInt.of_raw ℝ (Int.negOfNat 1)) (Eq.refl (Int.negOfNat 999))))
                          (Mathlib.Tactic.Ring.Common.mul_zero (Nat.rawCast 999))
                          (Mathlib.Tactic.Ring.Common.add_pf_add_zero ((Int.negOfNat 999).rawCast + 0)))
                        (Mathlib.Tactic.Ring.Common.zero_mul ((Int.negOfNat 1).rawCast + 0))
                        (Mathlib.Tactic.Ring.Common.add_pf_add_zero ((Int.negOfNat 999).rawCast + 0))))
                    (Mathlib.Tactic.Ring.Common.sub_congr
                      (Mathlib.Tactic.Ring.cast_pos (Mathlib.Meta.NormNum.isNat_ofNat ℝ (Eq.refl 1000)))
                      (Mathlib.Tactic.Ring.Common.atom_pf t0 rfl
                        (Eq.mpr
                          (id
                            (congrArg (fun _a => t0 ^ Nat.rawCast 1 * Nat.rawCast 1 = t0 ^ Nat.rawCast 1 * _a)
                              (Eq.symm rfl)))
                          (Eq.refl (t0 ^ Nat.rawCast 1 * Nat.rawCast 1))))
                      (Mathlib.Tactic.Ring.Common.sub_pf
                        (Mathlib.Tactic.Ring.Common.neg_add
                          (Mathlib.Tactic.Ring.Common.neg_mul t0 (Nat.rawCast 1)
                            (Mathlib.Meta.NormNum.IsInt.to_raw_eq
                              (Mathlib.Meta.NormNum.isInt_neg (Eq.refl Neg.neg)
                                (Mathlib.Meta.NormNum.IsNat.to_isInt (Mathlib.Meta.NormNum.IsNat.of_raw ℝ 1))
                                (Eq.refl (Int.negOfNat 1)))))
                          Mathlib.Tactic.Ring.Common.neg_zero)
                        (Mathlib.Tactic.Ring.Common.add_pf_add_lt (Nat.rawCast 1000)
                          (Mathlib.Tactic.Ring.Common.add_pf_zero_add
                            (t0 ^ Nat.rawCast 1 * (Int.negOfNat 1).rawCast + 0)))))
                    (Mathlib.Tactic.Ring.Common.add_pf_add_overlap
                      (Mathlib.Meta.NormNum.IsNat.to_raw_eq
                        (Mathlib.Meta.NormNum.IsInt.to_isNat
                          (Mathlib.Meta.NormNum.isInt_add (Eq.refl HAdd.hAdd)
                            (Mathlib.Meta.NormNum.IsInt.of_raw ℝ (Int.negOfNat 999))
                            (Mathlib.Meta.NormNum.IsNat.to_isInt (Mathlib.Meta.NormNum.IsNat.of_raw ℝ 1000))
                            (Eq.refl (Int.ofNat 1)))))
                      (Mathlib.Tactic.Ring.Common.add_pf_zero_add (t0 ^ Nat.rawCast 1 * (Int.negOfNat 1).rawCast + 0))))
                  (Mathlib.Tactic.Ring.Common.sub_congr
                    (Mathlib.Tactic.Ring.Common.atom_pf t0 rfl
                      (Eq.mpr
                        (id
                          (congrArg (fun _a => t0 ^ Nat.rawCast 1 * Nat.rawCast 1 = t0 ^ Nat.rawCast 1 * _a)
                            (Eq.symm rfl)))
                        (Eq.refl (t0 ^ Nat.rawCast 1 * Nat.rawCast 1))))
                    (Mathlib.Tactic.Ring.cast_pos (Mathlib.Meta.NormNum.isNat_ofNat ℝ Nat.cast_one))
                    (Mathlib.Tactic.Ring.Common.sub_pf
                      (Mathlib.Tactic.Ring.Common.neg_add
                        (Mathlib.Meta.NormNum.IsInt.to_raw_eq
                          (Mathlib.Meta.NormNum.isInt_neg (Eq.refl Neg.neg)
                            (Mathlib.Meta.NormNum.IsNat.to_isInt (Mathlib.Meta.NormNum.IsNat.of_raw ℝ 1))
                            (Eq.refl (Int.negOfNat 1))))
                        Mathlib.Tactic.Ring.Common.neg_zero)
                      (Mathlib.Tactic.Ring.Common.add_pf_add_gt (Int.negOfNat 1).rawCast
                        (Mathlib.Tactic.Ring.Common.add_pf_add_zero (t0 ^ Nat.rawCast 1 * Nat.rawCast 1 + 0)))))
                  (Mathlib.Tactic.Ring.Common.add_pf_add_overlap_zero
                    (Mathlib.Meta.NormNum.IsInt.to_isNat
                      (Mathlib.Meta.NormNum.isInt_add (Eq.refl HAdd.hAdd)
                        (Mathlib.Meta.NormNum.IsNat.to_isInt (Mathlib.Meta.NormNum.IsNat.of_raw ℝ 1))
                        (Mathlib.Meta.NormNum.IsInt.of_raw ℝ (Int.negOfNat 1)) (Eq.refl (Int.ofNat 0))))
                    (Mathlib.Tactic.Ring.Common.add_pf_add_overlap_zero
                      (Mathlib.Tactic.Ring.Common.add_overlap_pf_zero t0 (Nat.rawCast 1)
                        (Mathlib.Meta.NormNum.IsInt.to_isNat
                          (Mathlib.Meta.NormNum.isInt_add (Eq.refl HAdd.hAdd)
                            (Mathlib.Meta.NormNum.IsInt.of_raw ℝ (Int.negOfNat 1))
                            (Mathlib.Meta.NormNum.IsNat.to_isInt (Mathlib.Meta.NormNum.IsNat.of_raw ℝ 1))
                            (Eq.refl (Int.ofNat 0)))))
                      (Mathlib.Tactic.Ring.Common.add_pf_zero_add 0))))
                (Mathlib.Tactic.Ring.cast_zero (Mathlib.Meta.NormNum.isNat_ofNat ℝ Nat.cast_zero))))
            (Mathlib.Tactic.Linarith.add_neg
              (Mathlib.Tactic.Linarith.add_lt_of_neg_of_le
                (Mathlib.Tactic.Linarith.mul_neg (neg_neg_of_pos Mathlib.Tactic.Linarith.zero_lt_one)
                  (Mathlib.Meta.NormNum.isNat_lt_true (Mathlib.Meta.NormNum.isNat_ofNat ℝ Nat.cast_zero)
                    (Mathlib.Meta.NormNum.isNat_ofNat ℝ (Eq.refl 999)) (Eq.refl false)))
                (Mathlib.Tactic.Linarith.sub_nonpos_of_le ht0))
              (Mathlib.Tactic.Linarith.sub_neg_of_lt a)))))
has type
  0 ≤ t0 ^ (1 / 4) * log t0
but is expected to have type
  0 ≤ log t0
