RhAttack/S4Asm.lean:257:35: warning: Variable name `hd0` is not explicitly referenced.

Hint: The binding can be removed (if unused) or named `_` (if used implicitly). Alternatively, prefix the name with `_` to silence this warning:
  [apply] _hd0

Note: This linter can be disabled with `set_option linter.unusedVariables false`
RhAttack/S4Asm.lean:334:6: error: unsolved goals
case pos
hX : S4W.Xwire S4W.T0 ≤ S4W.RX
t0 d0 : ℝ
ht0 : 1000 ≤ t0
hd0 : 0 < d0
hdmax : d0 ≤ 1 / 2
hown : 1000 ≤ t0 ∧ d0 ≤ 1 / 2
hdge : ¬1 / 200 ≤ d0
hT : t0 ≤ S4W.T0
⊢ ((if True then p8_B t0 ⌊13 * t0 / 8⌋₊ else p8_B t0 (S4G.nGrow t0)) +
      if True then S4W.Zbound t0 * rexp (S4W.Xwire t0) * S4W.Xwire t0
      else S4W.Zbound t0 * rexp (S4G.Xgrow t0) * S4G.Xgrow t0) =
    if True then p8_B t0 ⌊13 * t0 / 8⌋₊ + S4W.Zbound t0 * rexp (S4W.Xwire t0) * S4W.Xwire t0
    else p8_B t0 (S4G.nGrow t0) + S4W.Zbound t0 * rexp (S4G.Xgrow t0) * S4G.Xgrow t0
RhAttack/S4Asm.lean:335:6: error: unsolved goals
case neg
hX : S4W.Xwire S4W.T0 ≤ S4W.RX
t0 d0 : ℝ
ht0 : 1000 ≤ t0
hd0 : 0 < d0
hdmax : d0 ≤ 1 / 2
hown : 1000 ≤ t0 ∧ d0 ≤ 1 / 2
hdge : ¬1 / 200 ≤ d0
hT : ¬t0 ≤ S4W.T0
⊢ ((if False then p8_B t0 ⌊13 * t0 / 8⌋₊ else p8_B t0 (S4G.nGrow t0)) +
      if False then S4W.Zbound t0 * rexp (S4W.Xwire t0) * S4W.Xwire t0
      else S4W.Zbound t0 * rexp (S4G.Xgrow t0) * S4G.Xgrow t0) =
    if False then p8_B t0 ⌊13 * t0 / 8⌋₊ + S4W.Zbound t0 * rexp (S4W.Xwire t0) * S4W.Xwire t0
    else p8_B t0 (S4G.nGrow t0) + S4W.Zbound t0 * rexp (S4G.Xgrow t0) * S4G.Xgrow t0
