RhAttack/S4Strip.lean:1220:38: error: Application type mismatch: The argument
  h5567
has type
  5567 ≤ √31000000
but is expected to have type
  31000000 * 5567 ≤ 31000000 * √31000000
in the application
  mul_le_mul_of_nonneg_left h5567
RhAttack/S4Strip.lean:1342:38: error: Application type mismatch: The argument
  h5567
has type
  5567 ≤ √31000000
but is expected to have type
  31000000 ^ 2 * 5567 ≤ 31000000 ^ 2 * √31000000
in the application
  mul_le_mul_of_nonneg_left h5567
RhAttack/S4Strip.lean:1368:8: error: No goals to be solved
RhAttack/S4Strip.lean:1373:9: error: invalid 'calc' step, left-hand side is
  17321 / 10 ^ 4 / 540 * 1 / (31000000 ^ 2 * √31000000) * (1003 / 1000) ^ 3 : ℝ
but is expected to be
  17321 / 10 ^ 4 / 540 * (1 / (31000000 ^ 2 * √31000000)) * (1003 / 1000) ^ 3 : ℝ
RhAttack/S4Strip.lean:1398:8: error: Type mismatch
  mul_le_mul_of_nonneg_right h54 (mul_nonneg (norm_nonneg ?m.3796) (rpow_nonneg (LT.lt.le (st_n4pos t ht)) (-5 / 2)))
has type
  √3 / 540 * (‖?m.3796‖ * ↑(n4 t) ^ (-5 / 2)) ≤ 17321 / 10 ^ 4 / 540 * (‖?m.3796‖ * ↑(n4 t) ^ (-5 / 2))
but is expected to have type
  H3 * ↑(n4 t) ^ (-5 / 2) * (√3 / 540) ≤ H3 * ↑(n4 t) ^ (-5 / 2) * (17321 / 10 ^ 4 / 540)
RhAttack/S4Strip.lean:1402:10: error: Tactic `apply` failed: could not unify the conclusion of `@mul_nonneg`
  0 ≤ ?a * ?b
with the goal
  0 ≤ ↑(n4 t) ^ (-5 / 2)

Note: The full type of `@mul_nonneg` is
  ∀ {α : Type ?u.2904} [inst : MulZeroClass α] {a b : α} [inst_1 : Preorder α] [PosMulMono α], 0 ≤ a → 0 ≤ b → 0 ≤ a * b

t : ℝ
ht : 1000 ≤ t
H3 : ℝ := ‖(↑(1 / 2) + ↑t * Complex.I) * (↑(1 / 2) + ↑t * Complex.I + 1) * (↑(1 / 2) + ↑t * Complex.I + 2)‖
hH3 : H3 = ‖(↑(1 / 2) + ↑t * Complex.I) * (↑(1 / 2) + ↑t * Complex.I + 1) * (↑(1 / 2) + ↑t * Complex.I + 2)‖
ht0 : 0 < t
hnpos : 0 < ↑(n4 t)
hbase : 0 < 31000000 * t ^ 4
hsqrt3 : √3 ≤ 17321 / 10 ^ 4
hs3 : ‖(↑(1 / 2) + ↑t * Complex.I) * (↑(1 / 2) + ↑t * Complex.I + 1) * (↑(1 / 2) + ↑t * Complex.I + 2)‖ ≤ (t + 3) ^ 3
hmono : ↑(n4 t) ^ (-5 / 2) ≤ (31000000 * t ^ 4) ^ (-5 / 2)
hsplit : (31000000 * t ^ 4) ^ (-5 / 2) = 31000000 ^ (-5 / 2) * t ^ (-10)
ht3 : (t + 3) ^ 3 ≤ (1003 / 1000) ^ 3 * t ^ 3
ht7 : t ^ 3 * t ^ (-10) = t ^ (-7)
hA3raw : 17321 / 10 ^ 4 / 540 * 31000000 ^ (-5 / 2) * (1003 / 1000) ^ 3 ≤ A3
⊢ 0 ≤ ↑(n4 t) ^ (-5 / 2)
RhAttack/S4Strip.lean:1408:10: error: unsolved goals
case ha
t : ℝ
ht : 1000 ≤ t
H3 : ℝ := ⋯
hH3 : H3 = ‖(↑(1 / 2) + ↑t * Complex.I) * (↑(1 / 2) + ↑t * Complex.I + 1) * (↑(1 / 2) + ↑t * Complex.I + 2)‖
ht0 : 0 < t
hnpos : 0 < ↑(n4 t)
hbase : 0 < 31000000 * t ^ 4
hsqrt3 : √3 ≤ 17321 / 10 ^ 4
hs3 : ‖(↑(1 / 2) + ↑t * Complex.I) * (↑(1 / 2) + ↑t * Complex.I + 1) * (↑(1 / 2) + ↑t * Complex.I + 2)‖ ≤ (t + 3) ^ 3
hmono : ↑(n4 t) ^ (-5 / 2) ≤ (31000000 * t ^ 4) ^ (-5 / 2)
hsplit : (31000000 * t ^ 4) ^ (-5 / 2) = 31000000 ^ (-5 / 2) * t ^ (-10)
ht3 : (t + 3) ^ 3 ≤ (1003 / 1000) ^ 3 * t ^ 3
ht7 : t ^ 3 * t ^ (-10) = t ^ (-7)
hA3raw : 17321 / 10 ^ 4 / 540 * 31000000 ^ (-5 / 2) * (1003 / 1000) ^ 3 ≤ A3
⊢ 0 ≤ ?ha.a

case hb
t : ℝ
ht : 1000 ≤ t
H3 : ℝ := ⋯
hH3 : H3 = ‖(↑(1 / 2) + ↑t * Complex.I) * (↑(1 / 2) + ↑t * Complex.I + 1) * (↑(1 / 2) + ↑t * Complex.I + 2)‖
ht0 : 0 < t
hnpos : 0 < ↑(n4 t)
hbase : 0 < 31000000 * t ^ 4
hsqrt3 : √3 ≤ 17321 / 10 ^ 4
hs3 : ‖(↑(1 / 2) + ↑t * Complex.I) * (↑(1 / 2) + ↑t * Complex.I + 1) * (↑(1 / 2) + ↑t * Complex.I + 2)‖ ≤ (t + 3) ^ 3
hmono : ↑(n4 t) ^ (-5 / 2) ≤ (31000000 * t ^ 4) ^ (-5 / 2)
hsplit : (31000000 * t ^ 4) ^ (-5 / 2) = 31000000 ^ (-5 / 2) * t ^ (-10)
ht3 : (t + 3) ^ 3 ≤ (1003 / 1000) ^ 3 * t ^ 3
ht7 : t ^ 3 * t ^ (-10) = t ^ (-7)
hA3raw : 17321 / 10 ^ 4 / 540 * 31000000 ^ (-5 / 2) * (1003 / 1000) ^ 3 ≤ A3
⊢ 0 ≤ ?b

case ha.a
t : ℝ
ht : 1000 ≤ t
H3 : ℝ := ⋯
hH3 : H3 = ‖(↑(1 / 2) + ↑t * Complex.I) * (↑(1 / 2) + ↑t * Complex.I + 1) * (↑(1 / 2) + ↑t * Complex.I + 2)‖
ht0 : 0 < t
hnpos : 0 < ↑(n4 t)
hbase : 0 < 31000000 * t ^ 4
hsqrt3 : √3 ≤ 17321 / 10 ^ 4
hs3 : ‖(↑(1 / 2) + ↑t * Complex.I) * (↑(1 / 2) + ↑t * Complex.I + 1) * (↑(1 / 2) + ↑t * Complex.I + 2)‖ ≤ (t + 3) ^ 3
hmono : ↑(n4 t) ^ (-5 / 2) ≤ (31000000 * t ^ 4) ^ (-5 / 2)
hsplit : (31000000 * t ^ 4) ^ (-5 / 2) = 31000000 ^ (-5 / 2) * t ^ (-10)
ht3 : (t + 3) ^ 3 ≤ (1003 / 1000) ^ 3 * t ^ 3
ht7 : t ^ 3 * t ^ (-10) = t ^ (-7)
hA3raw : 17321 / 10 ^ 4 / 540 * 31000000 ^ (-5 / 2) * (1003 / 1000) ^ 3 ≤ A3
⊢ ℝ

case b
t : ℝ
ht : 1000 ≤ t
H3 : ℝ := ⋯
hH3 : H3 = ‖(↑(1 / 2) + ↑t * Complex.I) * (↑(1 / 2) + ↑t * Complex.I + 1) * (↑(1 / 2) + ↑t * Complex.I + 2)‖
ht0 : 0 < t
hnpos : 0 < ↑(n4 t)
hbase : 0 < 31000000 * t ^ 4
hsqrt3 : √3 ≤ 17321 / 10 ^ 4
hs3 : ‖(↑(1 / 2) + ↑t * Complex.I) * (↑(1 / 2) + ↑t * Complex.I + 1) * (↑(1 / 2) + ↑t * Complex.I + 2)‖ ≤ (t + 3) ^ 3
hmono : ↑(n4 t) ^ (-5 / 2) ≤ (31000000 * t ^ 4) ^ (-5 / 2)
hsplit : (31000000 * t ^ 4) ^ (-5 / 2) = 31000000 ^ (-5 / 2) * t ^ (-10)
ht3 : (t + 3) ^ 3 ≤ (1003 / 1000) ^ 3 * t ^ 3
ht7 : t ^ 3 * t ^ (-10) = t ^ (-7)
hA3raw : 17321 / 10 ^ 4 / 540 * 31000000 ^ (-5 / 2) * (1003 / 1000) ^ 3 ≤ A3
⊢ ℝ
RhAttack/S4Strip.lean:1409:33: error: linarith failed to find a contradiction
t : ℝ
ht : 1000 ≤ t
H3 : ℝ := ‖(↑(1 / 2) + ↑t * Complex.I) * (↑(1 / 2) + ↑t * Complex.I + 1) * (↑(1 / 2) + ↑t * Complex.I + 2)‖
hH3 : H3 = ‖(↑(1 / 2) + ↑t * Complex.I) * (↑(1 / 2) + ↑t * Complex.I + 1) * (↑(1 / 2) + ↑t * Complex.I + 2)‖
ht0 : 0 < t
hnpos : 0 < ↑(n4 t)
hbase : 0 < 31000000 * t ^ 4
hsqrt3 : √3 ≤ 17321 / 10 ^ 4
hs3 : ‖(↑(1 / 2) + ↑t * Complex.I) * (↑(1 / 2) + ↑t * Complex.I + 1) * (↑(1 / 2) + ↑t * Complex.I + 2)‖ ≤ (t + 3) ^ 3
hmono : ↑(n4 t) ^ (-5 / 2) ≤ (31000000 * t ^ 4) ^ (-5 / 2)
hsplit : (31000000 * t ^ 4) ^ (-5 / 2) = 31000000 ^ (-5 / 2) * t ^ (-10)
ht3 : (t + 3) ^ 3 ≤ (1003 / 1000) ^ 3 * t ^ 3
ht7 : t ^ 3 * t ^ (-10) = t ^ (-7)
hA3raw : 17321 / 10 ^ 4 / 540 * 31000000 ^ (-5 / 2) * (1003 / 1000) ^ 3 ≤ A3
a✝ : ?m.3839 < 0
⊢ False
failed
RhAttack/S4Strip.lean:1424:18: error: Tactic `apply` failed: could not unify the conclusion of `mul_le_mul_of_nonneg_right ht3`
  (t + 3) ^ 3 * ?m.4390 ≤ (1003 / 1000) ^ 3 * t ^ 3 * ?m.4390
with the goal
  17321 / 10 ^ 4 / 540 * (31000000 ^ (-5 / 2) * t ^ (-10)) * (t + 3) ^ 3 ≤
    17321 / 10 ^ 4 / 540 * (31000000 ^ (-5 / 2) * t ^ (-10)) * ((1003 / 1000) ^ 3 * t ^ 3)

Note: The full type of `mul_le_mul_of_nonneg_right ht3` is
  0 ≤ ?m.4390 → (t + 3) ^ 3 * ?m.4390 ≤ (1003 / 1000) ^ 3 * t ^ 3 * ?m.4390

t : ℝ
ht : 1000 ≤ t
H3 : ℝ := ‖(↑(1 / 2) + ↑t * Complex.I) * (↑(1 / 2) + ↑t * Complex.I + 1) * (↑(1 / 2) + ↑t * Complex.I + 2)‖
hH3 : H3 = ‖(↑(1 / 2) + ↑t * Complex.I) * (↑(1 / 2) + ↑t * Complex.I + 1) * (↑(1 / 2) + ↑t * Complex.I + 2)‖
ht0 : 0 < t
hnpos : 0 < ↑(n4 t)
hbase : 0 < 31000000 * t ^ 4
hsqrt3 : √3 ≤ 17321 / 10 ^ 4
hs3 : ‖(↑(1 / 2) + ↑t * Complex.I) * (↑(1 / 2) + ↑t * Complex.I + 1) * (↑(1 / 2) + ↑t * Complex.I + 2)‖ ≤ (t + 3) ^ 3
hmono : ↑(n4 t) ^ (-5 / 2) ≤ (31000000 * t ^ 4) ^ (-5 / 2)
hsplit : (31000000 * t ^ 4) ^ (-5 / 2) = 31000000 ^ (-5 / 2) * t ^ (-10)
ht3 : (t + 3) ^ 3 ≤ (1003 / 1000) ^ 3 * t ^ 3
ht7 : t ^ 3 * t ^ (-10) = t ^ (-7)
hA3raw : 17321 / 10 ^ 4 / 540 * 31000000 ^ (-5 / 2) * (1003 / 1000) ^ 3 ≤ A3
⊢ 17321 / 10 ^ 4 / 540 * (31000000 ^ (-5 / 2) * t ^ (-10)) * (t + 3) ^ 3 ≤
    17321 / 10 ^ 4 / 540 * (31000000 ^ (-5 / 2) * t ^ (-10)) * ((1003 / 1000) ^ 3 * t ^ 3)
