RhAttack/S4Strip.lean:1221:10: error: Tactic `rewrite` failed: Did not find an occurrence of the pattern
  31000000 * 5567
in the target expression
  31000000 * 5567 ≤ 31000000 * √31000000

t : ℝ
ht : 1000 ≤ t
ht0 : 0 < t
hnpos : 0 < ↑(n4 t)
hbase : 0 < 31000000 * t ^ 4
hs : ‖↑(1 / 2) + ↑t * Complex.I‖ = √(1 / 4 + t * t)
hnorm : √(1 / 4 + t * t) ≤ t + 1 / 2
hmono : ↑(n4 t) ^ (-3 / 2) ≤ (31000000 * t ^ 4) ^ (-3 / 2)
hsplit : (31000000 * t ^ 4) ^ (-3 / 2) = 31000000 ^ (-3 / 2) * t ^ (-6)
htf : (t + 1 / 2) * t ^ (-6) ≤ 2001 / 2000 * t ^ (-5)
hc : 0 < 31000000
hbridge : 31000000 ^ (-3 / 2) = 1 / (31000000 * √31000000)
h5567 : 5567 ≤ √31000000
hrs : 0 < √31000000
hd1 : 0 < 31000000 * √31000000
hd2 : 0 < 31000000 * 5567
h1 : 31000000 * 5567 = 5567 * 31000000
h2 : 31000000 * √31000000 = √31000000 * 31000000
⊢ 31000000 * 5567 ≤ 31000000 * √31000000
RhAttack/S4Strip.lean:1348:10: error: Tactic `rewrite` failed: Did not find an occurrence of the pattern
  31000000 ^ 2 * 5567
in the target expression
  31000000 ^ 2 * 5567 ≤ 31000000 ^ 2 * √31000000

t : ℝ
ht : 1000 ≤ t
H3 : ℝ := ‖(↑(1 / 2) + ↑t * Complex.I) * (↑(1 / 2) + ↑t * Complex.I + 1) * (↑(1 / 2) + ↑t * Complex.I + 2)‖
hH3 : H3 = ‖(↑(1 / 2) + ↑t * Complex.I) * (↑(1 / 2) + ↑t * Complex.I + 1) * (↑(1 / 2) + ↑t * Complex.I + 2)‖
ht0 : 0 < t
hnpos : 0 < ↑(n4 t)
hbase : 0 < 31000000 * t ^ 4
hsqrt3 : √3 ≤ 17321 / 10 ^ 4
hs3 : ‖(↑(1 / 2) + ↑t * Complex.I) * (↑(1 / 2) + ↑t * Complex.I + 1) * (↑(1 / 2) + ↑t * Complex.I + 2)‖ ≤ (t + 3) ^ 3
hmono : ↑(n4 t) ^ (-5 / 2) ≤ (31000000 * t ^ 4) ^ (-5 / 2)
hsplit : (31000000 * t ^ 4) ^ (-5 / 2) = 31000000 ^ (-5 / 2) * t ^ (-10)
ht3 : (t + 3) ^ 3 ≤ (1003 / 1000) ^ 3 * t ^ 3
ht7 : t ^ 3 * t ^ (-10) = t ^ (-7)
hc : 0 < 31000000
hbridge : 31000000 ^ (-5 / 2) = 1 / (31000000 ^ 2 * √31000000)
h5567 : 5567 ≤ √31000000
hrs : 0 < √31000000
hd1 : 0 < 31000000 ^ 2 * √31000000
hd2 : 0 < 31000000 ^ 2 * 5567
h1 : 31000000 ^ 2 * 5567 = 5567 * 31000000 ^ 2
h2 : 31000000 ^ 2 * √31000000 = √31000000 * 31000000 ^ 2
⊢ 31000000 ^ 2 * 5567 ≤ 31000000 ^ 2 * √31000000
RhAttack/S4Strip.lean:1467:8: error: Type mismatch
  hstep
has type
  17321 / 10 ^ 4 / 540 * (31000000 ^ (-5 / 2) * t ^ (-10)) * (t + 3) ^ 3 ≤
    17321 / 10 ^ 4 / 540 * (31000000 ^ (-5 / 2) * t ^ (-10)) * ((1003 / 1000) ^ 3 * t ^ 3)
but is expected to have type
  17321 / 10 ^ 4 / 540 * (t + 3) ^ 3 * (31000000 ^ (-5 / 2) * t ^ (-10)) ≤
    17321 / 10 ^ 4 / 540 * ((1003 / 1000) ^ 3 * t ^ 3) * (31000000 ^ (-5 / 2) * t ^ (-10))
RhAttack/S4Strip.lean:1287:55: error: unsolved goals
case calc.step
t : ℝ
ht : 1000 ≤ t
H3 : ℝ := ‖(↑(1 / 2) + ↑t * Complex.I) * (↑(1 / 2) + ↑t * Complex.I + 1) * (↑(1 / 2) + ↑t * Complex.I + 2)‖
hH3 : H3 = ‖(↑(1 / 2) + ↑t * Complex.I) * (↑(1 / 2) + ↑t * Complex.I + 1) * (↑(1 / 2) + ↑t * Complex.I + 2)‖
ht0 : 0 < t
hnpos : 0 < ↑(n4 t)
hbase : 0 < 31000000 * t ^ 4
hsqrt3 : √3 ≤ 17321 / 10 ^ 4
hs3 : ‖(↑(1 / 2) + ↑t * Complex.I) * (↑(1 / 2) + ↑t * Complex.I + 1) * (↑(1 / 2) + ↑t * Complex.I + 2)‖ ≤ (t + 3) ^ 3
hmono : ↑(n4 t) ^ (-5 / 2) ≤ (31000000 * t ^ 4) ^ (-5 / 2)
hsplit : (31000000 * t ^ 4) ^ (-5 / 2) = 31000000 ^ (-5 / 2) * t ^ (-10)
ht3 : (t + 3) ^ 3 ≤ (1003 / 1000) ^ 3 * t ^ 3
ht7 : t ^ 3 * t ^ (-10) = t ^ (-7)
hA3raw : 17321 / 10 ^ 4 / 540 * 31000000 ^ (-5 / 2) * (1003 / 1000) ^ 3 ≤ A3
⊢ 17321 / 10 ^ 4 / 540 * 31000000 ^ (-5 / 2) * (1003 / 1000) ^ 3 * t ^ (-7) ≤ A3 * t ^ (-7)
