RhAttack/S4Strip.lean:1220:6: error: Tactic `apply` failed: could not unify the conclusion of `mul_le_mul_of_nonneg_left h5567`
  ?m.1159 * 5567 ≤ ?m.1159 * √31000000
with the goal
  1 * (31000000 * 5567) ≤ 1 * (31000000 * √31000000)

Note: The full type of `mul_le_mul_of_nonneg_left h5567` is
  0 ≤ ?m.1159 → ?m.1159 * 5567 ≤ ?m.1159 * √31000000

t : ℝ
ht : 1000 ≤ t
ht0 : 0 < t
hnpos : 0 < ↑(n4 t)
hbase : 0 < 31000000 * t ^ 4
hs : ‖↑(1 / 2) + ↑t * Complex.I‖ = √(1 / 4 + t * t)
hnorm : √(1 / 4 + t * t) ≤ t + 1 / 2
hmono : ↑(n4 t) ^ (-3 / 2) ≤ (31000000 * t ^ 4) ^ (-3 / 2)
hsplit : (31000000 * t ^ 4) ^ (-3 / 2) = 31000000 ^ (-3 / 2) * t ^ (-6)
htf : (t + 1 / 2) * t ^ (-6) ≤ 2001 / 2000 * t ^ (-5)
hc : 0 < 31000000
hbridge : 31000000 ^ (-3 / 2) = 1 / (31000000 * √31000000)
h5567 : 5567 ≤ √31000000
hrs : 0 < √31000000
hd1 : 0 < 31000000 * √31000000
hd2 : 0 < 31000000 * 5567
⊢ 1 * (31000000 * 5567) ≤ 1 * (31000000 * √31000000)
RhAttack/S4Strip.lean:1343:6: error: Tactic `apply` failed: could not unify the conclusion of `mul_le_mul_of_nonneg_left h5567`
  ?m.1604 * 5567 ≤ ?m.1604 * √31000000
with the goal
  1 * (31000000 ^ 2 * 5567) ≤ 1 * (31000000 ^ 2 * √31000000)

Note: The full type of `mul_le_mul_of_nonneg_left h5567` is
  0 ≤ ?m.1604 → ?m.1604 * 5567 ≤ ?m.1604 * √31000000

t : ℝ
ht : 1000 ≤ t
H3 : ℝ := ‖(↑(1 / 2) + ↑t * Complex.I) * (↑(1 / 2) + ↑t * Complex.I + 1) * (↑(1 / 2) + ↑t * Complex.I + 2)‖
hH3 : H3 = ‖(↑(1 / 2) + ↑t * Complex.I) * (↑(1 / 2) + ↑t * Complex.I + 1) * (↑(1 / 2) + ↑t * Complex.I + 2)‖
ht0 : 0 < t
hnpos : 0 < ↑(n4 t)
hbase : 0 < 31000000 * t ^ 4
hsqrt3 : √3 ≤ 17321 / 10 ^ 4
hs3 : ‖(↑(1 / 2) + ↑t * Complex.I) * (↑(1 / 2) + ↑t * Complex.I + 1) * (↑(1 / 2) + ↑t * Complex.I + 2)‖ ≤ (t + 3) ^ 3
hmono : ↑(n4 t) ^ (-5 / 2) ≤ (31000000 * t ^ 4) ^ (-5 / 2)
hsplit : (31000000 * t ^ 4) ^ (-5 / 2) = 31000000 ^ (-5 / 2) * t ^ (-10)
ht3 : (t + 3) ^ 3 ≤ (1003 / 1000) ^ 3 * t ^ 3
ht7 : t ^ 3 * t ^ (-10) = t ^ (-7)
hc : 0 < 31000000
hbridge : 31000000 ^ (-5 / 2) = 1 / (31000000 ^ 2 * √31000000)
h5567 : 5567 ≤ √31000000
hrs : 0 < √31000000
hd1 : 0 < 31000000 ^ 2 * √31000000
hd2 : 0 < 31000000 ^ 2 * 5567
⊢ 1 * (31000000 ^ 2 * 5567) ≤ 1 * (31000000 ^ 2 * √31000000)
RhAttack/S4Strip.lean:1403:10: error: Tactic `apply` failed: could not unify the conclusion of `@mul_nonneg`
  0 ≤ ?a * ?b
with the goal
  0 ≤ ↑(n4 t) ^ (-5 / 2)

Note: The full type of `@mul_nonneg` is
  ∀ {α : Type ?u.2901} [inst : MulZeroClass α] {a b : α} [inst_1 : Preorder α] [PosMulMono α], 0 ≤ a → 0 ≤ b → 0 ≤ a * b

t : ℝ
ht : 1000 ≤ t
H3 : ℝ := ‖(↑(1 / 2) + ↑t * Complex.I) * (↑(1 / 2) + ↑t * Complex.I + 1) * (↑(1 / 2) + ↑t * Complex.I + 2)‖
hH3 : H3 = ‖(↑(1 / 2) + ↑t * Complex.I) * (↑(1 / 2) + ↑t * Complex.I + 1) * (↑(1 / 2) + ↑t * Complex.I + 2)‖
ht0 : 0 < t
hnpos : 0 < ↑(n4 t)
hbase : 0 < 31000000 * t ^ 4
hsqrt3 : √3 ≤ 17321 / 10 ^ 4
hs3 : ‖(↑(1 / 2) + ↑t * Complex.I) * (↑(1 / 2) + ↑t * Complex.I + 1) * (↑(1 / 2) + ↑t * Complex.I + 2)‖ ≤ (t + 3) ^ 3
hmono : ↑(n4 t) ^ (-5 / 2) ≤ (31000000 * t ^ 4) ^ (-5 / 2)
hsplit : (31000000 * t ^ 4) ^ (-5 / 2) = 31000000 ^ (-5 / 2) * t ^ (-10)
ht3 : (t + 3) ^ 3 ≤ (1003 / 1000) ^ 3 * t ^ 3
ht7 : t ^ 3 * t ^ (-10) = t ^ (-7)
hA3raw : 17321 / 10 ^ 4 / 540 * 31000000 ^ (-5 / 2) * (1003 / 1000) ^ 3 ≤ A3
⊢ 0 ≤ ↑(n4 t) ^ (-5 / 2)
RhAttack/S4Strip.lean:1409:10: error: unsolved goals
case ha
t : ℝ
ht : 1000 ≤ t
H3 : ℝ := ⋯
hH3 : H3 = ‖(↑(1 / 2) + ↑t * Complex.I) * (↑(1 / 2) + ↑t * Complex.I + 1) * (↑(1 / 2) + ↑t * Complex.I + 2)‖
ht0 : 0 < t
hnpos : 0 < ↑(n4 t)
hbase : 0 < 31000000 * t ^ 4
hsqrt3 : √3 ≤ 17321 / 10 ^ 4
hs3 : ‖(↑(1 / 2) + ↑t * Complex.I) * (↑(1 / 2) + ↑t * Complex.I + 1) * (↑(1 / 2) + ↑t * Complex.I + 2)‖ ≤ (t + 3) ^ 3
hmono : ↑(n4 t) ^ (-5 / 2) ≤ (31000000 * t ^ 4) ^ (-5 / 2)
hsplit : (31000000 * t ^ 4) ^ (-5 / 2) = 31000000 ^ (-5 / 2) * t ^ (-10)
ht3 : (t + 3) ^ 3 ≤ (1003 / 1000) ^ 3 * t ^ 3
ht7 : t ^ 3 * t ^ (-10) = t ^ (-7)
hA3raw : 17321 / 10 ^ 4 / 540 * 31000000 ^ (-5 / 2) * (1003 / 1000) ^ 3 ≤ A3
⊢ 0 ≤ ?ha.a

case hb
t : ℝ
ht : 1000 ≤ t
H3 : ℝ := ⋯
hH3 : H3 = ‖(↑(1 / 2) + ↑t * Complex.I) * (↑(1 / 2) + ↑t * Complex.I + 1) * (↑(1 / 2) + ↑t * Complex.I + 2)‖
ht0 : 0 < t
hnpos : 0 < ↑(n4 t)
hbase : 0 < 31000000 * t ^ 4
hsqrt3 : √3 ≤ 17321 / 10 ^ 4
hs3 : ‖(↑(1 / 2) + ↑t * Complex.I) * (↑(1 / 2) + ↑t * Complex.I + 1) * (↑(1 / 2) + ↑t * Complex.I + 2)‖ ≤ (t + 3) ^ 3
hmono : ↑(n4 t) ^ (-5 / 2) ≤ (31000000 * t ^ 4) ^ (-5 / 2)
hsplit : (31000000 * t ^ 4) ^ (-5 / 2) = 31000000 ^ (-5 / 2) * t ^ (-10)
ht3 : (t + 3) ^ 3 ≤ (1003 / 1000) ^ 3 * t ^ 3
ht7 : t ^ 3 * t ^ (-10) = t ^ (-7)
hA3raw : 17321 / 10 ^ 4 / 540 * 31000000 ^ (-5 / 2) * (1003 / 1000) ^ 3 ≤ A3
⊢ 0 ≤ ?b

case ha.a
t : ℝ
ht : 1000 ≤ t
H3 : ℝ := ⋯
hH3 : H3 = ‖(↑(1 / 2) + ↑t * Complex.I) * (↑(1 / 2) + ↑t * Complex.I + 1) * (↑(1 / 2) + ↑t * Complex.I + 2)‖
ht0 : 0 < t
hnpos : 0 < ↑(n4 t)
hbase : 0 < 31000000 * t ^ 4
hsqrt3 : √3 ≤ 17321 / 10 ^ 4
hs3 : ‖(↑(1 / 2) + ↑t * Complex.I) * (↑(1 / 2) + ↑t * Complex.I + 1) * (↑(1 / 2) + ↑t * Complex.I + 2)‖ ≤ (t + 3) ^ 3
hmono : ↑(n4 t) ^ (-5 / 2) ≤ (31000000 * t ^ 4) ^ (-5 / 2)
hsplit : (31000000 * t ^ 4) ^ (-5 / 2) = 31000000 ^ (-5 / 2) * t ^ (-10)
ht3 : (t + 3) ^ 3 ≤ (1003 / 1000) ^ 3 * t ^ 3
ht7 : t ^ 3 * t ^ (-10) = t ^ (-7)
hA3raw : 17321 / 10 ^ 4 / 540 * 31000000 ^ (-5 / 2) * (1003 / 1000) ^ 3 ≤ A3
⊢ ℝ

case b
t : ℝ
ht : 1000 ≤ t
H3 : ℝ := ⋯
hH3 : H3 = ‖(↑(1 / 2) + ↑t * Complex.I) * (↑(1 / 2) + ↑t * Complex.I + 1) * (↑(1 / 2) + ↑t * Complex.I + 2)‖
ht0 : 0 < t
hnpos : 0 < ↑(n4 t)
hbase : 0 < 31000000 * t ^ 4
hsqrt3 : √3 ≤ 17321 / 10 ^ 4
hs3 : ‖(↑(1 / 2) + ↑t * Complex.I) * (↑(1 / 2) + ↑t * Complex.I + 1) * (↑(1 / 2) + ↑t * Complex.I + 2)‖ ≤ (t + 3) ^ 3
hmono : ↑(n4 t) ^ (-5 / 2) ≤ (31000000 * t ^ 4) ^ (-5 / 2)
hsplit : (31000000 * t ^ 4) ^ (-5 / 2) = 31000000 ^ (-5 / 2) * t ^ (-10)
ht3 : (t + 3) ^ 3 ≤ (1003 / 1000) ^ 3 * t ^ 3
ht7 : t ^ 3 * t ^ (-10) = t ^ (-7)
hA3raw : 17321 / 10 ^ 4 / 540 * 31000000 ^ (-5 / 2) * (1003 / 1000) ^ 3 ≤ A3
⊢ ℝ
RhAttack/S4Strip.lean:1410:33: error: linarith failed to find a contradiction
t : ℝ
ht : 1000 ≤ t
H3 : ℝ := ‖(↑(1 / 2) + ↑t * Complex.I) * (↑(1 / 2) + ↑t * Complex.I + 1) * (↑(1 / 2) + ↑t * Complex.I + 2)‖
hH3 : H3 = ‖(↑(1 / 2) + ↑t * Complex.I) * (↑(1 / 2) + ↑t * Complex.I + 1) * (↑(1 / 2) + ↑t * Complex.I + 2)‖
ht0 : 0 < t
hnpos : 0 < ↑(n4 t)
hbase : 0 < 31000000 * t ^ 4
hsqrt3 : √3 ≤ 17321 / 10 ^ 4
hs3 : ‖(↑(1 / 2) + ↑t * Complex.I) * (↑(1 / 2) + ↑t * Complex.I + 1) * (↑(1 / 2) + ↑t * Complex.I + 2)‖ ≤ (t + 3) ^ 3
hmono : ↑(n4 t) ^ (-5 / 2) ≤ (31000000 * t ^ 4) ^ (-5 / 2)
hsplit : (31000000 * t ^ 4) ^ (-5 / 2) = 31000000 ^ (-5 / 2) * t ^ (-10)
ht3 : (t + 3) ^ 3 ≤ (1003 / 1000) ^ 3 * t ^ 3
ht7 : t ^ 3 * t ^ (-10) = t ^ (-7)
hA3raw : 17321 / 10 ^ 4 / 540 * 31000000 ^ (-5 / 2) * (1003 / 1000) ^ 3 ≤ A3
a✝ : ?m.3828 < 0
⊢ False
failed
RhAttack/S4Strip.lean:1425:18: error: Tactic `apply` failed: could not unify the conclusion of `mul_le_mul_of_nonneg_right ht3`
  (t + 3) ^ 3 * ?m.4379 ≤ (1003 / 1000) ^ 3 * t ^ 3 * ?m.4379
with the goal
  17321 / 10 ^ 4 / 540 * (31000000 ^ (-5 / 2) * t ^ (-10)) * (t + 3) ^ 3 ≤
    17321 / 10 ^ 4 / 540 * (31000000 ^ (-5 / 2) * t ^ (-10)) * ((1003 / 1000) ^ 3 * t ^ 3)

Note: The full type of `mul_le_mul_of_nonneg_right ht3` is
  0 ≤ ?m.4379 → (t + 3) ^ 3 * ?m.4379 ≤ (1003 / 1000) ^ 3 * t ^ 3 * ?m.4379

t : ℝ
ht : 1000 ≤ t
H3 : ℝ := ‖(↑(1 / 2) + ↑t * Complex.I) * (↑(1 / 2) + ↑t * Complex.I + 1) * (↑(1 / 2) + ↑t * Complex.I + 2)‖
hH3 : H3 = ‖(↑(1 / 2) + ↑t * Complex.I) * (↑(1 / 2) + ↑t * Complex.I + 1) * (↑(1 / 2) + ↑t * Complex.I + 2)‖
ht0 : 0 < t
hnpos : 0 < ↑(n4 t)
hbase : 0 < 31000000 * t ^ 4
hsqrt3 : √3 ≤ 17321 / 10 ^ 4
hs3 : ‖(↑(1 / 2) + ↑t * Complex.I) * (↑(1 / 2) + ↑t * Complex.I + 1) * (↑(1 / 2) + ↑t * Complex.I + 2)‖ ≤ (t + 3) ^ 3
hmono : ↑(n4 t) ^ (-5 / 2) ≤ (31000000 * t ^ 4) ^ (-5 / 2)
hsplit : (31000000 * t ^ 4) ^ (-5 / 2) = 31000000 ^ (-5 / 2) * t ^ (-10)
ht3 : (t + 3) ^ 3 ≤ (1003 / 1000) ^ 3 * t ^ 3
ht7 : t ^ 3 * t ^ (-10) = t ^ (-7)
hA3raw : 17321 / 10 ^ 4 / 540 * 31000000 ^ (-5 / 2) * (1003 / 1000) ^ 3 ≤ A3
⊢ 17321 / 10 ^ 4 / 540 * (31000000 ^ (-5 / 2) * t ^ (-10)) * (t + 3) ^ 3 ≤
    17321 / 10 ^ 4 / 540 * (31000000 ^ (-5 / 2) * t ^ (-10)) * ((1003 / 1000) ^ 3 * t ^ 3)
