==============================================================================
25ad — own-regime wire survey (quantity level of the 25v wall)
==============================================================================

[0] T3 quadrature convergence check (M vs 2M), list scale:
  t = 1e+03     |T3(M=1024)| = 8.00553e-06  |T3(2M)/T3| rel diff = 1.245e-01  |T1| = 1.24035e-02
  t = 1e+05     |T3(M=1024)| = 1.14949e-07  |T3(2M)/T3| rel diff = 1.027e+00  |T1| = 1.24035e-03
  t = 1e+07     |T3(M=1024)| = 1.27698e-07  |T3(2M)/T3| rel diff = 7.957e-01  |T1| = 1.24035e-04
  t = 1e+08     |T3(M=1024)| = 4.06656e-08  |T3(2M)/T3| rel diff = 8.200e-01  |T1| = 3.92232e-05

[0b] cross-validation: |T1+T2+T3| vs |zeta(s) - P_n(s) + I(n,s)| (dps-30)
  t = 14.1347      n = 22       |EM| = 1.067911e-01 |W_n| = 1.144701e-01 ratio = 0.932917
         |T1| = 1.0660e-01 |T2| = 1.1422e-02 |T3| = 8.0979e-05  |EM|/|T1| = 1.0018
  t = 100          n = 162      |EM| = 3.947244e-02 |W_n| = 1.746032e-01 ratio = 0.226069
         |T1| = 3.9284e-02 |T2| = 4.0416e-03 |T3| = 2.5912e-05  |EM|/|T1| = 1.0048
  t = 1000         n = 1625     |EM| = 1.246879e-02 |W_n| = 6.147973e-02 ratio = 0.202811
         |T1| = 1.2403e-02 |T2| = 1.2722e-03 |T3| = 8.1437e-06  |EM|/|T1| = 1.0053
  t = 10000        n = 16250    |EM| = 3.941977e-03 |W_n| = 1.592633e-02 ratio = 0.247513
         |T1| = 3.9223e-03 |T2| = 4.0229e-04 |T3| = 2.7008e-06  |EM|/|T1| = 1.0050

[1] LIST SCALE n = floor(13t/8): raw EM norm vs Eenv, t in [1e3, 1e8]
    t             n          |EM|/Eenv  |T1|/Eenv  |T2|/Eenv  |T3|/Eenv  p8_B/Eenv  mown/Eenv
    1000          1625         124555466.077075 123902955.91987 12707997.06746 81350.38373 437615946.211880 0.99894
    1138.1        1849         151244732.915652 150452512.60296 15434447.95439 99913.53203 582049781.412105 0.99894
    1295.27       2104         183646746.667336 182685712.52001 18744211.69295 118896.02170 776723811.915426 0.99894
    1474.14       2395         222954252.112418 221786058.47483 22751855.74661 141124.47886 1039120279.798603 0.99894
    1677.72       2726         270686260.743685 269267306.75810 27620125.33729 169433.64518 1394595269.801171 0.99894
    1909.41       3102         328670739.164401 326952909.23225 33542162.10568 210376.31311 1877879533.708840 0.99894
    2173.09       3531         399046916.714435 396932623.48722 40714254.76190 269981.57049 2533469772.032940 0.99894
    2473.2        4018         484502819.946295 481970256.48153 49444443.21891 332789.07268 3428577015.917291 0.99894
    2814.74       4573         588270665.323611 585172830.66875 60030216.70662 422704.08039 4648275594.276475 0.99894
    3203.45       5205         714195380.887222 710450686.32276 72875229.71287 405337.54639 6313559195.903329 0.99894
    3645.84       5924         867116273.077029 862573935.13988 88476470.07453 477177.26796 8592161176.219122 0.99894
    4149.33       6742         1052870656.143310 1047295004.73627 107425297.42299 813142.40016 11713679059.444389 0.99894
    4722.34       7673         1278333332.281307 1271570247.52692 130431117.39472 1015853.97683 15992791798.326044 0.99894
    5374.49       8733         1551958665.836964 1543834625.72499 158351852.07316 751078.85689 21861791635.589111 0.99894
    6116.7        9939         1884219414.139598 1874436414.07058 192262075.80442 891806.61277 29923599899.366901 0.99894
    6961.4        11312        2288243426.860836 2275788561.24623 233419908.08163 1882687.66617 40998499131.883492 0.99894
    7922.76       12874        2778456739.392518 2763149649.98845 283410578.64211 2186950.76756 56233316424.392403 0.99894
    9016.88       14652        3371726700.361860 3354843414.81781 344096515.40054 2312329.16027 77191581977.783432 0.99894
    10262.1       16675        4093715463.671720 4073308831.53400 417797850.63945 2989987.41306 106050570664.450256 0.99894
    11679.3       18978        4973428580.431981 4945549915.14368 507257675.91939 3712125.45504 145785149552.633026 0.99894
    13292.2       21599        6038247959.400550 6004578667.66122 615875815.14186 5511867.17781 200529755515.665741 0.99894
    15127.8       24582        7329820009.915627 7290382329.75075 747751204.10683 2396525.86309 275978773394.076355 0.99894
    17216.9       27977        8901033462.212511 8851520732.86089 907863496.07350 8859663.26274 379994530180.755798 0.99894
    19594.5       31841        10807355814.076519 10746936023.98548 1102253650.99535 10903722.77286 523428095344.758484 0.99894
    22300.5       36238        13119751123.287880 13048345666.13210 1338303423.63346 4249162.45715 721302466304.276611 0.99894
    25380.2       41242        15928349529.130451 15842629109.54346 1624915079.06278 17740955.15816 994317433202.324097 0.99894
    28885.1       46938        19331431167.808788 19235096714.77526 1972843796.93213 20341693.10948 1370992793990.141357 0.99894
    32874.1       53420        23476818266.179073 23354161187.62064 2395317414.37928 26860003.68335 1890905508670.823242 0.99894
    37414         60797        28520414876.295944 28355329013.10389 2908271843.24169 22700951.22872 2608583812398.776855 0.99894
    42580.8       69193        34592025586.218605 34427400828.92698 3531053583.65567 29270719.26933 3599329538516.071289 0.99894
    48461.1       78749        42031202344.213310 41799620909.10721 4287156165.44893 13912582.08831 4967149349361.131836 0.99894
    55153.5       89624        51048610998.112953 50750725606.59473 5205227509.02832 46636624.22964 6855966322402.984375 0.99894
    62770.1       102001       61978636182.861832 61618589568.01613 6319880730.51408 64206969.84422 9464266825324.978516 0.99894
    71438.5       116087       75254376884.385681 74813801760.52222 7673252162.20167 66347243.06928 13066506728945.017578 0.99894
    81304.1       132119       91336410038.212250 90834416382.71358 9316359986.88299 27220702.59591 18041446990176.773438 0.99894
    92532         150364       110808138347.479370 110286075944.12549 11311434853.64396 79959845.52675 24913292017980.925781 0.99894
    105311        171129       134649647976.797943 133903017508.31877 13733695406.97226 165386685.84498 34405141934452.273438 0.99894
    119854        194762       163436281738.236298 162577188156.97278 16674615079.00218 9446801.10553 47516507436567.343750 0.99894
    136405        221658       198446912183.914001 197392008547.05301 20245400204.02845 249765440.87037 65629119712800.007812 0.99894
    155243        252269       240872674267.749664 239661834375.23965 24580741465.21375 51111279.28927 90650349064045.828125 0.99894
    176681        287107       292694082610.244873 290983579410.74310 29844510593.66751 321794653.32780 125217485732245.250000 0.99894
    201081        326756       354986693598.130371 353295525851.82355 36235487012.31985 384891129.21537 172973406994159.312500 0.99894
    228850        371880       431162981810.488586 428951373187.88763 43995124556.24697 42397040.17482 238952399293827.093750 0.99894
    260454        423237       523898585891.579163 520807476894.25739 53416160706.66759 457622030.84796 330106402758411.500000 0.99894
    296422        481685       635802878564.381592 632334698199.34180 64854893910.76562 811013130.61839 456049945397454.500000 0.99894
    337357        548205       771409008970.364868 767744350154.96716 78743057535.97974 840343782.57031 630058739584403.625000 0.99894
    383946        623911       936603593163.371094 932151181840.12732 95605334308.40099 520825587.49270 870482380017638.625000 0.99894
    436968        710072       1137776381270.907227 1131764409523.82397 116078512138.96216 75723309.01124 1202672207787270.500000 0.99894
    497312        808132       1382099537173.996582 1374123050809.34473 140935786670.04510 834829477.78019 1661658142513137.500000 0.99894
    565990        919734       1678314664043.243652 1668380890447.51758 171116033145.89178 1657159563.24127 2295845517896776.500000 0.99894
    644153        1046747      2037368760154.748535 2025652832646.05469 207759458389.34958 2461403906.30343 3172127276832982.500000 0.99894
    733109        1191302      2472853114688.141602 2459430152766.98535 252249266039.17123 3187827398.24530 4382904536231809.000000 0.99894
    834350        1355818      3001396577732.498047 2986099546464.72021 306266820827.04584 3802757933.36832 6055910823232013.000000 0.99894
    949572        1543055      3643199094727.890137 3625549397613.32129 371851262269.58234 4285132070.64431 8367576088547591.000000 0.99894
    1.08071e+06   1756148      4422702826558.082031 4401933968716.87109 451480528728.21210 4618932699.52904 11561764060126148.000000 0.99894
    1.22995e+06   1998669      5369508177845.155273 5344575206729.82812 548161722857.00201 4794435350.92985 15975389263825852.000000 0.99894
    1.3998e+06    2274682      6519479847489.864258 6489075631511.92383 665546356651.99634 4800133332.84239 22074015878466368.000000 0.99894
    1.59312e+06   2588812      7916115297171.500977 7878662111784.16211 808067989449.60864 4619638581.16789 30500965788066324.000000 0.99894
    1.81312e+06   2946322      9612204432578.873047 9565819422525.72266 981109962191.66516 4226271559.53057 42145209773723576.000000 0.99894
    2.06351e+06   3353205      11671813048828.429688 11614266326707.07812 1191206807730.11548 3600352845.25636 58235011722762760.000000 0.99894
    2.34848e+06   3816276      14172757303498.783203 14101376092409.49805 1446295336961.67383 2684751600.28731 80467827805779088.000000 0.99894
    2.6728e+06    4343298      17209475061533.279297 17121078570345.66016 1756008177729.37671 1446027430.37891 111188876655727296.000000 0.99894
    3.04191e+06   4943100      20896678540824.750000 20787429370434.33984 2132044216237.50806 201006174.34048 153639134135809024.000000 0.99894
    3.46199e+06   5625734      25373622137133.546875 25238900909431.66406 2588605306839.38037 2320104332.52792 212296763239713088.000000 0.99894
    3.94009e+06   6402638      30809407379887.617188 30643623094223.25000 3142935958407.76123 5032834435.31811 293349907880330816.000000 0.99894
    4.4842e+06    7286832      37409329452777.820312 37205723832113.12500 3815971690173.77979 8453058763.49816 405349125654014080.000000 0.99894
    5.10347e+06   8293131      45422683666993.171875 45173051035895.50000 4633133527195.88281 12749171990.88203 560110045704675904.000000 0.99894
    5.80825e+06   9438398      55152132740179.875000 54846522191608.64844 5625284616671.42285 18110610372.96791 773959346765115264.000000 0.99894
    6.61035e+06   10741825     66965152297077.195312 66591492969025.67969 6829896897349.07422 24765321015.02934 1069457285336527360.000000 0.99894
    7.52323e+06   12225253     81307929993389.890625 80851561325825.54688 8292467907361.95312 33004596669.25537 1477778163781859840.000000 0.99894
    8.56218e+06   13913539     98722208433387.203125 98165319512704.59375 10068238484840.11914 43187289170.86307 2041999150669687552.000000 0.99894
    9.7446e+06    15834976     119865696157606.750000 119186683480870.51562 12224275250790.33008 55712016104.49876 2821643492489872384.000000 0.99894
    1.10903e+07   18021759     145537020996057.312500 144709619506632.71875 14842012525265.31445 71125187495.13013 3898963256624009216.000000 0.99894
    1.26219e+07   20510533     176705778079059.156250 175698101121274.84375 18020318663203.50000 90045802579.74603 5387613601831089152.000000 0.99894
    1.43649e+07   23343003     214549198338083.375000 213322531419508.25000 21879234508212.93359 113229597356.16527 7444644664891196416.000000 0.99894
    1.63487e+07   26566632     260496632257427.687500 259003952811962.81250 26564508678887.55469 141613635899.90149 10287071295851692032.000000 0.99894
    1.86064e+07   30235439     316283504944570.937500 314467706581721.31250 32253098704059.01562 176326902117.05325 14214766055105763328.000000 0.99894
    2.11759e+07   34410902     384016868645660.375000 381808607472914.93750 39159857643465.28906 218744077142.18588 19642097492553326592.000000 0.99894
    2.41003e+07   39162989     466254995261191.375000 463570059489015.56250 47545647847377.29688 270534774531.03848 27141645548259225600.000000 0.99894
    2.74285e+07   44571331     566103986296609.000000 562840114534586.68750 57727192459579.26562 333729740318.36676 37504607694979170304.000000 0.99894
    3.12163e+07   50726557     687335056477210.625000 683368100079752.62500 70089036171912.50781 410763444629.51917 51824267736890425344.000000 0.99894
    3.55273e+07   57731808     834527092009505.000000 829706258892700.25000 85098078708722.43750 504675548110.76666 71611348744996716544.000000 0.99894
    4.04335e+07   65704473     1013239417865687.000000 1007381632023662.87500 103321193521743.48438 619059134830.39514 98953375272179417088.000000 0.99894
    4.60173e+07   74778149     1230221904551938.000000 1223104858339345.25000 125446652965003.64062 758349911064.84448 136734926375955333120.000000 0.99894
    5.23722e+07   85104884     1493669834920293.000000 1485023598736794.75000 152310114379336.37500 927907840440.74207 188941946186198122496.000000 0.99894
    5.96048e+07   96857725     1813533387740959.500000 1803030260930127.00000 184926180648915.50000 1134139720064.35498 261082254465175486464.000000 0.99894
    6.78361e+07   110233612    2201893705232181.750000 2189135679137971.25000 224526737043409.40625 1385152062473.04175 360766658920001306624.000000 0.99894
    7.72041e+07   125456687    2673418806561139.000000 2657922671000110.50000 272607453461437.34375 1690393033937.22534 498511838949126307840.000000 0.99894
    8.78659e+07   142782042    3245917851100598.000000 3227096891972056.50000 330984297600593.43750 2061585247760.53247 688849913491481165824.000000 0.99894
    1e+08         162500000    3941013580920161.500000 3918155495342459.50000 401862102086405.68750 2512851153023.02930 951861521316860657664.000000 0.99894
    FIT (1e6..1e8): |EM|/Eenv ~ t^(1.5003);  measured @ t=1.0807e+06: 4422702826558.082031   [T1-wall prediction: exponent 1.500, coeff -> Kgap = 3918.7]
    DIRECT t = 1e6: |EM|/Eenv = 3936945293912.15478516   (Kgap t^1.5 = 3918664600000.00000000; |EM|/|T1| = 1.004796)

[2] n-FAMILY MAP at t = 1e5, 1e6, 1e7 (raw |EM|/Eenv and |T1|/Eenv):
    t          family           n            |EM|/Eenv   |T1|/Eenv  p8_B/Eenv
    1e+05     list 13t/8      162500           124628152819.27930 123902955919.87427 30236978597958.45312
    1e+05     t               100000           159923120608.81580 157945897506.81635 101506610750261.76562
    1e+05     t^2             10000000000      499468783.19758 499468783.20105 499469647.68996
    1e+05     2.495e7 t^4     2495000000000000051019513856 0.99994      0.99994     0.99994     
    1e+06     list 13t/8      1625000          3936945293912.15479 3918155495342.45996 9522892030631702.00000
    1e+06     t               1000000          5062433319108.69434 4994687832010.50000 32046764517382080.00000
    1e+06     t^2             1000000000000    4994687832.01017 4994687832.01050 4994688696.49941
    1e+06     2.495e7 t^4     24949999999999999384295231717376 0.99994      0.99994     0.99994     
    1e+07     list 13t/8      16250000         124609380650480.92188 123902955919874.37500 3010173374290585600.00000
    1e+07     t               10000000         159751450537230.00000 157945897506816.31250 10132418319431700480.00000
    1e+07     t^2             100000000000000  49946878320.10502 49946878320.10496 49946879184.59389
    1e+07     2.495e7 t^4     249500000000000003426612324218175488 0.99994      0.99994     0.99994     

[3] ZERO HEIGHTS (actual strip pairs): t = gamma from the certified list
    gamma          |EM|/Eenv      |T1|/Eenv (T1 = -2^-1 n^{-s}, exact)
    100000.743723 124629732288.48764 123904417673.72119
    353846.861248 828576727836.84778 824716617168.06470
    607692.978773 1867063091939.75635 1856128397147.08618
    861539.096297 3149070161023.90625 3133243574701.83057
    1115385.213822 4637182229341.38379 4615503751117.91895
    1369231.331346 6307015243404.98340 6277648558389.66797
    1623077.448871 8140586943891.30859 8101969486391.25879
    1876923.566395 10124286764316.60938 10075151953860.35742
    2130769.683920 12247422351175.80664 12186710016942.17578
    2384615.801445 14501317763208.51172 14428106237441.74609
    2638461.918969 16878750037741.00391 16792213379673.34375
    2892308.036494 19373582402472.08203 19272963975872.14844
    3146154.154018 21980515438280.30469 21865110973621.08203
    3400000.271543 24694911440917.57031 24564057893973.50781
    3653846.389067 27512666591762.21484 27365734505288.15234
    3907692.506592 30430115557916.48438 30266503430105.35938
    4161538.624117 33443958102135.49609 33263088438086.57812
    4415384.741641 36551202263983.89062 36352518348658.97656
    4669230.859166 39749118739563.06250 39532082427351.82812
    4923076.976690 43035204831536.19531 42799294413687.78125
    5176923.094215 46407154491102.60156 46151863144393.79688
    5430769.211739 49862845491242.24219 49587671103345.10938
    5684615.329264 53400272765415.32031 53104743013910.26562
    5938461.446789 57017600044003.27344 56701245470114.42188
    6192307.564313 60713099592874.83594 60375461446925.26562
    6446153.681838 64485151064053.90625 64125780692198.64062
    6699999.799362 68332232060186.81250 67950689097580.35156
    6953845.916887 72252905645121.59375 71848759494474.95312
    7207692.034411 76245815692699.14062 75818643638422.28125
    7461538.151936 80309678340555.45312 79859065191567.57812
    7715384.269461 84443275712646.26562 83968813548884.51562
    7969230.386985 88645450578103.67188 88146738382020.75000
    8223076.504510 92915101962219.39062 92391744796944.95312
    8476922.622034 97251178873285.04688 96702789019360.92188
    8730768.739559 101652679460187.67188 101078874536154.07812
    8984614.857083 106118645107356.29688 105519048632703.79688
    9238460.974608 110648158618545.23438 110022399275322.93750
    9492307.092133 115240340058123.50000 114588052295813.65625
    9746153.209657 119894360971714.81250 119215172605206.18750
    9999999.327182 124609379997092.03125 123902946871837.82812
    FIT (zero heights): exponent 1.5002   [prediction 1.5]

[4] TRUE FLOOR at d-edge: mown(t, 1/200) / Eenv(t) (a wire must sit
    below mown, i.e. below Eenv * this factor):
    t = 1e+03     mown/Eenv = 0.998938066
    t = 1e+04     mown/Eenv = 0.998937571
    t = 1e+05     mown/Eenv = 0.998937566
    t = 1e+06     mown/Eenv = 0.998937566
    t = 1e+07     mown/Eenv = 0.998937566
    t = 1e+08     mown/Eenv = 0.998937566

==============================================================================
-- VERDICT (pre-registered) --
   min |EM|/Eenv on 1e6..1e8 list scale: 4.4227e+12
   -> (B) WALL AT THE QUANTITY LEVEL: raw EM norm >= 4.423e+12 t^1.500 on 1e6..1e8; the T1 = -2^-1 n^{-s} term is irreducible at the
      list scale; the strip wire is not an EM-tail-family object.
