/home/jsmille/Projects/rh-missing-tail/scripts/rh/day023_c1b_discrete.py:2: SyntaxWarning: invalid escape sequence '\ '
  """day023 C1b Step 0b — the DISCRETE-STRADDLE window floor.
day023 C1b Step 0b: DISCRETE-STRADDLE window floor
  u = 0.5k, k = +-1..+-24 (|u| <= 12, u != 0);  d in (0, 0.5] (dd = 0.005)
==========================================================================
  gammas done: 10/38
  gammas done: 20/38
  gammas done: 30/38

[1] floor_disc(gamma) table (dps-30):
    g               min||R-1||      (u, d at the min)
           14.1347     0.023306222   (u =   -12.00, d =  1.000)
           20.7469     0.175398192   (u =   -12.00, d =  1.000)
           30.4523     0.364047997   (u =   -12.00, d =  1.000)
           44.6979     0.532358409   (u =   -12.00, d =  1.000)
           65.6076     0.665486464   (u =   -12.00, d =  1.000)
           96.2988     0.764730805   (u =   -12.00, d =  1.000)
          141.3473     0.836300080   (u =   -12.00, d =  1.000)
          207.4694     0.886890853   (u =   -12.00, d =  1.000)
          304.5234     0.922206298   (u =   -12.00, d =  1.000)
          446.9793     0.946659652   (u =   -12.00, d =  1.000)
          656.0758     0.963501864   (u =   -12.00, d =  1.000)
          962.9876     0.975060903   (u =   -12.00, d =  1.000)
         1413.4725     0.982975220   (u =   -12.00, d =  1.000)
         2074.6939     0.988385388   (u =   -12.00, d =  1.000)
         3045.2342     0.992079740   (u =   -12.00, d =  1.000)
         4469.7926     0.994600594   (u =   -12.00, d =  1.000)
         6560.7582     0.996319852   (u =   -12.00, d =  1.000)
         9629.8761     0.997492013   (u =   -12.00, d =  1.000)
        14134.7251     0.998290988   (u =   -12.00, d =  1.000)
        20746.9392     0.998835506   (u =   -12.00, d =  1.000)
        30452.3422     0.999206567   (u =   -12.00, d =  1.000)
        44697.9255     0.999459406   (u =   -12.00, d =  1.000)
        65607.5824     0.999631682   (u =   -12.00, d =  1.000)
        96298.7614     0.999749061   (u =   -12.00, d =  1.000)
       141347.2514     0.999829034   (u =   -12.00, d =  1.000)
       207469.3921     0.999883520   (u =   -12.00, d =  1.000)
       304523.4218     0.999920643   (u =   -12.00, d =  1.000)
       446979.2555     0.999945934   (u =   -12.00, d =  1.000)
       656075.8238     0.999963165   (u =   -12.00, d =  1.000)
       962987.6137     0.999974905   (u =   -12.00, d =  1.000)
      1413472.5142     0.999982903   (u =   -12.00, d =  1.000)
      2074693.9211     0.999988352   (u =   -12.00, d =  1.000)
      3045234.2179     0.999992064   (u =   -12.00, d =  1.000)
      4469792.5548     0.999994593   (u =   -12.00, d =  1.000)
      6560758.2384     0.999996316   (u =   -12.00, d =  1.000)
      9629876.1374     0.999997490   (u =   -12.00, d =  1.000)
     14134725.1417     0.999998290   (u =   -12.00, d =  1.000)
     10000000.0000     0.999997583   (u =   -12.00, d =  1.000)

    worst u = -12 corner value: 0.02330622224 at g = 14.134725

[2] fit: for g >= 60 (min not at the corner): need 1 - |R| >= 1 - c/g
    c = max_g (1 - floor_disc)(g) * g = 0.0

[3] candidate theorem constant check:  floor_disc(g) >= min(0.023306222, 1 - 0.0/g)

    violations: 0 / 38
