2026-09-28 06:50:42 day045 supervisor start (lock held)
2026-09-28 06:50:43 band spot check:  size=740623021712  perm=555  first=2999246000.182257  last=30001045999.981976
2026-09-28 06:50:44 L-shards  verified  (11  x  md5  against  official  lmfdb  pins)
2026-09-28 06:50:44 supervisor pid 1390  written  to  /workspace/h1/RH/scripts/rh/ckpt_h1_3e10_a/supervisor.pid
2026-09-28 06:50:44 instance  1  launching  (env  WORKERS=4  contexts  x  H1_THREADS=8  threads;  windows=0;  instance  memguard  derives  actual  count;  resume  from  ckpt_h1_3e10/)
2026-09-28 08:25:30 ANOTHER SUPERVISOR HOLDS THE LOCK - exiting
2026-09-28 08:30:31 ANOTHER SUPERVISOR HOLDS THE LOCK - exiting
2026-09-28 08:34:11 day045 supervisor start (lock held)
2026-09-28 08:34:11 band spot check:  size=740623021712  perm=555  first=2999246000.182257  last=30001045999.981976
2026-09-28 08:34:12 L-shards  verified  (11  x  md5  against  official  lmfdb  pins)
2026-09-28 08:34:12 supervisor pid 3974  written  to  /workspace/h1/RH/scripts/rh/ckpt_h1_3e10_a/supervisor.pid
2026-09-28 08:34:12 instance  1  launching  (env  WORKERS=4  contexts  x  H1_THREADS=4  threads;  windows=0;  instance  memguard  derives  actual  count;  resume  from  ckpt_h1_3e10/)
2026-09-28 08:39:11 ANOTHER SUPERVISOR HOLDS THE LOCK - exiting
2026-09-28 08:44:12 ANOTHER SUPERVISOR HOLDS THE LOCK - exiting
2026-09-28 08:49:12 ANOTHER SUPERVISOR HOLDS THE LOCK - exiting
2026-09-28 08:54:12 ANOTHER SUPERVISOR HOLDS THE LOCK - exiting
2026-09-28 08:59:13 ANOTHER SUPERVISOR HOLDS THE LOCK - exiting
2026-09-28 09:04:13 ANOTHER SUPERVISOR HOLDS THE LOCK - exiting
2026-09-28 09:09:14 ANOTHER SUPERVISOR HOLDS THE LOCK - exiting
2026-09-28 09:14:14 ANOTHER SUPERVISOR HOLDS THE LOCK - exiting
2026-09-28 09:19:15 ANOTHER SUPERVISOR HOLDS THE LOCK - exiting
2026-09-28 09:24:15 ANOTHER SUPERVISOR HOLDS THE LOCK - exiting
2026-09-28 09:29:15 ANOTHER SUPERVISOR HOLDS THE LOCK - exiting
2026-09-28 09:34:16 ANOTHER SUPERVISOR HOLDS THE LOCK - exiting
2026-09-28 09:39:16 ANOTHER SUPERVISOR HOLDS THE LOCK - exiting
2026-09-28 09:44:16 ANOTHER SUPERVISOR HOLDS THE LOCK - exiting
2026-09-28 09:49:17 ANOTHER SUPERVISOR HOLDS THE LOCK - exiting
2026-09-28 09:54:18 ANOTHER SUPERVISOR HOLDS THE LOCK - exiting
2026-09-28 09:59:18 ANOTHER SUPERVISOR HOLDS THE LOCK - exiting
2026-09-28 10:04:19 ANOTHER SUPERVISOR HOLDS THE LOCK - exiting
2026-09-28 10:09:19 ANOTHER SUPERVISOR HOLDS THE LOCK - exiting
2026-09-28 10:14:20 ANOTHER SUPERVISOR HOLDS THE LOCK - exiting
2026-09-28 10:19:20 ANOTHER SUPERVISOR HOLDS THE LOCK - exiting
2026-09-28 10:24:20 ANOTHER SUPERVISOR HOLDS THE LOCK - exiting
2026-09-28 10:29:24 ANOTHER SUPERVISOR HOLDS THE LOCK - exiting
2026-09-28 10:34:24 ANOTHER SUPERVISOR HOLDS THE LOCK - exiting
2026-09-28 10:39:25 ANOTHER SUPERVISOR HOLDS THE LOCK - exiting
2026-09-28 10:44:26 ANOTHER SUPERVISOR HOLDS THE LOCK - exiting
2026-09-28 10:49:26 ANOTHER SUPERVISOR HOLDS THE LOCK - exiting
2026-09-28 10:54:27 ANOTHER SUPERVISOR HOLDS THE LOCK - exiting
2026-09-28 10:59:27 ANOTHER SUPERVISOR HOLDS THE LOCK - exiting
2026-09-28 11:04:28 ANOTHER SUPERVISOR HOLDS THE LOCK - exiting
2026-09-28 11:09:29 ANOTHER SUPERVISOR HOLDS THE LOCK - exiting
2026-09-28 11:14:29 ANOTHER SUPERVISOR HOLDS THE LOCK - exiting
2026-09-28 11:19:30 ANOTHER SUPERVISOR HOLDS THE LOCK - exiting
2026-09-28 11:24:32 ANOTHER SUPERVISOR HOLDS THE LOCK - exiting
2026-09-28 11:29:33 ANOTHER SUPERVISOR HOLDS THE LOCK - exiting
2026-09-28 11:34:33 ANOTHER SUPERVISOR HOLDS THE LOCK - exiting
2026-09-28 11:39:34 ANOTHER SUPERVISOR HOLDS THE LOCK - exiting
2026-09-28 11:44:34 ANOTHER SUPERVISOR HOLDS THE LOCK - exiting
2026-09-28 11:49:37 ANOTHER SUPERVISOR HOLDS THE LOCK - exiting
2026-09-28 11:54:38 ANOTHER SUPERVISOR HOLDS THE LOCK - exiting
2026-09-28 11:59:38 ANOTHER SUPERVISOR HOLDS THE LOCK - exiting
2026-09-28 12:04:38 ANOTHER SUPERVISOR HOLDS THE LOCK - exiting
2026-09-28 12:09:39 ANOTHER SUPERVISOR HOLDS THE LOCK - exiting
2026-09-28 12:14:39 ANOTHER SUPERVISOR HOLDS THE LOCK - exiting
2026-09-28 12:19:40 ANOTHER SUPERVISOR HOLDS THE LOCK - exiting
2026-09-28 12:24:40 ANOTHER SUPERVISOR HOLDS THE LOCK - exiting
2026-09-28 12:29:41 ANOTHER SUPERVISOR HOLDS THE LOCK - exiting
2026-09-28 12:34:41 ANOTHER SUPERVISOR HOLDS THE LOCK - exiting
2026-09-28 12:39:42 ANOTHER SUPERVISOR HOLDS THE LOCK - exiting
2026-09-28 12:44:42 ANOTHER SUPERVISOR HOLDS THE LOCK - exiting
2026-09-28 12:49:42 ANOTHER SUPERVISOR HOLDS THE LOCK - exiting
2026-09-28 12:54:43 ANOTHER SUPERVISOR HOLDS THE LOCK - exiting
2026-09-28 12:59:44 ANOTHER SUPERVISOR HOLDS THE LOCK - exiting
2026-09-28 13:04:45 ANOTHER SUPERVISOR HOLDS THE LOCK - exiting
2026-09-28 13:09:45 ANOTHER SUPERVISOR HOLDS THE LOCK - exiting
2026-09-28 13:14:46 ANOTHER SUPERVISOR HOLDS THE LOCK - exiting
2026-09-28 13:19:46 ANOTHER SUPERVISOR HOLDS THE LOCK - exiting
2026-09-28 13:24:47 ANOTHER SUPERVISOR HOLDS THE LOCK - exiting
2026-09-28 13:29:47 ANOTHER SUPERVISOR HOLDS THE LOCK - exiting
2026-09-28 13:34:48 ANOTHER SUPERVISOR HOLDS THE LOCK - exiting
2026-09-28 13:39:48 ANOTHER SUPERVISOR HOLDS THE LOCK - exiting
2026-09-28 13:44:49 ANOTHER SUPERVISOR HOLDS THE LOCK - exiting
2026-09-28 13:49:49 ANOTHER SUPERVISOR HOLDS THE LOCK - exiting
2026-09-28 13:54:49 ANOTHER SUPERVISOR HOLDS THE LOCK - exiting
2026-09-28 13:59:50 ANOTHER SUPERVISOR HOLDS THE LOCK - exiting
2026-09-28 14:04:50 ANOTHER SUPERVISOR HOLDS THE LOCK - exiting
2026-09-28 14:09:51 ANOTHER SUPERVISOR HOLDS THE LOCK - exiting
2026-09-28 14:14:51 ANOTHER SUPERVISOR HOLDS THE LOCK - exiting
2026-09-28 14:19:52 ANOTHER SUPERVISOR HOLDS THE LOCK - exiting
2026-09-28 14:24:52 ANOTHER SUPERVISOR HOLDS THE LOCK - exiting
2026-09-28 14:29:54 ANOTHER SUPERVISOR HOLDS THE LOCK - exiting
2026-09-28 14:34:54 ANOTHER SUPERVISOR HOLDS THE LOCK - exiting
2026-09-28 14:39:55 ANOTHER SUPERVISOR HOLDS THE LOCK - exiting
2026-09-28 14:44:55 ANOTHER SUPERVISOR HOLDS THE LOCK - exiting
2026-09-28 14:49:56 ANOTHER SUPERVISOR HOLDS THE LOCK - exiting
2026-09-28 14:54:56 ANOTHER SUPERVISOR HOLDS THE LOCK - exiting
2026-09-28 14:59:57 ANOTHER SUPERVISOR HOLDS THE LOCK - exiting
2026-09-28 15:04:57 ANOTHER SUPERVISOR HOLDS THE LOCK - exiting
2026-09-28 15:08:28 instance  1  exited  rc=0
2026-09-28 15:08:28 instance  windows  complete  (marker  in  out_day038_full_a.log)  --  exiting
2026-09-28 15:08:28 day045 supervisor exit  (total  instances:  2)
2026-09-28 15:09:58 day045 supervisor start (lock held)
2026-09-28 15:09:58 band spot check:  size=740623021712  perm=555  first=2999246000.182257  last=30001045999.981976
2026-09-28 15:10:00 L-shards  verified  (11  x  md5  against  official  lmfdb  pins)
2026-09-28 15:10:00 supervisor pid 11296  written  to  /workspace/h1/RH/scripts/rh/ckpt_h1_3e10_a/supervisor.pid
2026-09-28 15:10:00 instance  windows  complete  (marker  in  out_day038_full_a.log)  --  exiting
2026-09-28 15:10:00 day045 supervisor exit  (total  instances:  1)
2026-09-28 15:14:58 day045 supervisor start (lock held)
2026-09-28 15:14:58 band spot check:  size=740623021712  perm=555  first=2999246000.182257  last=30001045999.981976
2026-09-28 15:15:00 L-shards  verified  (11  x  md5  against  official  lmfdb  pins)
2026-09-28 15:15:00 supervisor pid 11421  written  to  /workspace/h1/RH/scripts/rh/ckpt_h1_3e10_a/supervisor.pid
2026-09-28 15:15:00 instance  windows  complete  (marker  in  out_day038_full_a.log)  --  exiting
2026-09-28 15:15:00 day045 supervisor exit  (total  instances:  1)
2026-09-28 15:19:59 day045 supervisor start (lock held)
2026-09-28 15:19:59 band spot check:  size=740623021712  perm=555  first=2999246000.182257  last=30001045999.981976
2026-09-28 15:20:00 L-shards  verified  (11  x  md5  against  official  lmfdb  pins)
2026-09-28 15:20:00 supervisor pid 11549  written  to  /workspace/h1/RH/scripts/rh/ckpt_h1_3e10_a/supervisor.pid
2026-09-28 15:20:00 instance  windows  complete  (marker  in  out_day038_full_a.log)  --  exiting
2026-09-28 15:20:00 day045 supervisor exit  (total  instances:  1)
2026-09-28 15:24:59 day045 supervisor start (lock held)
2026-09-28 15:24:59 band spot check:  size=740623021712  perm=555  first=2999246000.182257  last=30001045999.981976
2026-09-28 15:25:01 L-shards  verified  (11  x  md5  against  official  lmfdb  pins)
2026-09-28 15:25:01 supervisor pid 11674  written  to  /workspace/h1/RH/scripts/rh/ckpt_h1_3e10_a/supervisor.pid
2026-09-28 15:25:01 instance  windows  complete  (marker  in  out_day038_full_a.log)  --  exiting
2026-09-28 15:25:01 day045 supervisor exit  (total  instances:  1)
2026-09-28 15:30:00 day045 supervisor start (lock held)
2026-09-28 15:30:00 band spot check:  size=740623021712  perm=555  first=2999246000.182257  last=30001045999.981976
2026-09-28 15:30:02 L-shards  verified  (11  x  md5  against  official  lmfdb  pins)
2026-09-28 15:30:02 supervisor pid 11795  written  to  /workspace/h1/RH/scripts/rh/ckpt_h1_3e10_a/supervisor.pid
2026-09-28 15:30:02 instance  windows  complete  (marker  in  out_day038_full_a.log)  --  exiting
2026-09-28 15:30:02 day045 supervisor exit  (total  instances:  1)
2026-09-28 15:35:00 day045 supervisor start (lock held)
2026-09-28 15:35:00 band spot check:  size=740623021712  perm=555  first=2999246000.182257  last=30001045999.981976
2026-09-28 15:35:02 L-shards  verified  (11  x  md5  against  official  lmfdb  pins)
2026-09-28 15:35:02 supervisor pid 11973  written  to  /workspace/h1/RH/scripts/rh/ckpt_h1_3e10_a/supervisor.pid
2026-09-28 15:35:02 instance  windows  complete  (marker  in  out_day038_full_a.log)  --  exiting
2026-09-28 15:35:02 day045 supervisor exit  (total  instances:  1)
2026-09-28 15:48:03 day045 supervisor start (lock held)
2026-09-28 15:48:03 band spot check:  size=740623021712  perm=555  first=2999246000.182257  last=30001045999.981976
2026-09-28 15:48:04 L-shards  verified  (11  x  md5  against  official  lmfdb  pins)
2026-09-28 15:48:04 supervisor pid 156  written  to  /workspace/h1/RH/scripts/rh/ckpt_h1_3e10_a/supervisor.pid
2026-09-28 15:48:04 instance  windows  complete  (marker  in  out_day038_full_a.log)  --  exiting
2026-09-28 15:48:04 day045 supervisor exit  (total  instances:  1)
2026-09-28 15:53:03 day045 supervisor start (lock held)
2026-09-28 15:53:03 band spot check:  size=740623021712  perm=555  first=2999246000.182257  last=30001045999.981976
2026-09-28 15:53:05 L-shards  verified  (11  x  md5  against  official  lmfdb  pins)
2026-09-28 15:53:05 supervisor pid 1605  written  to  /workspace/h1/RH/scripts/rh/ckpt_h1_3e10_a/supervisor.pid
2026-09-28 15:53:05 instance  windows  complete  (marker  in  out_day038_full_a.log)  --  exiting
2026-09-28 15:53:05 day045 supervisor exit  (total  instances:  1)
2026-09-28 15:58:03 day045 supervisor start (lock held)
2026-09-28 15:58:03 band spot check:  size=740623021712  perm=555  first=2999246000.182257  last=30001045999.981976
2026-09-28 15:58:05 L-shards  verified  (11  x  md5  against  official  lmfdb  pins)
2026-09-28 15:58:05 supervisor pid 1754  written  to  /workspace/h1/RH/scripts/rh/ckpt_h1_3e10_a/supervisor.pid
2026-09-28 15:58:05 instance  windows  complete  (marker  in  out_day038_full_a.log)  --  exiting
2026-09-28 15:58:05 day045 supervisor exit  (total  instances:  1)
2026-09-28 16:03:03 day045 supervisor start (lock held)
2026-09-28 16:03:03 band spot check:  size=740623021712  perm=555  first=2999246000.182257  last=30001045999.981976
2026-09-28 16:03:05 L-shards  verified  (11  x  md5  against  official  lmfdb  pins)
2026-09-28 16:03:05 supervisor pid 1956  written  to  /workspace/h1/RH/scripts/rh/ckpt_h1_3e10_a/supervisor.pid
2026-09-28 16:03:05 instance  windows  complete  (marker  in  out_day038_full_a.log)  --  exiting
2026-09-28 16:03:05 day045 supervisor exit  (total  instances:  1)
2026-09-28 16:04:19 day045 supervisor start (lock held)
2026-09-28 16:04:19 band spot check:  size=740623021712  perm=555  first=2999246000.182257  last=30001045999.981976
2026-09-28 16:04:21 L-shards  verified  (11  x  md5  against  official  lmfdb  pins)
2026-09-28 16:04:21 supervisor pid 2181  written  to  /workspace/h1/RH/scripts/rh/ckpt_h1_3e10_a/supervisor.pid
2026-09-28 16:04:21 instance  windows  complete  (marker  in  out_day038_full_a.log)  --  exiting
2026-09-28 16:04:21 day045 supervisor exit  (total  instances:  1)
2026-09-28 16:08:04 day045 supervisor start (lock held)
2026-09-28 16:08:04 band spot check:  size=740623021712  perm=555  first=2999246000.182257  last=30001045999.981976
2026-09-28 16:08:06 L-shards  verified  (11  x  md5  against  official  lmfdb  pins)
2026-09-28 16:08:06 supervisor pid 2326  written  to  /workspace/h1/RH/scripts/rh/ckpt_h1_3e10_a/supervisor.pid
2026-09-28 16:08:06 instance  windows  complete  (marker  in  out_day038_full_a.log)  --  exiting
2026-09-28 16:08:06 day045 supervisor exit  (total  instances:  1)
2026-09-28 16:13:04 day045 supervisor start (lock held)
2026-09-28 16:13:04 band spot check:  size=740623021712  perm=555  first=2999246000.182257  last=30001045999.981976
2026-09-28 16:13:06 L-shards  verified  (11  x  md5  against  official  lmfdb  pins)
2026-09-28 16:13:06 supervisor pid 2463  written  to  /workspace/h1/RH/scripts/rh/ckpt_h1_3e10_a/supervisor.pid
2026-09-28 16:13:06 instance  windows  complete  (marker  in  out_day038_full_a.log)  --  exiting
2026-09-28 16:13:06 day045 supervisor exit  (total  instances:  1)
2026-09-28 16:18:06 day045 supervisor start (lock held)
2026-09-28 16:18:06 band spot check:  size=740623021712  perm=555  first=2999246000.182257  last=30001045999.981976
2026-09-28 16:18:07 L-shards  verified  (11  x  md5  against  official  lmfdb  pins)
2026-09-28 16:18:07 supervisor pid 2623  written  to  /workspace/h1/RH/scripts/rh/ckpt_h1_3e10_a/supervisor.pid
2026-09-28 16:18:07 instance  windows  complete  (marker  in  out_day038_full_a.log)  --  exiting
2026-09-28 16:18:07 day045 supervisor exit  (total  instances:  1)
2026-09-28 16:23:10 day045 supervisor start (lock held)
2026-09-28 16:23:10 band spot check:  size=740623021712  perm=555  first=2999246000.182257  last=30001045999.981976
2026-09-28 16:23:12 L-shards  verified  (11  x  md5  against  official  lmfdb  pins)
2026-09-28 16:23:12 supervisor pid 2776  written  to  /workspace/h1/RH/scripts/rh/ckpt_h1_3e10_a/supervisor.pid
2026-09-28 16:23:12 instance  windows  complete  (marker  in  out_day038_full_a.log)  --  exiting
2026-09-28 16:23:12 day045 supervisor exit  (total  instances:  1)
2026-09-28 16:28:12 day045 supervisor start (lock held)
2026-09-28 16:28:12 band spot check:  size=740623021712  perm=555  first=2999246000.182257  last=30001045999.981976
2026-09-28 16:28:14 L-shards  verified  (11  x  md5  against  official  lmfdb  pins)
2026-09-28 16:28:14 supervisor pid 2913  written  to  /workspace/h1/RH/scripts/rh/ckpt_h1_3e10_a/supervisor.pid
2026-09-28 16:28:14 instance  windows  complete  (marker  in  out_day038_full_a.log)  --  exiting
2026-09-28 16:28:14 day045 supervisor exit  (total  instances:  1)
2026-09-28 16:33:12 day045 supervisor start (lock held)
2026-09-28 16:33:12 band spot check:  size=740623021712  perm=555  first=2999246000.182257  last=30001045999.981976
2026-09-28 16:33:14 L-shards  verified  (11  x  md5  against  official  lmfdb  pins)
2026-09-28 16:33:14 supervisor pid 3130  written  to  /workspace/h1/RH/scripts/rh/ckpt_h1_3e10_a/supervisor.pid
2026-09-28 16:33:14 instance  windows  complete  (marker  in  out_day038_full_a.log)  --  exiting
2026-09-28 16:33:14 day045 supervisor exit  (total  instances:  1)
2026-09-28 16:38:13 day045 supervisor start (lock held)
2026-09-28 16:38:13 band spot check:  size=740623021712  perm=555  first=2999246000.182257  last=30001045999.981976
2026-09-28 16:38:14 L-shards  verified  (11  x  md5  against  official  lmfdb  pins)
2026-09-28 16:38:14 supervisor pid 3279  written  to  /workspace/h1/RH/scripts/rh/ckpt_h1_3e10_a/supervisor.pid
2026-09-28 16:38:14 instance  windows  complete  (marker  in  out_day038_full_a.log)  --  exiting
2026-09-28 16:38:14 day045 supervisor exit  (total  instances:  1)
2026-09-28 16:43:13 day045 supervisor start (lock held)
2026-09-28 16:43:13 band spot check:  size=740623021712  perm=555  first=2999246000.182257  last=30001045999.981976
2026-09-28 16:43:15 L-shards  verified  (11  x  md5  against  official  lmfdb  pins)
2026-09-28 16:43:15 supervisor pid 3432  written  to  /workspace/h1/RH/scripts/rh/ckpt_h1_3e10_a/supervisor.pid
2026-09-28 16:43:15 instance  windows  complete  (marker  in  out_day038_full_a.log)  --  exiting
2026-09-28 16:43:15 day045 supervisor exit  (total  instances:  1)
2026-09-28 16:48:13 day045 supervisor start (lock held)
2026-09-28 16:48:13 band spot check:  size=740623021712  perm=555  first=2999246000.182257  last=30001045999.981976
2026-09-28 16:48:15 L-shards  verified  (11  x  md5  against  official  lmfdb  pins)
2026-09-28 16:48:15 supervisor pid 3585  written  to  /workspace/h1/RH/scripts/rh/ckpt_h1_3e10_a/supervisor.pid
2026-09-28 16:48:15 instance  windows  complete  (marker  in  out_day038_full_a.log)  --  exiting
2026-09-28 16:48:15 day045 supervisor exit  (total  instances:  1)
2026-09-28 16:53:14 day045 supervisor start (lock held)
2026-09-28 16:53:14 band spot check:  size=740623021712  perm=555  first=2999246000.182257  last=30001045999.981976
2026-09-28 16:53:15 L-shards  verified  (11  x  md5  against  official  lmfdb  pins)
2026-09-28 16:53:15 supervisor pid 3726  written  to  /workspace/h1/RH/scripts/rh/ckpt_h1_3e10_a/supervisor.pid
2026-09-28 16:53:15 instance  windows  complete  (marker  in  out_day038_full_a.log)  --  exiting
2026-09-28 16:53:15 day045 supervisor exit  (total  instances:  1)
2026-09-28 16:58:14 day045 supervisor start (lock held)
2026-09-28 16:58:14 band spot check:  size=740623021712  perm=555  first=2999246000.182257  last=30001045999.981976
2026-09-28 16:58:16 L-shards  verified  (11  x  md5  against  official  lmfdb  pins)
2026-09-28 16:58:16 supervisor pid 3879  written  to  /workspace/h1/RH/scripts/rh/ckpt_h1_3e10_a/supervisor.pid
2026-09-28 16:58:16 instance  windows  complete  (marker  in  out_day038_full_a.log)  --  exiting
2026-09-28 16:58:16 day045 supervisor exit  (total  instances:  1)
2026-09-28 17:03:14 day045 supervisor start (lock held)
2026-09-28 17:03:14 band spot check:  size=740623021712  perm=555  first=2999246000.182257  last=30001045999.981976
2026-09-28 17:03:16 L-shards  verified  (11  x  md5  against  official  lmfdb  pins)
2026-09-28 17:03:16 supervisor pid 4080  written  to  /workspace/h1/RH/scripts/rh/ckpt_h1_3e10_a/supervisor.pid
2026-09-28 17:03:16 instance  windows  complete  (marker  in  out_day038_full_a.log)  --  exiting
2026-09-28 17:03:16 day045 supervisor exit  (total  instances:  1)
2026-09-28 17:08:15 day045 supervisor start (lock held)
2026-09-28 17:08:15 band spot check:  size=740623021712  perm=555  first=2999246000.182257  last=30001045999.981976
2026-09-28 17:08:16 L-shards  verified  (11  x  md5  against  official  lmfdb  pins)
2026-09-28 17:08:16 supervisor pid 4217  written  to  /workspace/h1/RH/scripts/rh/ckpt_h1_3e10_a/supervisor.pid
2026-09-28 17:08:16 instance  windows  complete  (marker  in  out_day038_full_a.log)  --  exiting
2026-09-28 17:08:16 day045 supervisor exit  (total  instances:  1)
2026-09-28 17:13:15 day045 supervisor start (lock held)
2026-09-28 17:13:15 band spot check:  size=740623021712  perm=555  first=2999246000.182257  last=30001045999.981976
2026-09-28 17:13:16 L-shards  verified  (11  x  md5  against  official  lmfdb  pins)
2026-09-28 17:13:16 supervisor pid 4370  written  to  /workspace/h1/RH/scripts/rh/ckpt_h1_3e10_a/supervisor.pid
2026-09-28 17:13:16 instance  windows  complete  (marker  in  out_day038_full_a.log)  --  exiting
2026-09-28 17:13:16 day045 supervisor exit  (total  instances:  1)
2026-09-28 17:18:15 day045 supervisor start (lock held)
2026-09-28 17:18:15 band spot check:  size=740623021712  perm=555  first=2999246000.182257  last=30001045999.981976
2026-09-28 17:18:17 L-shards  verified  (11  x  md5  against  official  lmfdb  pins)
2026-09-28 17:18:17 supervisor pid 4514  written  to  /workspace/h1/RH/scripts/rh/ckpt_h1_3e10_a/supervisor.pid
2026-09-28 17:18:17 instance  windows  complete  (marker  in  out_day038_full_a.log)  --  exiting
2026-09-28 17:18:17 day045 supervisor exit  (total  instances:  1)
2026-09-28 17:23:15 day045 supervisor start (lock held)
2026-09-28 17:23:15 band spot check:  size=740623021712  perm=555  first=2999246000.182257  last=30001045999.981976
2026-09-28 17:23:17 L-shards  verified  (11  x  md5  against  official  lmfdb  pins)
2026-09-28 17:23:17 supervisor pid 4651  written  to  /workspace/h1/RH/scripts/rh/ckpt_h1_3e10_a/supervisor.pid
2026-09-28 17:23:17 instance  windows  complete  (marker  in  out_day038_full_a.log)  --  exiting
2026-09-28 17:23:17 day045 supervisor exit  (total  instances:  1)
2026-09-28 17:28:16 day045 supervisor start (lock held)
2026-09-28 17:28:16 band spot check:  size=740623021712  perm=555  first=2999246000.182257  last=30001045999.981976
2026-09-28 17:28:17 L-shards  verified  (11  x  md5  against  official  lmfdb  pins)
2026-09-28 17:28:17 supervisor pid 4824  written  to  /workspace/h1/RH/scripts/rh/ckpt_h1_3e10_a/supervisor.pid
2026-09-28 17:28:18 instance  windows  complete  (marker  in  out_day038_full_a.log)  --  exiting
2026-09-28 17:28:18 day045 supervisor exit  (total  instances:  1)
2026-09-28 17:33:16 day045 supervisor start (lock held)
2026-09-28 17:33:16 band spot check:  size=740623021712  perm=555  first=2999246000.182257  last=30001045999.981976
2026-09-28 17:33:18 L-shards  verified  (11  x  md5  against  official  lmfdb  pins)
2026-09-28 17:33:18 supervisor pid 5029  written  to  /workspace/h1/RH/scripts/rh/ckpt_h1_3e10_a/supervisor.pid
2026-09-28 17:33:18 instance  windows  complete  (marker  in  out_day038_full_a.log)  --  exiting
2026-09-28 17:33:18 day045 supervisor exit  (total  instances:  1)
2026-09-28 17:38:16 day045 supervisor start (lock held)
2026-09-28 17:38:16 band spot check:  size=740623021712  perm=555  first=2999246000.182257  last=30001045999.981976
2026-09-28 17:38:18 L-shards  verified  (11  x  md5  against  official  lmfdb  pins)
2026-09-28 17:38:18 supervisor pid 5166  written  to  /workspace/h1/RH/scripts/rh/ckpt_h1_3e10_a/supervisor.pid
2026-09-28 17:38:18 instance  windows  complete  (marker  in  out_day038_full_a.log)  --  exiting
2026-09-28 17:38:18 day045 supervisor exit  (total  instances:  1)
2026-09-28 17:43:21 day045 supervisor start (lock held)
2026-09-28 17:43:21 band spot check:  size=740623021712  perm=555  first=2999246000.182257  last=30001045999.981976
2026-09-28 17:43:23 L-shards  verified  (11  x  md5  against  official  lmfdb  pins)
2026-09-28 17:43:23 supervisor pid 5328  written  to  /workspace/h1/RH/scripts/rh/ckpt_h1_3e10_a/supervisor.pid
2026-09-28 17:43:23 instance  windows  complete  (marker  in  out_day038_full_a.log)  --  exiting
2026-09-28 17:43:23 day045 supervisor exit  (total  instances:  1)
2026-09-28 17:48:22 day045 supervisor start (lock held)
2026-09-28 17:48:22 band spot check:  size=740623021712  perm=555  first=2999246000.182257  last=30001045999.981976
2026-09-28 17:48:23 L-shards  verified  (11  x  md5  against  official  lmfdb  pins)
2026-09-28 17:48:23 supervisor pid 5516  written  to  /workspace/h1/RH/scripts/rh/ckpt_h1_3e10_a/supervisor.pid
2026-09-28 17:48:23 instance  windows  complete  (marker  in  out_day038_full_a.log)  --  exiting
2026-09-28 17:48:23 day045 supervisor exit  (total  instances:  1)
2026-09-28 17:53:22 day045 supervisor start (lock held)
2026-09-28 17:53:22 band spot check:  size=740623021712  perm=555  first=2999246000.182257  last=30001045999.981976
2026-09-28 17:53:24 L-shards  verified  (11  x  md5  against  official  lmfdb  pins)
2026-09-28 17:53:24 supervisor pid 5653  written  to  /workspace/h1/RH/scripts/rh/ckpt_h1_3e10_a/supervisor.pid
2026-09-28 17:53:24 instance  windows  complete  (marker  in  out_day038_full_a.log)  --  exiting
2026-09-28 17:53:24 day045 supervisor exit  (total  instances:  1)
2026-09-28 17:58:22 day045 supervisor start (lock held)
2026-09-28 17:58:22 band spot check:  size=740623021712  perm=555  first=2999246000.182257  last=30001045999.981976
2026-09-28 17:58:24 L-shards  verified  (11  x  md5  against  official  lmfdb  pins)
2026-09-28 17:58:24 supervisor pid 5790  written  to  /workspace/h1/RH/scripts/rh/ckpt_h1_3e10_a/supervisor.pid
2026-09-28 17:58:24 instance  windows  complete  (marker  in  out_day038_full_a.log)  --  exiting
2026-09-28 17:58:24 day045 supervisor exit  (total  instances:  1)
2026-09-28 18:03:23 day045 supervisor start (lock held)
2026-09-28 18:03:23 band spot check:  size=740623021712  perm=555  first=2999246000.182257  last=30001045999.981976
2026-09-28 18:03:25 L-shards  verified  (11  x  md5  against  official  lmfdb  pins)
2026-09-28 18:03:25 supervisor pid 5995  written  to  /workspace/h1/RH/scripts/rh/ckpt_h1_3e10_a/supervisor.pid
2026-09-28 18:03:25 instance  windows  complete  (marker  in  out_day038_full_a.log)  --  exiting
2026-09-28 18:03:25 day045 supervisor exit  (total  instances:  1)
2026-09-28 18:08:23 day045 supervisor start (lock held)
2026-09-28 18:08:23 band spot check:  size=740623021712  perm=555  first=2999246000.182257  last=30001045999.981976
2026-09-28 18:08:25 L-shards  verified  (11  x  md5  against  official  lmfdb  pins)
2026-09-28 18:08:25 supervisor pid 6132  written  to  /workspace/h1/RH/scripts/rh/ckpt_h1_3e10_a/supervisor.pid
2026-09-28 18:08:25 instance  windows  complete  (marker  in  out_day038_full_a.log)  --  exiting
2026-09-28 18:08:25 day045 supervisor exit  (total  instances:  1)
2026-09-28 18:13:33 day045 supervisor start (lock held)
2026-09-28 18:13:33 band spot check:  size=740623021712  perm=555  first=2999246000.182257  last=30001045999.981976
2026-09-28 18:13:34 L-shards  verified  (11  x  md5  against  official  lmfdb  pins)
2026-09-28 18:13:34 supervisor pid 6281  written  to  /workspace/h1/RH/scripts/rh/ckpt_h1_3e10_a/supervisor.pid
2026-09-28 18:13:34 instance  windows  complete  (marker  in  out_day038_full_a.log)  --  exiting
2026-09-28 18:13:34 day045 supervisor exit  (total  instances:  1)
2026-09-28 18:18:38 day045 supervisor start (lock held)
2026-09-28 18:18:38 band spot check:  size=740623021712  perm=555  first=2999246000.182257  last=30001045999.981976
2026-09-28 18:18:40 L-shards  verified  (11  x  md5  against  official  lmfdb  pins)
2026-09-28 18:18:40 supervisor pid 6429  written  to  /workspace/h1/RH/scripts/rh/ckpt_h1_3e10_a/supervisor.pid
2026-09-28 18:18:40 instance  windows  complete  (marker  in  out_day038_full_a.log)  --  exiting
2026-09-28 18:18:40 day045 supervisor exit  (total  instances:  1)
2026-09-28 18:23:38 day045 supervisor start (lock held)
2026-09-28 18:23:38 band spot check:  size=740623021712  perm=555  first=2999246000.182257  last=30001045999.981976
2026-09-28 18:23:40 L-shards  verified  (11  x  md5  against  official  lmfdb  pins)
2026-09-28 18:23:40 supervisor pid 6586  written  to  /workspace/h1/RH/scripts/rh/ckpt_h1_3e10_a/supervisor.pid
2026-09-28 18:23:40 instance  windows  complete  (marker  in  out_day038_full_a.log)  --  exiting
2026-09-28 18:23:40 day045 supervisor exit  (total  instances:  1)
2026-09-28 18:28:38 day045 supervisor start (lock held)
2026-09-28 18:28:38 band spot check:  size=740623021712  perm=555  first=2999246000.182257  last=30001045999.981976
2026-09-28 18:28:40 L-shards  verified  (11  x  md5  against  official  lmfdb  pins)
2026-09-28 18:28:40 supervisor pid 6744  written  to  /workspace/h1/RH/scripts/rh/ckpt_h1_3e10_a/supervisor.pid
2026-09-28 18:28:40 instance  windows  complete  (marker  in  out_day038_full_a.log)  --  exiting
2026-09-28 18:28:40 day045 supervisor exit  (total  instances:  1)
2026-09-28 18:33:40 day045 supervisor start (lock held)
2026-09-28 18:33:40 band spot check:  size=740623021712  perm=555  first=2999246000.182257  last=30001045999.981976
2026-09-28 18:33:42 L-shards  verified  (11  x  md5  against  official  lmfdb  pins)
2026-09-28 18:33:42 supervisor pid 6962  written  to  /workspace/h1/RH/scripts/rh/ckpt_h1_3e10_a/supervisor.pid
2026-09-28 18:33:42 instance  windows  complete  (marker  in  out_day038_full_a.log)  --  exiting
2026-09-28 18:33:42 day045 supervisor exit  (total  instances:  1)
2026-09-28 18:38:40 day045 supervisor start (lock held)
2026-09-28 18:38:40 band spot check:  size=740623021712  perm=555  first=2999246000.182257  last=30001045999.981976
2026-09-28 18:38:42 L-shards  verified  (11  x  md5  against  official  lmfdb  pins)
2026-09-28 18:38:42 supervisor pid 7123  written  to  /workspace/h1/RH/scripts/rh/ckpt_h1_3e10_a/supervisor.pid
2026-09-28 18:38:42 instance  windows  complete  (marker  in  out_day038_full_a.log)  --  exiting
2026-09-28 18:38:42 day045 supervisor exit  (total  instances:  1)
2026-09-28 18:43:41 day045 supervisor start (lock held)
2026-09-28 18:43:41 band spot check:  size=740623021712  perm=555  first=2999246000.182257  last=30001045999.981976
2026-09-28 18:43:42 L-shards  verified  (11  x  md5  against  official  lmfdb  pins)
2026-09-28 18:43:42 supervisor pid 7284  written  to  /workspace/h1/RH/scripts/rh/ckpt_h1_3e10_a/supervisor.pid
2026-09-28 18:43:42 instance  windows  complete  (marker  in  out_day038_full_a.log)  --  exiting
2026-09-28 18:43:42 day045 supervisor exit  (total  instances:  1)
2026-09-28 18:48:41 day045 supervisor start (lock held)
2026-09-28 18:48:41 band spot check:  size=740623021712  perm=555  first=2999246000.182257  last=30001045999.981976
2026-09-28 18:48:42 L-shards  verified  (11  x  md5  against  official  lmfdb  pins)
2026-09-28 18:48:42 supervisor pid 7454  written  to  /workspace/h1/RH/scripts/rh/ckpt_h1_3e10_a/supervisor.pid
2026-09-28 18:48:42 instance  windows  complete  (marker  in  out_day038_full_a.log)  --  exiting
2026-09-28 18:48:42 day045 supervisor exit  (total  instances:  1)
2026-09-28 18:53:41 day045 supervisor start (lock held)
2026-09-28 18:53:41 band spot check:  size=740623021712  perm=555  first=2999246000.182257  last=30001045999.981976
2026-09-28 18:53:42 L-shards  verified  (11  x  md5  against  official  lmfdb  pins)
2026-09-28 18:53:42 supervisor pid 7659  written  to  /workspace/h1/RH/scripts/rh/ckpt_h1_3e10_a/supervisor.pid
2026-09-28 18:53:42 instance  windows  complete  (marker  in  out_day038_full_a.log)  --  exiting
2026-09-28 18:53:42 day045 supervisor exit  (total  instances:  1)
2026-09-28 18:58:41 day045 supervisor start (lock held)
2026-09-28 18:58:41 band spot check:  size=740623021712  perm=555  first=2999246000.182257  last=30001045999.981976
2026-09-28 18:58:42 L-shards  verified  (11  x  md5  against  official  lmfdb  pins)
2026-09-28 18:58:42 supervisor pid 7857  written  to  /workspace/h1/RH/scripts/rh/ckpt_h1_3e10_a/supervisor.pid
2026-09-28 18:58:42 instance  windows  complete  (marker  in  out_day038_full_a.log)  --  exiting
2026-09-28 18:58:42 day045 supervisor exit  (total  instances:  1)
2026-09-28 19:03:41 day045 supervisor start (lock held)
2026-09-28 19:03:41 band spot check:  size=740623021712  perm=555  first=2999246000.182257  last=30001045999.981976
2026-09-28 19:03:43 L-shards  verified  (11  x  md5  against  official  lmfdb  pins)
2026-09-28 19:03:43 supervisor pid 8130  written  to  /workspace/h1/RH/scripts/rh/ckpt_h1_3e10_a/supervisor.pid
2026-09-28 19:03:43 instance  windows  complete  (marker  in  out_day038_full_a.log)  --  exiting
2026-09-28 19:03:43 day045 supervisor exit  (total  instances:  1)
2026-09-28 19:08:41 day045 supervisor start (lock held)
2026-09-28 19:08:41 band spot check:  size=740623021712  perm=555  first=2999246000.182257  last=30001045999.981976
2026-09-28 19:08:43 L-shards  verified  (11  x  md5  against  official  lmfdb  pins)
2026-09-28 19:08:43 supervisor pid 8339  written  to  /workspace/h1/RH/scripts/rh/ckpt_h1_3e10_a/supervisor.pid
2026-09-28 19:08:43 instance  windows  complete  (marker  in  out_day038_full_a.log)  --  exiting
2026-09-28 19:08:43 day045 supervisor exit  (total  instances:  1)
2026-09-28 19:13:42 day045 supervisor start (lock held)
2026-09-28 19:13:42 band spot check:  size=740623021712  perm=555  first=2999246000.182257  last=30001045999.981976
2026-09-28 19:13:43 L-shards  verified  (11  x  md5  against  official  lmfdb  pins)
2026-09-28 19:13:43 supervisor pid 8548  written  to  /workspace/h1/RH/scripts/rh/ckpt_h1_3e10_a/supervisor.pid
2026-09-28 19:13:43 instance  windows  complete  (marker  in  out_day038_full_a.log)  --  exiting
2026-09-28 19:13:43 day045 supervisor exit  (total  instances:  1)
2026-09-28 19:18:42 day045 supervisor start (lock held)
2026-09-28 19:18:42 band spot check:  size=740623021712  perm=555  first=2999246000.182257  last=30001045999.981976
2026-09-28 19:18:43 L-shards  verified  (11  x  md5  against  official  lmfdb  pins)
2026-09-28 19:18:43 supervisor pid 8768  written  to  /workspace/h1/RH/scripts/rh/ckpt_h1_3e10_a/supervisor.pid
2026-09-28 19:18:43 instance  windows  complete  (marker  in  out_day038_full_a.log)  --  exiting
2026-09-28 19:18:43 day045 supervisor exit  (total  instances:  1)
2026-09-28 19:23:42 day045 supervisor start (lock held)
2026-09-28 19:23:42 band spot check:  size=740623021712  perm=555  first=2999246000.182257  last=30001045999.981976
2026-09-28 19:23:43 L-shards  verified  (11  x  md5  against  official  lmfdb  pins)
2026-09-28 19:23:43 supervisor pid 9025  written  to  /workspace/h1/RH/scripts/rh/ckpt_h1_3e10_a/supervisor.pid
2026-09-28 19:23:43 instance  windows  complete  (marker  in  out_day038_full_a.log)  --  exiting
2026-09-28 19:23:43 day045 supervisor exit  (total  instances:  1)
2026-09-28 19:28:42 day045 supervisor start (lock held)
2026-09-28 19:28:42 band spot check:  size=740623021712  perm=555  first=2999246000.182257  last=30001045999.981976
2026-09-28 19:28:43 L-shards  verified  (11  x  md5  against  official  lmfdb  pins)
2026-09-28 19:28:43 supervisor pid 9234  written  to  /workspace/h1/RH/scripts/rh/ckpt_h1_3e10_a/supervisor.pid
2026-09-28 19:28:43 instance  windows  complete  (marker  in  out_day038_full_a.log)  --  exiting
2026-09-28 19:28:43 day045 supervisor exit  (total  instances:  1)
2026-09-28 19:33:42 day045 supervisor start (lock held)
2026-09-28 19:33:42 band spot check:  size=740623021712  perm=555  first=2999246000.182257  last=30001045999.981976
2026-09-28 19:33:43 L-shards  verified  (11  x  md5  against  official  lmfdb  pins)
2026-09-28 19:33:43 supervisor pid 9507  written  to  /workspace/h1/RH/scripts/rh/ckpt_h1_3e10_a/supervisor.pid
2026-09-28 19:33:43 instance  windows  complete  (marker  in  out_day038_full_a.log)  --  exiting
2026-09-28 19:33:43 day045 supervisor exit  (total  instances:  1)
2026-09-28 19:38:42 day045 supervisor start (lock held)
2026-09-28 19:38:42 band spot check:  size=740623021712  perm=555  first=2999246000.182257  last=30001045999.981976
2026-09-28 19:38:43 L-shards  verified  (11  x  md5  against  official  lmfdb  pins)
2026-09-28 19:38:43 supervisor pid 9721  written  to  /workspace/h1/RH/scripts/rh/ckpt_h1_3e10_a/supervisor.pid
2026-09-28 19:38:43 instance  windows  complete  (marker  in  out_day038_full_a.log)  --  exiting
2026-09-28 19:38:43 day045 supervisor exit  (total  instances:  1)
2026-09-28 19:43:42 day045 supervisor start (lock held)
2026-09-28 19:43:42 band spot check:  size=740623021712  perm=555  first=2999246000.182257  last=30001045999.981976
2026-09-28 19:43:43 L-shards  verified  (11  x  md5  against  official  lmfdb  pins)
2026-09-28 19:43:43 supervisor pid 9954  written  to  /workspace/h1/RH/scripts/rh/ckpt_h1_3e10_a/supervisor.pid
2026-09-28 19:43:43 instance  windows  complete  (marker  in  out_day038_full_a.log)  --  exiting
2026-09-28 19:43:43 day045 supervisor exit  (total  instances:  1)
2026-09-28 19:48:42 day045 supervisor start (lock held)
2026-09-28 19:48:42 band spot check:  size=740623021712  perm=555  first=2999246000.182257  last=30001045999.981976
2026-09-28 19:48:44 L-shards  verified  (11  x  md5  against  official  lmfdb  pins)
2026-09-28 19:48:44 supervisor pid 10203  written  to  /workspace/h1/RH/scripts/rh/ckpt_h1_3e10_a/supervisor.pid
2026-09-28 19:48:44 instance  windows  complete  (marker  in  out_day038_full_a.log)  --  exiting
2026-09-28 19:48:44 day045 supervisor exit  (total  instances:  1)
2026-09-28 19:53:43 day045 supervisor start (lock held)
2026-09-28 19:53:43 band spot check:  size=740623021712  perm=555  first=2999246000.182257  last=30001045999.981976
2026-09-28 19:53:44 L-shards  verified  (11  x  md5  against  official  lmfdb  pins)
2026-09-28 19:53:44 supervisor pid 10436  written  to  /workspace/h1/RH/scripts/rh/ckpt_h1_3e10_a/supervisor.pid
2026-09-28 19:53:44 instance  windows  complete  (marker  in  out_day038_full_a.log)  --  exiting
2026-09-28 19:53:44 day045 supervisor exit  (total  instances:  1)
2026-09-28 19:58:43 day045 supervisor start (lock held)
2026-09-28 19:58:43 band spot check:  size=740623021712  perm=555  first=2999246000.182257  last=30001045999.981976
2026-09-28 19:58:44 L-shards  verified  (11  x  md5  against  official  lmfdb  pins)
2026-09-28 19:58:44 supervisor pid 10669  written  to  /workspace/h1/RH/scripts/rh/ckpt_h1_3e10_a/supervisor.pid
2026-09-28 19:58:44 instance  windows  complete  (marker  in  out_day038_full_a.log)  --  exiting
2026-09-28 19:58:44 day045 supervisor exit  (total  instances:  1)
2026-09-28 20:03:43 day045 supervisor start (lock held)
2026-09-28 20:03:43 band spot check:  size=740623021712  perm=555  first=2999246000.182257  last=30001045999.981976
2026-09-28 20:03:44 L-shards  verified  (11  x  md5  against  official  lmfdb  pins)
2026-09-28 20:03:44 supervisor pid 10966  written  to  /workspace/h1/RH/scripts/rh/ckpt_h1_3e10_a/supervisor.pid
2026-09-28 20:03:44 instance  windows  complete  (marker  in  out_day038_full_a.log)  --  exiting
2026-09-28 20:03:44 day045 supervisor exit  (total  instances:  1)
2026-09-28 20:08:43 day045 supervisor start (lock held)
2026-09-28 20:08:43 band spot check:  size=740623021712  perm=555  first=2999246000.182257  last=30001045999.981976
2026-09-28 20:08:44 L-shards  verified  (11  x  md5  against  official  lmfdb  pins)
2026-09-28 20:08:44 supervisor pid 11202  written  to  /workspace/h1/RH/scripts/rh/ckpt_h1_3e10_a/supervisor.pid
2026-09-28 20:08:44 instance  windows  complete  (marker  in  out_day038_full_a.log)  --  exiting
2026-09-28 20:08:44 day045 supervisor exit  (total  instances:  1)
2026-09-28 20:13:43 day045 supervisor start (lock held)
2026-09-28 20:13:43 band spot check:  size=740623021712  perm=555  first=2999246000.182257  last=30001045999.981976
2026-09-28 20:13:44 L-shards  verified  (11  x  md5  against  official  lmfdb  pins)
2026-09-28 20:13:44 supervisor pid 11435  written  to  /workspace/h1/RH/scripts/rh/ckpt_h1_3e10_a/supervisor.pid
2026-09-28 20:13:44 instance  windows  complete  (marker  in  out_day038_full_a.log)  --  exiting
2026-09-28 20:13:44 day045 supervisor exit  (total  instances:  1)
2026-09-28 20:18:43 day045 supervisor start (lock held)
2026-09-28 20:18:43 band spot check:  size=740623021712  perm=555  first=2999246000.182257  last=30001045999.981976
2026-09-28 20:18:44 L-shards  verified  (11  x  md5  against  official  lmfdb  pins)
2026-09-28 20:18:44 supervisor pid 11676  written  to  /workspace/h1/RH/scripts/rh/ckpt_h1_3e10_a/supervisor.pid
2026-09-28 20:18:44 instance  windows  complete  (marker  in  out_day038_full_a.log)  --  exiting
2026-09-28 20:18:44 day045 supervisor exit  (total  instances:  1)
2026-09-28 20:23:43 day045 supervisor start (lock held)
2026-09-28 20:23:43 band spot check:  size=740623021712  perm=555  first=2999246000.182257  last=30001045999.981976
2026-09-28 20:23:44 L-shards  verified  (11  x  md5  against  official  lmfdb  pins)
2026-09-28 20:23:44 supervisor pid 11933  written  to  /workspace/h1/RH/scripts/rh/ckpt_h1_3e10_a/supervisor.pid
2026-09-28 20:23:44 instance  windows  complete  (marker  in  out_day038_full_a.log)  --  exiting
2026-09-28 20:23:44 day045 supervisor exit  (total  instances:  1)
2026-09-28 20:28:43 day045 supervisor start (lock held)
2026-09-28 20:28:43 band spot check:  size=740623021712  perm=555  first=2999246000.182257  last=30001045999.981976
2026-09-28 20:28:44 L-shards  verified  (11  x  md5  against  official  lmfdb  pins)
2026-09-28 20:28:44 supervisor pid 12190  written  to  /workspace/h1/RH/scripts/rh/ckpt_h1_3e10_a/supervisor.pid
2026-09-28 20:28:44 instance  windows  complete  (marker  in  out_day038_full_a.log)  --  exiting
2026-09-28 20:28:44 day045 supervisor exit  (total  instances:  1)
2026-09-28 20:33:43 day045 supervisor start (lock held)
2026-09-28 20:33:43 band spot check:  size=740623021712  perm=555  first=2999246000.182257  last=30001045999.981976
2026-09-28 20:33:44 L-shards  verified  (11  x  md5  against  official  lmfdb  pins)
2026-09-28 20:33:44 supervisor pid 12511  written  to  /workspace/h1/RH/scripts/rh/ckpt_h1_3e10_a/supervisor.pid
2026-09-28 20:33:44 instance  windows  complete  (marker  in  out_day038_full_a.log)  --  exiting
2026-09-28 20:33:44 day045 supervisor exit  (total  instances:  1)
2026-09-28 20:38:43 day045 supervisor start (lock held)
2026-09-28 20:38:43 band spot check:  size=740623021712  perm=555  first=2999246000.182257  last=30001045999.981976
2026-09-28 20:38:45 L-shards  verified  (11  x  md5  against  official  lmfdb  pins)
2026-09-28 20:38:45 supervisor pid 12768  written  to  /workspace/h1/RH/scripts/rh/ckpt_h1_3e10_a/supervisor.pid
2026-09-28 20:38:45 instance  windows  complete  (marker  in  out_day038_full_a.log)  --  exiting
2026-09-28 20:38:45 day045 supervisor exit  (total  instances:  1)
2026-09-28 20:43:43 day045 supervisor start (lock held)
2026-09-28 20:43:43 band spot check:  size=740623021712  perm=555  first=2999246000.182257  last=30001045999.981976
2026-09-28 20:43:45 L-shards  verified  (11  x  md5  against  official  lmfdb  pins)
2026-09-28 20:43:45 supervisor pid 13025  written  to  /workspace/h1/RH/scripts/rh/ckpt_h1_3e10_a/supervisor.pid
2026-09-28 20:43:45 instance  windows  complete  (marker  in  out_day038_full_a.log)  --  exiting
2026-09-28 20:43:45 day045 supervisor exit  (total  instances:  1)
2026-09-28 20:48:44 day045 supervisor start (lock held)
2026-09-28 20:48:44 band spot check:  size=740623021712  perm=555  first=2999246000.182257  last=30001045999.981976
2026-09-28 20:48:45 L-shards  verified  (11  x  md5  against  official  lmfdb  pins)
2026-09-28 20:48:45 supervisor pid 13282  written  to  /workspace/h1/RH/scripts/rh/ckpt_h1_3e10_a/supervisor.pid
2026-09-28 20:48:45 instance  windows  complete  (marker  in  out_day038_full_a.log)  --  exiting
2026-09-28 20:48:45 day045 supervisor exit  (total  instances:  1)
2026-09-28 20:53:44 day045 supervisor start (lock held)
2026-09-28 20:53:44 band spot check:  size=740623021712  perm=555  first=2999246000.182257  last=30001045999.981976
2026-09-28 20:53:45 L-shards  verified  (11  x  md5  against  official  lmfdb  pins)
2026-09-28 20:53:45 supervisor pid 13539  written  to  /workspace/h1/RH/scripts/rh/ckpt_h1_3e10_a/supervisor.pid
2026-09-28 20:53:45 instance  windows  complete  (marker  in  out_day038_full_a.log)  --  exiting
2026-09-28 20:53:45 day045 supervisor exit  (total  instances:  1)
2026-09-28 20:58:44 day045 supervisor start (lock held)
2026-09-28 20:58:44 band spot check:  size=740623021712  perm=555  first=2999246000.182257  last=30001045999.981976
2026-09-28 20:58:45 L-shards  verified  (11  x  md5  against  official  lmfdb  pins)
2026-09-28 20:58:45 supervisor pid 13796  written  to  /workspace/h1/RH/scripts/rh/ckpt_h1_3e10_a/supervisor.pid
2026-09-28 20:58:45 instance  windows  complete  (marker  in  out_day038_full_a.log)  --  exiting
2026-09-28 20:58:45 day045 supervisor exit  (total  instances:  1)
2026-09-28 21:03:44 day045 supervisor start (lock held)
2026-09-28 21:03:44 band spot check:  size=740623021712  perm=555  first=2999246000.182257  last=30001045999.981976
2026-09-28 21:03:45 L-shards  verified  (11  x  md5  against  official  lmfdb  pins)
2026-09-28 21:03:45 supervisor pid 14117  written  to  /workspace/h1/RH/scripts/rh/ckpt_h1_3e10_a/supervisor.pid
2026-09-28 21:03:45 instance  windows  complete  (marker  in  out_day038_full_a.log)  --  exiting
2026-09-28 21:03:45 day045 supervisor exit  (total  instances:  1)
2026-09-28 21:08:44 day045 supervisor start (lock held)
2026-09-28 21:08:44 band spot check:  size=740623021712  perm=555  first=2999246000.182257  last=30001045999.981976
2026-09-28 21:08:45 L-shards  verified  (11  x  md5  against  official  lmfdb  pins)
2026-09-28 21:08:45 supervisor pid 14374  written  to  /workspace/h1/RH/scripts/rh/ckpt_h1_3e10_a/supervisor.pid
2026-09-28 21:08:45 instance  windows  complete  (marker  in  out_day038_full_a.log)  --  exiting
2026-09-28 21:08:45 day045 supervisor exit  (total  instances:  1)
2026-09-28 21:13:44 day045 supervisor start (lock held)
2026-09-28 21:13:44 band spot check:  size=740623021712  perm=555  first=2999246000.182257  last=30001045999.981976
2026-09-28 21:13:45 L-shards  verified  (11  x  md5  against  official  lmfdb  pins)
2026-09-28 21:13:45 supervisor pid 14631  written  to  /workspace/h1/RH/scripts/rh/ckpt_h1_3e10_a/supervisor.pid
2026-09-28 21:13:45 instance  windows  complete  (marker  in  out_day038_full_a.log)  --  exiting
2026-09-28 21:13:45 day045 supervisor exit  (total  instances:  1)
2026-09-28 21:18:44 day045 supervisor start (lock held)
2026-09-28 21:18:44 band spot check:  size=740623021712  perm=555  first=2999246000.182257  last=30001045999.981976
2026-09-28 21:18:45 L-shards  verified  (11  x  md5  against  official  lmfdb  pins)
2026-09-28 21:18:45 supervisor pid 14891  written  to  /workspace/h1/RH/scripts/rh/ckpt_h1_3e10_a/supervisor.pid
2026-09-28 21:18:45 instance  windows  complete  (marker  in  out_day038_full_a.log)  --  exiting
2026-09-28 21:18:45 day045 supervisor exit  (total  instances:  1)
2026-09-28 21:23:44 day045 supervisor start (lock held)
2026-09-28 21:23:44 band spot check:  size=740623021712  perm=555  first=2999246000.182257  last=30001045999.981976
2026-09-28 21:23:45 L-shards  verified  (11  x  md5  against  official  lmfdb  pins)
2026-09-28 21:23:45 supervisor pid 15148  written  to  /workspace/h1/RH/scripts/rh/ckpt_h1_3e10_a/supervisor.pid
2026-09-28 21:23:45 instance  windows  complete  (marker  in  out_day038_full_a.log)  --  exiting
2026-09-28 21:23:45 day045 supervisor exit  (total  instances:  1)
2026-09-28 21:28:44 day045 supervisor start (lock held)
2026-09-28 21:28:44 band spot check:  size=740623021712  perm=555  first=2999246000.182257  last=30001045999.981976
2026-09-28 21:28:45 L-shards  verified  (11  x  md5  against  official  lmfdb  pins)
2026-09-28 21:28:45 supervisor pid 15405  written  to  /workspace/h1/RH/scripts/rh/ckpt_h1_3e10_a/supervisor.pid
2026-09-28 21:28:45 instance  windows  complete  (marker  in  out_day038_full_a.log)  --  exiting
2026-09-28 21:28:45 day045 supervisor exit  (total  instances:  1)
2026-09-28 21:33:44 day045 supervisor start (lock held)
2026-09-28 21:33:44 band spot check:  size=740623021712  perm=555  first=2999246000.182257  last=30001045999.981976
2026-09-28 21:33:45 L-shards  verified  (11  x  md5  against  official  lmfdb  pins)
2026-09-28 21:33:45 supervisor pid 15726  written  to  /workspace/h1/RH/scripts/rh/ckpt_h1_3e10_a/supervisor.pid
2026-09-28 21:33:45 instance  windows  complete  (marker  in  out_day038_full_a.log)  --  exiting
2026-09-28 21:33:45 day045 supervisor exit  (total  instances:  1)
2026-09-28 21:38:44 day045 supervisor start (lock held)
2026-09-28 21:38:44 band spot check:  size=740623021712  perm=555  first=2999246000.182257  last=30001045999.981976
2026-09-28 21:38:45 L-shards  verified  (11  x  md5  against  official  lmfdb  pins)
2026-09-28 21:38:45 supervisor pid 15983  written  to  /workspace/h1/RH/scripts/rh/ckpt_h1_3e10_a/supervisor.pid
2026-09-28 21:38:45 instance  windows  complete  (marker  in  out_day038_full_a.log)  --  exiting
2026-09-28 21:38:45 day045 supervisor exit  (total  instances:  1)
2026-09-28 21:43:44 day045 supervisor start (lock held)
2026-09-28 21:43:44 band spot check:  size=740623021712  perm=555  first=2999246000.182257  last=30001045999.981976
2026-09-28 21:43:46 L-shards  verified  (11  x  md5  against  official  lmfdb  pins)
2026-09-28 21:43:46 supervisor pid 16240  written  to  /workspace/h1/RH/scripts/rh/ckpt_h1_3e10_a/supervisor.pid
2026-09-28 21:43:46 instance  windows  complete  (marker  in  out_day038_full_a.log)  --  exiting
2026-09-28 21:43:46 day045 supervisor exit  (total  instances:  1)
2026-09-28 21:48:44 day045 supervisor start (lock held)
2026-09-28 21:48:44 band spot check:  size=740623021712  perm=555  first=2999246000.182257  last=30001045999.981976
2026-09-28 21:48:46 L-shards  verified  (11  x  md5  against  official  lmfdb  pins)
2026-09-28 21:48:46 supervisor pid 16497  written  to  /workspace/h1/RH/scripts/rh/ckpt_h1_3e10_a/supervisor.pid
2026-09-28 21:48:46 instance  windows  complete  (marker  in  out_day038_full_a.log)  --  exiting
2026-09-28 21:48:46 day045 supervisor exit  (total  instances:  1)
2026-09-28 21:53:44 day045 supervisor start (lock held)
2026-09-28 21:53:44 band spot check:  size=740623021712  perm=555  first=2999246000.182257  last=30001045999.981976
2026-09-28 21:53:46 L-shards  verified  (11  x  md5  against  official  lmfdb  pins)
2026-09-28 21:53:46 supervisor pid 16754  written  to  /workspace/h1/RH/scripts/rh/ckpt_h1_3e10_a/supervisor.pid
2026-09-28 21:53:46 instance  windows  complete  (marker  in  out_day038_full_a.log)  --  exiting
2026-09-28 21:53:46 day045 supervisor exit  (total  instances:  1)
2026-09-28 21:58:45 day045 supervisor start (lock held)
2026-09-28 21:58:45 band spot check:  size=740623021712  perm=555  first=2999246000.182257  last=30001045999.981976
2026-09-28 21:58:46 L-shards  verified  (11  x  md5  against  official  lmfdb  pins)
2026-09-28 21:58:46 supervisor pid 17011  written  to  /workspace/h1/RH/scripts/rh/ckpt_h1_3e10_a/supervisor.pid
2026-09-28 21:58:46 instance  windows  complete  (marker  in  out_day038_full_a.log)  --  exiting
2026-09-28 21:58:46 day045 supervisor exit  (total  instances:  1)
2026-09-28 22:03:45 day045 supervisor start (lock held)
2026-09-28 22:03:45 band spot check:  size=740623021712  perm=555  first=2999246000.182257  last=30001045999.981976
2026-09-28 22:03:46 L-shards  verified  (11  x  md5  against  official  lmfdb  pins)
2026-09-28 22:03:46 supervisor pid 17332  written  to  /workspace/h1/RH/scripts/rh/ckpt_h1_3e10_a/supervisor.pid
2026-09-28 22:03:46 instance  windows  complete  (marker  in  out_day038_full_a.log)  --  exiting
2026-09-28 22:03:46 day045 supervisor exit  (total  instances:  1)
2026-09-28 22:08:45 day045 supervisor start (lock held)
2026-09-28 22:08:45 band spot check:  size=740623021712  perm=555  first=2999246000.182257  last=30001045999.981976
2026-09-28 22:08:46 L-shards  verified  (11  x  md5  against  official  lmfdb  pins)
2026-09-28 22:08:46 supervisor pid 17589  written  to  /workspace/h1/RH/scripts/rh/ckpt_h1_3e10_a/supervisor.pid
2026-09-28 22:08:46 instance  windows  complete  (marker  in  out_day038_full_a.log)  --  exiting
2026-09-28 22:08:46 day045 supervisor exit  (total  instances:  1)
2026-09-28 22:13:45 day045 supervisor start (lock held)
2026-09-28 22:13:45 band spot check:  size=740623021712  perm=555  first=2999246000.182257  last=30001045999.981976
2026-09-28 22:13:46 L-shards  verified  (11  x  md5  against  official  lmfdb  pins)
2026-09-28 22:13:46 supervisor pid 17846  written  to  /workspace/h1/RH/scripts/rh/ckpt_h1_3e10_a/supervisor.pid
2026-09-28 22:13:46 instance  windows  complete  (marker  in  out_day038_full_a.log)  --  exiting
2026-09-28 22:13:46 day045 supervisor exit  (total  instances:  1)
2026-09-28 22:18:45 day045 supervisor start (lock held)
2026-09-28 22:18:45 band spot check:  size=740623021712  perm=555  first=2999246000.182257  last=30001045999.981976
2026-09-28 22:18:46 L-shards  verified  (11  x  md5  against  official  lmfdb  pins)
2026-09-28 22:18:46 supervisor pid 18106  written  to  /workspace/h1/RH/scripts/rh/ckpt_h1_3e10_a/supervisor.pid
2026-09-28 22:18:46 instance  windows  complete  (marker  in  out_day038_full_a.log)  --  exiting
2026-09-28 22:18:46 day045 supervisor exit  (total  instances:  1)
2026-09-28 22:23:45 day045 supervisor start (lock held)
2026-09-28 22:23:45 band spot check:  size=740623021712  perm=555  first=2999246000.182257  last=30001045999.981976
2026-09-28 22:23:46 L-shards  verified  (11  x  md5  against  official  lmfdb  pins)
2026-09-28 22:23:46 supervisor pid 18363  written  to  /workspace/h1/RH/scripts/rh/ckpt_h1_3e10_a/supervisor.pid
2026-09-28 22:23:46 instance  windows  complete  (marker  in  out_day038_full_a.log)  --  exiting
2026-09-28 22:23:46 day045 supervisor exit  (total  instances:  1)
2026-09-28 22:28:45 day045 supervisor start (lock held)
2026-09-28 22:28:45 band spot check:  size=740623021712  perm=555  first=2999246000.182257  last=30001045999.981976
2026-09-28 22:28:46 L-shards  verified  (11  x  md5  against  official  lmfdb  pins)
2026-09-28 22:28:46 supervisor pid 18620  written  to  /workspace/h1/RH/scripts/rh/ckpt_h1_3e10_a/supervisor.pid
2026-09-28 22:28:46 instance  windows  complete  (marker  in  out_day038_full_a.log)  --  exiting
2026-09-28 22:28:46 day045 supervisor exit  (total  instances:  1)
2026-09-28 22:33:45 day045 supervisor start (lock held)
2026-09-28 22:33:45 band spot check:  size=740623021712  perm=555  first=2999246000.182257  last=30001045999.981976
2026-09-28 22:33:46 L-shards  verified  (11  x  md5  against  official  lmfdb  pins)
2026-09-28 22:33:46 supervisor pid 18941  written  to  /workspace/h1/RH/scripts/rh/ckpt_h1_3e10_a/supervisor.pid
2026-09-28 22:33:46 instance  windows  complete  (marker  in  out_day038_full_a.log)  --  exiting
2026-09-28 22:33:46 day045 supervisor exit  (total  instances:  1)
2026-09-28 22:38:45 day045 supervisor start (lock held)
2026-09-28 22:38:45 band spot check:  size=740623021712  perm=555  first=2999246000.182257  last=30001045999.981976
2026-09-28 22:38:46 L-shards  verified  (11  x  md5  against  official  lmfdb  pins)
2026-09-28 22:38:46 supervisor pid 19198  written  to  /workspace/h1/RH/scripts/rh/ckpt_h1_3e10_a/supervisor.pid
2026-09-28 22:38:46 instance  windows  complete  (marker  in  out_day038_full_a.log)  --  exiting
2026-09-28 22:38:46 day045 supervisor exit  (total  instances:  1)
2026-09-28 22:43:45 day045 supervisor start (lock held)
2026-09-28 22:43:45 band spot check:  size=740623021712  perm=555  first=2999246000.182257  last=30001045999.981976
2026-09-28 22:43:46 L-shards  verified  (11  x  md5  against  official  lmfdb  pins)
2026-09-28 22:43:46 supervisor pid 19455  written  to  /workspace/h1/RH/scripts/rh/ckpt_h1_3e10_a/supervisor.pid
2026-09-28 22:43:46 instance  windows  complete  (marker  in  out_day038_full_a.log)  --  exiting
2026-09-28 22:43:46 day045 supervisor exit  (total  instances:  1)
2026-09-28 22:48:45 day045 supervisor start (lock held)
2026-09-28 22:48:45 band spot check:  size=740623021712  perm=555  first=2999246000.182257  last=30001045999.981976
2026-09-28 22:48:46 L-shards  verified  (11  x  md5  against  official  lmfdb  pins)
2026-09-28 22:48:46 supervisor pid 19712  written  to  /workspace/h1/RH/scripts/rh/ckpt_h1_3e10_a/supervisor.pid
2026-09-28 22:48:46 instance  windows  complete  (marker  in  out_day038_full_a.log)  --  exiting
2026-09-28 22:48:46 day045 supervisor exit  (total  instances:  1)
2026-09-28 22:53:45 day045 supervisor start (lock held)
2026-09-28 22:53:45 band spot check:  size=740623021712  perm=555  first=2999246000.182257  last=30001045999.981976
2026-09-28 22:53:47 L-shards  verified  (11  x  md5  against  official  lmfdb  pins)
2026-09-28 22:53:47 supervisor pid 19969  written  to  /workspace/h1/RH/scripts/rh/ckpt_h1_3e10_a/supervisor.pid
2026-09-28 22:53:47 instance  windows  complete  (marker  in  out_day038_full_a.log)  --  exiting
2026-09-28 22:53:47 day045 supervisor exit  (total  instances:  1)
2026-09-28 22:58:45 day045 supervisor start (lock held)
2026-09-28 22:58:45 band spot check:  size=740623021712  perm=555  first=2999246000.182257  last=30001045999.981976
2026-09-28 22:58:47 L-shards  verified  (11  x  md5  against  official  lmfdb  pins)
2026-09-28 22:58:47 supervisor pid 20226  written  to  /workspace/h1/RH/scripts/rh/ckpt_h1_3e10_a/supervisor.pid
2026-09-28 22:58:47 instance  windows  complete  (marker  in  out_day038_full_a.log)  --  exiting
2026-09-28 22:58:47 day045 supervisor exit  (total  instances:  1)
2026-09-28 23:03:46 day045 supervisor start (lock held)
2026-09-28 23:03:46 band spot check:  size=740623021712  perm=555  first=2999246000.182257  last=30001045999.981976
2026-09-28 23:03:47 L-shards  verified  (11  x  md5  against  official  lmfdb  pins)
2026-09-28 23:03:47 supervisor pid 20639  written  to  /workspace/h1/RH/scripts/rh/ckpt_h1_3e10_a/supervisor.pid
2026-09-28 23:03:47 instance  windows  complete  (marker  in  out_day038_full_a.log)  --  exiting
2026-09-28 23:03:47 day045 supervisor exit  (total  instances:  1)
2026-09-29 05:03:49 day045 supervisor start (lock held)
2026-09-29 05:03:49 band spot check:  size=740623021712  perm=555  first=2999246000.182257  last=30001045999.981976
2026-09-29 05:03:51 L-shards  verified  (11  x  md5  against  official  lmfdb  pins)
2026-09-29 05:03:51 supervisor pid 160  written  to  /workspace/h1/RH/scripts/rh/ckpt_h1_3e10_a/supervisor.pid
2026-09-29 05:03:51 instance  windows  complete  (marker  in  out_day038_full_a.log)  --  exiting
2026-09-29 05:03:51 day045 supervisor exit  (total  instances:  1)
2026-09-29 05:08:49 day045 supervisor start (lock held)
2026-09-29 05:08:49 band spot check:  size=740623021712  perm=555  first=2999246000.182257  last=30001045999.981976
2026-09-29 05:08:51 L-shards  verified  (11  x  md5  against  official  lmfdb  pins)
2026-09-29 05:08:51 supervisor pid 1459  written  to  /workspace/h1/RH/scripts/rh/ckpt_h1_3e10_a/supervisor.pid
2026-09-29 05:08:51 instance  windows  complete  (marker  in  out_day038_full_a.log)  --  exiting
2026-09-29 05:08:51 day045 supervisor exit  (total  instances:  1)
