H1_WINDOWS:  running  windows  20  (1  of  29)
resume:  window   0  (x=1.50650104e+10)  0/24  points  on disk
memguard:  MemAvailable  742.6  GiB,  reserve  28  GiB,  ~2.5  GiB/thread  x  4  threads  ->  allow  <=  10  contexts  (=  40  slab  threads;  11  GPU  clients  incl.  Xorg  vs  budget  11)
day038  gpu  H1-3e10:  FULL,  24  point  jobs  remaining (1  windows,  4  contexts  x  4  threads)
pids: parent=21011 workers=4 written to ckpt_h1_3e10/run.pids
overlap: 152/12626784 zeros differ by <=1.00 ulp (last byte,  rounding-level) --  those indices certified with dg x3
stitch: B from element 12626784 (first zero 1006346000.166784); overlap cross-check 12626632/12626784 byte-equal
tail3e10: L 52290633 + A 2792198664 + B' 3053546936 + C 3142622346 + D 92577877714 = 101618536293 zeros (812.9 GB); G_LAST = 30001045999.981976
overlap: 152/12626784 zeros differ by <=1.00 ulp (last byte,  rounding-level) --  those indices certified with dg x3
stitch: B from element 12626784 (first zero 1006346000.166784); overlap cross-check 12626632/12626784 byte-equal
tail3e10: L 52290633 + A 2792198664 + B' 3053546936 + C 3142622346 + D 92577877714 = 101618536293 zeros (812.9 GB); G_LAST = 30001045999.981976
overlap: 152/12626784 zeros differ by <=1.00 ulp (last byte,  rounding-level) --  those indices certified with dg x3
stitch: B from element 12626784 (first zero 1006346000.166784); overlap cross-check 12626632/12626784 byte-equal
tail3e10: L 52290633 + A 2792198664 + B' 3053546936 + C 3142622346 + D 92577877714 = 101618536293 zeros (812.9 GB); G_LAST = 30001045999.981976
overlap: 152/12626784 zeros differ by <=1.00 ulp (last byte,  rounding-level) --  those indices certified with dg x3
stitch: B from element 12626784 (first zero 1006346000.166784); overlap cross-check 12626632/12626784 byte-equal
tail3e10: L 52290633 + A 2792198664 + B' 3053546936 + C 3142622346 + D 92577877714 = 101618536293 zeros (812.9 GB); G_LAST = 30001045999.981976
  ...t=1.507e+10 tail sweep 8% (500 pieces, 4 threads)
  ...t=1.507e+10 tail sweep 8% (500 pieces, 4 threads)
  ...t=1.507e+10 tail sweep 8% (500 pieces, 4 threads)
  ...t=1.507e+10 tail sweep 8% (500 pieces, 4 threads)
  ...t=1.507e+10 tail sweep 17% (1000 pieces, 4 threads)
  ...t=1.507e+10 tail sweep 17% (1000 pieces, 4 threads)
  ...t=1.507e+10 tail sweep 17% (1000 pieces, 4 threads)
  ...t=1.507e+10 tail sweep 17% (1000 pieces, 4 threads)
  ...t=1.507e+10 tail sweep 25% (1500 pieces, 4 threads)
  ...t=1.507e+10 tail sweep 25% (1500 pieces, 4 threads)
  ...t=1.507e+10 tail sweep 25% (1500 pieces, 4 threads)
  ...t=1.507e+10 tail sweep 25% (1500 pieces, 4 threads)
  ...t=1.507e+10 tail sweep 33% (2000 pieces, 4 threads)
  ...t=1.507e+10 tail sweep 33% (2000 pieces, 4 threads)
  ...t=1.507e+10 tail sweep 33% (2000 pieces, 4 threads)
  ...t=1.507e+10 tail sweep 33% (2000 pieces, 4 threads)
  ...t=1.507e+10 tail sweep 41% (2500 pieces, 4 threads)
  ...t=1.507e+10 tail sweep 41% (2500 pieces, 4 threads)
  ...t=1.507e+10 tail sweep 41% (2500 pieces, 4 threads)
  ...t=1.507e+10 tail sweep 41% (2500 pieces, 4 threads)
  ...t=1.507e+10 tail sweep 50% (3000 pieces, 4 threads)
  ...t=1.507e+10 tail sweep 50% (3000 pieces, 4 threads)
  ...t=1.507e+10 tail sweep 50% (3000 pieces, 4 threads)
  ...t=1.507e+10 tail sweep 50% (3000 pieces, 4 threads)
  ...t=1.507e+10 tail sweep 58% (3500 pieces, 4 threads)
  ...t=1.507e+10 tail sweep 58% (3500 pieces, 4 threads)
  ...t=1.507e+10 tail sweep 58% (3500 pieces, 4 threads)
  ...t=1.507e+10 tail sweep 58% (3500 pieces, 4 threads)
  ...t=1.507e+10 tail sweep 66% (4000 pieces, 4 threads)
  ...t=1.507e+10 tail sweep 66% (4000 pieces, 4 threads)
  ...t=1.507e+10 tail sweep 66% (4000 pieces, 4 threads)
  ...t=1.507e+10 tail sweep 66% (4000 pieces, 4 threads)
  ...t=1.507e+10 tail sweep 74% (4500 pieces, 4 threads)
  ...t=1.507e+10 tail sweep 74% (4500 pieces, 4 threads)
  ...t=1.507e+10 tail sweep 74% (4500 pieces, 4 threads)
  ...t=1.507e+10 tail sweep 74% (4500 pieces, 4 threads)
  ...t=1.507e+10 tail sweep 83% (5000 pieces, 4 threads)
  ...t=1.507e+10 tail sweep 83% (5000 pieces, 4 threads)
  ...t=1.507e+10 tail sweep 83% (5000 pieces, 4 threads)
  ...t=1.507e+10 tail sweep 83% (5000 pieces, 4 threads)
  ...t=1.507e+10 tail sweep 91% (5500 pieces, 4 threads)
  ...t=1.507e+10 tail sweep 91% (5500 pieces, 4 threads)
  ...t=1.507e+10 tail sweep 91% (5500 pieces, 4 threads)
  ...t=1.507e+10 tail sweep 91% (5500 pieces, 4 threads)
  ...t=1.507e+10 tail sweep 99% (6000 pieces, 4 threads)
  ...t=1.507e+10 tail sweep 99% (6000 pieces, 4 threads)
  ...t=1.507e+10 tail sweep 99% (6000 pieces, 4 threads)
  ...t=1.507e+10 tail sweep 99% (6000 pieces, 4 threads)
  pt win=0 k=-11 x=1.507e+10 t=15065010396.27052 mnew=1.0000 mcert=1.0000 bexp=1.54e-03
  pt win=0 k=-9 x=1.507e+10 t=15065010397.27052 mnew=1.0000 mcert=1.0000 bexp=1.59e-03
  pt win=0 k=-10 x=1.507e+10 t=15065010396.77052 mnew=1.0000 mcert=1.0000 bexp=1.54e-03
  ...t=1.507e+10 tail sweep 8% (500 pieces, 4 threads)
  ...t=1.507e+10 tail sweep 8% (500 pieces, 4 threads)
  ...t=1.507e+10 tail sweep 8% (500 pieces, 4 threads)
  ...t=1.507e+10 tail sweep 17% (1000 pieces, 4 threads)
  ...t=1.507e+10 tail sweep 17% (1000 pieces, 4 threads)
  ...t=1.507e+10 tail sweep 17% (1000 pieces, 4 threads)
  ...t=1.507e+10 tail sweep 25% (1500 pieces, 4 threads)
  ...t=1.507e+10 tail sweep 25% (1500 pieces, 4 threads)
  ...t=1.507e+10 tail sweep 25% (1500 pieces, 4 threads)
  pt win=0 k=-12 x=1.507e+10 t=15065010395.77052 mnew=1.0000 mcert=1.0000 bexp=1.55e-03
  ...t=1.507e+10 tail sweep 33% (2000 pieces, 4 threads)
  ...t=1.507e+10 tail sweep 33% (2000 pieces, 4 threads)
  ...t=1.507e+10 tail sweep 33% (2000 pieces, 4 threads)
  ...t=1.507e+10 tail sweep 8% (500 pieces, 4 threads)
  ...t=1.507e+10 tail sweep 41% (2500 pieces, 4 threads)
  ...t=1.507e+10 tail sweep 41% (2500 pieces, 4 threads)
  ...t=1.507e+10 tail sweep 41% (2500 pieces, 4 threads)
  ...t=1.507e+10 tail sweep 17% (1000 pieces, 4 threads)
  ...t=1.507e+10 tail sweep 50% (3000 pieces, 4 threads)
  ...t=1.507e+10 tail sweep 50% (3000 pieces, 4 threads)
  ...t=1.507e+10 tail sweep 50% (3000 pieces, 4 threads)
  ...t=1.507e+10 tail sweep 25% (1500 pieces, 4 threads)
  ...t=1.507e+10 tail sweep 58% (3500 pieces, 4 threads)
  ...t=1.507e+10 tail sweep 58% (3500 pieces, 4 threads)
  ...t=1.507e+10 tail sweep 58% (3500 pieces, 4 threads)
  ...t=1.507e+10 tail sweep 33% (2000 pieces, 4 threads)
  ...t=1.507e+10 tail sweep 66% (4000 pieces, 4 threads)
  ...t=1.507e+10 tail sweep 66% (4000 pieces, 4 threads)
  ...t=1.507e+10 tail sweep 66% (4000 pieces, 4 threads)
  ...t=1.507e+10 tail sweep 41% (2500 pieces, 4 threads)
  ...t=1.507e+10 tail sweep 74% (4500 pieces, 4 threads)
  ...t=1.507e+10 tail sweep 74% (4500 pieces, 4 threads)
  ...t=1.507e+10 tail sweep 74% (4500 pieces, 4 threads)
  ...t=1.507e+10 tail sweep 50% (3000 pieces, 4 threads)
  ...t=1.507e+10 tail sweep 83% (5000 pieces, 4 threads)
  ...t=1.507e+10 tail sweep 83% (5000 pieces, 4 threads)
  ...t=1.507e+10 tail sweep 83% (5000 pieces, 4 threads)
  ...t=1.507e+10 tail sweep 58% (3500 pieces, 4 threads)
  ...t=1.507e+10 tail sweep 91% (5500 pieces, 4 threads)
  ...t=1.507e+10 tail sweep 91% (5500 pieces, 4 threads)
  ...t=1.507e+10 tail sweep 91% (5500 pieces, 4 threads)
  ...t=1.507e+10 tail sweep 66% (4000 pieces, 4 threads)
  ...t=1.507e+10 tail sweep 99% (6000 pieces, 4 threads)
  ...t=1.507e+10 tail sweep 99% (6000 pieces, 4 threads)
  ...t=1.507e+10 tail sweep 99% (6000 pieces, 4 threads)
  ...t=1.507e+10 tail sweep 74% (4500 pieces, 4 threads)
  ...t=1.507e+10 tail sweep 83% (5000 pieces, 4 threads)
  ...t=1.507e+10 tail sweep 91% (5500 pieces, 4 threads)
  pt win=0 k=-7 x=1.507e+10 t=15065010398.27052 mnew=1.0000 mcert=1.0000 bexp=1.67e-03
  pt win=0 k=-8 x=1.507e+10 t=15065010397.77052 mnew=1.0000 mcert=1.0000 bexp=1.52e-03
  pt win=0 k=-6 x=1.507e+10 t=15065010398.77052 mnew=1.0000 mcert=1.0000 bexp=1.53e-03
  ...t=1.507e+10 tail sweep 99% (6000 pieces, 4 threads)
  ...t=1.507e+10 tail sweep 8% (500 pieces, 4 threads)
  ...t=1.507e+10 tail sweep 8% (500 pieces, 4 threads)
  ...t=1.507e+10 tail sweep 8% (500 pieces, 4 threads)
  ...t=1.507e+10 tail sweep 17% (1000 pieces, 4 threads)
  ...t=1.507e+10 tail sweep 17% (1000 pieces, 4 threads)
  ...t=1.507e+10 tail sweep 17% (1000 pieces, 4 threads)
  ...t=1.507e+10 tail sweep 25% (1500 pieces, 4 threads)
  ...t=1.507e+10 tail sweep 25% (1500 pieces, 4 threads)
  ...t=1.507e+10 tail sweep 25% (1500 pieces, 4 threads)
  pt win=0 k=-5 x=1.507e+10 t=15065010399.27052 mnew=1.0000 mcert=1.0000 bexp=1.53e-03
  ...t=1.507e+10 tail sweep 33% (2000 pieces, 4 threads)
  ...t=1.507e+10 tail sweep 33% (2000 pieces, 4 threads)
  ...t=1.507e+10 tail sweep 33% (2000 pieces, 4 threads)
  ...t=1.507e+10 tail sweep 8% (500 pieces, 4 threads)
  ...t=1.507e+10 tail sweep 41% (2500 pieces, 4 threads)
  ...t=1.507e+10 tail sweep 41% (2500 pieces, 4 threads)
  ...t=1.507e+10 tail sweep 41% (2500 pieces, 4 threads)
  ...t=1.507e+10 tail sweep 17% (1000 pieces, 4 threads)
  ...t=1.507e+10 tail sweep 50% (3000 pieces, 4 threads)
  ...t=1.507e+10 tail sweep 50% (3000 pieces, 4 threads)
  ...t=1.507e+10 tail sweep 50% (3000 pieces, 4 threads)
  ...t=1.507e+10 tail sweep 25% (1500 pieces, 4 threads)
  ...t=1.507e+10 tail sweep 58% (3500 pieces, 4 threads)  ...t=1.507e+10 tail sweep 58% (3500 pieces, 4 threads)

  ...t=1.507e+10 tail sweep 58% (3500 pieces, 4 threads)
  ...t=1.507e+10 tail sweep 33% (2000 pieces, 4 threads)
  ...t=1.507e+10 tail sweep 66% (4000 pieces, 4 threads)
  ...t=1.507e+10 tail sweep 66% (4000 pieces, 4 threads)
  ...t=1.507e+10 tail sweep 66% (4000 pieces, 4 threads)
  ...t=1.507e+10 tail sweep 41% (2500 pieces, 4 threads)
  ...t=1.507e+10 tail sweep 74% (4500 pieces, 4 threads)
  ...t=1.507e+10 tail sweep 74% (4500 pieces, 4 threads)
  ...t=1.507e+10 tail sweep 74% (4500 pieces, 4 threads)
  ...t=1.507e+10 tail sweep 50% (3000 pieces, 4 threads)
  ...t=1.507e+10 tail sweep 83% (5000 pieces, 4 threads)
  ...t=1.507e+10 tail sweep 83% (5000 pieces, 4 threads)
  ...t=1.507e+10 tail sweep 83% (5000 pieces, 4 threads)
  ...t=1.507e+10 tail sweep 58% (3500 pieces, 4 threads)
  ...t=1.507e+10 tail sweep 91% (5500 pieces, 4 threads)
  ...t=1.507e+10 tail sweep 91% (5500 pieces, 4 threads)
  ...t=1.507e+10 tail sweep 91% (5500 pieces, 4 threads)
  ...t=1.507e+10 tail sweep 66% (4000 pieces, 4 threads)
  ...t=1.507e+10 tail sweep 99% (6000 pieces, 4 threads)
  ...t=1.507e+10 tail sweep 99% (6000 pieces, 4 threads)
  ...t=1.507e+10 tail sweep 99% (6000 pieces, 4 threads)
  ...t=1.507e+10 tail sweep 74% (4500 pieces, 4 threads)
  ...t=1.507e+10 tail sweep 83% (5000 pieces, 4 threads)
  ...t=1.507e+10 tail sweep 91% (5500 pieces, 4 threads)
  pt win=0 k=-2 x=1.507e+10 t=15065010400.77052 mnew=1.0000 mcert=1.0000 bexp=1.53e-03
  pt win=0 k=-4 x=1.507e+10 t=15065010399.77052 mnew=1.0000 mcert=1.0000 bexp=1.56e-03
  pt win=0 k=-3 x=1.507e+10 t=15065010400.27052 mnew=1.0000 mcert=1.0000 bexp=1.53e-03
  ...t=1.507e+10 tail sweep 99% (6000 pieces, 4 threads)
  ...t=1.507e+10 tail sweep 8% (500 pieces, 4 threads)
  ...t=1.507e+10 tail sweep 8% (500 pieces, 4 threads)
  ...t=1.507e+10 tail sweep 8% (500 pieces, 4 threads)
  ...t=1.507e+10 tail sweep 17% (1000 pieces, 4 threads)
  ...t=1.507e+10 tail sweep 17% (1000 pieces, 4 threads)
  ...t=1.507e+10 tail sweep 17% (1000 pieces, 4 threads)
  pt win=0 k=-1 x=1.507e+10 t=15065010401.27052 mnew=1.0000 mcert=1.0000 bexp=1.64e-03
  ...t=1.507e+10 tail sweep 25% (1500 pieces, 4 threads)
  ...t=1.507e+10 tail sweep 25% (1500 pieces, 4 threads)
  ...t=1.507e+10 tail sweep 25% (1500 pieces, 4 threads)
  ...t=1.507e+10 tail sweep 8% (500 pieces, 4 threads)
  ...t=1.507e+10 tail sweep 33% (2000 pieces, 4 threads)
  ...t=1.507e+10 tail sweep 33% (2000 pieces, 4 threads)
  ...t=1.507e+10 tail sweep 33% (2000 pieces, 4 threads)
  ...t=1.507e+10 tail sweep 17% (1000 pieces, 4 threads)
  ...t=1.507e+10 tail sweep 41% (2500 pieces, 4 threads)
  ...t=1.507e+10 tail sweep 41% (2500 pieces, 4 threads)
  ...t=1.507e+10 tail sweep 41% (2500 pieces, 4 threads)
  ...t=1.507e+10 tail sweep 25% (1500 pieces, 4 threads)
  ...t=1.507e+10 tail sweep 50% (3000 pieces, 4 threads)
  ...t=1.507e+10 tail sweep 50% (3000 pieces, 4 threads)
  ...t=1.507e+10 tail sweep 50% (3000 pieces, 4 threads)
  ...t=1.507e+10 tail sweep 33% (2000 pieces, 4 threads)
  ...t=1.507e+10 tail sweep 58% (3500 pieces, 4 threads)
  ...t=1.507e+10 tail sweep 58% (3500 pieces, 4 threads)
  ...t=1.507e+10 tail sweep 58% (3500 pieces, 4 threads)
  ...t=1.507e+10 tail sweep 41% (2500 pieces, 4 threads)
  ...t=1.507e+10 tail sweep 66% (4000 pieces, 4 threads)
  ...t=1.507e+10 tail sweep 66% (4000 pieces, 4 threads)
  ...t=1.507e+10 tail sweep 66% (4000 pieces, 4 threads)
  ...t=1.507e+10 tail sweep 50% (3000 pieces, 4 threads)
  ...t=1.507e+10 tail sweep 74% (4500 pieces, 4 threads)
  ...t=1.507e+10 tail sweep 74% (4500 pieces, 4 threads)
  ...t=1.507e+10 tail sweep 74% (4500 pieces, 4 threads)
  ...t=1.507e+10 tail sweep 58% (3500 pieces, 4 threads)
  ...t=1.507e+10 tail sweep 83% (5000 pieces, 4 threads)
  ...t=1.507e+10 tail sweep 83% (5000 pieces, 4 threads)
  ...t=1.507e+10 tail sweep 83% (5000 pieces, 4 threads)
  ...t=1.507e+10 tail sweep 66% (4000 pieces, 4 threads)
  ...t=1.507e+10 tail sweep 91% (5500 pieces, 4 threads)
  ...t=1.507e+10 tail sweep 91% (5500 pieces, 4 threads)
  ...t=1.507e+10 tail sweep 91% (5500 pieces, 4 threads)
  ...t=1.507e+10 tail sweep 74% (4500 pieces, 4 threads)
  ...t=1.507e+10 tail sweep 99% (6000 pieces, 4 threads)
  ...t=1.507e+10 tail sweep 99% (6000 pieces, 4 threads)
  ...t=1.507e+10 tail sweep 99% (6000 pieces, 4 threads)
  ...t=1.507e+10 tail sweep 83% (5000 pieces, 4 threads)
  ...t=1.507e+10 tail sweep 91% (5500 pieces, 4 threads)
  ...t=1.507e+10 tail sweep 99% (6000 pieces, 4 threads)
  pt win=0 k=+3 x=1.507e+10 t=15065010403.27052 mnew=1.0000 mcert=1.0000 bexp=1.56e-03
  pt win=0 k=+1 x=1.507e+10 t=15065010402.27052 mnew=1.0000 mcert=1.0000 bexp=1.54e-03
  pt win=0 k=+2 x=1.507e+10 t=15065010402.77052 mnew=1.0000 mcert=1.0000 bexp=1.52e-03
  ...t=1.507e+10 tail sweep 8% (500 pieces, 4 threads)
  ...t=1.507e+10 tail sweep 8% (500 pieces, 4 threads)
  ...t=1.507e+10 tail sweep 8% (500 pieces, 4 threads)
  pt win=0 k=+4 x=1.507e+10 t=15065010403.77052 mnew=1.0000 mcert=1.0000 bexp=1.55e-03
  ...t=1.507e+10 tail sweep 17% (1000 pieces, 4 threads)
  ...t=1.507e+10 tail sweep 17% (1000 pieces, 4 threads)
  ...t=1.507e+10 tail sweep 17% (1000 pieces, 4 threads)
  ...t=1.507e+10 tail sweep 8% (500 pieces, 4 threads)
  ...t=1.507e+10 tail sweep 25% (1500 pieces, 4 threads)
  ...t=1.507e+10 tail sweep 25% (1500 pieces, 4 threads)
  ...t=1.507e+10 tail sweep 25% (1500 pieces, 4 threads)
  ...t=1.507e+10 tail sweep 17% (1000 pieces, 4 threads)
  ...t=1.507e+10 tail sweep 33% (2000 pieces, 4 threads)
  ...t=1.507e+10 tail sweep 33% (2000 pieces, 4 threads)
  ...t=1.507e+10 tail sweep 33% (2000 pieces, 4 threads)
  ...t=1.507e+10 tail sweep 25% (1500 pieces, 4 threads)
  ...t=1.507e+10 tail sweep 41% (2500 pieces, 4 threads)
  ...t=1.507e+10 tail sweep 41% (2500 pieces, 4 threads)
  ...t=1.507e+10 tail sweep 41% (2500 pieces, 4 threads)
  ...t=1.507e+10 tail sweep 33% (2000 pieces, 4 threads)
  ...t=1.507e+10 tail sweep 50% (3000 pieces, 4 threads)
  ...t=1.507e+10 tail sweep 50% (3000 pieces, 4 threads)
  ...t=1.507e+10 tail sweep 50% (3000 pieces, 4 threads)
  ...t=1.507e+10 tail sweep 41% (2500 pieces, 4 threads)
  ...t=1.507e+10 tail sweep 58% (3500 pieces, 4 threads)
  ...t=1.507e+10 tail sweep 58% (3500 pieces, 4 threads)
  ...t=1.507e+10 tail sweep 58% (3500 pieces, 4 threads)
  ...t=1.507e+10 tail sweep 50% (3000 pieces, 4 threads)
  ...t=1.507e+10 tail sweep 66% (4000 pieces, 4 threads)
  ...t=1.507e+10 tail sweep 66% (4000 pieces, 4 threads)
  ...t=1.507e+10 tail sweep 66% (4000 pieces, 4 threads)
  ...t=1.507e+10 tail sweep 58% (3500 pieces, 4 threads)
  ...t=1.507e+10 tail sweep 74% (4500 pieces, 4 threads)
  ...t=1.507e+10 tail sweep 74% (4500 pieces, 4 threads)
  ...t=1.507e+10 tail sweep 74% (4500 pieces, 4 threads)
  ...t=1.507e+10 tail sweep 66% (4000 pieces, 4 threads)
  ...t=1.507e+10 tail sweep 83% (5000 pieces, 4 threads)
  ...t=1.507e+10 tail sweep 83% (5000 pieces, 4 threads)
  ...t=1.507e+10 tail sweep 83% (5000 pieces, 4 threads)
  ...t=1.507e+10 tail sweep 74% (4500 pieces, 4 threads)
  ...t=1.507e+10 tail sweep 91% (5500 pieces, 4 threads)
  ...t=1.507e+10 tail sweep 91% (5500 pieces, 4 threads)
  ...t=1.507e+10 tail sweep 91% (5500 pieces, 4 threads)
  ...t=1.507e+10 tail sweep 83% (5000 pieces, 4 threads)
  ...t=1.507e+10 tail sweep 99% (6000 pieces, 4 threads)
  ...t=1.507e+10 tail sweep 99% (6000 pieces, 4 threads)
  ...t=1.507e+10 tail sweep 99% (6000 pieces, 4 threads)
  ...t=1.507e+10 tail sweep 91% (5500 pieces, 4 threads)
  ...t=1.507e+10 tail sweep 99% (6000 pieces, 4 threads)
  pt win=0 k=+5 x=1.507e+10 t=15065010404.27052 mnew=1.0000 mcert=1.0000 bexp=1.53e-03
  pt win=0 k=+7 x=1.507e+10 t=15065010405.27052 mnew=1.0000 mcert=1.0000 bexp=1.53e-03
  pt win=0 k=+6 x=1.507e+10 t=15065010404.77052 mnew=1.0000 mcert=1.0000 bexp=1.54e-03
  ...t=1.507e+10 tail sweep 8% (500 pieces, 4 threads)
  ...t=1.507e+10 tail sweep 8% (500 pieces, 4 threads)
  ...t=1.507e+10 tail sweep 8% (500 pieces, 4 threads)
  pt win=0 k=+8 x=1.507e+10 t=15065010405.77052 mnew=1.0000 mcert=1.0000 bexp=1.55e-03
  ...t=1.507e+10 tail sweep 17% (1000 pieces, 4 threads)
  ...t=1.507e+10 tail sweep 17% (1000 pieces, 4 threads)
  ...t=1.507e+10 tail sweep 17% (1000 pieces, 4 threads)
  ...t=1.507e+10 tail sweep 8% (500 pieces, 4 threads)
  ...t=1.507e+10 tail sweep 25% (1500 pieces, 4 threads)
  ...t=1.507e+10 tail sweep 25% (1500 pieces, 4 threads)
  ...t=1.507e+10 tail sweep 25% (1500 pieces, 4 threads)
  ...t=1.507e+10 tail sweep 17% (1000 pieces, 4 threads)
  ...t=1.507e+10 tail sweep 33% (2000 pieces, 4 threads)
  ...t=1.507e+10 tail sweep 33% (2000 pieces, 4 threads)
  ...t=1.507e+10 tail sweep 33% (2000 pieces, 4 threads)
  ...t=1.507e+10 tail sweep 25% (1500 pieces, 4 threads)
  ...t=1.507e+10 tail sweep 41% (2500 pieces, 4 threads)
  ...t=1.507e+10 tail sweep 41% (2500 pieces, 4 threads)
  ...t=1.507e+10 tail sweep 41% (2500 pieces, 4 threads)
  ...t=1.507e+10 tail sweep 33% (2000 pieces, 4 threads)
  ...t=1.507e+10 tail sweep 50% (3000 pieces, 4 threads)
  ...t=1.507e+10 tail sweep 50% (3000 pieces, 4 threads)
  ...t=1.507e+10 tail sweep 50% (3000 pieces, 4 threads)
  ...t=1.507e+10 tail sweep 41% (2500 pieces, 4 threads)
  ...t=1.507e+10 tail sweep 58% (3500 pieces, 4 threads)
  ...t=1.507e+10 tail sweep 58% (3500 pieces, 4 threads)
  ...t=1.507e+10 tail sweep 58% (3500 pieces, 4 threads)
  ...t=1.507e+10 tail sweep 50% (3000 pieces, 4 threads)
  ...t=1.507e+10 tail sweep 66% (4000 pieces, 4 threads)
  ...t=1.507e+10 tail sweep 66% (4000 pieces, 4 threads)
  ...t=1.507e+10 tail sweep 66% (4000 pieces, 4 threads)
  ...t=1.507e+10 tail sweep 58% (3500 pieces, 4 threads)
  ...t=1.507e+10 tail sweep 74% (4500 pieces, 4 threads)
  ...t=1.507e+10 tail sweep 74% (4500 pieces, 4 threads)
  ...t=1.507e+10 tail sweep 74% (4500 pieces, 4 threads)
  ...t=1.507e+10 tail sweep 66% (4000 pieces, 4 threads)
  ...t=1.507e+10 tail sweep 83% (5000 pieces, 4 threads)
  ...t=1.507e+10 tail sweep 83% (5000 pieces, 4 threads)
  ...t=1.507e+10 tail sweep 83% (5000 pieces, 4 threads)
  ...t=1.507e+10 tail sweep 74% (4500 pieces, 4 threads)
  ...t=1.507e+10 tail sweep 91% (5500 pieces, 4 threads)
  ...t=1.507e+10 tail sweep 91% (5500 pieces, 4 threads)
  ...t=1.507e+10 tail sweep 91% (5500 pieces, 4 threads)
  ...t=1.507e+10 tail sweep 83% (5000 pieces, 4 threads)
  ...t=1.507e+10 tail sweep 99% (6000 pieces, 4 threads)
  ...t=1.507e+10 tail sweep 99% (6000 pieces, 4 threads)
  ...t=1.507e+10 tail sweep 99% (6000 pieces, 4 threads)
  ...t=1.507e+10 tail sweep 91% (5500 pieces, 4 threads)
  ...t=1.507e+10 tail sweep 99% (6000 pieces, 4 threads)
  pt win=0 k=+11 x=1.507e+10 t=15065010407.27052 mnew=1.0000 mcert=1.0000 bexp=1.55e-03
  pt win=0 k=+9 x=1.507e+10 t=15065010406.27052 mnew=1.0000 mcert=1.0000 bexp=1.55e-03
  pt win=0 k=+10 x=1.507e+10 t=15065010406.77052 mnew=1.0000 mcert=1.0000 bexp=1.54e-03
  pt win=0 k=+12 x=1.507e+10 t=15065010407.77052 mnew=1.0000 mcert=1.0000 bexp=1.53e-03
           x            g best_mnew worst_mcert      btot      flag
  1.5065e+10 15065010401.7705  1.000000   1.000000  1.99e-03 -
worst certified margin = 1.000000 at t = 15065010395.77052 (computed 1.000000)
margin_cert < 1: [15065010396.271, 15065010397.271, 15065010396.771, 15065010395.771, 15065010398.271, 15065010397.771, 15065010398.771, 15065010399.271, 15065010400.771, 15065010399.771, 15065010400.271, 15065010401.271]
margin_new  < 1: [15065010396.271, 15065010397.271, 15065010396.771, 15065010395.771, 15065010398.271, 15065010397.771, 15065010398.771, 15065010399.271, 15065010400.771, 15065010399.771, 15065010400.271, 15065010401.271]
wall = 9332.2 s
STATUS: see the pre-registered reading C-2/C-3
H1  FULL-DONE:  1  windows,  24  points,  assembled  to  /workspace/h1/RH/scripts/rh/out_day038_full_pts.txt;  instance  wall  2.6  h
