H1_WINDOWS:  running  windows  18  (1  of  29)
resume:  window   0  (x=1.291581825e+10)  0/24  points  on disk
memguard:  MemAvailable  742.6  GiB,  reserve  28  GiB,  ~2.5  GiB/thread  x  4  threads  ->  allow  <=  10  contexts  (=  40  slab  threads;  11  GPU  clients  incl.  Xorg  vs  budget  11)
day038  gpu  H1-3e10:  FULL,  24  point  jobs  remaining (1  windows,  4  contexts  x  4  threads)
pids: parent=21012 workers=4 written to ckpt_h1_3e10/run.pids
overlap: 152/12626784 zeros differ by <=1.00 ulp (last byte,  rounding-level) --  those indices certified with dg x3
stitch: B from element 12626784 (first zero 1006346000.166784); overlap cross-check 12626632/12626784 byte-equal
tail3e10: L 52290633 + A 2792198664 + B' 3053546936 + C 3142622346 + D 92577877714 = 101618536293 zeros (812.9 GB); G_LAST = 30001045999.981976
overlap: 152/12626784 zeros differ by <=1.00 ulp (last byte,  rounding-level) --  those indices certified with dg x3
stitch: B from element 12626784 (first zero 1006346000.166784); overlap cross-check 12626632/12626784 byte-equal
tail3e10: L 52290633 + A 2792198664 + B' 3053546936 + C 3142622346 + D 92577877714 = 101618536293 zeros (812.9 GB); G_LAST = 30001045999.981976
overlap: 152/12626784 zeros differ by <=1.00 ulp (last byte,  rounding-level) --  those indices certified with dg x3
stitch: B from element 12626784 (first zero 1006346000.166784); overlap cross-check 12626632/12626784 byte-equal
tail3e10: L 52290633 + A 2792198664 + B' 3053546936 + C 3142622346 + D 92577877714 = 101618536293 zeros (812.9 GB); G_LAST = 30001045999.981976
overlap: 152/12626784 zeros differ by <=1.00 ulp (last byte,  rounding-level) --  those indices certified with dg x3
stitch: B from element 12626784 (first zero 1006346000.166784); overlap cross-check 12626632/12626784 byte-equal
tail3e10: L 52290633 + A 2792198664 + B' 3053546936 + C 3142622346 + D 92577877714 = 101618536293 zeros (812.9 GB); G_LAST = 30001045999.981976
  ...t=1.292e+10 tail sweep 8% (500 pieces, 4 threads)
  ...t=1.292e+10 tail sweep 8% (500 pieces, 4 threads)
  ...t=1.292e+10 tail sweep 8% (500 pieces, 4 threads)
  ...t=1.292e+10 tail sweep 8% (500 pieces, 4 threads)
  ...t=1.292e+10 tail sweep 17% (1000 pieces, 4 threads)
  ...t=1.292e+10 tail sweep 17% (1000 pieces, 4 threads)
  ...t=1.292e+10 tail sweep 17% (1000 pieces, 4 threads)
  ...t=1.292e+10 tail sweep 17% (1000 pieces, 4 threads)
  ...t=1.292e+10 tail sweep 25% (1500 pieces, 4 threads)
  ...t=1.292e+10 tail sweep 25% (1500 pieces, 4 threads)
  ...t=1.292e+10 tail sweep 25% (1500 pieces, 4 threads)
  ...t=1.292e+10 tail sweep 25% (1500 pieces, 4 threads)
  ...t=1.292e+10 tail sweep 33% (2000 pieces, 4 threads)
  ...t=1.292e+10 tail sweep 33% (2000 pieces, 4 threads)
  ...t=1.292e+10 tail sweep 33% (2000 pieces, 4 threads)
  ...t=1.292e+10 tail sweep 33% (2000 pieces, 4 threads)
  ...t=1.292e+10 tail sweep 41% (2500 pieces, 4 threads)
  ...t=1.292e+10 tail sweep 41% (2500 pieces, 4 threads)
  ...t=1.292e+10 tail sweep 41% (2500 pieces, 4 threads)
  ...t=1.292e+10 tail sweep 41% (2500 pieces, 4 threads)
  ...t=1.292e+10 tail sweep 50% (3000 pieces, 4 threads)
  ...t=1.292e+10 tail sweep 50% (3000 pieces, 4 threads)
  ...t=1.292e+10 tail sweep 50% (3000 pieces, 4 threads)
  ...t=1.292e+10 tail sweep 50% (3000 pieces, 4 threads)
  ...t=1.292e+10 tail sweep 58% (3500 pieces, 4 threads)
  ...t=1.292e+10 tail sweep 58% (3500 pieces, 4 threads)
  ...t=1.292e+10 tail sweep 58% (3500 pieces, 4 threads)
  ...t=1.292e+10 tail sweep 58% (3500 pieces, 4 threads)
  ...t=1.292e+10 tail sweep 66% (4000 pieces, 4 threads)
  ...t=1.292e+10 tail sweep 66% (4000 pieces, 4 threads)
  ...t=1.292e+10 tail sweep 66% (4000 pieces, 4 threads)
  ...t=1.292e+10 tail sweep 66% (4000 pieces, 4 threads)
  ...t=1.292e+10 tail sweep 74% (4500 pieces, 4 threads)
  ...t=1.292e+10 tail sweep 74% (4500 pieces, 4 threads)
  ...t=1.292e+10 tail sweep 74% (4500 pieces, 4 threads)
  ...t=1.292e+10 tail sweep 74% (4500 pieces, 4 threads)
  ...t=1.292e+10 tail sweep 83% (5000 pieces, 4 threads)
  ...t=1.292e+10 tail sweep 83% (5000 pieces, 4 threads)
  ...t=1.292e+10 tail sweep 83% (5000 pieces, 4 threads)
  ...t=1.292e+10 tail sweep 83% (5000 pieces, 4 threads)
  ...t=1.292e+10 tail sweep 91% (5500 pieces, 4 threads)
  ...t=1.292e+10 tail sweep 91% (5500 pieces, 4 threads)
  ...t=1.292e+10 tail sweep 91% (5500 pieces, 4 threads)
  ...t=1.292e+10 tail sweep 91% (5500 pieces, 4 threads)
  ...t=1.292e+10 tail sweep 99% (6000 pieces, 4 threads)
  ...t=1.292e+10 tail sweep 99% (6000 pieces, 4 threads)
  ...t=1.292e+10 tail sweep 99% (6000 pieces, 4 threads)
  ...t=1.292e+10 tail sweep 99% (6000 pieces, 4 threads)
  pt win=0 k=-10 x=1.292e+10 t=12915818240.69007 mnew=1.0000 mcert=1.0000 bexp=1.36e-03
  pt win=0 k=-9 x=1.292e+10 t=12915818241.19007 mnew=1.0000 mcert=1.0000 bexp=1.37e-03
  pt win=0 k=-11 x=1.292e+10 t=12915818240.19007 mnew=1.0000 mcert=1.0000 bexp=1.35e-03
  ...t=1.292e+10 tail sweep 8% (500 pieces, 4 threads)
  ...t=1.292e+10 tail sweep 8% (500 pieces, 4 threads)
  ...t=1.292e+10 tail sweep 8% (500 pieces, 4 threads)
  ...t=1.292e+10 tail sweep 17% (1000 pieces, 4 threads)
  ...t=1.292e+10 tail sweep 17% (1000 pieces, 4 threads)
  ...t=1.292e+10 tail sweep 17% (1000 pieces, 4 threads)
  ...t=1.292e+10 tail sweep 25% (1500 pieces, 4 threads)
  ...t=1.292e+10 tail sweep 25% (1500 pieces, 4 threads)
  ...t=1.292e+10 tail sweep 25% (1500 pieces, 4 threads)
  pt win=0 k=-12 x=1.292e+10 t=12915818239.69007 mnew=1.0000 mcert=1.0000 bexp=1.34e-03
  ...t=1.292e+10 tail sweep 33% (2000 pieces, 4 threads)
  ...t=1.292e+10 tail sweep 33% (2000 pieces, 4 threads)
  ...t=1.292e+10 tail sweep 33% (2000 pieces, 4 threads)
  ...t=1.292e+10 tail sweep 8% (500 pieces, 4 threads)
  ...t=1.292e+10 tail sweep 41% (2500 pieces, 4 threads)
  ...t=1.292e+10 tail sweep 41% (2500 pieces, 4 threads)
  ...t=1.292e+10 tail sweep 41% (2500 pieces, 4 threads)
  ...t=1.292e+10 tail sweep 17% (1000 pieces, 4 threads)
  ...t=1.292e+10 tail sweep 50% (3000 pieces, 4 threads)
  ...t=1.292e+10 tail sweep 50% (3000 pieces, 4 threads)
  ...t=1.292e+10 tail sweep 50% (3000 pieces, 4 threads)
  ...t=1.292e+10 tail sweep 25% (1500 pieces, 4 threads)
  ...t=1.292e+10 tail sweep 58% (3500 pieces, 4 threads)
  ...t=1.292e+10 tail sweep 58% (3500 pieces, 4 threads)
  ...t=1.292e+10 tail sweep 58% (3500 pieces, 4 threads)
  ...t=1.292e+10 tail sweep 33% (2000 pieces, 4 threads)
  ...t=1.292e+10 tail sweep 66% (4000 pieces, 4 threads)
  ...t=1.292e+10 tail sweep 66% (4000 pieces, 4 threads)
  ...t=1.292e+10 tail sweep 66% (4000 pieces, 4 threads)
  ...t=1.292e+10 tail sweep 41% (2500 pieces, 4 threads)
  ...t=1.292e+10 tail sweep 74% (4500 pieces, 4 threads)
  ...t=1.292e+10 tail sweep 74% (4500 pieces, 4 threads)
  ...t=1.292e+10 tail sweep 74% (4500 pieces, 4 threads)
  ...t=1.292e+10 tail sweep 50% (3000 pieces, 4 threads)
  ...t=1.292e+10 tail sweep 83% (5000 pieces, 4 threads)
  ...t=1.292e+10 tail sweep 83% (5000 pieces, 4 threads)
  ...t=1.292e+10 tail sweep 83% (5000 pieces, 4 threads)
  ...t=1.292e+10 tail sweep 58% (3500 pieces, 4 threads)
  ...t=1.292e+10 tail sweep 91% (5500 pieces, 4 threads)
  ...t=1.292e+10 tail sweep 91% (5500 pieces, 4 threads)
  ...t=1.292e+10 tail sweep 91% (5500 pieces, 4 threads)
  ...t=1.292e+10 tail sweep 66% (4000 pieces, 4 threads)
  ...t=1.292e+10 tail sweep 99% (6000 pieces, 4 threads)
  ...t=1.292e+10 tail sweep 99% (6000 pieces, 4 threads)
  ...t=1.292e+10 tail sweep 99% (6000 pieces, 4 threads)
  ...t=1.292e+10 tail sweep 74% (4500 pieces, 4 threads)
  ...t=1.292e+10 tail sweep 83% (5000 pieces, 4 threads)
  ...t=1.292e+10 tail sweep 91% (5500 pieces, 4 threads)
  pt win=0 k=-6 x=1.292e+10 t=12915818242.69007 mnew=1.0000 mcert=1.0000 bexp=1.65e-03
  pt win=0 k=-8 x=1.292e+10 t=12915818241.69007 mnew=1.0000 mcert=1.0000 bexp=1.34e-03
  pt win=0 k=-7 x=1.292e+10 t=12915818242.19007 mnew=1.0000 mcert=1.0000 bexp=1.33e-03
  ...t=1.292e+10 tail sweep 99% (6000 pieces, 4 threads)
  ...t=1.292e+10 tail sweep 8% (500 pieces, 4 threads)
  ...t=1.292e+10 tail sweep 8% (500 pieces, 4 threads)
  ...t=1.292e+10 tail sweep 8% (500 pieces, 4 threads)
  ...t=1.292e+10 tail sweep 17% (1000 pieces, 4 threads)
  ...t=1.292e+10 tail sweep 17% (1000 pieces, 4 threads)
  ...t=1.292e+10 tail sweep 17% (1000 pieces, 4 threads)
  pt win=0 k=-5 x=1.292e+10 t=12915818243.19007 mnew=1.0000 mcert=1.0000 bexp=1.41e-03
  ...t=1.292e+10 tail sweep 25% (1500 pieces, 4 threads)
  ...t=1.292e+10 tail sweep 25% (1500 pieces, 4 threads)
  ...t=1.292e+10 tail sweep 25% (1500 pieces, 4 threads)
  ...t=1.292e+10 tail sweep 8% (500 pieces, 4 threads)
  ...t=1.292e+10 tail sweep 33% (2000 pieces, 4 threads)
  ...t=1.292e+10 tail sweep 33% (2000 pieces, 4 threads)
  ...t=1.292e+10 tail sweep 33% (2000 pieces, 4 threads)
  ...t=1.292e+10 tail sweep 17% (1000 pieces, 4 threads)
  ...t=1.292e+10 tail sweep 41% (2500 pieces, 4 threads)
  ...t=1.292e+10 tail sweep 41% (2500 pieces, 4 threads)
  ...t=1.292e+10 tail sweep 41% (2500 pieces, 4 threads)
  ...t=1.292e+10 tail sweep 25% (1500 pieces, 4 threads)
  ...t=1.292e+10 tail sweep 50% (3000 pieces, 4 threads)
  ...t=1.292e+10 tail sweep 50% (3000 pieces, 4 threads)
  ...t=1.292e+10 tail sweep 50% (3000 pieces, 4 threads)
  ...t=1.292e+10 tail sweep 33% (2000 pieces, 4 threads)
  ...t=1.292e+10 tail sweep 58% (3500 pieces, 4 threads)
  ...t=1.292e+10 tail sweep 58% (3500 pieces, 4 threads)
  ...t=1.292e+10 tail sweep 58% (3500 pieces, 4 threads)
  ...t=1.292e+10 tail sweep 41% (2500 pieces, 4 threads)
  ...t=1.292e+10 tail sweep 66% (4000 pieces, 4 threads)
  ...t=1.292e+10 tail sweep 66% (4000 pieces, 4 threads)
  ...t=1.292e+10 tail sweep 66% (4000 pieces, 4 threads)
  ...t=1.292e+10 tail sweep 50% (3000 pieces, 4 threads)
  ...t=1.292e+10 tail sweep 74% (4500 pieces, 4 threads)
  ...t=1.292e+10 tail sweep 74% (4500 pieces, 4 threads)
  ...t=1.292e+10 tail sweep 74% (4500 pieces, 4 threads)
  ...t=1.292e+10 tail sweep 58% (3500 pieces, 4 threads)
  ...t=1.292e+10 tail sweep 83% (5000 pieces, 4 threads)
  ...t=1.292e+10 tail sweep 83% (5000 pieces, 4 threads)
  ...t=1.292e+10 tail sweep 83% (5000 pieces, 4 threads)
  ...t=1.292e+10 tail sweep 66% (4000 pieces, 4 threads)
  ...t=1.292e+10 tail sweep 91% (5500 pieces, 4 threads)
  ...t=1.292e+10 tail sweep 91% (5500 pieces, 4 threads)
  ...t=1.292e+10 tail sweep 91% (5500 pieces, 4 threads)
  ...t=1.292e+10 tail sweep 74% (4500 pieces, 4 threads)
  ...t=1.292e+10 tail sweep 99% (6000 pieces, 4 threads)
  ...t=1.292e+10 tail sweep 99% (6000 pieces, 4 threads)
  ...t=1.292e+10 tail sweep 99% (6000 pieces, 4 threads)
  ...t=1.292e+10 tail sweep 83% (5000 pieces, 4 threads)
  ...t=1.292e+10 tail sweep 91% (5500 pieces, 4 threads)
  ...t=1.292e+10 tail sweep 99% (6000 pieces, 4 threads)
  pt win=0 k=-2 x=1.292e+10 t=12915818244.69007 mnew=1.0000 mcert=1.0000 bexp=1.35e-03
  pt win=0 k=-4 x=1.292e+10 t=12915818243.69007 mnew=1.0000 mcert=1.0000 bexp=1.36e-03
  pt win=0 k=-3 x=1.292e+10 t=12915818244.19007 mnew=1.0000 mcert=1.0000 bexp=1.34e-03
  ...t=1.292e+10 tail sweep 8% (500 pieces, 4 threads)
  ...t=1.292e+10 tail sweep 8% (500 pieces, 4 threads)
  ...t=1.292e+10 tail sweep 8% (500 pieces, 4 threads)
  ...t=1.292e+10 tail sweep 17% (1000 pieces, 4 threads)
  ...t=1.292e+10 tail sweep 17% (1000 pieces, 4 threads)
  ...t=1.292e+10 tail sweep 17% (1000 pieces, 4 threads)
  pt win=0 k=-1 x=1.292e+10 t=12915818245.19007 mnew=1.0000 mcert=1.0000 bexp=1.34e-03
  ...t=1.292e+10 tail sweep 25% (1500 pieces, 4 threads)
  ...t=1.292e+10 tail sweep 25% (1500 pieces, 4 threads)
  ...t=1.292e+10 tail sweep 25% (1500 pieces, 4 threads)
  ...t=1.292e+10 tail sweep 8% (500 pieces, 4 threads)
  ...t=1.292e+10 tail sweep 33% (2000 pieces, 4 threads)
  ...t=1.292e+10 tail sweep 33% (2000 pieces, 4 threads)
  ...t=1.292e+10 tail sweep 33% (2000 pieces, 4 threads)
  ...t=1.292e+10 tail sweep 17% (1000 pieces, 4 threads)
  ...t=1.292e+10 tail sweep 41% (2500 pieces, 4 threads)
  ...t=1.292e+10 tail sweep 41% (2500 pieces, 4 threads)
  ...t=1.292e+10 tail sweep 41% (2500 pieces, 4 threads)
  ...t=1.292e+10 tail sweep 25% (1500 pieces, 4 threads)
  ...t=1.292e+10 tail sweep 50% (3000 pieces, 4 threads)
  ...t=1.292e+10 tail sweep 50% (3000 pieces, 4 threads)
  ...t=1.292e+10 tail sweep 50% (3000 pieces, 4 threads)
  ...t=1.292e+10 tail sweep 33% (2000 pieces, 4 threads)
  ...t=1.292e+10 tail sweep 58% (3500 pieces, 4 threads)
  ...t=1.292e+10 tail sweep 58% (3500 pieces, 4 threads)
  ...t=1.292e+10 tail sweep 58% (3500 pieces, 4 threads)
  ...t=1.292e+10 tail sweep 41% (2500 pieces, 4 threads)
  ...t=1.292e+10 tail sweep 66% (4000 pieces, 4 threads)
  ...t=1.292e+10 tail sweep 66% (4000 pieces, 4 threads)
  ...t=1.292e+10 tail sweep 66% (4000 pieces, 4 threads)
  ...t=1.292e+10 tail sweep 50% (3000 pieces, 4 threads)
  ...t=1.292e+10 tail sweep 74% (4500 pieces, 4 threads)
  ...t=1.292e+10 tail sweep 74% (4500 pieces, 4 threads)
  ...t=1.292e+10 tail sweep 74% (4500 pieces, 4 threads)
  ...t=1.292e+10 tail sweep 58% (3500 pieces, 4 threads)
  ...t=1.292e+10 tail sweep 83% (5000 pieces, 4 threads)
  ...t=1.292e+10 tail sweep 83% (5000 pieces, 4 threads)
  ...t=1.292e+10 tail sweep 83% (5000 pieces, 4 threads)
  ...t=1.292e+10 tail sweep 66% (4000 pieces, 4 threads)
  ...t=1.292e+10 tail sweep 91% (5500 pieces, 4 threads)
  ...t=1.292e+10 tail sweep 91% (5500 pieces, 4 threads)
  ...t=1.292e+10 tail sweep 91% (5500 pieces, 4 threads)
  ...t=1.292e+10 tail sweep 74% (4500 pieces, 4 threads)
  ...t=1.292e+10 tail sweep 99% (6000 pieces, 4 threads)
  ...t=1.292e+10 tail sweep 99% (6000 pieces, 4 threads)
  ...t=1.292e+10 tail sweep 99% (6000 pieces, 4 threads)
  ...t=1.292e+10 tail sweep 83% (5000 pieces, 4 threads)
  ...t=1.292e+10 tail sweep 91% (5500 pieces, 4 threads)
  ...t=1.292e+10 tail sweep 99% (6000 pieces, 4 threads)
  pt win=0 k=+2 x=1.292e+10 t=12915818246.69007 mnew=1.0000 mcert=1.0000 bexp=1.35e-03
  pt win=0 k=+3 x=1.292e+10 t=12915818247.19007 mnew=1.0000 mcert=1.0000 bexp=1.34e-03
  pt win=0 k=+1 x=1.292e+10 t=12915818246.19007 mnew=1.0000 mcert=1.0000 bexp=1.81e-03
  ...t=1.292e+10 tail sweep 8% (500 pieces, 4 threads)
  ...t=1.292e+10 tail sweep 8% (500 pieces, 4 threads)
  ...t=1.292e+10 tail sweep 8% (500 pieces, 4 threads)
  pt win=0 k=+4 x=1.292e+10 t=12915818247.69007 mnew=1.0000 mcert=1.0000 bexp=1.41e-03
  ...t=1.292e+10 tail sweep 17% (1000 pieces, 4 threads)
  ...t=1.292e+10 tail sweep 17% (1000 pieces, 4 threads)
  ...t=1.292e+10 tail sweep 17% (1000 pieces, 4 threads)
  ...t=1.292e+10 tail sweep 8% (500 pieces, 4 threads)
  ...t=1.292e+10 tail sweep 25% (1500 pieces, 4 threads)
  ...t=1.292e+10 tail sweep 25% (1500 pieces, 4 threads)
  ...t=1.292e+10 tail sweep 25% (1500 pieces, 4 threads)
  ...t=1.292e+10 tail sweep 17% (1000 pieces, 4 threads)
  ...t=1.292e+10 tail sweep 33% (2000 pieces, 4 threads)
  ...t=1.292e+10 tail sweep 33% (2000 pieces, 4 threads)
  ...t=1.292e+10 tail sweep 33% (2000 pieces, 4 threads)
  ...t=1.292e+10 tail sweep 25% (1500 pieces, 4 threads)
  ...t=1.292e+10 tail sweep 41% (2500 pieces, 4 threads)
  ...t=1.292e+10 tail sweep 41% (2500 pieces, 4 threads)
  ...t=1.292e+10 tail sweep 41% (2500 pieces, 4 threads)
  ...t=1.292e+10 tail sweep 33% (2000 pieces, 4 threads)
  ...t=1.292e+10 tail sweep 50% (3000 pieces, 4 threads)
  ...t=1.292e+10 tail sweep 50% (3000 pieces, 4 threads)
  ...t=1.292e+10 tail sweep 50% (3000 pieces, 4 threads)
  ...t=1.292e+10 tail sweep 41% (2500 pieces, 4 threads)
  ...t=1.292e+10 tail sweep 58% (3500 pieces, 4 threads)
  ...t=1.292e+10 tail sweep 58% (3500 pieces, 4 threads)
  ...t=1.292e+10 tail sweep 58% (3500 pieces, 4 threads)
  ...t=1.292e+10 tail sweep 50% (3000 pieces, 4 threads)
  ...t=1.292e+10 tail sweep 66% (4000 pieces, 4 threads)
  ...t=1.292e+10 tail sweep 66% (4000 pieces, 4 threads)
  ...t=1.292e+10 tail sweep 66% (4000 pieces, 4 threads)
  ...t=1.292e+10 tail sweep 58% (3500 pieces, 4 threads)
  ...t=1.292e+10 tail sweep 74% (4500 pieces, 4 threads)
  ...t=1.292e+10 tail sweep 74% (4500 pieces, 4 threads)
  ...t=1.292e+10 tail sweep 74% (4500 pieces, 4 threads)
  ...t=1.292e+10 tail sweep 66% (4000 pieces, 4 threads)
  ...t=1.292e+10 tail sweep 83% (5000 pieces, 4 threads)
  ...t=1.292e+10 tail sweep 83% (5000 pieces, 4 threads)
  ...t=1.292e+10 tail sweep 83% (5000 pieces, 4 threads)
  ...t=1.292e+10 tail sweep 74% (4500 pieces, 4 threads)
  ...t=1.292e+10 tail sweep 91% (5500 pieces, 4 threads)
  ...t=1.292e+10 tail sweep 91% (5500 pieces, 4 threads)
  ...t=1.292e+10 tail sweep 91% (5500 pieces, 4 threads)
  ...t=1.292e+10 tail sweep 83% (5000 pieces, 4 threads)
  ...t=1.292e+10 tail sweep 99% (6000 pieces, 4 threads)
  ...t=1.292e+10 tail sweep 99% (6000 pieces, 4 threads)
  ...t=1.292e+10 tail sweep 99% (6000 pieces, 4 threads)
  ...t=1.292e+10 tail sweep 91% (5500 pieces, 4 threads)
  ...t=1.292e+10 tail sweep 99% (6000 pieces, 4 threads)
  pt win=0 k=+6 x=1.292e+10 t=12915818248.69007 mnew=1.0000 mcert=1.0000 bexp=1.35e-03
  pt win=0 k=+5 x=1.292e+10 t=12915818248.19007 mnew=1.0000 mcert=1.0000 bexp=1.34e-03
  pt win=0 k=+7 x=1.292e+10 t=12915818249.19007 mnew=1.0000 mcert=1.0000 bexp=2.13e-03
  ...t=1.292e+10 tail sweep 8% (500 pieces, 4 threads)
  ...t=1.292e+10 tail sweep 8% (500 pieces, 4 threads)
  ...t=1.292e+10 tail sweep 8% (500 pieces, 4 threads)
  pt win=0 k=+8 x=1.292e+10 t=12915818249.69007 mnew=1.0000 mcert=1.0000 bexp=1.34e-03
  ...t=1.292e+10 tail sweep 17% (1000 pieces, 4 threads)
  ...t=1.292e+10 tail sweep 17% (1000 pieces, 4 threads)
  ...t=1.292e+10 tail sweep 17% (1000 pieces, 4 threads)
  ...t=1.292e+10 tail sweep 8% (500 pieces, 4 threads)
  ...t=1.292e+10 tail sweep 25% (1500 pieces, 4 threads)
  ...t=1.292e+10 tail sweep 25% (1500 pieces, 4 threads)
  ...t=1.292e+10 tail sweep 25% (1500 pieces, 4 threads)
  ...t=1.292e+10 tail sweep 17% (1000 pieces, 4 threads)
  ...t=1.292e+10 tail sweep 33% (2000 pieces, 4 threads)
  ...t=1.292e+10 tail sweep 33% (2000 pieces, 4 threads)
  ...t=1.292e+10 tail sweep 33% (2000 pieces, 4 threads)
  ...t=1.292e+10 tail sweep 25% (1500 pieces, 4 threads)
  ...t=1.292e+10 tail sweep 41% (2500 pieces, 4 threads)
  ...t=1.292e+10 tail sweep 41% (2500 pieces, 4 threads)
  ...t=1.292e+10 tail sweep 41% (2500 pieces, 4 threads)
  ...t=1.292e+10 tail sweep 33% (2000 pieces, 4 threads)
  ...t=1.292e+10 tail sweep 50% (3000 pieces, 4 threads)
  ...t=1.292e+10 tail sweep 50% (3000 pieces, 4 threads)
  ...t=1.292e+10 tail sweep 50% (3000 pieces, 4 threads)
  ...t=1.292e+10 tail sweep 41% (2500 pieces, 4 threads)
  ...t=1.292e+10 tail sweep 58% (3500 pieces, 4 threads)
  ...t=1.292e+10 tail sweep 58% (3500 pieces, 4 threads)
  ...t=1.292e+10 tail sweep 58% (3500 pieces, 4 threads)
  ...t=1.292e+10 tail sweep 50% (3000 pieces, 4 threads)
  ...t=1.292e+10 tail sweep 66% (4000 pieces, 4 threads)
  ...t=1.292e+10 tail sweep 66% (4000 pieces, 4 threads)
  ...t=1.292e+10 tail sweep 66% (4000 pieces, 4 threads)
  ...t=1.292e+10 tail sweep 58% (3500 pieces, 4 threads)
  ...t=1.292e+10 tail sweep 74% (4500 pieces, 4 threads)
  ...t=1.292e+10 tail sweep 74% (4500 pieces, 4 threads)
  ...t=1.292e+10 tail sweep 74% (4500 pieces, 4 threads)
  ...t=1.292e+10 tail sweep 66% (4000 pieces, 4 threads)
  ...t=1.292e+10 tail sweep 83% (5000 pieces, 4 threads)
  ...t=1.292e+10 tail sweep 83% (5000 pieces, 4 threads)
  ...t=1.292e+10 tail sweep 83% (5000 pieces, 4 threads)
  ...t=1.292e+10 tail sweep 74% (4500 pieces, 4 threads)
  ...t=1.292e+10 tail sweep 91% (5500 pieces, 4 threads)
  ...t=1.292e+10 tail sweep 91% (5500 pieces, 4 threads)
  ...t=1.292e+10 tail sweep 91% (5500 pieces, 4 threads)
  ...t=1.292e+10 tail sweep 83% (5000 pieces, 4 threads)
  ...t=1.292e+10 tail sweep 99% (6000 pieces, 4 threads)
  ...t=1.292e+10 tail sweep 99% (6000 pieces, 4 threads)
  ...t=1.292e+10 tail sweep 99% (6000 pieces, 4 threads)
  ...t=1.292e+10 tail sweep 91% (5500 pieces, 4 threads)
  ...t=1.292e+10 tail sweep 99% (6000 pieces, 4 threads)
  pt win=0 k=+10 x=1.292e+10 t=12915818250.69007 mnew=1.0000 mcert=1.0000 bexp=1.42e-03
  pt win=0 k=+11 x=1.292e+10 t=12915818251.19007 mnew=1.0000 mcert=1.0000 bexp=1.54e-03
  pt win=0 k=+9 x=1.292e+10 t=12915818250.19007 mnew=1.0000 mcert=1.0000 bexp=1.37e-03
  pt win=0 k=+12 x=1.292e+10 t=12915818251.69007 mnew=1.0000 mcert=1.0000 bexp=1.37e-03
           x            g best_mnew worst_mcert      btot      flag
 1.29158e+10 12915818245.6901  1.000000   1.000000  1.73e-03 -
worst certified margin = 1.000000 at t = 12915818240.19007 (computed 1.000000)
margin_cert < 1: [12915818240.69, 12915818241.19, 12915818240.19, 12915818239.69, 12915818242.69, 12915818241.69, 12915818242.19, 12915818243.19, 12915818244.69, 12915818243.69, 12915818244.19, 12915818245.19]
margin_new  < 1: [12915818240.69, 12915818241.19, 12915818240.19, 12915818239.69, 12915818242.69, 12915818241.69, 12915818242.19, 12915818243.19, 12915818244.69, 12915818243.69, 12915818244.19, 12915818245.19]
wall = 9336.1 s
STATUS: see the pre-registered reading C-2/C-3
H1  FULL-DONE:  1  windows,  24  points,  assembled  to  /workspace/h1/RH/scripts/rh/out_day038_full_pts.txt;  instance  wall  2.6  h
