H1_WINDOWS:  running  windows  19  (1  of  29)
resume:  window   0  (x=1.394908371e+10)  0/24  points  on disk
memguard:  MemAvailable  742.6  GiB,  reserve  28  GiB,  ~2.5  GiB/thread  x  4  threads  ->  allow  <=  10  contexts  (=  40  slab  threads;  11  GPU  clients  incl.  Xorg  vs  budget  11)
day038  gpu  H1-3e10:  FULL,  24  point  jobs  remaining (1  windows,  4  contexts  x  4  threads)
pids: parent=21013 workers=4 written to ckpt_h1_3e10/run.pids
overlap: 152/12626784 zeros differ by <=1.00 ulp (last byte,  rounding-level) --  those indices certified with dg x3overlap: 152/12626784 zeros differ by <=1.00 ulp (last byte,  rounding-level) --  those indices certified with dg x3

stitch: B from element 12626784 (first zero 1006346000.166784); overlap cross-check 12626632/12626784 byte-equalstitch: B from element 12626784 (first zero 1006346000.166784); overlap cross-check 12626632/12626784 byte-equal

tail3e10: L 52290633 + A 2792198664 + B' 3053546936 + C 3142622346 + D 92577877714 = 101618536293 zeros (812.9 GB); G_LAST = 30001045999.981976
tail3e10: L 52290633 + A 2792198664 + B' 3053546936 + C 3142622346 + D 92577877714 = 101618536293 zeros (812.9 GB); G_LAST = 30001045999.981976
overlap: 152/12626784 zeros differ by <=1.00 ulp (last byte,  rounding-level) --  those indices certified with dg x3
stitch: B from element 12626784 (first zero 1006346000.166784); overlap cross-check 12626632/12626784 byte-equal
tail3e10: L 52290633 + A 2792198664 + B' 3053546936 + C 3142622346 + D 92577877714 = 101618536293 zeros (812.9 GB); G_LAST = 30001045999.981976
overlap: 152/12626784 zeros differ by <=1.00 ulp (last byte,  rounding-level) --  those indices certified with dg x3
stitch: B from element 12626784 (first zero 1006346000.166784); overlap cross-check 12626632/12626784 byte-equal
tail3e10: L 52290633 + A 2792198664 + B' 3053546936 + C 3142622346 + D 92577877714 = 101618536293 zeros (812.9 GB); G_LAST = 30001045999.981976
  ...t=1.395e+10 tail sweep 8% (500 pieces, 4 threads)
  ...t=1.395e+10 tail sweep 8% (500 pieces, 4 threads)
  ...t=1.395e+10 tail sweep 8% (500 pieces, 4 threads)
  ...t=1.395e+10 tail sweep 8% (500 pieces, 4 threads)
  ...t=1.395e+10 tail sweep 17% (1000 pieces, 4 threads)
  ...t=1.395e+10 tail sweep 17% (1000 pieces, 4 threads)
  ...t=1.395e+10 tail sweep 17% (1000 pieces, 4 threads)
  ...t=1.395e+10 tail sweep 17% (1000 pieces, 4 threads)
  ...t=1.395e+10 tail sweep 25% (1500 pieces, 4 threads)
  ...t=1.395e+10 tail sweep 25% (1500 pieces, 4 threads)
  ...t=1.395e+10 tail sweep 25% (1500 pieces, 4 threads)
  ...t=1.395e+10 tail sweep 25% (1500 pieces, 4 threads)
  ...t=1.395e+10 tail sweep 33% (2000 pieces, 4 threads)
  ...t=1.395e+10 tail sweep 33% (2000 pieces, 4 threads)
  ...t=1.395e+10 tail sweep 33% (2000 pieces, 4 threads)
  ...t=1.395e+10 tail sweep 33% (2000 pieces, 4 threads)
  ...t=1.395e+10 tail sweep 41% (2500 pieces, 4 threads)
  ...t=1.395e+10 tail sweep 41% (2500 pieces, 4 threads)
  ...t=1.395e+10 tail sweep 41% (2500 pieces, 4 threads)
  ...t=1.395e+10 tail sweep 41% (2500 pieces, 4 threads)
  ...t=1.395e+10 tail sweep 50% (3000 pieces, 4 threads)
  ...t=1.395e+10 tail sweep 50% (3000 pieces, 4 threads)
  ...t=1.395e+10 tail sweep 50% (3000 pieces, 4 threads)
  ...t=1.395e+10 tail sweep 50% (3000 pieces, 4 threads)
  ...t=1.395e+10 tail sweep 58% (3500 pieces, 4 threads)  ...t=1.395e+10 tail sweep 58% (3500 pieces, 4 threads)

  ...t=1.395e+10 tail sweep 58% (3500 pieces, 4 threads)
  ...t=1.395e+10 tail sweep 58% (3500 pieces, 4 threads)
  ...t=1.395e+10 tail sweep 66% (4000 pieces, 4 threads)
  ...t=1.395e+10 tail sweep 66% (4000 pieces, 4 threads)
  ...t=1.395e+10 tail sweep 66% (4000 pieces, 4 threads)
  ...t=1.395e+10 tail sweep 66% (4000 pieces, 4 threads)
  ...t=1.395e+10 tail sweep 74% (4500 pieces, 4 threads)
  ...t=1.395e+10 tail sweep 74% (4500 pieces, 4 threads)
  ...t=1.395e+10 tail sweep 74% (4500 pieces, 4 threads)
  ...t=1.395e+10 tail sweep 74% (4500 pieces, 4 threads)
  ...t=1.395e+10 tail sweep 83% (5000 pieces, 4 threads)
  ...t=1.395e+10 tail sweep 83% (5000 pieces, 4 threads)
  ...t=1.395e+10 tail sweep 83% (5000 pieces, 4 threads)
  ...t=1.395e+10 tail sweep 83% (5000 pieces, 4 threads)
  ...t=1.395e+10 tail sweep 91% (5500 pieces, 4 threads)
  ...t=1.395e+10 tail sweep 91% (5500 pieces, 4 threads)
  ...t=1.395e+10 tail sweep 91% (5500 pieces, 4 threads)
  ...t=1.395e+10 tail sweep 91% (5500 pieces, 4 threads)
  ...t=1.395e+10 tail sweep 99% (6000 pieces, 4 threads)
  ...t=1.395e+10 tail sweep 99% (6000 pieces, 4 threads)
  ...t=1.395e+10 tail sweep 99% (6000 pieces, 4 threads)
  ...t=1.395e+10 tail sweep 99% (6000 pieces, 4 threads)
  pt win=0 k=-10 x=1.395e+10 t=13949083700.24275 mnew=1.0000 mcert=1.0000 bexp=1.44e-03
  pt win=0 k=-9 x=1.395e+10 t=13949083700.74275 mnew=1.0000 mcert=1.0000 bexp=1.52e-03
  pt win=0 k=-11 x=1.395e+10 t=13949083699.74275 mnew=1.0000 mcert=1.0000 bexp=1.45e-03
  ...t=1.395e+10 tail sweep 8% (500 pieces, 4 threads)
  ...t=1.395e+10 tail sweep 8% (500 pieces, 4 threads)
  ...t=1.395e+10 tail sweep 8% (500 pieces, 4 threads)
  ...t=1.395e+10 tail sweep 17% (1000 pieces, 4 threads)
  ...t=1.395e+10 tail sweep 17% (1000 pieces, 4 threads)
  ...t=1.395e+10 tail sweep 17% (1000 pieces, 4 threads)
  pt win=0 k=-12 x=1.395e+10 t=13949083699.24275 mnew=1.0000 mcert=1.0000 bexp=1.43e-03
  ...t=1.395e+10 tail sweep 25% (1500 pieces, 4 threads)
  ...t=1.395e+10 tail sweep 25% (1500 pieces, 4 threads)
  ...t=1.395e+10 tail sweep 25% (1500 pieces, 4 threads)
  ...t=1.395e+10 tail sweep 8% (500 pieces, 4 threads)
  ...t=1.395e+10 tail sweep 33% (2000 pieces, 4 threads)
  ...t=1.395e+10 tail sweep 33% (2000 pieces, 4 threads)
  ...t=1.395e+10 tail sweep 33% (2000 pieces, 4 threads)
  ...t=1.395e+10 tail sweep 17% (1000 pieces, 4 threads)
  ...t=1.395e+10 tail sweep 41% (2500 pieces, 4 threads)
  ...t=1.395e+10 tail sweep 41% (2500 pieces, 4 threads)
  ...t=1.395e+10 tail sweep 41% (2500 pieces, 4 threads)
  ...t=1.395e+10 tail sweep 25% (1500 pieces, 4 threads)
  ...t=1.395e+10 tail sweep 50% (3000 pieces, 4 threads)
  ...t=1.395e+10 tail sweep 50% (3000 pieces, 4 threads)
  ...t=1.395e+10 tail sweep 50% (3000 pieces, 4 threads)
  ...t=1.395e+10 tail sweep 33% (2000 pieces, 4 threads)
  ...t=1.395e+10 tail sweep 58% (3500 pieces, 4 threads)
  ...t=1.395e+10 tail sweep 58% (3500 pieces, 4 threads)
  ...t=1.395e+10 tail sweep 58% (3500 pieces, 4 threads)
  ...t=1.395e+10 tail sweep 41% (2500 pieces, 4 threads)
  ...t=1.395e+10 tail sweep 66% (4000 pieces, 4 threads)
  ...t=1.395e+10 tail sweep 66% (4000 pieces, 4 threads)
  ...t=1.395e+10 tail sweep 66% (4000 pieces, 4 threads)
  ...t=1.395e+10 tail sweep 50% (3000 pieces, 4 threads)
  ...t=1.395e+10 tail sweep 74% (4500 pieces, 4 threads)
  ...t=1.395e+10 tail sweep 74% (4500 pieces, 4 threads)
  ...t=1.395e+10 tail sweep 74% (4500 pieces, 4 threads)
  ...t=1.395e+10 tail sweep 58% (3500 pieces, 4 threads)
  ...t=1.395e+10 tail sweep 83% (5000 pieces, 4 threads)
  ...t=1.395e+10 tail sweep 83% (5000 pieces, 4 threads)
  ...t=1.395e+10 tail sweep 83% (5000 pieces, 4 threads)
  ...t=1.395e+10 tail sweep 66% (4000 pieces, 4 threads)
  ...t=1.395e+10 tail sweep 91% (5500 pieces, 4 threads)
  ...t=1.395e+10 tail sweep 91% (5500 pieces, 4 threads)
  ...t=1.395e+10 tail sweep 91% (5500 pieces, 4 threads)
  ...t=1.395e+10 tail sweep 74% (4500 pieces, 4 threads)
  ...t=1.395e+10 tail sweep 99% (6000 pieces, 4 threads)
  ...t=1.395e+10 tail sweep 99% (6000 pieces, 4 threads)
  ...t=1.395e+10 tail sweep 99% (6000 pieces, 4 threads)
  ...t=1.395e+10 tail sweep 83% (5000 pieces, 4 threads)
  ...t=1.395e+10 tail sweep 91% (5500 pieces, 4 threads)
  ...t=1.395e+10 tail sweep 99% (6000 pieces, 4 threads)
  pt win=0 k=-6 x=1.395e+10 t=13949083702.24275 mnew=1.0000 mcert=1.0000 bexp=1.43e-03
  pt win=0 k=-8 x=1.395e+10 t=13949083701.24275 mnew=1.0000 mcert=1.0000 bexp=1.43e-03
  pt win=0 k=-7 x=1.395e+10 t=13949083701.74275 mnew=1.0000 mcert=1.0000 bexp=1.43e-03
  pt win=0 k=-5 x=1.395e+10 t=13949083702.74275 mnew=1.0000 mcert=1.0000 bexp=1.43e-03
  ...t=1.395e+10 tail sweep 8% (500 pieces, 4 threads)
  ...t=1.395e+10 tail sweep 8% (500 pieces, 4 threads)
  ...t=1.395e+10 tail sweep 8% (500 pieces, 4 threads)
  ...t=1.395e+10 tail sweep 8% (500 pieces, 4 threads)
  ...t=1.395e+10 tail sweep 17% (1000 pieces, 4 threads)
  ...t=1.395e+10 tail sweep 17% (1000 pieces, 4 threads)
  ...t=1.395e+10 tail sweep 17% (1000 pieces, 4 threads)
  ...t=1.395e+10 tail sweep 17% (1000 pieces, 4 threads)
  ...t=1.395e+10 tail sweep 25% (1500 pieces, 4 threads)
  ...t=1.395e+10 tail sweep 25% (1500 pieces, 4 threads)
  ...t=1.395e+10 tail sweep 25% (1500 pieces, 4 threads)
  ...t=1.395e+10 tail sweep 25% (1500 pieces, 4 threads)
  ...t=1.395e+10 tail sweep 33% (2000 pieces, 4 threads)
  ...t=1.395e+10 tail sweep 33% (2000 pieces, 4 threads)
  ...t=1.395e+10 tail sweep 33% (2000 pieces, 4 threads)
  ...t=1.395e+10 tail sweep 33% (2000 pieces, 4 threads)
  ...t=1.395e+10 tail sweep 41% (2500 pieces, 4 threads)
  ...t=1.395e+10 tail sweep 41% (2500 pieces, 4 threads)
  ...t=1.395e+10 tail sweep 41% (2500 pieces, 4 threads)
  ...t=1.395e+10 tail sweep 41% (2500 pieces, 4 threads)
  ...t=1.395e+10 tail sweep 50% (3000 pieces, 4 threads)
  ...t=1.395e+10 tail sweep 50% (3000 pieces, 4 threads)
  ...t=1.395e+10 tail sweep 50% (3000 pieces, 4 threads)
  ...t=1.395e+10 tail sweep 50% (3000 pieces, 4 threads)
  ...t=1.395e+10 tail sweep 58% (3500 pieces, 4 threads)
  ...t=1.395e+10 tail sweep 58% (3500 pieces, 4 threads)
  ...t=1.395e+10 tail sweep 58% (3500 pieces, 4 threads)
  ...t=1.395e+10 tail sweep 58% (3500 pieces, 4 threads)
  ...t=1.395e+10 tail sweep 66% (4000 pieces, 4 threads)
  ...t=1.395e+10 tail sweep 66% (4000 pieces, 4 threads)
  ...t=1.395e+10 tail sweep 66% (4000 pieces, 4 threads)
  ...t=1.395e+10 tail sweep 66% (4000 pieces, 4 threads)
  ...t=1.395e+10 tail sweep 74% (4500 pieces, 4 threads)
  ...t=1.395e+10 tail sweep 74% (4500 pieces, 4 threads)
  ...t=1.395e+10 tail sweep 74% (4500 pieces, 4 threads)
  ...t=1.395e+10 tail sweep 74% (4500 pieces, 4 threads)
  ...t=1.395e+10 tail sweep 83% (5000 pieces, 4 threads)
  ...t=1.395e+10 tail sweep 83% (5000 pieces, 4 threads)
  ...t=1.395e+10 tail sweep 83% (5000 pieces, 4 threads)
  ...t=1.395e+10 tail sweep 83% (5000 pieces, 4 threads)
  ...t=1.395e+10 tail sweep 91% (5500 pieces, 4 threads)
  ...t=1.395e+10 tail sweep 91% (5500 pieces, 4 threads)
  ...t=1.395e+10 tail sweep 91% (5500 pieces, 4 threads)
  ...t=1.395e+10 tail sweep 91% (5500 pieces, 4 threads)
  ...t=1.395e+10 tail sweep 99% (6000 pieces, 4 threads)
  ...t=1.395e+10 tail sweep 99% (6000 pieces, 4 threads)
  ...t=1.395e+10 tail sweep 99% (6000 pieces, 4 threads)
  ...t=1.395e+10 tail sweep 99% (6000 pieces, 4 threads)
  pt win=0 k=-2 x=1.395e+10 t=13949083704.24275 mnew=1.0000 mcert=1.0000 bexp=1.43e-03
  pt win=0 k=-3 x=1.395e+10 t=13949083703.74275 mnew=1.0000 mcert=1.0000 bexp=1.44e-03
  pt win=0 k=-4 x=1.395e+10 t=13949083703.24275 mnew=1.0000 mcert=1.0000 bexp=1.47e-03
Exception in thread Thread-16 (_chunk):
Traceback (most recent call last):
  File "/usr/lib/python3.12/threading.py", line 1073, in _bootstrap_inner
    self.run()
  File "/usr/lib/python3.12/threading.py", line 1010, in run
    self._target(*self._args, **self._kwargs)
  File "/workspace/h1/RH/scripts/rh/day038_h1_3e10_gpu.py", line 569, in _chunk
    sr, si, br, bi, s_ar, dm = slabfn(
                               ^^^^^^^
  File "/workspace/h1/RH/scripts/rh/day038_h1_3e10_gpu.py", line 455, in slab_budget_gpu
    dredg = (2.0 * cc / cp.maximum(abs_g2t2, 1e-30)
             ~~~~~~~~~^~~~~~~~~~~~~~~~~~~~~~~~~~~~~
  File "cupy/_core/core.pyx", line 1606, in cupy._core.core._ndarray_base.__truediv__
  File "cupy/_core/_kernel.pyx", line 1374, in cupy._core._kernel.ufunc.__call__
  File "cupy/_core/_kernel.pyx", line 657, in cupy._core._kernel._get_out_args_from_optionals
  File "cupy/_core/core.pyx", line 3342, in cupy._core.core._ndarray_init
  File "cupy/_core/core.pyx", line 300, in cupy._core.core._ndarray_base._init_fast
  File "cupy/cuda/memory.pyx", line 904, in cupy.cuda.memory.alloc
  File "cupy/cuda/memory.pyx", line 1614, in cupy.cuda.memory.MemoryPool.malloc
  File "cupy/cuda/memory.pyx", line 1635, in cupy.cuda.memory.MemoryPool.malloc
  File "cupy/cuda/memory.pyx", line 1350, in cupy.cuda.memory.SingleDeviceMemoryPool.malloc
  File "cupy/cuda/memory.pyx", line 1376, in cupy.cuda.memory.SingleDeviceMemoryPool._malloc
  File "cupy/cuda/memory.pyx", line 1560, in cupy.cuda.memory.SingleDeviceMemoryPool._try_malloc
cupy.cuda.memory.OutOfMemoryError: Out of memory allocating 134,217,728 bytes (allocated so far: 4,831,838,208 bytes).
  pt win=0 k=-1 x=1.395e+10 t=13949083704.74275 mnew=1.0000 mcert=1.0000 bexp=1.45e-03
  ...t=1.395e+10 tail sweep 8% (500 pieces, 4 threads)
  ...t=1.395e+10 tail sweep 8% (500 pieces, 4 threads)
  ...t=1.395e+10 tail sweep 8% (500 pieces, 4 threads)
  ...t=1.395e+10 tail sweep 8% (500 pieces, 4 threads)
  ...t=1.395e+10 tail sweep 17% (1000 pieces, 4 threads)
  ...t=1.395e+10 tail sweep 17% (1000 pieces, 4 threads)
  ...t=1.395e+10 tail sweep 17% (1000 pieces, 4 threads)
  ...t=1.395e+10 tail sweep 17% (1000 pieces, 4 threads)
  ...t=1.395e+10 tail sweep 25% (1500 pieces, 4 threads)
  ...t=1.395e+10 tail sweep 25% (1500 pieces, 4 threads)
  ...t=1.395e+10 tail sweep 25% (1500 pieces, 4 threads)
  ...t=1.395e+10 tail sweep 25% (1500 pieces, 4 threads)
  ...t=1.395e+10 tail sweep 33% (2000 pieces, 4 threads)
  ...t=1.395e+10 tail sweep 33% (2000 pieces, 4 threads)
  ...t=1.395e+10 tail sweep 33% (2000 pieces, 4 threads)
  ...t=1.395e+10 tail sweep 41% (2500 pieces, 4 threads)
  ...t=1.395e+10 tail sweep 41% (2500 pieces, 4 threads)
  ...t=1.395e+10 tail sweep 33% (2000 pieces, 4 threads)
  ...t=1.395e+10 tail sweep 41% (2500 pieces, 4 threads)
  ...t=1.395e+10 tail sweep 50% (3000 pieces, 4 threads)
  ...t=1.395e+10 tail sweep 50% (3000 pieces, 4 threads)
  ...t=1.395e+10 tail sweep 41% (2500 pieces, 4 threads)
  ...t=1.395e+10 tail sweep 50% (3000 pieces, 4 threads)
  ...t=1.395e+10 tail sweep 58% (3500 pieces, 4 threads)
  ...t=1.395e+10 tail sweep 58% (3500 pieces, 4 threads)
  ...t=1.395e+10 tail sweep 58% (3500 pieces, 4 threads)
  ...t=1.395e+10 tail sweep 50% (3000 pieces, 4 threads)
  ...t=1.395e+10 tail sweep 66% (4000 pieces, 4 threads)
  ...t=1.395e+10 tail sweep 66% (4000 pieces, 4 threads)
  ...t=1.395e+10 tail sweep 66% (4000 pieces, 4 threads)
  ...t=1.395e+10 tail sweep 58% (3500 pieces, 4 threads)
  ...t=1.395e+10 tail sweep 74% (4500 pieces, 4 threads)
  ...t=1.395e+10 tail sweep 74% (4500 pieces, 4 threads)
  ...t=1.395e+10 tail sweep 74% (4500 pieces, 4 threads)
  ...t=1.395e+10 tail sweep 83% (5000 pieces, 4 threads)
  ...t=1.395e+10 tail sweep 83% (5000 pieces, 4 threads)
  ...t=1.395e+10 tail sweep 66% (4000 pieces, 4 threads)
  ...t=1.395e+10 tail sweep 83% (5000 pieces, 4 threads)
  ...t=1.395e+10 tail sweep 91% (5500 pieces, 4 threads)
  ...t=1.395e+10 tail sweep 91% (5500 pieces, 4 threads)
  ...t=1.395e+10 tail sweep 74% (4500 pieces, 4 threads)
  ...t=1.395e+10 tail sweep 91% (5500 pieces, 4 threads)
point  job  (win  0,  k  +2,  x=1.394908371e+10)  WORKER  FAILED:  TypeError('cannot unpack non-iterable NoneType object')  --  done  points  are  checkpointed;  supervisor  resumes
Exception in thread Thread-20 (_chunk):
Traceback (most recent call last):
  File "/usr/lib/python3.12/threading.py", line 1073, in _bootstrap_inner
    self.run()
  File "/usr/lib/python3.12/threading.py", line 1010, in run
    self._target(*self._args, **self._kwargs)
  File "/workspace/h1/RH/scripts/rh/day038_h1_3e10_gpu.py", line 569, in _chunk
    sr, si, br, bi, s_ar, dm = slabfn(
                               ^^^^^^^
  File "/workspace/h1/RH/scripts/rh/day038_h1_3e10_gpu.py", line 455, in slab_budget_gpu
    dredg = (2.0 * cc / cp.maximum(abs_g2t2, 1e-30)
             ~~~~~~~~~^~~~~~~~~~~~~~~~~~~~~~~~~~~~~
  File "cupy/_core/core.pyx", line 1606, in cupy._core.core._ndarray_base.__truediv__
  File "cupy/_core/_kernel.pyx", line 1374, in cupy._core._kernel.ufunc.__call__
  File "cupy/_core/_kernel.pyx", line 657, in cupy._core._kernel._get_out_args_from_optionals
  File "cupy/_core/core.pyx", line 3342, in cupy._core.core._ndarray_init
  File "cupy/_core/core.pyx", line 300, in cupy._core.core._ndarray_base._init_fast
  File "cupy/cuda/memory.pyx", line 904, in cupy.cuda.memory.alloc
  File "cupy/cuda/memory.pyx", line 1614, in cupy.cuda.memory.MemoryPool.malloc
  File "cupy/cuda/memory.pyx", line 1635, in cupy.cuda.memory.MemoryPool.malloc
  File "cupy/cuda/memory.pyx", line 1350, in cupy.cuda.memory.SingleDeviceMemoryPool.malloc
  File "cupy/cuda/memory.pyx", line 1376, in cupy.cuda.memory.SingleDeviceMemoryPool._malloc
  File "cupy/cuda/memory.pyx", line 1560, in cupy.cuda.memory.SingleDeviceMemoryPool._try_malloc
cupy.cuda.memory.OutOfMemoryError: Out of memory allocating 134,217,728 bytes (allocated so far: 4,831,838,208 bytes).
Exception in thread Thread-19 (_chunk):
Traceback (most recent call last):
  File "/usr/lib/python3.12/threading.py", line 1073, in _bootstrap_inner
    self.run()
  File "/usr/lib/python3.12/threading.py", line 1010, in run
    self._target(*self._args, **self._kwargs)
  File "/workspace/h1/RH/scripts/rh/day038_h1_3e10_gpu.py", line 569, in _chunk
    sr, si, br, bi, s_ar, dm = slabfn(
                               ^^^^^^^
  File "/workspace/h1/RH/scripts/rh/day038_h1_3e10_gpu.py", line 452, in slab_budget_gpu
    S2 = float(cp.maximum(cp.abs(re_t), 0.5 / A).sum())
               ^^^^^^^^^^^^^^^^^^^^^^^^^^^^^^^^^
  File "cupy/_core/_kernel.pyx", line 1374, in cupy._core._kernel.ufunc.__call__
  File "cupy/_core/_kernel.pyx", line 657, in cupy._core._kernel._get_out_args_from_optionals
  File "cupy/_core/core.pyx", line 3342, in cupy._core.core._ndarray_init
  File "cupy/_core/core.pyx", line 300, in cupy._core.core._ndarray_base._init_fast
  File "cupy/cuda/memory.pyx", line 904, in cupy.cuda.memory.alloc
  File "cupy/cuda/memory.pyx", line 1614, in cupy.cuda.memory.MemoryPool.malloc
  File "cupy/cuda/memory.pyx", line 1635, in cupy.cuda.memory.MemoryPool.malloc
  File "cupy/cuda/memory.pyx", line 1350, in cupy.cuda.memory.SingleDeviceMemoryPool.malloc
  File "cupy/cuda/memory.pyx", line 1376, in cupy.cuda.memory.SingleDeviceMemoryPool._malloc
  File "cupy/cuda/memory.pyx", line 1560, in cupy.cuda.memory.SingleDeviceMemoryPool._try_malloc
cupy.cuda.memory.OutOfMemoryError: Out of memory allocating 134,217,728 bytes (allocated so far: 4,697,620,480 bytes).
  ...t=1.395e+10 tail sweep 99% (6000 pieces, 4 threads)
  ...t=1.395e+10 tail sweep 99% (6000 pieces, 4 threads)
  ...t=1.395e+10 tail sweep 99% (6000 pieces, 4 threads)
  ...t=1.395e+10 tail sweep 8% (500 pieces, 4 threads)
  pt win=0 k=+1 x=1.395e+10 t=13949083705.74275 mnew=1.0000 mcert=1.0000 bexp=1.44e-03
  pt win=0 k=+3 x=1.395e+10 t=13949083706.74275 mnew=1.0000 mcert=1.0000 bexp=1.44e-03
  pt win=0 k=+4 x=1.395e+10 t=13949083707.24275 mnew=1.0000 mcert=1.0000 bexp=1.44e-03
  ...t=1.395e+10 tail sweep 8% (500 pieces, 4 threads)
  ...t=1.395e+10 tail sweep 8% (500 pieces, 4 threads)
  ...t=1.395e+10 tail sweep 8% (500 pieces, 4 threads)
  ...t=1.395e+10 tail sweep 17% (1000 pieces, 4 threads)
  ...t=1.395e+10 tail sweep 17% (1000 pieces, 4 threads)
  ...t=1.395e+10 tail sweep 17% (1000 pieces, 4 threads)
  ...t=1.395e+10 tail sweep 17% (1000 pieces, 4 threads)
  ...t=1.395e+10 tail sweep 25% (1500 pieces, 4 threads)
  ...t=1.395e+10 tail sweep 25% (1500 pieces, 4 threads)
  ...t=1.395e+10 tail sweep 25% (1500 pieces, 4 threads)
  ...t=1.395e+10 tail sweep 25% (1500 pieces, 4 threads)
  ...t=1.395e+10 tail sweep 33% (2000 pieces, 4 threads)
  ...t=1.395e+10 tail sweep 33% (2000 pieces, 4 threads)
  ...t=1.395e+10 tail sweep 33% (2000 pieces, 4 threads)
  ...t=1.395e+10 tail sweep 41% (2500 pieces, 4 threads)
  ...t=1.395e+10 tail sweep 41% (2500 pieces, 4 threads)
  ...t=1.395e+10 tail sweep 41% (2500 pieces, 4 threads)
  ...t=1.395e+10 tail sweep 33% (2000 pieces, 4 threads)
  ...t=1.395e+10 tail sweep 50% (3000 pieces, 4 threads)
  ...t=1.395e+10 tail sweep 50% (3000 pieces, 4 threads)
  ...t=1.395e+10 tail sweep 50% (3000 pieces, 4 threads)
  ...t=1.395e+10 tail sweep 58% (3500 pieces, 4 threads)
  ...t=1.395e+10 tail sweep 58% (3500 pieces, 4 threads)
  ...t=1.395e+10 tail sweep 41% (2500 pieces, 4 threads)
  ...t=1.395e+10 tail sweep 58% (3500 pieces, 4 threads)
  ...t=1.395e+10 tail sweep 66% (4000 pieces, 4 threads)
  ...t=1.395e+10 tail sweep 66% (4000 pieces, 4 threads)
  ...t=1.395e+10 tail sweep 66% (4000 pieces, 4 threads)
  ...t=1.395e+10 tail sweep 50% (3000 pieces, 4 threads)
  ...t=1.395e+10 tail sweep 74% (4500 pieces, 4 threads)
  ...t=1.395e+10 tail sweep 74% (4500 pieces, 4 threads)
point  job  (win  0,  k  +5,  x=1.394908371e+10)  WORKER  FAILED:  TypeError('cannot unpack non-iterable NoneType object')  --  done  points  are  checkpointed;  supervisor  resumes
  ...t=1.395e+10 tail sweep 74% (4500 pieces, 4 threads)
  ...t=1.395e+10 tail sweep 83% (5000 pieces, 4 threads)
  ...t=1.395e+10 tail sweep 83% (5000 pieces, 4 threads)
  ...t=1.395e+10 tail sweep 8% (500 pieces, 4 threads)
  ...t=1.395e+10 tail sweep 83% (5000 pieces, 4 threads)
  ...t=1.395e+10 tail sweep 91% (5500 pieces, 4 threads)
  ...t=1.395e+10 tail sweep 91% (5500 pieces, 4 threads)
  ...t=1.395e+10 tail sweep 17% (1000 pieces, 4 threads)
  ...t=1.395e+10 tail sweep 91% (5500 pieces, 4 threads)
  ...t=1.395e+10 tail sweep 99% (6000 pieces, 4 threads)
  ...t=1.395e+10 tail sweep 99% (6000 pieces, 4 threads)
  ...t=1.395e+10 tail sweep 25% (1500 pieces, 4 threads)
  ...t=1.395e+10 tail sweep 99% (6000 pieces, 4 threads)
  ...t=1.395e+10 tail sweep 33% (2000 pieces, 4 threads)
  pt win=0 k=+6 x=1.395e+10 t=13949083708.24275 mnew=1.0000 mcert=1.0000 bexp=1.43e-03
  pt win=0 k=+7 x=1.395e+10 t=13949083708.74275 mnew=1.0000 mcert=1.0000 bexp=1.50e-03
  pt win=0 k=+8 x=1.395e+10 t=13949083709.24275 mnew=1.0000 mcert=1.0000 bexp=1.43e-03
  ...t=1.395e+10 tail sweep 41% (2500 pieces, 4 threads)
  ...t=1.395e+10 tail sweep 8% (500 pieces, 4 threads)
  ...t=1.395e+10 tail sweep 8% (500 pieces, 4 threads)
  ...t=1.395e+10 tail sweep 8% (500 pieces, 4 threads)
  ...t=1.395e+10 tail sweep 50% (3000 pieces, 4 threads)
  ...t=1.395e+10 tail sweep 17% (1000 pieces, 4 threads)
  ...t=1.395e+10 tail sweep 17% (1000 pieces, 4 threads)
  ...t=1.395e+10 tail sweep 17% (1000 pieces, 4 threads)
  ...t=1.395e+10 tail sweep 58% (3500 pieces, 4 threads)
  ...t=1.395e+10 tail sweep 25% (1500 pieces, 4 threads)
  ...t=1.395e+10 tail sweep 25% (1500 pieces, 4 threads)
  ...t=1.395e+10 tail sweep 25% (1500 pieces, 4 threads)
  ...t=1.395e+10 tail sweep 66% (4000 pieces, 4 threads)
  ...t=1.395e+10 tail sweep 33% (2000 pieces, 4 threads)
  ...t=1.395e+10 tail sweep 33% (2000 pieces, 4 threads)
  ...t=1.395e+10 tail sweep 33% (2000 pieces, 4 threads)
  ...t=1.395e+10 tail sweep 74% (4500 pieces, 4 threads)
  ...t=1.395e+10 tail sweep 41% (2500 pieces, 4 threads)
  ...t=1.395e+10 tail sweep 41% (2500 pieces, 4 threads)
  ...t=1.395e+10 tail sweep 41% (2500 pieces, 4 threads)
  ...t=1.395e+10 tail sweep 83% (5000 pieces, 4 threads)
  ...t=1.395e+10 tail sweep 50% (3000 pieces, 4 threads)
  ...t=1.395e+10 tail sweep 50% (3000 pieces, 4 threads)
  ...t=1.395e+10 tail sweep 50% (3000 pieces, 4 threads)
  ...t=1.395e+10 tail sweep 91% (5500 pieces, 4 threads)
  ...t=1.395e+10 tail sweep 58% (3500 pieces, 4 threads)
  ...t=1.395e+10 tail sweep 58% (3500 pieces, 4 threads)
  ...t=1.395e+10 tail sweep 58% (3500 pieces, 4 threads)
  ...t=1.395e+10 tail sweep 99% (6000 pieces, 4 threads)
  ...t=1.395e+10 tail sweep 66% (4000 pieces, 4 threads)
  ...t=1.395e+10 tail sweep 66% (4000 pieces, 4 threads)
  ...t=1.395e+10 tail sweep 66% (4000 pieces, 4 threads)
  ...t=1.395e+10 tail sweep 74% (4500 pieces, 4 threads)
  pt win=0 k=+9 x=1.395e+10 t=13949083709.74275 mnew=1.0000 mcert=1.0000 bexp=1.46e-03
  ...t=1.395e+10 tail sweep 74% (4500 pieces, 4 threads)
  ...t=1.395e+10 tail sweep 74% (4500 pieces, 4 threads)
  ...t=1.395e+10 tail sweep 83% (5000 pieces, 4 threads)
  ...t=1.395e+10 tail sweep 83% (5000 pieces, 4 threads)
  ...t=1.395e+10 tail sweep 83% (5000 pieces, 4 threads)
  ...t=1.395e+10 tail sweep 91% (5500 pieces, 4 threads)
  ...t=1.395e+10 tail sweep 91% (5500 pieces, 4 threads)
  ...t=1.395e+10 tail sweep 91% (5500 pieces, 4 threads)
  ...t=1.395e+10 tail sweep 99% (6000 pieces, 4 threads)
  ...t=1.395e+10 tail sweep 99% (6000 pieces, 4 threads)
  ...t=1.395e+10 tail sweep 99% (6000 pieces, 4 threads)
  pt win=0 k=+10 x=1.395e+10 t=13949083710.24275 mnew=1.0000 mcert=1.0000 bexp=1.43e-03
  pt win=0 k=+11 x=1.395e+10 t=13949083710.74275 mnew=1.0000 mcert=1.0000 bexp=1.54e-03
  pt win=0 k=+12 x=1.395e+10 t=13949083711.24275 mnew=1.0000 mcert=1.0000 bexp=1.44e-03
window   0:  22/24  points  after  this  instance
H1  INCOMPLETE:  1  window(s)  not  at  24/24  --  checkpoints  intact,  supervisor  resumes
H1_WINDOWS:  running  windows  19  (1  of  29)
resume:  window   0  (x=1.394908371e+10)  22/24  points  on disk
memguard:  MemAvailable  728.7  GiB,  reserve  28  GiB,  ~2.5  GiB/thread  x  4  threads  ->  allow  <=  10  contexts  (=  40  slab  threads;  11  GPU  clients  incl.  Xorg  vs  budget  11)
day038  gpu  H1-3e10:  FULL,  2  point  jobs  remaining (1  windows,  4  contexts  x  4  threads)
pids: parent=21775 workers=4 written to ckpt_h1_3e10/run.pids
overlap: 152/12626784 zeros differ by <=1.00 ulp (last byte,  rounding-level) --  those indices certified with dg x3
stitch: B from element 12626784 (first zero 1006346000.166784); overlap cross-check 12626632/12626784 byte-equal
tail3e10: L 52290633 + A 2792198664 + B' 3053546936 + C 3142622346 + D 92577877714 = 101618536293 zeros (812.9 GB); G_LAST = 30001045999.981976
overlap: 152/12626784 zeros differ by <=1.00 ulp (last byte,  rounding-level) --  those indices certified with dg x3
stitch: B from element 12626784 (first zero 1006346000.166784); overlap cross-check 12626632/12626784 byte-equal
tail3e10: L 52290633 + A 2792198664 + B' 3053546936 + C 3142622346 + D 92577877714 = 101618536293 zeros (812.9 GB); G_LAST = 30001045999.981976
  ...t=1.395e+10 tail sweep 8% (500 pieces, 4 threads)
  ...t=1.395e+10 tail sweep 8% (500 pieces, 4 threads)
  ...t=1.395e+10 tail sweep 17% (1000 pieces, 4 threads)
  ...t=1.395e+10 tail sweep 17% (1000 pieces, 4 threads)
  ...t=1.395e+10 tail sweep 25% (1500 pieces, 4 threads)
  ...t=1.395e+10 tail sweep 25% (1500 pieces, 4 threads)
  ...t=1.395e+10 tail sweep 33% (2000 pieces, 4 threads)
  ...t=1.395e+10 tail sweep 33% (2000 pieces, 4 threads)
  ...t=1.395e+10 tail sweep 41% (2500 pieces, 4 threads)
  ...t=1.395e+10 tail sweep 41% (2500 pieces, 4 threads)
  ...t=1.395e+10 tail sweep 50% (3000 pieces, 4 threads)
  ...t=1.395e+10 tail sweep 50% (3000 pieces, 4 threads)
  ...t=1.395e+10 tail sweep 58% (3500 pieces, 4 threads)
  ...t=1.395e+10 tail sweep 58% (3500 pieces, 4 threads)
  ...t=1.395e+10 tail sweep 66% (4000 pieces, 4 threads)
  ...t=1.395e+10 tail sweep 66% (4000 pieces, 4 threads)
  ...t=1.395e+10 tail sweep 74% (4500 pieces, 4 threads)
  ...t=1.395e+10 tail sweep 74% (4500 pieces, 4 threads)
  ...t=1.395e+10 tail sweep 83% (5000 pieces, 4 threads)
  ...t=1.395e+10 tail sweep 83% (5000 pieces, 4 threads)
  ...t=1.395e+10 tail sweep 91% (5500 pieces, 4 threads)
  ...t=1.395e+10 tail sweep 91% (5500 pieces, 4 threads)
  ...t=1.395e+10 tail sweep 99% (6000 pieces, 4 threads)
  ...t=1.395e+10 tail sweep 99% (6000 pieces, 4 threads)
  pt win=0 k=+5 x=1.395e+10 t=13949083707.74275 mnew=1.0000 mcert=1.0000 bexp=1.44e-03
  pt win=0 k=+2 x=1.395e+10 t=13949083706.24275 mnew=1.0000 mcert=1.0000 bexp=1.43e-03
           x            g best_mnew worst_mcert      btot      flag
 1.39491e+10 13949083705.2427  1.000000   1.000000  1.84e-03 -
worst certified margin = 1.000000 at t = 13949083699.24275 (computed 1.000000)
margin_cert < 1: [13949083700.243, 13949083700.743, 13949083699.743, 13949083699.243, 13949083702.243, 13949083701.243, 13949083701.743, 13949083702.743, 13949083704.243, 13949083703.743, 13949083703.243, 13949083704.743]
margin_new  < 1: [13949083700.243, 13949083700.743, 13949083699.743, 13949083699.243, 13949083702.243, 13949083701.243, 13949083701.743, 13949083702.743, 13949083704.243, 13949083703.743, 13949083703.243, 13949083704.743]
wall = 1381.5 s
STATUS: see the pre-registered reading C-2/C-3
H1  FULL-DONE:  1  windows,  24  points,  assembled  to  /workspace/h1/RH/scripts/rh/out_day038_full_pts.txt;  instance  wall  0.4  h
