H1_WINDOWS:  running  windows  0  (1  of  29)
resume:  window   0  (x=3232170976)  0/24  points  on disk
memguard:  MemAvailable  739.8  GiB,  reserve  28  GiB,  ~2.5  GiB/thread  x  8  threads  ->  allow  <=  10  contexts  (=  80  slab  threads;  11  GPU  clients  incl.  Xorg  vs  budget  11)
day038  gpu  H1-3e10:  FULL,  24  point  jobs  remaining (1  windows,  4  contexts  x  8  threads)
pids: parent=1577 workers=4 written to ckpt_h1_3e10/run.pids
overlap: 152/12626784 zeros differ by <=1.00 ulp (last byte,  rounding-level) --  those indices certified with dg x3
stitch: B from element 12626784 (first zero 1006346000.166784); overlap cross-check 12626632/12626784 byte-equal
tail3e10: L 52290633 + A 2792198664 + B' 3053546936 + C 3142622346 + D 92577877714 = 101618536293 zeros (812.9 GB); G_LAST = 30001045999.981976
overlap: 152/12626784 zeros differ by <=1.00 ulp (last byte,  rounding-level) --  those indices certified with dg x3
stitch: B from element 12626784 (first zero 1006346000.166784); overlap cross-check 12626632/12626784 byte-equal
tail3e10: L 52290633 + A 2792198664 + B' 3053546936 + C 3142622346 + D 92577877714 = 101618536293 zeros (812.9 GB); G_LAST = 30001045999.981976
overlap: 152/12626784 zeros differ by <=1.00 ulp (last byte,  rounding-level) --  those indices certified with dg x3
stitch: B from element 12626784 (first zero 1006346000.166784); overlap cross-check 12626632/12626784 byte-equal
tail3e10: L 52290633 + A 2792198664 + B' 3053546936 + C 3142622346 + D 92577877714 = 101618536293 zeros (812.9 GB); G_LAST = 30001045999.981976
overlap: 152/12626784 zeros differ by <=1.00 ulp (last byte,  rounding-level) --  those indices certified with dg x3
stitch: B from element 12626784 (first zero 1006346000.166784); overlap cross-check 12626632/12626784 byte-equal
tail3e10: L 52290633 + A 2792198664 + B' 3053546936 + C 3142622346 + D 92577877714 = 101618536293 zeros (812.9 GB); G_LAST = 30001045999.981976
Exception in thread Thread-1 (_chunk):
Traceback (most recent call last):
  File "/usr/lib/python3.12/threading.py", line 1073, in _bootstrap_inner
    self.run()
  File "/usr/lib/python3.12/threading.py", line 1010, in run
    self._target(*self._args, **self._kwargs)
  File "/workspace/h1/RH/scripts/rh/day038_h1_3e10_gpu.py", line 569, in _chunk
    sr, si, br, bi, s_ar, dm = slabfn(
                               ^^^^^^^
  File "/workspace/h1/RH/scripts/rh/day038_h1_3e10_gpu.py", line 443, in slab_budget_gpu
    cc = cp.asarray(c)
         ^^^^^^^^^^^^^
  File "/opt/venvs/cupy/lib/python3.12/site-packages/cupy/_creation/from_data.py", line 94, in asarray
    return _core.array(a, dtype, copy, order, blocking=blocking)
           ^^^^^^^^^^^^^^^^^^^^^^^^^^^^^^^^^^^^^^^^^^^^^^^^^^^^^
  File "cupy/_core/core.pyx", line 2821, in cupy._core.core.array
  File "cupy/_core/core.pyx", line 2841, in cupy._core.core.array
  File "cupy/_core/core.pyx", line 3067, in cupy._core.core._array_default
  File "cupy/_core/core.pyx", line 176, in cupy._core.core.ndarray.__new__
  File "cupy/_core/core.pyx", line 282, in cupy._core.core._ndarray_base._init
  File "cupy/cuda/memory.pyx", line 904, in cupy.cuda.memory.alloc
  File "cupy/cuda/memory.pyx", line 1614, in cupy.cuda.memory.MemoryPool.malloc
  File "cupy/cuda/memory.pyx", line 1635, in cupy.cuda.memory.MemoryPool.malloc
  File "cupy/cuda/memory.pyx", line 1350, in cupy.cuda.memory.SingleDeviceMemoryPool.malloc
  File "cupy/cuda/memory.pyx", line 1376, in cupy.cuda.memory.SingleDeviceMemoryPool._malloc
  File "cupy/cuda/memory.pyx", line 1560, in cupy.cuda.memory.SingleDeviceMemoryPool._try_malloc
cupy.cuda.memory.OutOfMemoryError: Out of memory allocating 134,217,728 bytes (allocated so far: 0 bytes).
Exception in thread Exception in thread Thread-2 (_chunk):
Traceback (most recent call last):
  File "/usr/lib/python3.12/threading.py", line 1073, in _bootstrap_inner
Thread-5 (_chunk):
Traceback (most recent call last):
  File "/usr/lib/python3.12/threading.py", line 1073, in _bootstrap_inner
Exception in thread Thread-6 (_chunk):
Traceback (most recent call last):
  File "/usr/lib/python3.12/threading.py", line 1073, in _bootstrap_inner
    self.run()
  File "/usr/lib/python3.12/threading.py", line 1010, in run
    self._target(*self._args, **self._kwargs)
  File "/workspace/h1/RH/scripts/rh/day038_h1_3e10_gpu.py", line 569, in _chunk
    sr, si, br, bi, s_ar, dm = slabfn(
                               ^^^^^^^
  File "/workspace/h1/RH/scripts/rh/day038_h1_3e10_gpu.py", line 455, in slab_budget_gpu
    dredg = (2.0 * cc / cp.maximum(abs_g2t2, 1e-30)
             ~~~~~~~~~^~~~~~~~~~~~~~~~~~~~~~~~~~~~~
  File "cupy/_core/core.pyx", line 1606, in cupy._core.core._ndarray_base.__truediv__
  File "cupy/_core/_kernel.pyx", line 1374, in cupy._core._kernel.ufunc.__call__
  File "cupy/_core/_kernel.pyx", line 657, in cupy._core._kernel._get_out_args_from_optionals
  File "cupy/_core/core.pyx", line 3342, in cupy._core.core._ndarray_init
  File "cupy/_core/core.pyx", line 300, in cupy._core.core._ndarray_base._init_fast
  File "cupy/cuda/memory.pyx", line 904, in cupy.cuda.memory.alloc
  File "cupy/cuda/memory.pyx", line 1614, in cupy.cuda.memory.MemoryPool.malloc
  File "cupy/cuda/memory.pyx", line 1635, in cupy.cuda.memory.MemoryPool.malloc
  File "cupy/cuda/memory.pyx", line 1350, in cupy.cuda.memory.SingleDeviceMemoryPool.malloc
  File "cupy/cuda/memory.pyx", line 1376, in cupy.cuda.memory.SingleDeviceMemoryPool._malloc
  File "cupy/cuda/memory.pyx", line 1560, in cupy.cuda.memory.SingleDeviceMemoryPool._try_malloc
cupy.cuda.memory.OutOfMemoryError: Out of memory allocating 134,217,728 bytes (allocated so far: 9,663,676,416 bytes).
    self.run()
  File "/usr/lib/python3.12/threading.py", line 1010, in run
    self._target(*self._args, **self._kwargs)
  File "/workspace/h1/RH/scripts/rh/day038_h1_3e10_gpu.py", line 569, in _chunk
    sr, si, br, bi, s_ar, dm = slabfn(
                               ^^^^^^^
  File "/workspace/h1/RH/scripts/rh/day038_h1_3e10_gpu.py", line 456, in slab_budget_gpu
    + 2.0 * cc / A + cc / (A * A))        # > 0   (c > 0)
      ~~~~~~~~~^~~
  File "cupy/_core/core.pyx", line 1606, in cupy._core.core._ndarray_base.__truediv__
  File "cupy/_core/_kernel.pyx", line 1374, in cupy._core._kernel.ufunc.__call__
  File "cupy/_core/_kernel.pyx", line 657, in cupy._core._kernel._get_out_args_from_optionals
  File "cupy/_core/core.pyx", line 3342, in cupy._core.core._ndarray_init
  File "cupy/_core/core.pyx", line 300, in cupy._core.core._ndarray_base._init_fast
  File "cupy/cuda/memory.pyx", line 904, in cupy.cuda.memory.alloc
  File "cupy/cuda/memory.pyx", line 1614, in cupy.cuda.memory.MemoryPool.malloc
  File "cupy/cuda/memory.pyx", line 1635, in cupy.cuda.memory.MemoryPool.malloc
  File "cupy/cuda/memory.pyx", line 1350, in cupy.cuda.memory.SingleDeviceMemoryPool.malloc
  File "cupy/cuda/memory.pyx", line 1376, in cupy.cuda.memory.SingleDeviceMemoryPool._malloc
  File "cupy/cuda/memory.pyx", line 1560, in cupy.cuda.memory.SingleDeviceMemoryPool._try_malloc
cupy.cuda.memory.OutOfMemoryError: Out of memory allocating 134,217,728 bytes (allocated so far: 9,797,894,144 bytes).
Exception in thread Thread-3 (_chunk):
Traceback (most recent call last):
  File "/usr/lib/python3.12/threading.py", line 1073, in _bootstrap_inner
    self.run()
  File "/usr/lib/python3.12/threading.py", line 1010, in run
    self._target(*self._args, **self._kwargs)
  File "/workspace/h1/RH/scripts/rh/day038_h1_3e10_gpu.py", line 569, in _chunk
    sr, si, br, bi, s_ar, dm = slabfn(
                               ^^^^^^^
  File "/workspace/h1/RH/scripts/rh/day038_h1_3e10_gpu.py", line 454, in slab_budget_gpu
    dg = U64 * cp.abs(cc)
         ~~~~^~~~~~~~~~~~
  File "cupy/_core/core.pyx", line 1582, in cupy._core.core._ndarray_base.__mul__
  File "cupy/_core/_kernel.pyx", line 1374, in cupy._core._kernel.ufunc.__call__
  File "cupy/_core/_kernel.pyx", line 657, in cupy._core._kernel._get_out_args_from_optionals
  File "cupy/_core/core.pyx", line 3342, in cupy._core.core._ndarray_init
  File "cupy/_core/core.pyx", line 300, in cupy._core.core._ndarray_base._init_fast
  File "cupy/cuda/memory.pyx", line 904, in cupy.cuda.memory.alloc
  File "cupy/cuda/memory.pyx", line 1614, in cupy.cuda.memory.MemoryPool.malloc
  File "cupy/cuda/memory.pyx", line 1635, in cupy.cuda.memory.MemoryPool.malloc
  File "cupy/cuda/memory.pyx", line 1350, in cupy.cuda.memory.SingleDeviceMemoryPool.malloc
  File "cupy/cuda/memory.pyx", line 1376, in cupy.cuda.memory.SingleDeviceMemoryPool._malloc
  File "cupy/cuda/memory.pyx", line 1560, in cupy.cuda.memory.SingleDeviceMemoryPool._try_malloc
cupy.cuda.memory.OutOfMemoryError: Out of memory allocating 134,217,728 bytes (allocated so far: 9,395,240,960 bytes).
    self.run()
  File "/usr/lib/python3.12/threading.py", line 1010, in run
    self._target(*self._args, **self._kwargs)
  File "/workspace/h1/RH/scripts/rh/day038_h1_3e10_gpu.py", line 569, in _chunk
    sr, si, br, bi, s_ar, dm = slabfn(
                               ^^^^^^^
  File "/workspace/h1/RH/scripts/rh/day038_h1_3e10_gpu.py", line 455, in slab_budget_gpu
    dredg = (2.0 * cc / cp.maximum(abs_g2t2, 1e-30)
                        ^^^^^^^^^^^^^^^^^^^^^^^^^^^
  File "cupy/_core/_kernel.pyx", line 1374, in cupy._core._kernel.ufunc.__call__
  File "cupy/_core/_kernel.pyx", line 657, in cupy._core._kernel._get_out_args_from_optionals
  File "cupy/_core/core.pyx", line 3342, in cupy._core.core._ndarray_init
  File "cupy/_core/core.pyx", line 300, in cupy._core.core._ndarray_base._init_fast
  File "cupy/cuda/memory.pyx", line 904, in cupy.cuda.memory.alloc
  File "cupy/cuda/memory.pyx", line 1614, in cupy.cuda.memory.MemoryPool.malloc
  File "cupy/cuda/memory.pyx", line 1635, in cupy.cuda.memory.MemoryPool.malloc
  File "cupy/cuda/memory.pyx", line 1350, in cupy.cuda.memory.SingleDeviceMemoryPool.malloc
  File "cupy/cuda/memory.pyx", line 1376, in cupy.cuda.memory.SingleDeviceMemoryPool._malloc
  File "cupy/cuda/memory.pyx", line 1560, in cupy.cuda.memory.SingleDeviceMemoryPool._try_malloc
cupy.cuda.memory.OutOfMemoryError: Out of memory allocating 134,217,728 bytes (allocated so far: 9,529,458,688 bytes).
Exception in thread Thread-2 (_chunk):
Traceback (most recent call last):
  File "/usr/lib/python3.12/threading.py", line 1073, in _bootstrap_inner
    self.run()
  File "/usr/lib/python3.12/threading.py", line 1010, in run
    self._target(*self._args, **self._kwargs)
  File "/workspace/h1/RH/scripts/rh/day038_h1_3e10_gpu.py", line 569, in _chunk
    sr, si, br, bi, s_ar, dm = slabfn(
                               ^^^^^^^
  File "/workspace/h1/RH/scripts/rh/day038_h1_3e10_gpu.py", line 445, in slab_budget_gpu
    A = g2 + 0.25
        ~~~^~~~~~
  File "cupy/_core/core.pyx", line 1570, in cupy._core.core._ndarray_base.__add__
  File "cupy/_core/core.pyx", line 2024, in cupy._core.core._ndarray_base.__array_ufunc__
  File "cupy/_core/_kernel.pyx", line 1374, in cupy._core._kernel.ufunc.__call__
  File "cupy/_core/_kernel.pyx", line 657, in cupy._core._kernel._get_out_args_from_optionals
  File "cupy/_core/core.pyx", line 3342, in cupy._core.core._ndarray_init
  File "cupy/_core/core.pyx", line 300, in cupy._core.core._ndarray_base._init_fast
  File "cupy/cuda/memory.pyx", line 904, in cupy.cuda.memory.alloc
  File "cupy/cuda/memory.pyx", line 1614, in cupy.cuda.memory.MemoryPool.malloc
  File "cupy/cuda/memory.pyx", line 1635, in cupy.cuda.memory.MemoryPool.malloc
  File "cupy/cuda/memory.pyx", line 1350, in cupy.cuda.memory.SingleDeviceMemoryPool.malloc
  File "cupy/cuda/memory.pyx", line 1376, in cupy.cuda.memory.SingleDeviceMemoryPool._malloc
  File "cupy/cuda/memory.pyx", line 1560, in cupy.cuda.memory.SingleDeviceMemoryPool._try_malloc
cupy.cuda.memory.OutOfMemoryError: Out of memory allocating 134,217,728 bytes (allocated so far: 3,489,660,928 bytes).
Exception in thread Thread-5 (_chunk):
Traceback (most recent call last):
  File "/usr/lib/python3.12/threading.py", line 1073, in _bootstrap_inner
    self.run()
  File "/usr/lib/python3.12/threading.py", line 1010, in run
    self._target(*self._args, **self._kwargs)
  File "/workspace/h1/RH/scripts/rh/day038_h1_3e10_gpu.py", line 569, in _chunk
    sr, si, br, bi, s_ar, dm = slabfn(
                               ^^^^^^^
  File "/workspace/h1/RH/scripts/rh/day038_h1_3e10_gpu.py", line 446, in slab_budget_gpu
    abs_g2t2 = cp.abs(g2 - t2)
               ^^^^^^^^^^^^^^^
  File "cupy/_core/_kernel.pyx", line 1374, in cupy._core._kernel.ufunc.__call__
  File "cupy/_core/_kernel.pyx", line 657, in cupy._core._kernel._get_out_args_from_optionals
  File "cupy/_core/core.pyx", line 3342, in cupy._core.core._ndarray_init
  File "cupy/_core/core.pyx", line 300, in cupy._core.core._ndarray_base._init_fast
  File "cupy/cuda/memory.pyx", line 904, in cupy.cuda.memory.alloc
  File "cupy/cuda/memory.pyx", line 1614, in cupy.cuda.memory.MemoryPool.malloc
  File "cupy/cuda/memory.pyx", line 1635, in cupy.cuda.memory.MemoryPool.malloc
  File "cupy/cuda/memory.pyx", line 1350, in cupy.cuda.memory.SingleDeviceMemoryPool.malloc
  File "cupy/cuda/memory.pyx", line 1376, in cupy.cuda.memory.SingleDeviceMemoryPool._malloc
  File "cupy/cuda/memory.pyx", line 1560, in cupy.cuda.memory.SingleDeviceMemoryPool._try_malloc
cupy.cuda.memory.OutOfMemoryError: Out of memory allocating 134,217,728 bytes (allocated so far: 3,489,660,928 bytes).
Exception in thread Thread-6 (_chunk):
Traceback (most recent call last):
  File "/usr/lib/python3.12/threading.py", line 1073, in _bootstrap_inner
    self.run()
  File "/usr/lib/python3.12/threading.py", line 1010, in run
    self._target(*self._args, **self._kwargs)
  File "/workspace/h1/RH/scripts/rh/day038_h1_3e10_gpu.py", line 569, in _chunk
    sr, si, br, bi, s_ar, dm = slabfn(
                               ^^^^^^^
  File "/workspace/h1/RH/scripts/rh/day038_h1_3e10_gpu.py", line 445, in slab_budget_gpu
    A = g2 + 0.25
        ~~~^~~~~~
  File "cupy/_core/core.pyx", line 1570, in cupy._core.core._ndarray_base.__add__
  File "cupy/_core/core.pyx", line 2024, in cupy._core.core._ndarray_base.__array_ufunc__
  File "cupy/_core/_kernel.pyx", line 1374, in cupy._core._kernel.ufunc.__call__
  File "cupy/_core/_kernel.pyx", line 657, in cupy._core._kernel._get_out_args_from_optionals
  File "cupy/_core/core.pyx", line 3342, in cupy._core.core._ndarray_init
  File "cupy/_core/core.pyx", line 300, in cupy._core.core._ndarray_base._init_fast
  File "cupy/cuda/memory.pyx", line 904, in cupy.cuda.memory.alloc
  File "cupy/cuda/memory.pyx", line 1614, in cupy.cuda.memory.MemoryPool.malloc
  File "cupy/cuda/memory.pyx", line 1635, in cupy.cuda.memory.MemoryPool.malloc
  File "cupy/cuda/memory.pyx", line 1350, in cupy.cuda.memory.SingleDeviceMemoryPool.malloc
  File "cupy/cuda/memory.pyx", line 1376, in cupy.cuda.memory.SingleDeviceMemoryPool._malloc
  File "cupy/cuda/memory.pyx", line 1560, in cupy.cuda.memory.SingleDeviceMemoryPool._try_malloc
cupy.cuda.memory.OutOfMemoryError: Out of memory allocating 134,217,728 bytes (allocated so far: 3,221,225,472 bytes).
Exception in thread Thread-3 (_chunk):
Traceback (most recent call last):
  File "/usr/lib/python3.12/threading.py", line 1073, in _bootstrap_inner
    self.run()
  File "/usr/lib/python3.12/threading.py", line 1010, in run
    self._target(*self._args, **self._kwargs)
  File "/workspace/h1/RH/scripts/rh/day038_h1_3e10_gpu.py", line 569, in _chunk
    sr, si, br, bi, s_ar, dm = slabfn(
                               ^^^^^^^
  File "/workspace/h1/RH/scripts/rh/day038_h1_3e10_gpu.py", line 447, in slab_budget_gpu
    re_t = cp.log(abs_g2t2) - cp.log(A) + 0.5 / A
                              ^^^^^^^^^
  File "cupy/_core/_kernel.pyx", line 1374, in cupy._core._kernel.ufunc.__call__
  File "cupy/_core/_kernel.pyx", line 657, in cupy._core._kernel._get_out_args_from_optionals
  File "cupy/_core/core.pyx", line 3342, in cupy._core.core._ndarray_init
  File "cupy/_core/core.pyx", line 300, in cupy._core.core._ndarray_base._init_fast
  File "cupy/cuda/memory.pyx", line 904, in cupy.cuda.memory.alloc
  File "cupy/cuda/memory.pyx", line 1614, in cupy.cuda.memory.MemoryPool.malloc
  File "cupy/cuda/memory.pyx", line 1635, in cupy.cuda.memory.MemoryPool.malloc
  File "cupy/cuda/memory.pyx", line 1350, in cupy.cuda.memory.SingleDeviceMemoryPool.malloc
  File "cupy/cuda/memory.pyx", line 1376, in cupy.cuda.memory.SingleDeviceMemoryPool._malloc
  File "cupy/cuda/memory.pyx", line 1560, in cupy.cuda.memory.SingleDeviceMemoryPool._try_malloc
cupy.cuda.memory.OutOfMemoryError: Out of memory allocating 134,217,728 bytes (allocated so far: 3,489,660,928 bytes).
Exception in thread Thread-7 (_chunk):
Traceback (most recent call last):
  File "/usr/lib/python3.12/threading.py", line 1073, in _bootstrap_inner
    self.run()
  File "/usr/lib/python3.12/threading.py", line 1010, in run
    self._target(*self._args, **self._kwargs)
  File "/workspace/h1/RH/scripts/rh/day038_h1_3e10_gpu.py", line 569, in _chunk
Exception in thread Thread-8 (_chunk):
Traceback (most recent call last):
  File "/usr/lib/python3.12/threading.py", line 1073, in _bootstrap_inner
    self.run()
  File "/usr/lib/python3.12/threading.py", line 1010, in run
    self._target(*self._args, **self._kwargs)
  File "/workspace/h1/RH/scripts/rh/day038_h1_3e10_gpu.py", line 569, in _chunk
    sr, si, br, bi, s_ar, dm = slabfn(
                               ^^^^^^^
  File "/workspace/h1/RH/scripts/rh/day038_h1_3e10_gpu.py", line 452, in slab_budget_gpu
    S2 = float(cp.maximum(cp.abs(re_t), 0.5 / A).sum())
                                        ~~~~^~~
  File "cupy/_core/core.pyx", line 1606, in cupy._core.core._ndarray_base.__truediv__
  File "cupy/_core/_kernel.pyx", line 1374, in cupy._core._kernel.ufunc.__call__
  File "cupy/_core/_kernel.pyx", line 657, in cupy._core._kernel._get_out_args_from_optionals
  File "cupy/_core/core.pyx", line 3342, in cupy._core.core._ndarray_init
  File "cupy/_core/core.pyx", line 300, in cupy._core.core._ndarray_base._init_fast
  File "cupy/cuda/memory.pyx", line 904, in cupy.cuda.memory.alloc
  File "cupy/cuda/memory.pyx", line 1614, in cupy.cuda.memory.MemoryPool.malloc
  File "cupy/cuda/memory.pyx", line 1635, in cupy.cuda.memory.MemoryPool.malloc
  File "cupy/cuda/memory.pyx", line 1350, in cupy.cuda.memory.SingleDeviceMemoryPool.malloc
  File "cupy/cuda/memory.pyx", line 1376, in cupy.cuda.memory.SingleDeviceMemoryPool._malloc
  File "cupy/cuda/memory.pyx", line 1560, in cupy.cuda.memory.SingleDeviceMemoryPool._try_malloc
cupy.cuda.memory.OutOfMemoryError: Out of memory allocating 134,217,728 bytes (allocated so far: 3,221,225,472 bytes).
    sr, si, br, bi, s_ar, dm = slabfn(
                               ^^^^^^^
  File "/workspace/h1/RH/scripts/rh/day038_h1_3e10_gpu.py", line 452, in slab_budget_gpu
    S2 = float(cp.maximum(cp.abs(re_t), 0.5 / A).sum())
                                        ~~~~^~~
  File "cupy/_core/core.pyx", line 1606, in cupy._core.core._ndarray_base.__truediv__
  File "cupy/_core/_kernel.pyx", line 1374, in cupy._core._kernel.ufunc.__call__
  File "cupy/_core/_kernel.pyx", line 657, in cupy._core._kernel._get_out_args_from_optionals
  File "cupy/_core/core.pyx", line 3342, in cupy._core.core._ndarray_init
  File "cupy/_core/core.pyx", line 300, in cupy._core.core._ndarray_base._init_fast
  File "cupy/cuda/memory.pyx", line 904, in cupy.cuda.memory.alloc
  File "cupy/cuda/memory.pyx", line 1614, in cupy.cuda.memory.MemoryPool.malloc
  File "cupy/cuda/memory.pyx", line 1635, in cupy.cuda.memory.MemoryPool.malloc
  File "cupy/cuda/memory.pyx", line 1350, in cupy.cuda.memory.SingleDeviceMemoryPool.malloc
  File "cupy/cuda/memory.pyx", line 1376, in cupy.cuda.memory.SingleDeviceMemoryPool._malloc
  File "cupy/cuda/memory.pyx", line 1560, in cupy.cuda.memory.SingleDeviceMemoryPool._try_malloc
cupy.cuda.memory.OutOfMemoryError: Out of memory allocating 134,217,728 bytes (allocated so far: 3,355,443,200 bytes).
  ...t=3.232e+09 tail sweep 8% (500 pieces, 8 threads)
  ...t=3.232e+09 tail sweep 8% (500 pieces, 8 threads)
  ...t=3.232e+09 tail sweep 8% (500 pieces, 8 threads)
  ...t=3.232e+09 tail sweep 17% (1000 pieces, 8 threads)
  ...t=3.232e+09 tail sweep 17% (1000 pieces, 8 threads)
  ...t=3.232e+09 tail sweep 25% (1500 pieces, 8 threads)
  ...t=3.232e+09 tail sweep 17% (1000 pieces, 8 threads)
  ...t=3.232e+09 tail sweep 25% (1500 pieces, 8 threads)
  ...t=3.232e+09 tail sweep 8% (500 pieces, 8 threads)
  ...t=3.232e+09 tail sweep 33% (2000 pieces, 8 threads)
  ...t=3.232e+09 tail sweep 33% (2000 pieces, 8 threads)
  ...t=3.232e+09 tail sweep 25% (1500 pieces, 8 threads)
  ...t=3.232e+09 tail sweep 41% (2500 pieces, 8 threads)
  ...t=3.232e+09 tail sweep 41% (2500 pieces, 8 threads)
  ...t=3.232e+09 tail sweep 33% (2000 pieces, 8 threads)
point  job  (win  0,  k  -9,  x=3232170976)  WORKER  FAILED:  TypeError('cannot unpack non-iterable NoneType object')  --  done  points  are  checkpointed;  supervisor  resumes
  ...t=3.232e+09 tail sweep 50% (3000 pieces, 8 threads)
Exception in thread Exception in thread Exception in thread Exception in thread Thread-11 (_chunk)Thread-10 (_chunk)Thread-12 (_chunk):
Traceback (most recent call last):
  File "/usr/lib/python3.12/threading.py", line 1073, in _bootstrap_inner
    self.run()
  File "/usr/lib/python3.12/threading.py", line 1010, in run
    self._target(*self._args, **self._kwargs)
  File "/workspace/h1/RH/scripts/rh/day038_h1_3e10_gpu.py", line 569, in _chunk
    sr, si, br, bi, s_ar, dm = slabfn(
                               ^^^^^^^
  File "/workspace/h1/RH/scripts/rh/day038_h1_3e10_gpu.py", line 455, in slab_budget_gpu
:
Traceback (most recent call last):
:
  File "/usr/lib/python3.12/threading.py", line 1073, in _bootstrap_inner
    dredg = (2.0 * cc / cp.maximum(abs_g2t2, 1e-30)
                        ^^^^^^^^^^^^^^^^^^^^^^^^^^^
  File "cupy/_core/_kernel.pyx", line 1374, in cupy._core._kernel.ufunc.__call__
  File "cupy/_core/_kernel.pyx", line 657, in cupy._core._kernel._get_out_args_from_optionals
  File "cupy/_core/core.pyx", line 3342, in cupy._core.core._ndarray_init
  File "cupy/_core/core.pyx", line 300, in cupy._core.core._ndarray_base._init_fast
  File "cupy/cuda/memory.pyx", line 904, in cupy.cuda.memory.alloc
  File "cupy/cuda/memory.pyx", line 1614, in cupy.cuda.memory.MemoryPool.malloc
  File "cupy/cuda/memory.pyx", line 1635, in cupy.cuda.memory.MemoryPool.malloc
  File "cupy/cuda/memory.pyx", line 1350, in cupy.cuda.memory.SingleDeviceMemoryPool.malloc
  File "cupy/cuda/memory.pyx", line 1376, in cupy.cuda.memory.SingleDeviceMemoryPool._malloc
  File "cupy/cuda/memory.pyx", line 1560, in cupy.cuda.memory.SingleDeviceMemoryPool._try_malloc
cupy.cuda.memory.OutOfMemoryError: Out of memory allocating 134,217,728 bytes (allocated so far: 3,489,660,928 bytes).
Thread-14 (_chunk):
Traceback (most recent call last):
  File "/usr/lib/python3.12/threading.py", line 1073, in _bootstrap_inner
    self.run()
  File "/usr/lib/python3.12/threading.py", line 1010, in run
    self._target(*self._args, **self._kwargs)
  File "/workspace/h1/RH/scripts/rh/day038_h1_3e10_gpu.py", line 569, in _chunk
    sr, si, br, bi, s_ar, dm = slabfn(
                               ^^^^^^^
  File "/workspace/h1/RH/scripts/rh/day038_h1_3e10_gpu.py", line 444, in slab_budget_gpu
    g2 = cc * cc
         ~~~^~~~
  File "cupy/_core/core.pyx", line 1582, in cupy._core.core._ndarray_base.__mul__
  File "cupy/_core/_kernel.pyx", line 1374, in cupy._core._kernel.ufunc.__call__
  File "cupy/_core/_kernel.pyx", line 657, in cupy._core._kernel._get_out_args_from_optionals
  File "cupy/_core/core.pyx", line 3342, in cupy._core.core._ndarray_init
  File "cupy/_core/core.pyx", line 300, in cupy._core.core._ndarray_base._init_fast
  File "cupy/cuda/memory.pyx", line 904, in cupy.cuda.memory.alloc
  File "cupy/cuda/memory.pyx", line 1614, in cupy.cuda.memory.MemoryPool.malloc
  File "cupy/cuda/memory.pyx", line 1635, in cupy.cuda.memory.MemoryPool.malloc
  File "cupy/cuda/memory.pyx", line 1350, in cupy.cuda.memory.SingleDeviceMemoryPool.malloc
  File "cupy/cuda/memory.pyx", line 1376, in cupy.cuda.memory.SingleDeviceMemoryPool._malloc
  File "cupy/cuda/memory.pyx", line 1560, in cupy.cuda.memory.SingleDeviceMemoryPool._try_malloc
cupy.cuda.memory.OutOfMemoryError: Out of memory allocating 134,217,728 bytes (allocated so far: 3,623,878,656 bytes).
Traceback (most recent call last):
  File "/usr/lib/python3.12/threading.py", line 1073, in _bootstrap_inner
    self.run()
  File "/usr/lib/python3.12/threading.py", line 1010, in run
    self._target(*self._args, **self._kwargs)
  File "/workspace/h1/RH/scripts/rh/day038_h1_3e10_gpu.py", line 569, in _chunk
    sr, si, br, bi, s_ar, dm = slabfn(
                               ^^^^^^^
  File "/workspace/h1/RH/scripts/rh/day038_h1_3e10_gpu.py", line 446, in slab_budget_gpu
    abs_g2t2 = cp.abs(g2 - t2)
               ^^^^^^^^^^^^^^^
  File "cupy/_core/_kernel.pyx", line 1374, in cupy._core._kernel.ufunc.__call__
  File "cupy/_core/_kernel.pyx", line 657, in cupy._core._kernel._get_out_args_from_optionals
  File "cupy/_core/core.pyx", line 3342, in cupy._core.core._ndarray_init
  File "cupy/_core/core.pyx", line 300, in cupy._core.core._ndarray_base._init_fast
  File "cupy/cuda/memory.pyx", line 904, in cupy.cuda.memory.alloc
  File "cupy/cuda/memory.pyx", line 1614, in cupy.cuda.memory.MemoryPool.malloc
  File "cupy/cuda/memory.pyx", line 1635, in cupy.cuda.memory.MemoryPool.malloc
  File "cupy/cuda/memory.pyx", line 1350, in cupy.cuda.memory.SingleDeviceMemoryPool.malloc
  File "cupy/cuda/memory.pyx", line 1376, in cupy.cuda.memory.SingleDeviceMemoryPool._malloc
  File "cupy/cuda/memory.pyx", line 1560, in cupy.cuda.memory.SingleDeviceMemoryPool._try_malloc
cupy.cuda.memory.OutOfMemoryError: Out of memory allocating 134,217,728 bytes (allocated so far: 3,355,443,200 bytes).
    self.run()
  File "/usr/lib/python3.12/threading.py", line 1010, in run
    self._target(*self._args, **self._kwargs)
  File "/workspace/h1/RH/scripts/rh/day038_h1_3e10_gpu.py", line 569, in _chunk
    sr, si, br, bi, s_ar, dm = slabfn(
                               ^^^^^^^
  File "/workspace/h1/RH/scripts/rh/day038_h1_3e10_gpu.py", line 443, in slab_budget_gpu
    cc = cp.asarray(c)
         ^^^^^^^^^^^^^
  File "/opt/venvs/cupy/lib/python3.12/site-packages/cupy/_creation/from_data.py", line 94, in asarray
    return _core.array(a, dtype, copy, order, blocking=blocking)
           ^^^^^^^^^^^^^^^^^^^^^^^^^^^^^^^^^^^^^^^^^^^^^^^^^^^^^
  File "cupy/_core/core.pyx", line 2821, in cupy._core.core.array
  File "cupy/_core/core.pyx", line 2841, in cupy._core.core.array
  File "cupy/_core/core.pyx", line 3067, in cupy._core.core._array_default
  File "cupy/_core/core.pyx", line 176, in cupy._core.core.ndarray.__new__
  File "cupy/_core/core.pyx", line 282, in cupy._core.core._ndarray_base._init
  File "cupy/cuda/memory.pyx", line 904, in cupy.cuda.memory.alloc
  File "cupy/cuda/memory.pyx", line 1614, in cupy.cuda.memory.MemoryPool.malloc
  File "cupy/cuda/memory.pyx", line 1635, in cupy.cuda.memory.MemoryPool.malloc
  File "cupy/cuda/memory.pyx", line 1350, in cupy.cuda.memory.SingleDeviceMemoryPool.malloc
  File "cupy/cuda/memory.pyx", line 1376, in cupy.cuda.memory.SingleDeviceMemoryPool._malloc
  File "cupy/cuda/memory.pyx", line 1560, in cupy.cuda.memory.SingleDeviceMemoryPool._try_malloc
cupy.cuda.memory.OutOfMemoryError: Out of memory allocating 134,217,728 bytes (allocated so far: 3,489,660,928 bytes).
Exception in thread Thread-16 (_chunk):
Traceback (most recent call last):
  File "/usr/lib/python3.12/threading.py", line 1073, in _bootstrap_inner
    self.run()
  File "/usr/lib/python3.12/threading.py", line 1010, in run
    self._target(*self._args, **self._kwargs)
  File "/workspace/h1/RH/scripts/rh/day038_h1_3e10_gpu.py", line 569, in _chunk
    sr, si, br, bi, s_ar, dm = slabfn(
                               ^^^^^^^
  File "/workspace/h1/RH/scripts/rh/day038_h1_3e10_gpu.py", line 445, in slab_budget_gpu
    A = g2 + 0.25
        ~~~^~~~~~
  File "cupy/_core/core.pyx", line 1570, in cupy._core.core._ndarray_base.__add__
  File "cupy/_core/core.pyx", line 2024, in cupy._core.core._ndarray_base.__array_ufunc__
  File "cupy/_core/_kernel.pyx", line 1374, in cupy._core._kernel.ufunc.__call__
  File "cupy/_core/_kernel.pyx", line 657, in cupy._core._kernel._get_out_args_from_optionals
  File "cupy/_core/core.pyx", line 3342, in cupy._core.core._ndarray_init
  File "cupy/_core/core.pyx", line 300, in cupy._core.core._ndarray_base._init_fast
  File "cupy/cuda/memory.pyx", line 904, in cupy.cuda.memory.alloc
  File "cupy/cuda/memory.pyx", line 1614, in cupy.cuda.memory.MemoryPool.malloc
  File "cupy/cuda/memory.pyx", line 1635, in cupy.cuda.memory.MemoryPool.malloc
  File "cupy/cuda/memory.pyx", line 1350, in cupy.cuda.memory.SingleDeviceMemoryPool.malloc
  File "cupy/cuda/memory.pyx", line 1376, in cupy.cuda.memory.SingleDeviceMemoryPool._malloc
  File "cupy/cuda/memory.pyx", line 1560, in cupy.cuda.memory.SingleDeviceMemoryPool._try_malloc
cupy.cuda.memory.OutOfMemoryError: Out of memory allocating 134,217,728 bytes (allocated so far: 3,221,225,472 bytes).
Exception in thread Thread-9 (_chunk):
Traceback (most recent call last):
  File "/usr/lib/python3.12/threading.py", line 1073, in _bootstrap_inner
    self.run()
  File "/usr/lib/python3.12/threading.py", line 1010, in run
    self._target(*self._args, **self._kwargs)
  File "/workspace/h1/RH/scripts/rh/day038_h1_3e10_gpu.py", line 569, in _chunk
    sr, si, br, bi, s_ar, dm = slabfn(
                               ^^^^^^^
  File "/workspace/h1/RH/scripts/rh/day038_h1_3e10_gpu.py", line 447, in slab_budget_gpu
    re_t = cp.log(abs_g2t2) - cp.log(A) + 0.5 / A
                              ^^^^^^^^^
  File "cupy/_core/_kernel.pyx", line 1374, in cupy._core._kernel.ufunc.__call__
  File "cupy/_core/_kernel.pyx", line 657, in cupy._core._kernel._get_out_args_from_optionals
  File "cupy/_core/core.pyx", line 3342, in cupy._core.core._ndarray_init
  File "cupy/_core/core.pyx", line 300, in cupy._core.core._ndarray_base._init_fast
  File "cupy/cuda/memory.pyx", line 904, in cupy.cuda.memory.alloc
  File "cupy/cuda/memory.pyx", line 1614, in cupy.cuda.memory.MemoryPool.malloc
  File "cupy/cuda/memory.pyx", line 1635, in cupy.cuda.memory.MemoryPool.malloc
  File "cupy/cuda/memory.pyx", line 1350, in cupy.cuda.memory.SingleDeviceMemoryPool.malloc
  File "cupy/cuda/memory.pyx", line 1376, in cupy.cuda.memory.SingleDeviceMemoryPool._malloc
  File "cupy/cuda/memory.pyx", line 1560, in cupy.cuda.memory.SingleDeviceMemoryPool._try_malloc
cupy.cuda.memory.OutOfMemoryError: Out of memory allocating 134,217,728 bytes (allocated so far: 3,087,007,744 bytes).
  ...t=3.232e+09 tail sweep 50% (3000 pieces, 8 threads)
  ...t=3.232e+09 tail sweep 58% (3500 pieces, 8 threads)
  ...t=3.232e+09 tail sweep 58% (3500 pieces, 8 threads)
  ...t=3.232e+09 tail sweep 41% (2500 pieces, 8 threads)
  ...t=3.232e+09 tail sweep 66% (4000 pieces, 8 threads)
  ...t=3.232e+09 tail sweep 66% (4000 pieces, 8 threads)
  ...t=3.232e+09 tail sweep 8% (500 pieces, 8 threads)
  ...t=3.232e+09 tail sweep 50% (3000 pieces, 8 threads)
point  job  (win  0,  k  -12,  x=3232170976)  WORKER  FAILED:  TypeError('cannot unpack non-iterable NoneType object')  --  done  points  are  checkpointed;  supervisor  resumes
Exception in thread Thread-10 (_chunk):
Traceback (most recent call last):
  File "/usr/lib/python3.12/threading.py", line 1073, in _bootstrap_inner
    self.run()
  File "/usr/lib/python3.12/threading.py", line 1010, in run
    self._target(*self._args, **self._kwargs)
  File "/workspace/h1/RH/scripts/rh/day038_h1_3e10_gpu.py", line 569, in _chunk
    sr, si, br, bi, s_ar, dm = slabfn(
                               ^^^^^^^
  File "/workspace/h1/RH/scripts/rh/day038_h1_3e10_gpu.py", line 447, in slab_budget_gpu
    re_t = cp.log(abs_g2t2) - cp.log(A) + 0.5 / A
           ~~~~~~~~~~~~~~~~~^~~~~~~~~~~
  File "cupy/_core/core.pyx", line 1574, in cupy._core.core._ndarray_base.__sub__
  File "cupy/_core/_kernel.pyx", line 1374, in cupy._core._kernel.ufunc.__call__
  File "cupy/_core/_kernel.pyx", line 657, in cupy._core._kernel._get_out_args_from_optionals
  File "cupy/_core/core.pyx", line 3342, in cupy._core.core._ndarray_init
  File "cupy/_core/core.pyx", line 300, in cupy._core.core._ndarray_base._init_fast
  File "cupy/cuda/memory.pyx", line 904, in cupy.cuda.memory.alloc
  File "cupy/cuda/memory.pyx", line 1614, in cupy.cuda.memory.MemoryPool.malloc
  File "cupy/cuda/memory.pyx", line 1635, in cupy.cuda.memory.MemoryPool.malloc
  File "cupy/cuda/memory.pyx", line 1350, in cupy.cuda.memory.SingleDeviceMemoryPool.malloc
  File "cupy/cuda/memory.pyx", line 1376, in cupy.cuda.memory.SingleDeviceMemoryPool._malloc
  File "cupy/cuda/memory.pyx", line 1560, in cupy.cuda.memory.SingleDeviceMemoryPool._try_malloc
cupy.cuda.memory.OutOfMemoryError: Out of memory allocating 134,217,728 bytes (allocated so far: 6,308,233,216 bytes).
Exception in thread Thread-14 (_chunk):
Traceback (most recent call last):
  File "/usr/lib/python3.12/threading.py", line 1073, in _bootstrap_inner
    self.run()
  File "/usr/lib/python3.12/threading.py", line 1010, in run
    self._target(*self._args, **self._kwargs)
  File "/workspace/h1/RH/scripts/rh/day038_h1_3e10_gpu.py", line 569, in _chunk
    sr, si, br, bi, s_ar, dm = slabfn(
                               ^^^^^^^
  File "/workspace/h1/RH/scripts/rh/day038_h1_3e10_gpu.py", line 445, in slab_budget_gpu
    A = g2 + 0.25
        ~~~^~~~~~
  File "cupy/_core/core.pyx", line 1570, in cupy._core.core._ndarray_base.__add__
  File "cupy/_core/core.pyx", line 2024, in cupy._core.core._ndarray_base.__array_ufunc__
  File "cupy/_core/_kernel.pyx", line 1374, in cupy._core._kernel.ufunc.__call__
  File "cupy/_core/_kernel.pyx", line 657, in cupy._core._kernel._get_out_args_from_optionals
  File "cupy/_core/core.pyx", line 3342, in cupy._core.core._ndarray_init
  File "cupy/_core/core.pyx", line 300, in cupy._core.core._ndarray_base._init_fast
  File "cupy/cuda/memory.pyx", line 904, in cupy.cuda.memory.alloc
  File "cupy/cuda/memory.pyx", line 1614, in cupy.cuda.memory.MemoryPool.malloc
  File "cupy/cuda/memory.pyx", line 1635, in cupy.cuda.memory.MemoryPool.malloc
  File "cupy/cuda/memory.pyx", line 1350, in cupy.cuda.memory.SingleDeviceMemoryPool.malloc
  File "cupy/cuda/memory.pyx", line 1376, in cupy.cuda.memory.SingleDeviceMemoryPool._malloc
  File "cupy/cuda/memory.pyx", line 1560, in cupy.cuda.memory.SingleDeviceMemoryPool._try_malloc
cupy.cuda.memory.OutOfMemoryError: Out of memory allocating 134,217,728 bytes (allocated so far: 6,308,233,216 bytes).
Exception in thread Thread-15 (_chunk):
Traceback (most recent call last):
  File "/usr/lib/python3.12/threading.py", line 1073, in _bootstrap_inner
    self.run()
  File "/usr/lib/python3.12/threading.py", line 1010, in run
    self._target(*self._args, **self._kwargs)
  File "/workspace/h1/RH/scripts/rh/day038_h1_3e10_gpu.py", line 569, in _chunk
    sr, si, br, bi, s_ar, dm = slabfn(
                               ^^^^^^^
  File "/workspace/h1/RH/scripts/rh/day038_h1_3e10_gpu.py", line 455, in slab_budget_gpu
    dredg = (2.0 * cc / cp.maximum(abs_g2t2, 1e-30)
             ~~~~~~~~~^~~~~~~~~~~~~~~~~~~~~~~~~~~~~
  File "cupy/_core/core.pyx", line 1606, in cupy._core.core._ndarray_base.__truediv__
  File "cupy/_core/_kernel.pyx", line 1374, in cupy._core._kernel.ufunc.__call__
  File "cupy/_core/_kernel.pyx", line 657, in cupy._core._kernel._get_out_args_from_optionals
  File "cupy/_core/core.pyx", line 3342, in cupy._core.core._ndarray_init
  File "cupy/_core/core.pyx", line 300, in cupy._core.core._ndarray_base._init_fast
  File "cupy/cuda/memory.pyx", line 904, in cupy.cuda.memory.alloc
  File "cupy/cuda/memory.pyx", line 1614, in cupy.cuda.memory.MemoryPool.malloc
  File "cupy/cuda/memory.pyx", line 1635, in cupy.cuda.memory.MemoryPool.malloc
  File "cupy/cuda/memory.pyx", line 1350, in cupy.cuda.memory.SingleDeviceMemoryPool.malloc
  File "cupy/cuda/memory.pyx", line 1376, in cupy.cuda.memory.SingleDeviceMemoryPool._malloc
  File "cupy/cuda/memory.pyx", line 1560, in cupy.cuda.memory.SingleDeviceMemoryPool._try_malloc
cupy.cuda.memory.OutOfMemoryError: Out of memory allocating 134,217,728 bytes (allocated so far: 6,039,797,760 bytes).
Exception in thread Thread-13 (_chunk):
Traceback (most recent call last):
  File "/usr/lib/python3.12/threading.py", line 1073, in _bootstrap_inner
    self.run()
  File "/usr/lib/python3.12/threading.py", line 1010, in run
    self._target(*self._args, **self._kwargs)
  File "/workspace/h1/RH/scripts/rh/day038_h1_3e10_gpu.py", line 569, in _chunk
    sr, si, br, bi, s_ar, dm = slabfn(
                               ^^^^^^^
  File "/workspace/h1/RH/scripts/rh/day038_h1_3e10_gpu.py", line 455, in slab_budget_gpu
    dredg = (2.0 * cc / cp.maximum(abs_g2t2, 1e-30)
             ~~~~~~~~~^~~~~~~~~~~~~~~~~~~~~~~~~~~~~
  File "cupy/_core/core.pyx", line 1606, in cupy._core.core._ndarray_base.__truediv__
  File "cupy/_core/_kernel.pyx", line 1374, in cupy._core._kernel.ufunc.__call__
  File "cupy/_core/_kernel.pyx", line 657, in cupy._core._kernel._get_out_args_from_optionals
  File "cupy/_core/core.pyx", line 3342, in cupy._core.core._ndarray_init
  File "cupy/_core/core.pyx", line 300, in cupy._core.core._ndarray_base._init_fast
  File "cupy/cuda/memory.pyx", line 904, in cupy.cuda.memory.alloc
  File "cupy/cuda/memory.pyx", line 1614, in cupy.cuda.memory.MemoryPool.malloc
  File "cupy/cuda/memory.pyx", line 1635, in cupy.cuda.memory.MemoryPool.malloc
  File "cupy/cuda/memory.pyx", line 1350, in cupy.cuda.memory.SingleDeviceMemoryPool.malloc
  File "cupy/cuda/memory.pyx", line 1376, in cupy.cuda.memory.SingleDeviceMemoryPool._malloc
  File "cupy/cuda/memory.pyx", line 1560, in cupy.cuda.memory.SingleDeviceMemoryPool._try_malloc
cupy.cuda.memory.OutOfMemoryError: Out of memory allocating 134,217,728 bytes (allocated so far: 6,039,797,760 bytes).
  ...t=3.232e+09 tail sweep 74% (4500 pieces, 8 threads)
  ...t=3.232e+09 tail sweep 74% (4500 pieces, 8 threads)
  ...t=3.232e+09 tail sweep 83% (5000 pieces, 8 threads)
  ...t=3.232e+09 tail sweep 83% (5000 pieces, 8 threads)
  ...t=3.232e+09 tail sweep 8% (500 pieces, 8 threads)
  ...t=3.232e+09 tail sweep 17% (1000 pieces, 8 threads)
  ...t=3.232e+09 tail sweep 91% (5500 pieces, 8 threads)
  ...t=3.232e+09 tail sweep 91% (5500 pieces, 8 threads)
  ...t=3.232e+09 tail sweep 17% (1000 pieces, 8 threads)
  ...t=3.232e+09 tail sweep 99% (6000 pieces, 8 threads)
  ...t=3.232e+09 tail sweep 99% (6000 pieces, 8 threads)
  ...t=3.232e+09 tail sweep 25% (1500 pieces, 8 threads)
  ...t=3.232e+09 tail sweep 25% (1500 pieces, 8 threads)
point  job  (win  0,  k  -8,  x=3232170976)  WORKER  FAILED:  TypeError('cannot unpack non-iterable NoneType object')  --  done  points  are  checkpointed;  supervisor  resumes
Exception in thread Thread-24 (_chunk)Exception in thread Thread-19 (_chunk):
Exception in thread Exception in thread :
Traceback (most recent call last):
  File "/usr/lib/python3.12/threading.py", line 1073, in _bootstrap_inner
Thread-20 (_chunk):
Traceback (most recent call last):
Thread-17 (_chunk)Exception in thread   File "/usr/lib/python3.12/threading.py", line 1073, in _bootstrap_inner
Thread-21 (_chunk):
Traceback (most recent call last):
Traceback (most recent call last):
  File "/usr/lib/python3.12/threading.py", line 1073, in _bootstrap_inner
:
      File "/usr/lib/python3.12/threading.py", line 1073, in _bootstrap_inner
self.run()Traceback (most recent call last):

  File "/usr/lib/python3.12/threading.py", line 1010, in run
    Exception in thread Thread-22 (_chunk):
self.run()
  File "/usr/lib/python3.12/threading.py", line 1010, in run
  File "/usr/lib/python3.12/threading.py", line 1073, in _bootstrap_inner
    self._target(*self._args, **self._kwargs)
  File "/workspace/h1/RH/scripts/rh/day038_h1_3e10_gpu.py", line 569, in _chunk
    sr, si, br, bi, s_ar, dm = slabfn(
                               ^^^^^^^
  File "/workspace/h1/RH/scripts/rh/day038_h1_3e10_gpu.py", line 445, in slab_budget_gpu
    A = g2 + 0.25
        ~~~^~~~~~
  File "cupy/_core/core.pyx", line 1570, in cupy._core.core._ndarray_base.__add__
  File "cupy/_core/core.pyx", line 2024, in cupy._core.core._ndarray_base.__array_ufunc__
  File "cupy/_core/_kernel.pyx", line 1374, in cupy._core._kernel.ufunc.__call__
Traceback (most recent call last):
        self.run()  File "/usr/lib/python3.12/threading.py", line 1073, in _bootstrap_inner
self._target(*self._args, **self._kwargs)
  File "/workspace/h1/RH/scripts/rh/day038_h1_3e10_gpu.py", line 569, in _chunk

  File "cupy/_core/_kernel.pyx", line 657, in cupy._core._kernel._get_out_args_from_optionals
  File "/usr/lib/python3.12/threading.py", line 1010, in run
        sr, si, br, bi, s_ar, dm = slabfn(self.run()
  File "cupy/_core/core.pyx", line 3342, in cupy._core.core._ndarray_init

  File "/usr/lib/python3.12/threading.py", line 1010, in run
     self._target(*self._args, **self._kwargs) 
       File "/workspace/h1/RH/scripts/rh/day038_h1_3e10_gpu.py", line 569, in _chunk
    self.run()self.run()

      File "/usr/lib/python3.12/threading.py", line 1010, in run
  File "/usr/lib/python3.12/threading.py", line 1010, in run
          self._target(*self._args, **self._kwargs)
  File "/workspace/h1/RH/scripts/rh/day038_h1_3e10_gpu.py", line 569, in _chunk
    self._target(*self._args, **self._kwargs)sr, si, br, bi, s_ar, dm = slabfn(
                       ^^^^^^^
  File "/workspace/h1/RH/scripts/rh/day038_h1_3e10_gpu.py", line 447, in slab_budget_gpu
  File "cupy/_core/core.pyx", line 300, in cupy._core.core._ndarray_base._init_fast
  File "cupy/cuda/memory.pyx", line 904, in cupy.cuda.memory.alloc
  File "cupy/cuda/memory.pyx", line 1614, in cupy.cuda.memory.MemoryPool.malloc
  File "cupy/cuda/memory.pyx", line 1635, in cupy.cuda.memory.MemoryPool.malloc
  File "cupy/cuda/memory.pyx", line 1350, in cupy.cuda.memory.SingleDeviceMemoryPool.malloc
  File "cupy/cuda/memory.pyx", line 1376, in cupy.cuda.memory.SingleDeviceMemoryPool._malloc
  File "cupy/cuda/memory.pyx", line 1560, in cupy.cuda.memory.SingleDeviceMemoryPool._try_malloc
cupy.cuda.memory.OutOfMemoryError: Out of memory allocating 134,217,728 bytes (allocated so far: 3,489,660,928 bytes).
    re_t = cp.log(abs_g2t2) - cp.log(A) + 0.5 / A
           ~~~~~~~~~~~~~~~~~^~~~~~~~~~~
  File "cupy/_core/core.pyx", line 1574, in cupy._core.core._ndarray_base.__sub__
  File "cupy/_core/_kernel.pyx", line 1374, in cupy._core._kernel.ufunc.__call__
  File "cupy/_core/_kernel.pyx", line 657, in cupy._core._kernel._get_out_args_from_optionals
  File "cupy/_core/core.pyx", line 3342, in cupy._core.core._ndarray_init
  File "cupy/_core/core.pyx", line 300, in cupy._core.core._ndarray_base._init_fast
  File "cupy/cuda/memory.pyx", line 904, in cupy.cuda.memory.alloc
  File "cupy/cuda/memory.pyx", line 1614, in cupy.cuda.memory.MemoryPool.malloc
  File "cupy/cuda/memory.pyx", line 1635, in cupy.cuda.memory.MemoryPool.malloc
  File "cupy/cuda/memory.pyx", line 1350, in cupy.cuda.memory.SingleDeviceMemoryPool.malloc
  File "cupy/cuda/memory.pyx", line 1376, in cupy.cuda.memory.SingleDeviceMemoryPool._malloc
      
   File "/workspace/h1/RH/scripts/rh/day038_h1_3e10_gpu.py", line 569, in _chunk
   File "cupy/cuda/memory.pyx", line 1560, in cupy.cuda.memory.SingleDeviceMemoryPool._try_malloc
cupy.cuda.memory.OutOfMemoryError: Out of memory allocating 134,217,728 bytes (allocated so far: 3,355,443,200 bytes).
                      ^^^^^^^
  File "/workspace/h1/RH/scripts/rh/day038_h1_3e10_gpu.py", line 446, in slab_budget_gpu
    self._target(*self._args, **self._kwargs)
  File "/workspace/h1/RH/scripts/rh/day038_h1_3e10_gpu.py", line 569, in _chunk
        abs_g2t2 = cp.abs(g2 - t2)
sr, si, br, bi, s_ar, dm = slabfn(                 
           sr, si, br, bi, s_ar, dm = slabfn(~
    sr, si, br, bi, s_ar, dm = slabfn(~~^~  ~~
  File "cupy/_core/core.pyx", line 1578, in cupy._core.core._ndarray_base.__sub__
  File "cupy/_core/core.pyx", line 2024, in cupy._core.core._ndarray_base.__array_ufunc__
              File "cupy/_core/_kernel.pyx", line 1374, in cupy._core._kernel.ufunc.__call__
        File "cupy/_core/_kernel.pyx", line 657, in cupy._core._kernel._get_out_args_from_optionals
          File "cupy/_core/core.pyx", line 3342, in cupy._core.core._ndarray_init
        
               ^^      ^  File "cupy/_core/core.pyx", line 300, in cupy._core.core._ndarray_base._init_fast
^^^^
      ^^^  File "/workspace/h1/RH/scripts/rh/day038_h1_3e10_gpu.py", line 443, in slab_budget_gpu
    cc = cp.asarray(c)
         ^^^^^^^^^^^^^
  File "/opt/venvs/cupy/lib/python3.12/site-packages/cupy/_creation/from_data.py", line 94, in asarray
            ^^    ^return _core.array(a, dtype, copy, order, blocking=blocking) 
  ^ 
     File "/workspace/h1/RH/scripts/rh/day038_h1_3e10_gpu.py", line 444, in slab_budget_gpu
      ^^^^^^^^^^^^^^^^^^^^^^^^^^^^^              ^^^^^^^
  File "/workspace/h1/RH/scripts/rh/day038_h1_3e10_gpu.py", line 444, in slab_budget_gpu
    g2 = cc * cc
         ~~~^~~~
  File "cupy/_core/core.pyx", line 1582, in cupy._core.core._ndarray_base.__mul__
  File "cupy/_core/_kernel.pyx", line 1374, in cupy._core._kernel.ufunc.__call__
  File "cupy/_core/_kernel.pyx", line 657, in cupy._core._kernel._get_out_args_from_optionals
  File "cupy/_core/core.pyx", line 3342, in cupy._core.core._ndarray_init
  File "cupy/_core/core.pyx", line 300, in cupy._core.core._ndarray_base._init_fast
  File "cupy/cuda/memory.pyx", line 904, in cupy.cuda.memory.alloc
  File "cupy/cuda/memory.pyx", line 1614, in cupy.cuda.memory.MemoryPool.malloc
  File "cupy/cuda/memory.pyx", line 1635, in cupy.cuda.memory.MemoryPool.malloc
  File "cupy/cuda/memory.pyx", line 1350, in cupy.cuda.memory.SingleDeviceMemoryPool.malloc
  File "cupy/cuda/memory.pyx", line 1376, in cupy.cuda.memory.SingleDeviceMemoryPool._malloc
  File "cupy/cuda/memory.pyx", line 1560, in cupy.cuda.memory.SingleDeviceMemoryPool._try_malloc
cupy.cuda.memory.OutOfMemoryError: Out of memory allocating 134,217,728 bytes (allocated so far: 3,355,443,200 bytes).
    g2 = cc * cc
         ~~~^~~~
  File "cupy/_core/core.pyx", line 1582, in cupy._core.core._ndarray_base.__mul__
  File "cupy/_core/_kernel.pyx", line 1374, in cupy._core._kernel.ufunc.__call__
  File "cupy/_core/_kernel.pyx", line 657, in cupy._core._kernel._get_out_args_from_optionals
  File "cupy/_core/core.pyx", line 3342, in cupy._core.core._ndarray_init
  File "cupy/_core/core.pyx", line 300, in cupy._core.core._ndarray_base._init_fast
  File "cupy/cuda/memory.pyx", line 904, in cupy.cuda.memory.alloc
  File "cupy/cuda/memory.pyx", line 1614, in cupy.cuda.memory.MemoryPool.malloc
  File "cupy/cuda/memory.pyx", line 1635, in cupy.cuda.memory.MemoryPool.malloc
  File "cupy/cuda/memory.pyx", line 1350, in cupy.cuda.memory.SingleDeviceMemoryPool.malloc
  File "cupy/cuda/memory.pyx", line 1376, in cupy.cuda.memory.SingleDeviceMemoryPool._malloc
  File "cupy/cuda/memory.pyx", line 1560, in cupy.cuda.memory.SingleDeviceMemoryPool._try_malloc
cupy.cuda.memory.OutOfMemoryError: Out of memory allocating 134,217,728 bytes (allocated so far: 3,221,225,472 bytes).
^^^^^  File "cupy/cuda/memory.pyx", line 904, in cupy.cuda.memory.alloc
  File "cupy/cuda/memory.pyx", line 1614, in cupy.cuda.memory.MemoryPool.malloc
  File "cupy/cuda/memory.pyx", line 1635, in cupy.cuda.memory.MemoryPool.malloc
  File "cupy/cuda/memory.pyx", line 1350, in cupy.cuda.memory.SingleDeviceMemoryPool.malloc
  File "cupy/cuda/memory.pyx", line 1376, in cupy.cuda.memory.SingleDeviceMemoryPool._malloc
  File "cupy/cuda/memory.pyx", line 1560, in cupy.cuda.memory.SingleDeviceMemoryPool._try_malloc
cupy.cuda.memory.OutOfMemoryError: Out of memory allocating 134,217,728 bytes (allocated so far: 3,623,878,656 bytes).
^^^^^^^^^^^^^^^^^^^
  File "cupy/_core/core.pyx", line 2821, in cupy._core.core.array
  File "cupy/_core/core.pyx", line 2841, in cupy._core.core.array
  File "cupy/_core/core.pyx", line 3067, in cupy._core.core._array_default
  File "cupy/_core/core.pyx", line 176, in cupy._core.core.ndarray.__new__
  File "cupy/_core/core.pyx", line 282, in cupy._core.core._ndarray_base._init
  File "cupy/cuda/memory.pyx", line 904, in cupy.cuda.memory.alloc
  File "cupy/cuda/memory.pyx", line 1614, in cupy.cuda.memory.MemoryPool.malloc
  File "cupy/cuda/memory.pyx", line 1635, in cupy.cuda.memory.MemoryPool.malloc
  File "cupy/cuda/memory.pyx", line 1350, in cupy.cuda.memory.SingleDeviceMemoryPool.malloc
  File "cupy/cuda/memory.pyx", line 1376, in cupy.cuda.memory.SingleDeviceMemoryPool._malloc
  File "cupy/cuda/memory.pyx", line 1560, in cupy.cuda.memory.SingleDeviceMemoryPool._try_malloc
cupy.cuda.memory.OutOfMemoryError: Out of memory allocating 134,217,728 bytes (allocated so far: 3,489,660,928 bytes).
  ...t=3.232e+09 tail sweep 33% (2000 pieces, 8 threads)
  pt win=0 k=-10 x=3.232e+09 t=3232170971.11219 mnew=1.0000 mcert=1.0000 bexp=3.76e-04
  pt win=0 k=-11 x=3.232e+09 t=3232170970.61219 mnew=1.0000 mcert=1.0000 bexp=3.78e-04
  ...t=3.232e+09 tail sweep 8% (500 pieces, 8 threads)
  ...t=3.232e+09 tail sweep 8% (500 pieces, 8 threads)
  ...t=3.232e+09 tail sweep 8% (500 pieces, 8 threads)
  ...t=3.232e+09 tail sweep 41% (2500 pieces, 8 threads)
  ...t=3.232e+09 tail sweep 17% (1000 pieces, 8 threads)
  ...t=3.232e+09 tail sweep 17% (1000 pieces, 8 threads)
  ...t=3.232e+09 tail sweep 50% (3000 pieces, 8 threads)
  ...t=3.232e+09 tail sweep 25% (1500 pieces, 8 threads)
  ...t=3.232e+09 tail sweep 25% (1500 pieces, 8 threads)
point  job  (win  0,  k  -7,  x=3232170976)  WORKER  FAILED:  TypeError('cannot unpack non-iterable NoneType object')  --  done  points  are  checkpointed;  supervisor  resumes
Exception in thread Exception in thread Thread-23 (_chunk):
Traceback (most recent call last):
  File "/usr/lib/python3.12/threading.py", line 1073, in _bootstrap_inner
    self.run()
  File "/usr/lib/python3.12/threading.py", line 1010, in run
    self._target(*self._args, **self._kwargs)
  File "/workspace/h1/RH/scripts/rh/day038_h1_3e10_gpu.py", line 569, in _chunk
    sr, si, br, bi, s_ar, dm = slabfn(
                               ^^^^^^^
  File "/workspace/h1/RH/scripts/rh/day038_h1_3e10_gpu.py", line 445, in slab_budget_gpu
    A = g2 + 0.25
        ~~~^~~~~~
  File "cupy/_core/core.pyx", line 1570, in cupy._core.core._ndarray_base.__add__
  File "cupy/_core/core.pyx", line 2024, in cupy._core.core._ndarray_base.__array_ufunc__
  File "cupy/_core/_kernel.pyx", line 1374, in cupy._core._kernel.ufunc.__call__
  File "cupy/_core/_kernel.pyx", line 657, in cupy._core._kernel._get_out_args_from_optionals
  File "cupy/_core/core.pyx", line 3342, in cupy._core.core._ndarray_init
  File "cupy/_core/core.pyx", line 300, in cupy._core.core._ndarray_base._init_fast
  File "cupy/cuda/memory.pyx", line 904, in cupy.cuda.memory.alloc
  File "cupy/cuda/memory.pyx", line 1614, in cupy.cuda.memory.MemoryPool.malloc
  File "cupy/cuda/memory.pyx", line 1635, in cupy.cuda.memory.MemoryPool.malloc
  File "cupy/cuda/memory.pyx", line 1350, in cupy.cuda.memory.SingleDeviceMemoryPool.malloc
  File "cupy/cuda/memory.pyx", line 1376, in cupy.cuda.memory.SingleDeviceMemoryPool._malloc
Exception in thread Thread-17 (_chunk):
Traceback (most recent call last):
  File "/usr/lib/python3.12/threading.py", line 1073, in _bootstrap_inner
    self.run()
  File "/usr/lib/python3.12/threading.py", line 1010, in run
    self._target(*self._args, **self._kwargs)
  File "/workspace/h1/RH/scripts/rh/day038_h1_3e10_gpu.py", line 569, in _chunk
    sr, si, br, bi, s_ar, dm = slabfn(
                               ^^^^^^^
  File "/workspace/h1/RH/scripts/rh/day038_h1_3e10_gpu.py", line 443, in slab_budget_gpu
    cc = cp.asarray(c)
         ^^^^^^^^^^^^^
  File "/opt/venvs/cupy/lib/python3.12/site-packages/cupy/_creation/from_data.py", line 94, in asarray
  File "cupy/cuda/memory.pyx", line 1560, in cupy.cuda.memory.SingleDeviceMemoryPool._try_malloc
cupy.cuda.memory.OutOfMemoryError: Out of memory allocating 134,217,728 bytes (allocated so far: 6,442,450,944 bytes).
Thread-19 (_chunk):
Traceback (most recent call last):
  File "/usr/lib/python3.12/threading.py", line 1073, in _bootstrap_inner
    self.run()
  File "/usr/lib/python3.12/threading.py", line 1010, in run
    self._target(*self._args, **self._kwargs)
  File "/workspace/h1/RH/scripts/rh/day038_h1_3e10_gpu.py", line 569, in _chunk
    sr, si, br, bi, s_ar, dm = slabfn(
                               ^^^^^^^
  File "/workspace/h1/RH/scripts/rh/day038_h1_3e10_gpu.py", line 452, in slab_budget_gpu
    S2 = float(cp.maximum(cp.abs(re_t), 0.5 / A).sum())
    return _core.array(a, dtype, copy, order, blocking=blocking)
           ^^^^^^^^^^^^^^^^^^^^^^^^^^^^^^^^^^^^^^^^^^^^^^^^^^^^^
  File "cupy/_core/core.pyx", line 2821, in cupy._core.core.array
  File "cupy/_core/core.pyx", line 2841, in cupy._core.core.array
  File "cupy/_core/core.pyx", line 3067, in cupy._core.core._array_default
  File "cupy/_core/core.pyx", line 176, in cupy._core.core.ndarray.__new__
  File "cupy/_core/core.pyx", line 282, in cupy._core.core._ndarray_base._init
  File "cupy/cuda/memory.pyx", line 904, in cupy.cuda.memory.alloc
  File "cupy/cuda/memory.pyx", line 1614, in cupy.cuda.memory.MemoryPool.malloc
  File "cupy/cuda/memory.pyx", line 1635, in cupy.cuda.memory.MemoryPool.malloc
  File "cupy/cuda/memory.pyx", line 1350, in cupy.cuda.memory.SingleDeviceMemoryPool.malloc
  File "cupy/cuda/memory.pyx", line 1376, in cupy.cuda.memory.SingleDeviceMemoryPool._malloc
  File "cupy/cuda/memory.pyx", line 1560, in cupy.cuda.memory.SingleDeviceMemoryPool._try_malloc
cupy.cuda.memory.OutOfMemoryError: Out of memory allocating 134,217,728 bytes (allocated so far: 6,576,668,672 bytes).
               ^^^^^^^^^^^^^^^^^^^^^^^^^^^^^^^^^
  File "cupy/_core/_kernel.pyx", line 1374, in cupy._core._kernel.ufunc.__call__
  File "cupy/_core/_kernel.pyx", line 657, in cupy._core._kernel._get_out_args_from_optionals
  File "cupy/_core/core.pyx", line 3342, in cupy._core.core._ndarray_init
  File "cupy/_core/core.pyx", line 300, in cupy._core.core._ndarray_base._init_fast
  File "cupy/cuda/memory.pyx", line 904, in cupy.cuda.memory.alloc
  File "cupy/cuda/memory.pyx", line 1614, in cupy.cuda.memory.MemoryPool.malloc
  File "cupy/cuda/memory.pyx", line 1635, in cupy.cuda.memory.MemoryPool.malloc
  File "cupy/cuda/memory.pyx", line 1350, in cupy.cuda.memory.SingleDeviceMemoryPool.malloc
  File "cupy/cuda/memory.pyx", line 1376, in cupy.cuda.memory.SingleDeviceMemoryPool._malloc
  File "cupy/cuda/memory.pyx", line 1560, in cupy.cuda.memory.SingleDeviceMemoryPool._try_malloc
cupy.cuda.memory.OutOfMemoryError: Out of memory allocating 134,217,728 bytes (allocated so far: 6,308,233,216 bytes).
  ...t=3.232e+09 tail sweep 17% (1000 pieces, 8 threads)
Exception in thread Thread-20 (_chunk):
Traceback (most recent call last):
  File "/usr/lib/python3.12/threading.py", line 1073, in _bootstrap_inner
    self.run()
  File "/usr/lib/python3.12/threading.py", line 1010, in run
    self._target(*self._args, **self._kwargs)
  File "/workspace/h1/RH/scripts/rh/day038_h1_3e10_gpu.py", line 569, in _chunk
    sr, si, br, bi, s_ar, dm = slabfn(
                               ^^^^^^^
  File "/workspace/h1/RH/scripts/rh/day038_h1_3e10_gpu.py", line 457, in slab_budget_gpu
    dimdg = tf * 2.0 * cc / (A * A)                # > 0
            ~~~~~~~~~~~~~~^~~~~~~~~
  File "cupy/_core/core.pyx", line 1606, in cupy._core.core._ndarray_base.__truediv__
  File "cupy/_core/_kernel.pyx", line 1374, in cupy._core._kernel.ufunc.__call__
  File "cupy/_core/_kernel.pyx", line 657, in cupy._core._kernel._get_out_args_from_optionals
  File "cupy/_core/core.pyx", line 3342, in cupy._core.core._ndarray_init
  File "cupy/_core/core.pyx", line 300, in cupy._core.core._ndarray_base._init_fast
  File "cupy/cuda/memory.pyx", line 904, in cupy.cuda.memory.alloc
  File "cupy/cuda/memory.pyx", line 1614, in cupy.cuda.memory.MemoryPool.malloc
  File "cupy/cuda/memory.pyx", line 1635, in cupy.cuda.memory.MemoryPool.malloc
  File "cupy/cuda/memory.pyx", line 1350, in cupy.cuda.memory.SingleDeviceMemoryPool.malloc
  File "cupy/cuda/memory.pyx", line 1376, in cupy.cuda.memory.SingleDeviceMemoryPool._malloc
  File "cupy/cuda/memory.pyx", line 1560, in cupy.cuda.memory.SingleDeviceMemoryPool._try_malloc
cupy.cuda.memory.OutOfMemoryError: Out of memory allocating 134,217,728 bytes (allocated so far: 6,174,015,488 bytes).
  ...t=3.232e+09 tail sweep 33% (2000 pieces, 8 threads)
  ...t=3.232e+09 tail sweep 33% (2000 pieces, 8 threads)
  ...t=3.232e+09 tail sweep 8% (500 pieces, 8 threads)
  ...t=3.232e+09 tail sweep 41% (2500 pieces, 8 threads)
  ...t=3.232e+09 tail sweep 41% (2500 pieces, 8 threads)
  ...t=3.232e+09 tail sweep 25% (1500 pieces, 8 threads)
point  job  (win  0,  k  -6,  x=3232170976)  WORKER  FAILED:  TypeError('cannot unpack non-iterable NoneType object')  --  done  points  are  checkpointed;  supervisor  resumes
Exception in thread Thread-27 (_chunk):
Traceback (most recent call last):
  File "/usr/lib/python3.12/threading.py", line 1073, in _bootstrap_inner
    self.run()
  File "/usr/lib/python3.12/threading.py", line 1010, in run
    self._target(*self._args, **self._kwargs)
  File "/workspace/h1/RH/scripts/rh/day038_h1_3e10_gpu.py", line 569, in _chunk
    sr, si, br, bi, s_ar, dm = slabfn(
                               ^^^^^^^
  File "/workspace/h1/RH/scripts/rh/day038_h1_3e10_gpu.py", line 447, in slab_budget_gpu
    re_t = cp.log(abs_g2t2) - cp.log(A) + 0.5 / A
                              ^^^^^^^^^
  File "cupy/_core/_kernel.pyx", line 1374, in cupy._core._kernel.ufunc.__call__
  File "cupy/_core/_kernel.pyx", line 657, in cupy._core._kernel._get_out_args_from_optionals
  File "cupy/_core/core.pyx", line 3342, in cupy._core.core._ndarray_init
  File "cupy/_core/core.pyx", line 300, in cupy._core.core._ndarray_base._init_fast
  File "cupy/cuda/memory.pyx", line 904, in cupy.cuda.memory.alloc
  File "cupy/cuda/memory.pyx", line 1614, in cupy.cuda.memory.MemoryPool.malloc
  File "cupy/cuda/memory.pyx", line 1635, in cupy.cuda.memory.MemoryPool.malloc
  File "cupy/cuda/memory.pyx", line 1350, in cupy.cuda.memory.SingleDeviceMemoryPool.malloc
  File "cupy/cuda/memory.pyx", line 1376, in cupy.cuda.memory.SingleDeviceMemoryPool._malloc
  File "cupy/cuda/memory.pyx", line 1560, in cupy.cuda.memory.SingleDeviceMemoryPool._try_malloc
cupy.cuda.memory.OutOfMemoryError: Out of memory allocating 134,217,728 bytes (allocated so far: 3,623,878,656 bytes).
Exception in thread Thread-30 (_chunk):
Traceback (most recent call last):
  File "/usr/lib/python3.12/threading.py", line 1073, in _bootstrap_inner
    self.run()
  File "/usr/lib/python3.12/threading.py", line 1010, in run
    self._target(*self._args, **self._kwargs)
  File "/workspace/h1/RH/scripts/rh/day038_h1_3e10_gpu.py", line 569, in _chunk
    sr, si, br, bi, s_ar, dm = slabfn(
                               ^^^^^^^
  File "/workspace/h1/RH/scripts/rh/day038_h1_3e10_gpu.py", line 457, in slab_budget_gpu
    dimdg = tf * 2.0 * cc / (A * A)                # > 0
            ~~~~~~~~~~~~~~^~~~~~~~~
  File "cupy/_core/core.pyx", line 1606, in cupy._core.core._ndarray_base.__truediv__
  File "cupy/_core/_kernel.pyx", line 1374, in cupy._core._kernel.ufunc.__call__
  File "cupy/_core/_kernel.pyx", line 657, in cupy._core._kernel._get_out_args_from_optionals
  File "cupy/_core/core.pyx", line 3342, in cupy._core.core._ndarray_init
  File "cupy/_core/core.pyx", line 300, in cupy._core.core._ndarray_base._init_fast
  File "cupy/cuda/memory.pyx", line 904, in cupy.cuda.memory.alloc
  File "cupy/cuda/memory.pyx", line 1614, in cupy.cuda.memory.MemoryPool.malloc
  File "cupy/cuda/memory.pyx", line 1635, in cupy.cuda.memory.MemoryPool.malloc
  File "cupy/cuda/memory.pyx", line 1350, in cupy.cuda.memory.SingleDeviceMemoryPool.malloc
  File "cupy/cuda/memory.pyx", line 1376, in cupy.cuda.memory.SingleDeviceMemoryPool._malloc
  File "cupy/cuda/memory.pyx", line 1560, in cupy.cuda.memory.SingleDeviceMemoryPool._try_malloc
cupy.cuda.memory.OutOfMemoryError: Out of memory allocating 134,217,728 bytes (allocated so far: 3,087,007,744 bytes).
Exception in thread Exception in thread Thread-29 (_chunk):
Traceback (most recent call last):
Thread-32 (_chunk):
Traceback (most recent call last):
  File "/usr/lib/python3.12/threading.py", line 1073, in _bootstrap_inner
      File "/usr/lib/python3.12/threading.py", line 1073, in _bootstrap_inner
self.run()
  File "/usr/lib/python3.12/threading.py", line 1010, in run
        self.run()self._target(*self._args, **self._kwargs)

  File "/usr/lib/python3.12/threading.py", line 1010, in run
  File "/workspace/h1/RH/scripts/rh/day038_h1_3e10_gpu.py", line 569, in _chunk
    self._target(*self._args, **self._kwargs)
  File "/workspace/h1/RH/scripts/rh/day038_h1_3e10_gpu.py", line 569, in _chunk
        sr, si, br, bi, s_ar, dm = slabfn(sr, si, br, bi, s_ar, dm = slabfn(

                                                           ^  ^ ^^^^^^^^^^
^  File "/workspace/h1/RH/scripts/rh/day038_h1_3e10_gpu.py", line 444, in slab_budget_gpu
^
  File "/workspace/h1/RH/scripts/rh/day038_h1_3e10_gpu.py", line 447, in slab_budget_gpu
    g2 = cc * cc
     re_t = cp.log(abs_g2t2) - cp.log(A) + 0.5 / A 
           ~~    ~^~~~
  File "cupy/_core/core.pyx", line 1582, in cupy._core.core._ndarray_base.__mul__
               File "cupy/_core/_kernel.pyx", line 1374, in cupy._core._kernel.ufunc.__call__
        File "cupy/_core/_kernel.pyx", line 657, in cupy._core._kernel._get_out_args_from_optionals
   ^^^^^  File "cupy/_core/core.pyx", line 3342, in cupy._core.core._ndarray_init
^  File "cupy/_core/core.pyx", line 300, in cupy._core.core._ndarray_base._init_fast
^^^  File "cupy/cuda/memory.pyx", line 904, in cupy.cuda.memory.alloc

  File "cupy/_core/_kernel.pyx", line 1374, in cupy._core._kernel.ufunc.__call__
  File "cupy/cuda/memory.pyx", line 1614, in cupy.cuda.memory.MemoryPool.malloc
  File "cupy/cuda/memory.pyx", line 1635, in cupy.cuda.memory.MemoryPool.malloc
  File "cupy/_core/_kernel.pyx", line 657, in cupy._core._kernel._get_out_args_from_optionals
  File "cupy/cuda/memory.pyx", line 1350, in cupy.cuda.memory.SingleDeviceMemoryPool.malloc
  File "cupy/cuda/memory.pyx", line 1376, in cupy.cuda.memory.SingleDeviceMemoryPool._malloc
  File "cupy/cuda/memory.pyx", line 1560, in cupy.cuda.memory.SingleDeviceMemoryPool._try_malloc
  File "cupy/_core/core.pyx", line 3342, in cupy._core.core._ndarray_init
cupy.cuda.memory.OutOfMemoryError:   File "cupy/_core/core.pyx", line 300, in cupy._core.core._ndarray_base._init_fast
Out of memory allocating 134,217,728 bytes (allocated so far: 3,221,252,096 bytes).
  File "cupy/cuda/memory.pyx", line 904, in cupy.cuda.memory.alloc
  File "cupy/cuda/memory.pyx", line 1614, in cupy.cuda.memory.MemoryPool.malloc
  File "cupy/cuda/memory.pyx", line 1635, in cupy.cuda.memory.MemoryPool.malloc
  File "cupy/cuda/memory.pyx", line 1350, in cupy.cuda.memory.SingleDeviceMemoryPool.malloc
  File "cupy/cuda/memory.pyx", line 1376, in cupy.cuda.memory.SingleDeviceMemoryPool._malloc
  File "cupy/cuda/memory.pyx", line 1560, in cupy.cuda.memory.SingleDeviceMemoryPool._try_malloc
cupy.cuda.memory.OutOfMemoryError: Out of memory allocating 134,217,728 bytes (allocated so far: 3,355,469,824 bytes).
Exception in thread Thread-25 (_chunk):
Traceback (most recent call last):
  File "/usr/lib/python3.12/threading.py", line 1073, in _bootstrap_inner
    self.run()
  File "/usr/lib/python3.12/threading.py", line 1010, in run
    self._target(*self._args, **self._kwargs)
  File "/workspace/h1/RH/scripts/rh/day038_h1_3e10_gpu.py", line 569, in _chunk
    sr, si, br, bi, s_ar, dm = slabfn(
                               ^^^^^^^
  File "/workspace/h1/RH/scripts/rh/day038_h1_3e10_gpu.py", line 443, in slab_budget_gpu
    cc = cp.asarray(c)
         ^^^^^^^^^^^^^
  File "/opt/venvs/cupy/lib/python3.12/site-packages/cupy/_creation/from_data.py", line 94, in asarray
    return _core.array(a, dtype, copy, order, blocking=blocking)
           ^^^^^^^^^^^^^^^^^^^^^^^^^^^^^^^^^^^^^^^^^^^^^^^^^^^^^
  File "cupy/_core/core.pyx", line 2821, in cupy._core.core.array
  File "cupy/_core/core.pyx", line 2841, in cupy._core.core.array
  File "cupy/_core/core.pyx", line 3067, in cupy._core.core._array_default
  File "cupy/_core/core.pyx", line 176, in cupy._core.core.ndarray.__new__
  File "cupy/_core/core.pyx", line 282, in cupy._core.core._ndarray_base._init
  File "cupy/cuda/memory.pyx", line 904, in cupy.cuda.memory.alloc
  File "cupy/cuda/memory.pyx", line 1614, in cupy.cuda.memory.MemoryPool.malloc
  File "cupy/cuda/memory.pyx", line 1635, in cupy.cuda.memory.MemoryPool.malloc
  File "cupy/cuda/memory.pyx", line 1350, in cupy.cuda.memory.SingleDeviceMemoryPool.malloc
  File "cupy/cuda/memory.pyx", line 1376, in cupy.cuda.memory.SingleDeviceMemoryPool._malloc
  File "cupy/cuda/memory.pyx", line 1560, in cupy.cuda.memory.SingleDeviceMemoryPool._try_malloc
cupy.cuda.memory.OutOfMemoryError: Out of memory allocating 134,217,728 bytes (allocated so far: 2,147,483,648 bytes).
Exception in thread Thread-26 (_chunk):
Traceback (most recent call last):
  File "/usr/lib/python3.12/threading.py", line 1073, in _bootstrap_inner
    self.run()
  File "/usr/lib/python3.12/threading.py", line 1010, in run
    self._target(*self._args, **self._kwargs)
  File "/workspace/h1/RH/scripts/rh/day038_h1_3e10_gpu.py", line 569, in _chunk
    sr, si, br, bi, s_ar, dm = slabfn(
                               ^^^^^^^
  File "/workspace/h1/RH/scripts/rh/day038_h1_3e10_gpu.py", line 447, in slab_budget_gpu
    re_t = cp.log(abs_g2t2) - cp.log(A) + 0.5 / A
                              ^^^^^^^^^
  File "cupy/_core/_kernel.pyx", line 1374, in cupy._core._kernel.ufunc.__call__
  File "cupy/_core/_kernel.pyx", line 657, in cupy._core._kernel._get_out_args_from_optionals
  File "cupy/_core/core.pyx", line 3342, in cupy._core.core._ndarray_init
  File "cupy/_core/core.pyx", line 300, in cupy._core.core._ndarray_base._init_fast
  File "cupy/cuda/memory.pyx", line 904, in cupy.cuda.memory.alloc
  File "cupy/cuda/memory.pyx", line 1614, in cupy.cuda.memory.MemoryPool.malloc
  File "cupy/cuda/memory.pyx", line 1635, in cupy.cuda.memory.MemoryPool.malloc
  File "cupy/cuda/memory.pyx", line 1350, in cupy.cuda.memory.SingleDeviceMemoryPool.malloc
  File "cupy/cuda/memory.pyx", line 1376, in cupy.cuda.memory.SingleDeviceMemoryPool._malloc
  File "cupy/cuda/memory.pyx", line 1560, in cupy.cuda.memory.SingleDeviceMemoryPool._try_malloc
cupy.cuda.memory.OutOfMemoryError: Out of memory allocating 134,217,728 bytes (allocated so far: 3,087,007,744 bytes).
  ...t=3.232e+09 tail sweep 50% (3000 pieces, 8 threads)
  ...t=3.232e+09 tail sweep 50% (3000 pieces, 8 threads)
  ...t=3.232e+09 tail sweep 17% (1000 pieces, 8 threads)
  ...t=3.232e+09 tail sweep 58% (3500 pieces, 8 threads)
  ...t=3.232e+09 tail sweep 58% (3500 pieces, 8 threads)
  ...t=3.232e+09 tail sweep 25% (1500 pieces, 8 threads)
  ...t=3.232e+09 tail sweep 8% (500 pieces, 8 threads)
  ...t=3.232e+09 tail sweep 66% (4000 pieces, 8 threads)
  ...t=3.232e+09 tail sweep 66% (4000 pieces, 8 threads)
  ...t=3.232e+09 tail sweep 74% (4500 pieces, 8 threads)
  ...t=3.232e+09 tail sweep 74% (4500 pieces, 8 threads)
  ...t=3.232e+09 tail sweep 33% (2000 pieces, 8 threads)
  ...t=3.232e+09 tail sweep 17% (1000 pieces, 8 threads)
  ...t=3.232e+09 tail sweep 83% (5000 pieces, 8 threads)
  ...t=3.232e+09 tail sweep 83% (5000 pieces, 8 threads)
  ...t=3.232e+09 tail sweep 41% (2500 pieces, 8 threads)
H1_WINDOWS:  running  windows  0  (1  of  29)
resume:  window   0  (x=3232170976)  2/24  points  on disk
memguard:  MemAvailable  740.9  GiB,  reserve  28  GiB,  ~2.5  GiB/thread  x  4  threads  ->  allow  <=  10  contexts  (=  40  slab  threads;  11  GPU  clients  incl.  Xorg  vs  budget  11)
day038  gpu  H1-3e10:  FULL,  22  point  jobs  remaining (1  windows,  4  contexts  x  4  threads)
pids: parent=4216 workers=4 written to ckpt_h1_3e10/run.pids
overlap: 152/12626784 zeros differ by <=1.00 ulp (last byte,  rounding-level) --  those indices certified with dg x3
stitch: B from element 12626784 (first zero 1006346000.166784); overlap cross-check 12626632/12626784 byte-equal
tail3e10: L 52290633 + A 2792198664 + B' 3053546936 + C 3142622346 + D 92577877714 = 101618536293 zeros (812.9 GB); G_LAST = 30001045999.981976
overlap: 152/12626784 zeros differ by <=1.00 ulp (last byte,  rounding-level) --  those indices certified with dg x3
stitch: B from element 12626784 (first zero 1006346000.166784); overlap cross-check 12626632/12626784 byte-equal
tail3e10: L 52290633 + A 2792198664 + B' 3053546936 + C 3142622346 + D 92577877714 = 101618536293 zeros (812.9 GB); G_LAST = 30001045999.981976
overlap: 152/12626784 zeros differ by <=1.00 ulp (last byte,  rounding-level) --  those indices certified with dg x3
stitch: B from element 12626784 (first zero 1006346000.166784); overlap cross-check 12626632/12626784 byte-equal
tail3e10: L 52290633 + A 2792198664 + B' 3053546936 + C 3142622346 + D 92577877714 = 101618536293 zeros (812.9 GB); G_LAST = 30001045999.981976
overlap: 152/12626784 zeros differ by <=1.00 ulp (last byte,  rounding-level) --  those indices certified with dg x3
stitch: B from element 12626784 (first zero 1006346000.166784); overlap cross-check 12626632/12626784 byte-equal
tail3e10: L 52290633 + A 2792198664 + B' 3053546936 + C 3142622346 + D 92577877714 = 101618536293 zeros (812.9 GB); G_LAST = 30001045999.981976
  ...t=3.232e+09 tail sweep 8% (500 pieces, 4 threads)
  ...t=3.232e+09 tail sweep 8% (500 pieces, 4 threads)
  ...t=3.232e+09 tail sweep 8% (500 pieces, 4 threads)
  ...t=3.232e+09 tail sweep 8% (500 pieces, 4 threads)
  ...t=3.232e+09 tail sweep 17% (1000 pieces, 4 threads)
  ...t=3.232e+09 tail sweep 17% (1000 pieces, 4 threads)
  ...t=3.232e+09 tail sweep 17% (1000 pieces, 4 threads)
  ...t=3.232e+09 tail sweep 17% (1000 pieces, 4 threads)
  ...t=3.232e+09 tail sweep 25% (1500 pieces, 4 threads)
  ...t=3.232e+09 tail sweep 25% (1500 pieces, 4 threads)
  ...t=3.232e+09 tail sweep 25% (1500 pieces, 4 threads)
  ...t=3.232e+09 tail sweep 25% (1500 pieces, 4 threads)
  ...t=3.232e+09 tail sweep 33% (2000 pieces, 4 threads)
  ...t=3.232e+09 tail sweep 33% (2000 pieces, 4 threads)
  ...t=3.232e+09 tail sweep 33% (2000 pieces, 4 threads)
  ...t=3.232e+09 tail sweep 33% (2000 pieces, 4 threads)
  ...t=3.232e+09 tail sweep 41% (2500 pieces, 4 threads)
  ...t=3.232e+09 tail sweep 41% (2500 pieces, 4 threads)
  ...t=3.232e+09 tail sweep 41% (2500 pieces, 4 threads)
  ...t=3.232e+09 tail sweep 41% (2500 pieces, 4 threads)
  ...t=3.232e+09 tail sweep 50% (3000 pieces, 4 threads)
  ...t=3.232e+09 tail sweep 50% (3000 pieces, 4 threads)
  ...t=3.232e+09 tail sweep 50% (3000 pieces, 4 threads)
  ...t=3.232e+09 tail sweep 50% (3000 pieces, 4 threads)
  ...t=3.232e+09 tail sweep 58% (3500 pieces, 4 threads)
  ...t=3.232e+09 tail sweep 58% (3500 pieces, 4 threads)
  ...t=3.232e+09 tail sweep 58% (3500 pieces, 4 threads)
  ...t=3.232e+09 tail sweep 58% (3500 pieces, 4 threads)
  ...t=3.232e+09 tail sweep 66% (4000 pieces, 4 threads)
  ...t=3.232e+09 tail sweep 66% (4000 pieces, 4 threads)
  ...t=3.232e+09 tail sweep 66% (4000 pieces, 4 threads)
  ...t=3.232e+09 tail sweep 66% (4000 pieces, 4 threads)
  ...t=3.232e+09 tail sweep 74% (4500 pieces, 4 threads)
  ...t=3.232e+09 tail sweep 74% (4500 pieces, 4 threads)
  ...t=3.232e+09 tail sweep 74% (4500 pieces, 4 threads)
  ...t=3.232e+09 tail sweep 74% (4500 pieces, 4 threads)
  ...t=3.232e+09 tail sweep 83% (5000 pieces, 4 threads)
  ...t=3.232e+09 tail sweep 83% (5000 pieces, 4 threads)
  ...t=3.232e+09 tail sweep 83% (5000 pieces, 4 threads)
  ...t=3.232e+09 tail sweep 83% (5000 pieces, 4 threads)
  ...t=3.232e+09 tail sweep 91% (5500 pieces, 4 threads)
  ...t=3.232e+09 tail sweep 91% (5500 pieces, 4 threads)
  ...t=3.232e+09 tail sweep 91% (5500 pieces, 4 threads)
  ...t=3.232e+09 tail sweep 91% (5500 pieces, 4 threads)
  ...t=3.232e+09 tail sweep 99% (6000 pieces, 4 threads)
  ...t=3.232e+09 tail sweep 99% (6000 pieces, 4 threads)
  ...t=3.232e+09 tail sweep 99% (6000 pieces, 4 threads)
  ...t=3.232e+09 tail sweep 99% (6000 pieces, 4 threads)
  pt win=0 k=-8 x=3.232e+09 t=3232170972.11219 mnew=1.0000 mcert=1.0000 bexp=3.75e-04
  pt win=0 k=-9 x=3.232e+09 t=3232170971.61219 mnew=1.0000 mcert=1.0000 bexp=3.77e-04
  pt win=0 k=-7 x=3.232e+09 t=3232170972.61219 mnew=1.0000 mcert=1.0000 bexp=3.81e-04
  ...t=3.232e+09 tail sweep 8% (500 pieces, 4 threads)
  ...t=3.232e+09 tail sweep 8% (500 pieces, 4 threads)
  ...t=3.232e+09 tail sweep 8% (500 pieces, 4 threads)
  ...t=3.232e+09 tail sweep 17% (1000 pieces, 4 threads)
  ...t=3.232e+09 tail sweep 17% (1000 pieces, 4 threads)
  ...t=3.232e+09 tail sweep 17% (1000 pieces, 4 threads)
  pt win=0 k=-12 x=3.232e+09 t=3232170970.11219 mnew=1.0000 mcert=1.0000 bexp=3.81e-04
  ...t=3.232e+09 tail sweep 25% (1500 pieces, 4 threads)
  ...t=3.232e+09 tail sweep 25% (1500 pieces, 4 threads)
  ...t=3.232e+09 tail sweep 25% (1500 pieces, 4 threads)
  ...t=3.232e+09 tail sweep 8% (500 pieces, 4 threads)
  ...t=3.232e+09 tail sweep 33% (2000 pieces, 4 threads)
  ...t=3.232e+09 tail sweep 33% (2000 pieces, 4 threads)
  ...t=3.232e+09 tail sweep 33% (2000 pieces, 4 threads)
  ...t=3.232e+09 tail sweep 17% (1000 pieces, 4 threads)
  ...t=3.232e+09 tail sweep 41% (2500 pieces, 4 threads)
  ...t=3.232e+09 tail sweep 41% (2500 pieces, 4 threads)
  ...t=3.232e+09 tail sweep 41% (2500 pieces, 4 threads)
  ...t=3.232e+09 tail sweep 25% (1500 pieces, 4 threads)
  ...t=3.232e+09 tail sweep 50% (3000 pieces, 4 threads)
  ...t=3.232e+09 tail sweep 50% (3000 pieces, 4 threads)
  ...t=3.232e+09 tail sweep 50% (3000 pieces, 4 threads)
  ...t=3.232e+09 tail sweep 33% (2000 pieces, 4 threads)
  ...t=3.232e+09 tail sweep 58% (3500 pieces, 4 threads)
  ...t=3.232e+09 tail sweep 58% (3500 pieces, 4 threads)
  ...t=3.232e+09 tail sweep 58% (3500 pieces, 4 threads)
  ...t=3.232e+09 tail sweep 41% (2500 pieces, 4 threads)
  ...t=3.232e+09 tail sweep 66% (4000 pieces, 4 threads)
  ...t=3.232e+09 tail sweep 66% (4000 pieces, 4 threads)
  ...t=3.232e+09 tail sweep 66% (4000 pieces, 4 threads)
  ...t=3.232e+09 tail sweep 50% (3000 pieces, 4 threads)
  ...t=3.232e+09 tail sweep 74% (4500 pieces, 4 threads)
  ...t=3.232e+09 tail sweep 74% (4500 pieces, 4 threads)
  ...t=3.232e+09 tail sweep 74% (4500 pieces, 4 threads)
  ...t=3.232e+09 tail sweep 58% (3500 pieces, 4 threads)
  ...t=3.232e+09 tail sweep 83% (5000 pieces, 4 threads)
  ...t=3.232e+09 tail sweep 83% (5000 pieces, 4 threads)
  ...t=3.232e+09 tail sweep 83% (5000 pieces, 4 threads)
  ...t=3.232e+09 tail sweep 66% (4000 pieces, 4 threads)
  ...t=3.232e+09 tail sweep 91% (5500 pieces, 4 threads)
  ...t=3.232e+09 tail sweep 91% (5500 pieces, 4 threads)
  ...t=3.232e+09 tail sweep 91% (5500 pieces, 4 threads)
  ...t=3.232e+09 tail sweep 74% (4500 pieces, 4 threads)
  ...t=3.232e+09 tail sweep 99% (6000 pieces, 4 threads)
  ...t=3.232e+09 tail sweep 99% (6000 pieces, 4 threads)
  ...t=3.232e+09 tail sweep 99% (6000 pieces, 4 threads)
  ...t=3.232e+09 tail sweep 83% (5000 pieces, 4 threads)
  ...t=3.232e+09 tail sweep 91% (5500 pieces, 4 threads)
  pt win=0 k=-6 x=3.232e+09 t=3232170973.11219 mnew=1.0000 mcert=1.0000 bexp=3.76e-04
  pt win=0 k=-5 x=3.232e+09 t=3232170973.61219 mnew=1.0000 mcert=1.0000 bexp=3.76e-04
  pt win=0 k=-4 x=3.232e+09 t=3232170974.11219 mnew=1.0000 mcert=1.0000 bexp=3.79e-04
  ...t=3.232e+09 tail sweep 99% (6000 pieces, 4 threads)
  ...t=3.232e+09 tail sweep 8% (500 pieces, 4 threads)
  ...t=3.232e+09 tail sweep 8% (500 pieces, 4 threads)
  ...t=3.232e+09 tail sweep 8% (500 pieces, 4 threads)
  pt win=0 k=-3 x=3.232e+09 t=3232170974.61219 mnew=1.0000 mcert=1.0000 bexp=3.78e-04
  ...t=3.232e+09 tail sweep 17% (1000 pieces, 4 threads)
  ...t=3.232e+09 tail sweep 17% (1000 pieces, 4 threads)
  ...t=3.232e+09 tail sweep 17% (1000 pieces, 4 threads)
  ...t=3.232e+09 tail sweep 8% (500 pieces, 4 threads)
  ...t=3.232e+09 tail sweep 25% (1500 pieces, 4 threads)
  ...t=3.232e+09 tail sweep 25% (1500 pieces, 4 threads)
  ...t=3.232e+09 tail sweep 25% (1500 pieces, 4 threads)
  ...t=3.232e+09 tail sweep 17% (1000 pieces, 4 threads)
  ...t=3.232e+09 tail sweep 33% (2000 pieces, 4 threads)
  ...t=3.232e+09 tail sweep 33% (2000 pieces, 4 threads)
  ...t=3.232e+09 tail sweep 33% (2000 pieces, 4 threads)
  ...t=3.232e+09 tail sweep 25% (1500 pieces, 4 threads)
  ...t=3.232e+09 tail sweep 41% (2500 pieces, 4 threads)
  ...t=3.232e+09 tail sweep 41% (2500 pieces, 4 threads)
  ...t=3.232e+09 tail sweep 41% (2500 pieces, 4 threads)
  ...t=3.232e+09 tail sweep 33% (2000 pieces, 4 threads)
  ...t=3.232e+09 tail sweep 50% (3000 pieces, 4 threads)
  ...t=3.232e+09 tail sweep 50% (3000 pieces, 4 threads)
  ...t=3.232e+09 tail sweep 50% (3000 pieces, 4 threads)
  ...t=3.232e+09 tail sweep 41% (2500 pieces, 4 threads)
  ...t=3.232e+09 tail sweep 58% (3500 pieces, 4 threads)
  ...t=3.232e+09 tail sweep 58% (3500 pieces, 4 threads)
  ...t=3.232e+09 tail sweep 58% (3500 pieces, 4 threads)
  ...t=3.232e+09 tail sweep 50% (3000 pieces, 4 threads)
  ...t=3.232e+09 tail sweep 66% (4000 pieces, 4 threads)
  ...t=3.232e+09 tail sweep 66% (4000 pieces, 4 threads)
  ...t=3.232e+09 tail sweep 66% (4000 pieces, 4 threads)
  ...t=3.232e+09 tail sweep 58% (3500 pieces, 4 threads)
  ...t=3.232e+09 tail sweep 74% (4500 pieces, 4 threads)
  ...t=3.232e+09 tail sweep 74% (4500 pieces, 4 threads)
  ...t=3.232e+09 tail sweep 74% (4500 pieces, 4 threads)
  ...t=3.232e+09 tail sweep 66% (4000 pieces, 4 threads)
  ...t=3.232e+09 tail sweep 83% (5000 pieces, 4 threads)
  ...t=3.232e+09 tail sweep 83% (5000 pieces, 4 threads)
  ...t=3.232e+09 tail sweep 83% (5000 pieces, 4 threads)
  ...t=3.232e+09 tail sweep 74% (4500 pieces, 4 threads)
  ...t=3.232e+09 tail sweep 91% (5500 pieces, 4 threads)
  ...t=3.232e+09 tail sweep 91% (5500 pieces, 4 threads)
  ...t=3.232e+09 tail sweep 91% (5500 pieces, 4 threads)
  ...t=3.232e+09 tail sweep 83% (5000 pieces, 4 threads)
  ...t=3.232e+09 tail sweep 99% (6000 pieces, 4 threads)
  ...t=3.232e+09 tail sweep 99% (6000 pieces, 4 threads)
  ...t=3.232e+09 tail sweep 99% (6000 pieces, 4 threads)
  ...t=3.232e+09 tail sweep 91% (5500 pieces, 4 threads)
  ...t=3.232e+09 tail sweep 99% (6000 pieces, 4 threads)
  pt win=0 k=-1 x=3.232e+09 t=3232170975.61219 mnew=1.0000 mcert=1.0000 bexp=3.97e-04
  pt win=0 k=+1 x=3.232e+09 t=3232170976.61219 mnew=1.0000 mcert=1.0000 bexp=3.75e-04
  pt win=0 k=-2 x=3.232e+09 t=3232170975.11219 mnew=1.0000 mcert=1.0000 bexp=3.75e-04
  pt win=0 k=+2 x=3.232e+09 t=3232170977.11219 mnew=1.0000 mcert=1.0000 bexp=3.80e-04
  ...t=3.232e+09 tail sweep 8% (500 pieces, 4 threads)
  ...t=3.232e+09 tail sweep 8% (500 pieces, 4 threads)
  ...t=3.232e+09 tail sweep 8% (500 pieces, 4 threads)
  ...t=3.232e+09 tail sweep 8% (500 pieces, 4 threads)
  ...t=3.232e+09 tail sweep 17% (1000 pieces, 4 threads)
  ...t=3.232e+09 tail sweep 17% (1000 pieces, 4 threads)
  ...t=3.232e+09 tail sweep 17% (1000 pieces, 4 threads)
  ...t=3.232e+09 tail sweep 17% (1000 pieces, 4 threads)
  ...t=3.232e+09 tail sweep 25% (1500 pieces, 4 threads)
  ...t=3.232e+09 tail sweep 25% (1500 pieces, 4 threads)
  ...t=3.232e+09 tail sweep 25% (1500 pieces, 4 threads)
  ...t=3.232e+09 tail sweep 25% (1500 pieces, 4 threads)
  ...t=3.232e+09 tail sweep 33% (2000 pieces, 4 threads)
  ...t=3.232e+09 tail sweep 33% (2000 pieces, 4 threads)
  ...t=3.232e+09 tail sweep 33% (2000 pieces, 4 threads)
  ...t=3.232e+09 tail sweep 33% (2000 pieces, 4 threads)
  ...t=3.232e+09 tail sweep 41% (2500 pieces, 4 threads)
  ...t=3.232e+09 tail sweep 41% (2500 pieces, 4 threads)
  ...t=3.232e+09 tail sweep 41% (2500 pieces, 4 threads)
  ...t=3.232e+09 tail sweep 41% (2500 pieces, 4 threads)
  ...t=3.232e+09 tail sweep 50% (3000 pieces, 4 threads)
  ...t=3.232e+09 tail sweep 50% (3000 pieces, 4 threads)
  ...t=3.232e+09 tail sweep 50% (3000 pieces, 4 threads)
  ...t=3.232e+09 tail sweep 50% (3000 pieces, 4 threads)
  ...t=3.232e+09 tail sweep 58% (3500 pieces, 4 threads)
  ...t=3.232e+09 tail sweep 58% (3500 pieces, 4 threads)
  ...t=3.232e+09 tail sweep 58% (3500 pieces, 4 threads)
  ...t=3.232e+09 tail sweep 58% (3500 pieces, 4 threads)
  ...t=3.232e+09 tail sweep 66% (4000 pieces, 4 threads)
  ...t=3.232e+09 tail sweep 66% (4000 pieces, 4 threads)
  ...t=3.232e+09 tail sweep 66% (4000 pieces, 4 threads)
  ...t=3.232e+09 tail sweep 66% (4000 pieces, 4 threads)
  ...t=3.232e+09 tail sweep 74% (4500 pieces, 4 threads)
  ...t=3.232e+09 tail sweep 74% (4500 pieces, 4 threads)
  ...t=3.232e+09 tail sweep 74% (4500 pieces, 4 threads)
  ...t=3.232e+09 tail sweep 74% (4500 pieces, 4 threads)
  ...t=3.232e+09 tail sweep 83% (5000 pieces, 4 threads)
  ...t=3.232e+09 tail sweep 83% (5000 pieces, 4 threads)
  ...t=3.232e+09 tail sweep 83% (5000 pieces, 4 threads)
  ...t=3.232e+09 tail sweep 83% (5000 pieces, 4 threads)
  ...t=3.232e+09 tail sweep 91% (5500 pieces, 4 threads)
  ...t=3.232e+09 tail sweep 91% (5500 pieces, 4 threads)
  ...t=3.232e+09 tail sweep 91% (5500 pieces, 4 threads)
  ...t=3.232e+09 tail sweep 91% (5500 pieces, 4 threads)
  ...t=3.232e+09 tail sweep 99% (6000 pieces, 4 threads)
  ...t=3.232e+09 tail sweep 99% (6000 pieces, 4 threads)
  ...t=3.232e+09 tail sweep 99% (6000 pieces, 4 threads)
  ...t=3.232e+09 tail sweep 99% (6000 pieces, 4 threads)
  pt win=0 k=+3 x=3.232e+09 t=3232170977.61219 mnew=1.0000 mcert=1.0000 bexp=3.76e-04
  pt win=0 k=+5 x=3.232e+09 t=3232170978.61219 mnew=1.0000 mcert=1.0000 bexp=3.79e-04
  pt win=0 k=+4 x=3.232e+09 t=3232170978.11219 mnew=1.0000 mcert=1.0000 bexp=3.72e-04
  pt win=0 k=+6 x=3.232e+09 t=3232170979.11219 mnew=1.0000 mcert=1.0000 bexp=3.91e-04
  ...t=3.232e+09 tail sweep 8% (500 pieces, 4 threads)
  ...t=3.232e+09 tail sweep 8% (500 pieces, 4 threads)
  ...t=3.232e+09 tail sweep 8% (500 pieces, 4 threads)
  ...t=3.232e+09 tail sweep 8% (500 pieces, 4 threads)
  ...t=3.232e+09 tail sweep 17% (1000 pieces, 4 threads)
  ...t=3.232e+09 tail sweep 17% (1000 pieces, 4 threads)
  ...t=3.232e+09 tail sweep 17% (1000 pieces, 4 threads)
  ...t=3.232e+09 tail sweep 17% (1000 pieces, 4 threads)
  ...t=3.232e+09 tail sweep 25% (1500 pieces, 4 threads)
  ...t=3.232e+09 tail sweep 25% (1500 pieces, 4 threads)
  ...t=3.232e+09 tail sweep 25% (1500 pieces, 4 threads)
  ...t=3.232e+09 tail sweep 25% (1500 pieces, 4 threads)
  ...t=3.232e+09 tail sweep 33% (2000 pieces, 4 threads)
  ...t=3.232e+09 tail sweep 33% (2000 pieces, 4 threads)
  ...t=3.232e+09 tail sweep 33% (2000 pieces, 4 threads)
  ...t=3.232e+09 tail sweep 33% (2000 pieces, 4 threads)
  ...t=3.232e+09 tail sweep 41% (2500 pieces, 4 threads)
  ...t=3.232e+09 tail sweep 41% (2500 pieces, 4 threads)
  ...t=3.232e+09 tail sweep 41% (2500 pieces, 4 threads)
  ...t=3.232e+09 tail sweep 41% (2500 pieces, 4 threads)
  ...t=3.232e+09 tail sweep 50% (3000 pieces, 4 threads)
  ...t=3.232e+09 tail sweep 50% (3000 pieces, 4 threads)
  ...t=3.232e+09 tail sweep 50% (3000 pieces, 4 threads)
  ...t=3.232e+09 tail sweep 50% (3000 pieces, 4 threads)
  ...t=3.232e+09 tail sweep 58% (3500 pieces, 4 threads)
  ...t=3.232e+09 tail sweep 58% (3500 pieces, 4 threads)
  ...t=3.232e+09 tail sweep 58% (3500 pieces, 4 threads)
  ...t=3.232e+09 tail sweep 58% (3500 pieces, 4 threads)
  ...t=3.232e+09 tail sweep 66% (4000 pieces, 4 threads)
  ...t=3.232e+09 tail sweep 66% (4000 pieces, 4 threads)
  ...t=3.232e+09 tail sweep 66% (4000 pieces, 4 threads)
  ...t=3.232e+09 tail sweep 66% (4000 pieces, 4 threads)
  ...t=3.232e+09 tail sweep 74% (4500 pieces, 4 threads)
  ...t=3.232e+09 tail sweep 74% (4500 pieces, 4 threads)
  ...t=3.232e+09 tail sweep 74% (4500 pieces, 4 threads)
  ...t=3.232e+09 tail sweep 74% (4500 pieces, 4 threads)
  ...t=3.232e+09 tail sweep 83% (5000 pieces, 4 threads)
  ...t=3.232e+09 tail sweep 83% (5000 pieces, 4 threads)
  ...t=3.232e+09 tail sweep 83% (5000 pieces, 4 threads)
  ...t=3.232e+09 tail sweep 83% (5000 pieces, 4 threads)
  ...t=3.232e+09 tail sweep 91% (5500 pieces, 4 threads)
  ...t=3.232e+09 tail sweep 91% (5500 pieces, 4 threads)
  ...t=3.232e+09 tail sweep 91% (5500 pieces, 4 threads)
  ...t=3.232e+09 tail sweep 91% (5500 pieces, 4 threads)
  ...t=3.232e+09 tail sweep 99% (6000 pieces, 4 threads)
  ...t=3.232e+09 tail sweep 99% (6000 pieces, 4 threads)
  ...t=3.232e+09 tail sweep 99% (6000 pieces, 4 threads)
  ...t=3.232e+09 tail sweep 99% (6000 pieces, 4 threads)
  pt win=0 k=+9 x=3.232e+09 t=3232170980.61219 mnew=1.0000 mcert=1.0000 bexp=3.78e-04
  pt win=0 k=+8 x=3.232e+09 t=3232170980.11219 mnew=1.0000 mcert=1.0000 bexp=3.73e-04
  pt win=0 k=+7 x=3.232e+09 t=3232170979.61219 mnew=1.0000 mcert=1.0000 bexp=3.79e-04
  pt win=0 k=+10 x=3.232e+09 t=3232170981.11219 mnew=1.0000 mcert=1.0000 bexp=3.75e-04
  ...t=3.232e+09 tail sweep 8% (500 pieces, 4 threads)
  ...t=3.232e+09 tail sweep 8% (500 pieces, 4 threads)
  ...t=3.232e+09 tail sweep 17% (1000 pieces, 4 threads)
  ...t=3.232e+09 tail sweep 17% (1000 pieces, 4 threads)
  ...t=3.232e+09 tail sweep 25% (1500 pieces, 4 threads)
  ...t=3.232e+09 tail sweep 25% (1500 pieces, 4 threads)
  ...t=3.232e+09 tail sweep 33% (2000 pieces, 4 threads)
  ...t=3.232e+09 tail sweep 33% (2000 pieces, 4 threads)
  ...t=3.232e+09 tail sweep 41% (2500 pieces, 4 threads)
  ...t=3.232e+09 tail sweep 41% (2500 pieces, 4 threads)
  ...t=3.232e+09 tail sweep 50% (3000 pieces, 4 threads)
  ...t=3.232e+09 tail sweep 50% (3000 pieces, 4 threads)
  ...t=3.232e+09 tail sweep 58% (3500 pieces, 4 threads)
  ...t=3.232e+09 tail sweep 58% (3500 pieces, 4 threads)
  ...t=3.232e+09 tail sweep 66% (4000 pieces, 4 threads)
  ...t=3.232e+09 tail sweep 66% (4000 pieces, 4 threads)
  ...t=3.232e+09 tail sweep 74% (4500 pieces, 4 threads)
  ...t=3.232e+09 tail sweep 74% (4500 pieces, 4 threads)
  ...t=3.232e+09 tail sweep 83% (5000 pieces, 4 threads)
  ...t=3.232e+09 tail sweep 83% (5000 pieces, 4 threads)
  ...t=3.232e+09 tail sweep 91% (5500 pieces, 4 threads)
  ...t=3.232e+09 tail sweep 91% (5500 pieces, 4 threads)
  ...t=3.232e+09 tail sweep 99% (6000 pieces, 4 threads)
  ...t=3.232e+09 tail sweep 99% (6000 pieces, 4 threads)
  pt win=0 k=+11 x=3.232e+09 t=3232170981.61219 mnew=1.0000 mcert=1.0000 bexp=3.80e-04
  pt win=0 k=+12 x=3.232e+09 t=3232170982.11219 mnew=1.0000 mcert=1.0000 bexp=3.76e-04
           x            g best_mnew worst_mcert      btot      flag
 3.23217e+09 3232170976.1122  1.000000   1.000000  4.73e-04 -
worst certified margin = 1.000000 at t = 3232170970.11219 (computed 1.000000)
margin_cert < 1: [3232170971.112, 3232170970.612, 3232170972.112, 3232170971.612, 3232170972.612, 3232170970.112, 3232170973.112, 3232170973.612, 3232170974.112, 3232170974.612, 3232170975.612, 3232170975.112]
margin_new  < 1: [3232170971.112, 3232170970.612, 3232170972.112, 3232170971.612, 3232170972.612, 3232170970.112, 3232170973.112, 3232170973.612, 3232170974.112, 3232170974.612, 3232170975.612, 3232170975.112]
wall = 23648.5 s
STATUS: see the pre-registered reading C-2/C-3
H1  FULL-DONE:  1  windows,  24  points,  assembled  to  /workspace/h1/RH/scripts/rh/out_day038_full_pts.txt;  instance  wall  6.6  h
