H1_WINDOWS:  running  windows  14-16  (3  of  29)
resume:  window   0  (x=9493511984)  0/24  points  on disk
resume:  window   1  (x=1.025299294e+10)  0/24  points  on disk
resume:  window   2  (x=1.107323238e+10)  0/24  points  on disk
memguard:  MemAvailable  485.7  GiB,  reserve  28  GiB,  ~2.5  GiB/thread  x  2  threads  ->  allow  <=  10  contexts  (=  20  slab  threads;  11  GPU  clients  incl.  Xorg  vs  budget  11)
day038  gpu  H1-3e10:  FULL,  72  point  jobs  remaining (3  windows,  4  contexts  x  2  threads)
pids: parent=6175 workers=4 written to ckpt_h1_3e10/run.pids
overlap: 152/12626784 zeros differ by <=1.00 ulp (last byte,  rounding-level) --  those indices certified with dg x3
stitch: B from element 12626784 (first zero 1006346000.166784); overlap cross-check 12626632/12626784 byte-equal
tail3e10: L 52290633 + A 2792198664 + B' 3053546936 + C 3142622346 + D 92577877714 = 101618536293 zeros (812.9 GB); G_LAST = 30001045999.981976
overlap: 152/12626784 zeros differ by <=1.00 ulp (last byte,  rounding-level) --  those indices certified with dg x3
stitch: B from element 12626784 (first zero 1006346000.166784); overlap cross-check 12626632/12626784 byte-equal
tail3e10: L 52290633 + A 2792198664 + B' 3053546936 + C 3142622346 + D 92577877714 = 101618536293 zeros (812.9 GB); G_LAST = 30001045999.981976
overlap: 152/12626784 zeros differ by <=1.00 ulp (last byte,  rounding-level) --  those indices certified with dg x3
stitch: B from element 12626784 (first zero 1006346000.166784); overlap cross-check 12626632/12626784 byte-equal
tail3e10: L 52290633 + A 2792198664 + B' 3053546936 + C 3142622346 + D 92577877714 = 101618536293 zeros (812.9 GB); G_LAST = 30001045999.981976
overlap: 152/12626784 zeros differ by <=1.00 ulp (last byte,  rounding-level) --  those indices certified with dg x3
stitch: B from element 12626784 (first zero 1006346000.166784); overlap cross-check 12626632/12626784 byte-equal
tail3e10: L 52290633 + A 2792198664 + B' 3053546936 + C 3142622346 + D 92577877714 = 101618536293 zeros (812.9 GB); G_LAST = 30001045999.981976
  ...t=9.494e+09 tail sweep 8% (500 pieces, 2 threads)
  ...t=9.494e+09 tail sweep 8% (500 pieces, 2 threads)
  ...t=9.494e+09 tail sweep 8% (500 pieces, 2 threads)
  ...t=9.494e+09 tail sweep 8% (500 pieces, 2 threads)
  ...t=9.494e+09 tail sweep 17% (1000 pieces, 2 threads)
  ...t=9.494e+09 tail sweep 17% (1000 pieces, 2 threads)
  ...t=9.494e+09 tail sweep 17% (1000 pieces, 2 threads)
  ...t=9.494e+09 tail sweep 17% (1000 pieces, 2 threads)
  ...t=9.494e+09 tail sweep 25% (1500 pieces, 2 threads)
  ...t=9.494e+09 tail sweep 25% (1500 pieces, 2 threads)
  ...t=9.494e+09 tail sweep 25% (1500 pieces, 2 threads)
  ...t=9.494e+09 tail sweep 25% (1500 pieces, 2 threads)
  ...t=9.494e+09 tail sweep 33% (2000 pieces, 2 threads)
  ...t=9.494e+09 tail sweep 33% (2000 pieces, 2 threads)
  ...t=9.494e+09 tail sweep 33% (2000 pieces, 2 threads)
  ...t=9.494e+09 tail sweep 33% (2000 pieces, 2 threads)
  ...t=9.494e+09 tail sweep 41% (2500 pieces, 2 threads)
  ...t=9.494e+09 tail sweep 41% (2500 pieces, 2 threads)
  ...t=9.494e+09 tail sweep 41% (2500 pieces, 2 threads)
  ...t=9.494e+09 tail sweep 41% (2500 pieces, 2 threads)
  ...t=9.494e+09 tail sweep 50% (3000 pieces, 2 threads)
  ...t=9.494e+09 tail sweep 50% (3000 pieces, 2 threads)
  ...t=9.494e+09 tail sweep 50% (3000 pieces, 2 threads)
  ...t=9.494e+09 tail sweep 50% (3000 pieces, 2 threads)
  ...t=9.494e+09 tail sweep 58% (3500 pieces, 2 threads)
  ...t=9.494e+09 tail sweep 58% (3500 pieces, 2 threads)
  ...t=9.494e+09 tail sweep 58% (3500 pieces, 2 threads)
  ...t=9.494e+09 tail sweep 58% (3500 pieces, 2 threads)
  ...t=9.494e+09 tail sweep 66% (4000 pieces, 2 threads)
  ...t=9.494e+09 tail sweep 66% (4000 pieces, 2 threads)
  ...t=9.494e+09 tail sweep 66% (4000 pieces, 2 threads)
  ...t=9.494e+09 tail sweep 66% (4000 pieces, 2 threads)
  ...t=9.494e+09 tail sweep 74% (4500 pieces, 2 threads)
  ...t=9.494e+09 tail sweep 74% (4500 pieces, 2 threads)
  ...t=9.494e+09 tail sweep 74% (4500 pieces, 2 threads)
  ...t=9.494e+09 tail sweep 74% (4500 pieces, 2 threads)
  ...t=9.494e+09 tail sweep 83% (5000 pieces, 2 threads)
  ...t=9.494e+09 tail sweep 83% (5000 pieces, 2 threads)
  ...t=9.494e+09 tail sweep 83% (5000 pieces, 2 threads)
  ...t=9.494e+09 tail sweep 83% (5000 pieces, 2 threads)
  ...t=9.494e+09 tail sweep 91% (5500 pieces, 2 threads)
  ...t=9.494e+09 tail sweep 91% (5500 pieces, 2 threads)
  ...t=9.494e+09 tail sweep 91% (5500 pieces, 2 threads)
  ...t=9.494e+09 tail sweep 91% (5500 pieces, 2 threads)
  ...t=9.494e+09 tail sweep 99% (6000 pieces, 2 threads)
  ...t=9.494e+09 tail sweep 99% (6000 pieces, 2 threads)
  ...t=9.494e+09 tail sweep 99% (6000 pieces, 2 threads)
  ...t=9.494e+09 tail sweep 99% (6000 pieces, 2 threads)
  pt win=0 k=-9 x=9.494e+09 t=9493511979.26648 mnew=1.0000 mcert=1.0000 bexp=1.09e-03
  pt win=0 k=-10 x=9.494e+09 t=9493511978.76648 mnew=1.0000 mcert=1.0000 bexp=1.01e-03
  pt win=0 k=-11 x=9.494e+09 t=9493511978.26648 mnew=1.0000 mcert=1.0000 bexp=1.02e-03
  ...t=9.494e+09 tail sweep 8% (500 pieces, 2 threads)
  ...t=9.494e+09 tail sweep 8% (500 pieces, 2 threads)
  pt win=0 k=-12 x=9.494e+09 t=9493511977.76648 mnew=1.0000 mcert=1.0000 bexp=1.04e-03
  ...t=9.494e+09 tail sweep 8% (500 pieces, 2 threads)
  ...t=9.494e+09 tail sweep 17% (1000 pieces, 2 threads)
  ...t=9.494e+09 tail sweep 17% (1000 pieces, 2 threads)
  ...t=9.494e+09 tail sweep 17% (1000 pieces, 2 threads)
  ...t=9.494e+09 tail sweep 8% (500 pieces, 2 threads)
  ...t=9.494e+09 tail sweep 17% (1000 pieces, 2 threads)
  ...t=9.494e+09 tail sweep 25% (1500 pieces, 2 threads)
  ...t=9.494e+09 tail sweep 25% (1500 pieces, 2 threads)
  ...t=9.494e+09 tail sweep 25% (1500 pieces, 2 threads)
  ...t=9.494e+09 tail sweep 25% (1500 pieces, 2 threads)
  ...t=9.494e+09 tail sweep 33% (2000 pieces, 2 threads)
  ...t=9.494e+09 tail sweep 33% (2000 pieces, 2 threads)
  ...t=9.494e+09 tail sweep 33% (2000 pieces, 2 threads)
  ...t=9.494e+09 tail sweep 33% (2000 pieces, 2 threads)
  ...t=9.494e+09 tail sweep 41% (2500 pieces, 2 threads)
  ...t=9.494e+09 tail sweep 41% (2500 pieces, 2 threads)
  ...t=9.494e+09 tail sweep 41% (2500 pieces, 2 threads)
  ...t=9.494e+09 tail sweep 41% (2500 pieces, 2 threads)
  ...t=9.494e+09 tail sweep 50% (3000 pieces, 2 threads)
  ...t=9.494e+09 tail sweep 50% (3000 pieces, 2 threads)
  ...t=9.494e+09 tail sweep 50% (3000 pieces, 2 threads)
  ...t=9.494e+09 tail sweep 50% (3000 pieces, 2 threads)
  ...t=9.494e+09 tail sweep 58% (3500 pieces, 2 threads)
  ...t=9.494e+09 tail sweep 58% (3500 pieces, 2 threads)
  ...t=9.494e+09 tail sweep 58% (3500 pieces, 2 threads)
  ...t=9.494e+09 tail sweep 58% (3500 pieces, 2 threads)
  ...t=9.494e+09 tail sweep 66% (4000 pieces, 2 threads)
  ...t=9.494e+09 tail sweep 66% (4000 pieces, 2 threads)
  ...t=9.494e+09 tail sweep 66% (4000 pieces, 2 threads)
  ...t=9.494e+09 tail sweep 66% (4000 pieces, 2 threads)
  ...t=9.494e+09 tail sweep 74% (4500 pieces, 2 threads)
  ...t=9.494e+09 tail sweep 74% (4500 pieces, 2 threads)
  ...t=9.494e+09 tail sweep 74% (4500 pieces, 2 threads)
  ...t=9.494e+09 tail sweep 74% (4500 pieces, 2 threads)
  ...t=9.494e+09 tail sweep 83% (5000 pieces, 2 threads)
  ...t=9.494e+09 tail sweep 83% (5000 pieces, 2 threads)
  ...t=9.494e+09 tail sweep 83% (5000 pieces, 2 threads)
  ...t=9.494e+09 tail sweep 83% (5000 pieces, 2 threads)
  ...t=9.494e+09 tail sweep 91% (5500 pieces, 2 threads)
  ...t=9.494e+09 tail sweep 91% (5500 pieces, 2 threads)
  ...t=9.494e+09 tail sweep 91% (5500 pieces, 2 threads)
  ...t=9.494e+09 tail sweep 91% (5500 pieces, 2 threads)
  ...t=9.494e+09 tail sweep 99% (6000 pieces, 2 threads)
  ...t=9.494e+09 tail sweep 99% (6000 pieces, 2 threads)
  ...t=9.494e+09 tail sweep 99% (6000 pieces, 2 threads)
  ...t=9.494e+09 tail sweep 99% (6000 pieces, 2 threads)
  pt win=0 k=-5 x=9.494e+09 t=9493511981.26648 mnew=1.0000 mcert=1.0000 bexp=1.03e-03
  pt win=0 k=-8 x=9.494e+09 t=9493511979.76648 mnew=1.0000 mcert=1.0000 bexp=1.03e-03
  pt win=0 k=-6 x=9.494e+09 t=9493511980.76648 mnew=1.0000 mcert=1.0000 bexp=1.01e-03
  pt win=0 k=-7 x=9.494e+09 t=9493511980.26648 mnew=1.0000 mcert=1.0000 bexp=1.04e-03
  ...t=9.494e+09 tail sweep 8% (500 pieces, 2 threads)
  ...t=9.494e+09 tail sweep 8% (500 pieces, 2 threads)
  ...t=9.494e+09 tail sweep 8% (500 pieces, 2 threads)
  ...t=9.494e+09 tail sweep 8% (500 pieces, 2 threads)
  ...t=9.494e+09 tail sweep 17% (1000 pieces, 2 threads)
  ...t=9.494e+09 tail sweep 17% (1000 pieces, 2 threads)
  ...t=9.494e+09 tail sweep 17% (1000 pieces, 2 threads)
  ...t=9.494e+09 tail sweep 17% (1000 pieces, 2 threads)
  ...t=9.494e+09 tail sweep 25% (1500 pieces, 2 threads)
  ...t=9.494e+09 tail sweep 25% (1500 pieces, 2 threads)
  ...t=9.494e+09 tail sweep 25% (1500 pieces, 2 threads)
  ...t=9.494e+09 tail sweep 25% (1500 pieces, 2 threads)
  ...t=9.494e+09 tail sweep 33% (2000 pieces, 2 threads)
  ...t=9.494e+09 tail sweep 33% (2000 pieces, 2 threads)
  ...t=9.494e+09 tail sweep 33% (2000 pieces, 2 threads)
  ...t=9.494e+09 tail sweep 33% (2000 pieces, 2 threads)
  ...t=9.494e+09 tail sweep 41% (2500 pieces, 2 threads)
  ...t=9.494e+09 tail sweep 41% (2500 pieces, 2 threads)
  ...t=9.494e+09 tail sweep 41% (2500 pieces, 2 threads)
  ...t=9.494e+09 tail sweep 41% (2500 pieces, 2 threads)
  ...t=9.494e+09 tail sweep 50% (3000 pieces, 2 threads)
  ...t=9.494e+09 tail sweep 50% (3000 pieces, 2 threads)
  ...t=9.494e+09 tail sweep 50% (3000 pieces, 2 threads)
  ...t=9.494e+09 tail sweep 50% (3000 pieces, 2 threads)
  ...t=9.494e+09 tail sweep 58% (3500 pieces, 2 threads)
  ...t=9.494e+09 tail sweep 58% (3500 pieces, 2 threads)
  ...t=9.494e+09 tail sweep 58% (3500 pieces, 2 threads)
  ...t=9.494e+09 tail sweep 66% (4000 pieces, 2 threads)
  ...t=9.494e+09 tail sweep 66% (4000 pieces, 2 threads)
  ...t=9.494e+09 tail sweep 58% (3500 pieces, 2 threads)
  ...t=9.494e+09 tail sweep 66% (4000 pieces, 2 threads)
  ...t=9.494e+09 tail sweep 74% (4500 pieces, 2 threads)  ...t=9.494e+09 tail sweep 74% (4500 pieces, 2 threads)

  ...t=9.494e+09 tail sweep 74% (4500 pieces, 2 threads)
  ...t=9.494e+09 tail sweep 66% (4000 pieces, 2 threads)
  ...t=9.494e+09 tail sweep 83% (5000 pieces, 2 threads)
  ...t=9.494e+09 tail sweep 83% (5000 pieces, 2 threads)
  ...t=9.494e+09 tail sweep 83% (5000 pieces, 2 threads)
  ...t=9.494e+09 tail sweep 74% (4500 pieces, 2 threads)
  ...t=9.494e+09 tail sweep 91% (5500 pieces, 2 threads)
  ...t=9.494e+09 tail sweep 91% (5500 pieces, 2 threads)
  ...t=9.494e+09 tail sweep 91% (5500 pieces, 2 threads)
  ...t=9.494e+09 tail sweep 83% (5000 pieces, 2 threads)
  ...t=9.494e+09 tail sweep 99% (6000 pieces, 2 threads)
  ...t=9.494e+09 tail sweep 99% (6000 pieces, 2 threads)
  ...t=9.494e+09 tail sweep 99% (6000 pieces, 2 threads)
  ...t=9.494e+09 tail sweep 91% (5500 pieces, 2 threads)
  pt win=0 k=-2 x=9.494e+09 t=9493511982.76648 mnew=1.0000 mcert=1.0000 bexp=1.03e-03
  pt win=0 k=-1 x=9.494e+09 t=9493511983.26648 mnew=1.0000 mcert=1.0000 bexp=1.07e-03
  pt win=0 k=-4 x=9.494e+09 t=9493511981.76648 mnew=1.0000 mcert=1.0000 bexp=1.01e-03
  ...t=9.494e+09 tail sweep 8% (500 pieces, 2 threads)
  ...t=9.494e+09 tail sweep 8% (500 pieces, 2 threads)
  ...t=9.494e+09 tail sweep 8% (500 pieces, 2 threads)
  ...t=9.494e+09 tail sweep 99% (6000 pieces, 2 threads)
  ...t=9.494e+09 tail sweep 17% (1000 pieces, 2 threads)
  ...t=9.494e+09 tail sweep 17% (1000 pieces, 2 threads)
  pt win=0 k=-3 x=9.494e+09 t=9493511982.26648 mnew=1.0000 mcert=1.0000 bexp=1.02e-03
  ...t=9.494e+09 tail sweep 17% (1000 pieces, 2 threads)
  ...t=9.494e+09 tail sweep 25% (1500 pieces, 2 threads)
  ...t=9.494e+09 tail sweep 25% (1500 pieces, 2 threads)
  ...t=9.494e+09 tail sweep 8% (500 pieces, 2 threads)
  ...t=9.494e+09 tail sweep 25% (1500 pieces, 2 threads)
  ...t=9.494e+09 tail sweep 33% (2000 pieces, 2 threads)
  ...t=9.494e+09 tail sweep 33% (2000 pieces, 2 threads)
  ...t=9.494e+09 tail sweep 17% (1000 pieces, 2 threads)
  ...t=9.494e+09 tail sweep 41% (2500 pieces, 2 threads)
  ...t=9.494e+09 tail sweep 41% (2500 pieces, 2 threads)
  ...t=9.494e+09 tail sweep 33% (2000 pieces, 2 threads)
  ...t=9.494e+09 tail sweep 25% (1500 pieces, 2 threads)
  ...t=9.494e+09 tail sweep 50% (3000 pieces, 2 threads)
  ...t=9.494e+09 tail sweep 50% (3000 pieces, 2 threads)
  ...t=9.494e+09 tail sweep 41% (2500 pieces, 2 threads)
  ...t=9.494e+09 tail sweep 58% (3500 pieces, 2 threads)
  ...t=9.494e+09 tail sweep 58% (3500 pieces, 2 threads)
  ...t=9.494e+09 tail sweep 33% (2000 pieces, 2 threads)
  ...t=9.494e+09 tail sweep 66% (4000 pieces, 2 threads)
  ...t=9.494e+09 tail sweep 66% (4000 pieces, 2 threads)
  ...t=9.494e+09 tail sweep 50% (3000 pieces, 2 threads)
  ...t=9.494e+09 tail sweep 41% (2500 pieces, 2 threads)
  ...t=9.494e+09 tail sweep 74% (4500 pieces, 2 threads)
  ...t=9.494e+09 tail sweep 74% (4500 pieces, 2 threads)
  ...t=9.494e+09 tail sweep 58% (3500 pieces, 2 threads)
  ...t=9.494e+09 tail sweep 50% (3000 pieces, 2 threads)
  ...t=9.494e+09 tail sweep 83% (5000 pieces, 2 threads)
  ...t=9.494e+09 tail sweep 83% (5000 pieces, 2 threads)
  ...t=9.494e+09 tail sweep 66% (4000 pieces, 2 threads)
  ...t=9.494e+09 tail sweep 58% (3500 pieces, 2 threads)
  ...t=9.494e+09 tail sweep 91% (5500 pieces, 2 threads)
  ...t=9.494e+09 tail sweep 91% (5500 pieces, 2 threads)
  ...t=9.494e+09 tail sweep 66% (4000 pieces, 2 threads)
  ...t=9.494e+09 tail sweep 74% (4500 pieces, 2 threads)
  ...t=9.494e+09 tail sweep 99% (6000 pieces, 2 threads)
  ...t=9.494e+09 tail sweep 99% (6000 pieces, 2 threads)
  ...t=9.494e+09 tail sweep 74% (4500 pieces, 2 threads)
  ...t=9.494e+09 tail sweep 83% (5000 pieces, 2 threads)
  pt win=0 k=+1 x=9.494e+09 t=9493511984.26648 mnew=1.0000 mcert=1.0000 bexp=1.07e-03
  pt win=0 k=+3 x=9.494e+09 t=9493511985.26648 mnew=1.0000 mcert=1.0000 bexp=1.01e-03
  ...t=9.494e+09 tail sweep 91% (5500 pieces, 2 threads)
  ...t=9.494e+09 tail sweep 8% (500 pieces, 2 threads)
  ...t=9.494e+09 tail sweep 8% (500 pieces, 2 threads)
  ...t=9.494e+09 tail sweep 83% (5000 pieces, 2 threads)
  ...t=9.494e+09 tail sweep 17% (1000 pieces, 2 threads)
  ...t=9.494e+09 tail sweep 17% (1000 pieces, 2 threads)
  ...t=9.494e+09 tail sweep 99% (6000 pieces, 2 threads)
  ...t=9.494e+09 tail sweep 91% (5500 pieces, 2 threads)
  pt win=0 k=+2 x=9.494e+09 t=9493511984.76648 mnew=1.0000 mcert=1.0000 bexp=1.03e-03
  ...t=9.494e+09 tail sweep 25% (1500 pieces, 2 threads)
  ...t=9.494e+09 tail sweep 25% (1500 pieces, 2 threads)
  ...t=9.494e+09 tail sweep 99% (6000 pieces, 2 threads)
  ...t=9.494e+09 tail sweep 8% (500 pieces, 2 threads)
  ...t=9.494e+09 tail sweep 33% (2000 pieces, 2 threads)
  ...t=9.494e+09 tail sweep 33% (2000 pieces, 2 threads)
  pt win=0 k=+4 x=9.494e+09 t=9493511985.76648 mnew=1.0000 mcert=1.0000 bexp=1.03e-03
  ...t=9.494e+09 tail sweep 17% (1000 pieces, 2 threads)
  ...t=9.494e+09 tail sweep 41% (2500 pieces, 2 threads)
  ...t=9.494e+09 tail sweep 41% (2500 pieces, 2 threads)
H1_WINDOWS:  running  windows  14-16  (3  of  29)
resume:  window   0  (x=9493511984)  16/24  points  on disk
resume:  window   1  (x=1.025299294e+10)  0/24  points  on disk
resume:  window   2  (x=1.107323238e+10)  0/24  points  on disk
memguard:  MemAvailable  486.0  GiB,  reserve  28  GiB,  ~2.5  GiB/thread  x  2  threads  ->  allow  <=  10  contexts  (=  20  slab  threads;  11  GPU  clients  incl.  Xorg  vs  budget  11)
day038  gpu  H1-3e10:  FULL,  56  point  jobs  remaining (3  windows,  4  contexts  x  2  threads)
pids: parent=3137 workers=4 written to ckpt_h1_3e10/run.pids
overlap: 152/12626784 zeros differ by <=1.00 ulp (last byte,  rounding-level) --  those indices certified with dg x3
stitch: B from element 12626784 (first zero 1006346000.166784); overlap cross-check 12626632/12626784 byte-equal
tail3e10: L 52290633 + A 2792198664 + B' 3053546936 + C 3142622346 + D 92577877714 = 101618536293 zeros (812.9 GB); G_LAST = 30001045999.981976
overlap: 152/12626784 zeros differ by <=1.00 ulp (last byte,  rounding-level) --  those indices certified with dg x3
stitch: B from element 12626784 (first zero 1006346000.166784); overlap cross-check 12626632/12626784 byte-equal
tail3e10: L 52290633 + A 2792198664 + B' 3053546936 + C 3142622346 + D 92577877714 = 101618536293 zeros (812.9 GB); G_LAST = 30001045999.981976
overlap: 152/12626784 zeros differ by <=1.00 ulp (last byte,  rounding-level) --  those indices certified with dg x3
stitch: B from element 12626784 (first zero 1006346000.166784); overlap cross-check 12626632/12626784 byte-equal
tail3e10: L 52290633 + A 2792198664 + B' 3053546936 + C 3142622346 + D 92577877714 = 101618536293 zeros (812.9 GB); G_LAST = 30001045999.981976
overlap: 152/12626784 zeros differ by <=1.00 ulp (last byte,  rounding-level) --  those indices certified with dg x3
stitch: B from element 12626784 (first zero 1006346000.166784); overlap cross-check 12626632/12626784 byte-equal
tail3e10: L 52290633 + A 2792198664 + B' 3053546936 + C 3142622346 + D 92577877714 = 101618536293 zeros (812.9 GB); G_LAST = 30001045999.981976
  ...t=9.494e+09 tail sweep 8% (500 pieces, 2 threads)
  ...t=9.494e+09 tail sweep 8% (500 pieces, 2 threads)
  ...t=9.494e+09 tail sweep 8% (500 pieces, 2 threads)
  ...t=9.494e+09 tail sweep 8% (500 pieces, 2 threads)
  ...t=9.494e+09 tail sweep 17% (1000 pieces, 2 threads)
  ...t=9.494e+09 tail sweep 17% (1000 pieces, 2 threads)
  ...t=9.494e+09 tail sweep 17% (1000 pieces, 2 threads)
  ...t=9.494e+09 tail sweep 17% (1000 pieces, 2 threads)
  ...t=9.494e+09 tail sweep 25% (1500 pieces, 2 threads)
  ...t=9.494e+09 tail sweep 25% (1500 pieces, 2 threads)
  ...t=9.494e+09 tail sweep 25% (1500 pieces, 2 threads)
  ...t=9.494e+09 tail sweep 25% (1500 pieces, 2 threads)
  ...t=9.494e+09 tail sweep 33% (2000 pieces, 2 threads)
  ...t=9.494e+09 tail sweep 33% (2000 pieces, 2 threads)
  ...t=9.494e+09 tail sweep 33% (2000 pieces, 2 threads)
  ...t=9.494e+09 tail sweep 41% (2500 pieces, 2 threads)
  ...t=9.494e+09 tail sweep 41% (2500 pieces, 2 threads)
  ...t=9.494e+09 tail sweep 33% (2000 pieces, 2 threads)
  ...t=9.494e+09 tail sweep 50% (3000 pieces, 2 threads)
  ...t=9.494e+09 tail sweep 50% (3000 pieces, 2 threads)
  ...t=9.494e+09 tail sweep 41% (2500 pieces, 2 threads)
  ...t=9.494e+09 tail sweep 41% (2500 pieces, 2 threads)
  ...t=9.494e+09 tail sweep 58% (3500 pieces, 2 threads)
  ...t=9.494e+09 tail sweep 58% (3500 pieces, 2 threads)
  ...t=9.494e+09 tail sweep 50% (3000 pieces, 2 threads)
  ...t=9.494e+09 tail sweep 50% (3000 pieces, 2 threads)
  ...t=9.494e+09 tail sweep 66% (4000 pieces, 2 threads)
  ...t=9.494e+09 tail sweep 66% (4000 pieces, 2 threads)
  ...t=9.494e+09 tail sweep 58% (3500 pieces, 2 threads)
  ...t=9.494e+09 tail sweep 74% (4500 pieces, 2 threads)
  ...t=9.494e+09 tail sweep 74% (4500 pieces, 2 threads)
  ...t=9.494e+09 tail sweep 58% (3500 pieces, 2 threads)
  ...t=9.494e+09 tail sweep 83% (5000 pieces, 2 threads)
  ...t=9.494e+09 tail sweep 83% (5000 pieces, 2 threads)
  ...t=9.494e+09 tail sweep 66% (4000 pieces, 2 threads)
  ...t=9.494e+09 tail sweep 66% (4000 pieces, 2 threads)
  ...t=9.494e+09 tail sweep 91% (5500 pieces, 2 threads)
  ...t=9.494e+09 tail sweep 91% (5500 pieces, 2 threads)
  ...t=9.494e+09 tail sweep 99% (6000 pieces, 2 threads)
  ...t=9.494e+09 tail sweep 74% (4500 pieces, 2 threads)
  ...t=9.494e+09 tail sweep 74% (4500 pieces, 2 threads)
  ...t=9.494e+09 tail sweep 99% (6000 pieces, 2 threads)
  ...t=9.494e+09 tail sweep 83% (5000 pieces, 2 threads)
  pt win=0 k=+8 x=9.494e+09 t=9493511987.76648 mnew=1.0000 mcert=1.0000 bexp=1.04e-03
  pt win=0 k=+7 x=9.494e+09 t=9493511987.26648 mnew=1.0000 mcert=1.0000 bexp=1.04e-03
  ...t=9.494e+09 tail sweep 91% (5500 pieces, 2 threads)
  ...t=9.494e+09 tail sweep 83% (5000 pieces, 2 threads)
  ...t=9.494e+09 tail sweep 8% (500 pieces, 2 threads)
  ...t=9.494e+09 tail sweep 8% (500 pieces, 2 threads)
  ...t=9.494e+09 tail sweep 99% (6000 pieces, 2 threads)
  ...t=9.494e+09 tail sweep 91% (5500 pieces, 2 threads)
  ...t=9.494e+09 tail sweep 17% (1000 pieces, 2 threads)
  ...t=9.494e+09 tail sweep 17% (1000 pieces, 2 threads)
  pt win=0 k=+5 x=9.494e+09 t=9493511986.26648 mnew=1.0000 mcert=1.0000 bexp=1.01e-03
  ...t=9.494e+09 tail sweep 25% (1500 pieces, 2 threads)
  ...t=9.494e+09 tail sweep 25% (1500 pieces, 2 threads)
  ...t=9.494e+09 tail sweep 8% (500 pieces, 2 threads)
  ...t=9.494e+09 tail sweep 33% (2000 pieces, 2 threads)
  ...t=9.494e+09 tail sweep 33% (2000 pieces, 2 threads)
  ...t=9.494e+09 tail sweep 99% (6000 pieces, 2 threads)
  ...t=9.494e+09 tail sweep 17% (1000 pieces, 2 threads)
  pt win=0 k=+6 x=9.494e+09 t=9493511986.76648 mnew=1.0000 mcert=1.0000 bexp=1.03e-03
  ...t=9.494e+09 tail sweep 41% (2500 pieces, 2 threads)
  ...t=9.494e+09 tail sweep 41% (2500 pieces, 2 threads)
  ...t=9.494e+09 tail sweep 50% (3000 pieces, 2 threads)
  ...t=9.494e+09 tail sweep 50% (3000 pieces, 2 threads)
  ...t=9.494e+09 tail sweep 58% (3500 pieces, 2 threads)
  ...t=9.494e+09 tail sweep 58% (3500 pieces, 2 threads)
  ...t=9.494e+09 tail sweep 25% (1500 pieces, 2 threads)
  ...t=9.494e+09 tail sweep 8% (500 pieces, 2 threads)
  ...t=9.494e+09 tail sweep 66% (4000 pieces, 2 threads)
  ...t=9.494e+09 tail sweep 66% (4000 pieces, 2 threads)
  ...t=9.494e+09 tail sweep 33% (2000 pieces, 2 threads)
  ...t=9.494e+09 tail sweep 17% (1000 pieces, 2 threads)
  ...t=9.494e+09 tail sweep 74% (4500 pieces, 2 threads)
  ...t=9.494e+09 tail sweep 74% (4500 pieces, 2 threads)
  ...t=9.494e+09 tail sweep 25% (1500 pieces, 2 threads)
  ...t=9.494e+09 tail sweep 41% (2500 pieces, 2 threads)
  ...t=9.494e+09 tail sweep 83% (5000 pieces, 2 threads)
  ...t=9.494e+09 tail sweep 83% (5000 pieces, 2 threads)
  ...t=9.494e+09 tail sweep 33% (2000 pieces, 2 threads)
  ...t=9.494e+09 tail sweep 50% (3000 pieces, 2 threads)
  ...t=9.494e+09 tail sweep 91% (5500 pieces, 2 threads)
  ...t=9.494e+09 tail sweep 91% (5500 pieces, 2 threads)
  ...t=9.494e+09 tail sweep 41% (2500 pieces, 2 threads)
  ...t=9.494e+09 tail sweep 58% (3500 pieces, 2 threads)
  ...t=9.494e+09 tail sweep 99% (6000 pieces, 2 threads)
  ...t=9.494e+09 tail sweep 99% (6000 pieces, 2 threads)
  pt win=0 k=+9 x=9.494e+09 t=9493511988.26648 mnew=1.0000 mcert=1.0000 bexp=1.02e-03
  pt win=0 k=+10 x=9.494e+09 t=9493511988.76648 mnew=1.0000 mcert=1.0000 bexp=1.01e-03
  ...t=9.494e+09 tail sweep 50% (3000 pieces, 2 threads)
  ...t=9.494e+09 tail sweep 66% (4000 pieces, 2 threads)
  ...t=1.025e+10 tail sweep 8% (500 pieces, 2 threads)
  ...t=1.025e+10 tail sweep 8% (500 pieces, 2 threads)
  ...t=9.494e+09 tail sweep 58% (3500 pieces, 2 threads)
  ...t=9.494e+09 tail sweep 74% (4500 pieces, 2 threads)
  ...t=1.025e+10 tail sweep 17% (1000 pieces, 2 threads)
  ...t=1.025e+10 tail sweep 17% (1000 pieces, 2 threads)
  ...t=9.494e+09 tail sweep 66% (4000 pieces, 2 threads)
  ...t=9.494e+09 tail sweep 83% (5000 pieces, 2 threads)
  ...t=1.025e+10 tail sweep 25% (1500 pieces, 2 threads)
  ...t=1.025e+10 tail sweep 25% (1500 pieces, 2 threads)
  ...t=9.494e+09 tail sweep 91% (5500 pieces, 2 threads)
  ...t=9.494e+09 tail sweep 74% (4500 pieces, 2 threads)
  ...t=1.025e+10 tail sweep 33% (2000 pieces, 2 threads)
  ...t=1.025e+10 tail sweep 33% (2000 pieces, 2 threads)
  ...t=9.494e+09 tail sweep 99% (6000 pieces, 2 threads)
  ...t=1.025e+10 tail sweep 41% (2500 pieces, 2 threads)
  ...t=9.494e+09 tail sweep 83% (5000 pieces, 2 threads)
  ...t=1.025e+10 tail sweep 41% (2500 pieces, 2 threads)
  pt win=0 k=+11 x=9.494e+09 t=9493511989.26648 mnew=1.0000 mcert=1.0000 bexp=1.01e-03
  ...t=1.025e+10 tail sweep 50% (3000 pieces, 2 threads)
  ...t=9.494e+09 tail sweep 91% (5500 pieces, 2 threads)
  ...t=1.025e+10 tail sweep 8% (500 pieces, 2 threads)
  ...t=1.025e+10 tail sweep 50% (3000 pieces, 2 threads)
  ...t=1.025e+10 tail sweep 58% (3500 pieces, 2 threads)
  ...t=9.494e+09 tail sweep 99% (6000 pieces, 2 threads)
  ...t=1.025e+10 tail sweep 17% (1000 pieces, 2 threads)
  ...t=1.025e+10 tail sweep 58% (3500 pieces, 2 threads)
  pt win=0 k=+12 x=9.494e+09 t=9493511989.76648 mnew=1.0000 mcert=1.0000 bexp=1.01e-03
  ...t=1.025e+10 tail sweep 66% (4000 pieces, 2 threads)
  ...t=1.025e+10 tail sweep 25% (1500 pieces, 2 threads)
  ...t=1.025e+10 tail sweep 66% (4000 pieces, 2 threads)
  ...t=1.025e+10 tail sweep 33% (2000 pieces, 2 threads)
  ...t=1.025e+10 tail sweep 8% (500 pieces, 2 threads)
  ...t=1.025e+10 tail sweep 74% (4500 pieces, 2 threads)
  ...t=1.025e+10 tail sweep 41% (2500 pieces, 2 threads)
  ...t=1.025e+10 tail sweep 74% (4500 pieces, 2 threads)
  ...t=1.025e+10 tail sweep 83% (5000 pieces, 2 threads)
  ...t=1.025e+10 tail sweep 17% (1000 pieces, 2 threads)
  ...t=1.025e+10 tail sweep 50% (3000 pieces, 2 threads)
  ...t=1.025e+10 tail sweep 91% (5500 pieces, 2 threads)
  ...t=1.025e+10 tail sweep 83% (5000 pieces, 2 threads)
  ...t=1.025e+10 tail sweep 25% (1500 pieces, 2 threads)
  ...t=1.025e+10 tail sweep 58% (3500 pieces, 2 threads)
  ...t=1.025e+10 tail sweep 99% (6000 pieces, 2 threads)
  ...t=1.025e+10 tail sweep 33% (2000 pieces, 2 threads)
  ...t=1.025e+10 tail sweep 91% (5500 pieces, 2 threads)
  ...t=1.025e+10 tail sweep 66% (4000 pieces, 2 threads)
  pt win=1 k=-11 x=1.025e+10 t=10252992937.16001 mnew=1.0000 mcert=1.0000 bexp=1.09e-03
  ...t=1.025e+10 tail sweep 41% (2500 pieces, 2 threads)
  ...t=1.025e+10 tail sweep 8% (500 pieces, 2 threads)
  ...t=1.025e+10 tail sweep 74% (4500 pieces, 2 threads)
  ...t=1.025e+10 tail sweep 50% (3000 pieces, 2 threads)
  ...t=1.025e+10 tail sweep 17% (1000 pieces, 2 threads)
  ...t=1.025e+10 tail sweep 83% (5000 pieces, 2 threads)
  ...t=1.025e+10 tail sweep 58% (3500 pieces, 2 threads)
  ...t=1.025e+10 tail sweep 99% (6000 pieces, 2 threads)
  ...t=1.025e+10 tail sweep 25% (1500 pieces, 2 threads)
  ...t=1.025e+10 tail sweep 91% (5500 pieces, 2 threads)
  ...t=1.025e+10 tail sweep 33% (2000 pieces, 2 threads)
  ...t=1.025e+10 tail sweep 99% (6000 pieces, 2 threads)
  ...t=1.025e+10 tail sweep 66% (4000 pieces, 2 threads)
  pt win=1 k=-12 x=1.025e+10 t=10252992936.66001 mnew=1.0000 mcert=1.0000 bexp=1.10e-03
  pt win=1 k=-10 x=1.025e+10 t=10252992937.66001 mnew=1.0000 mcert=1.0000 bexp=1.09e-03
  ...t=1.025e+10 tail sweep 41% (2500 pieces, 2 threads)
  ...t=1.025e+10 tail sweep 8% (500 pieces, 2 threads)
  ...t=1.025e+10 tail sweep 8% (500 pieces, 2 threads)
  ...t=1.025e+10 tail sweep 50% (3000 pieces, 2 threads)
  ...t=1.025e+10 tail sweep 74% (4500 pieces, 2 threads)
  ...t=1.025e+10 tail sweep 58% (3500 pieces, 2 threads)
  ...t=1.025e+10 tail sweep 17% (1000 pieces, 2 threads)
  ...t=1.025e+10 tail sweep 17% (1000 pieces, 2 threads)
  ...t=1.025e+10 tail sweep 66% (4000 pieces, 2 threads)
  ...t=1.025e+10 tail sweep 83% (5000 pieces, 2 threads)
  ...t=1.025e+10 tail sweep 25% (1500 pieces, 2 threads)
  ...t=1.025e+10 tail sweep 25% (1500 pieces, 2 threads)
  ...t=1.025e+10 tail sweep 74% (4500 pieces, 2 threads)
  ...t=1.025e+10 tail sweep 33% (2000 pieces, 2 threads)
  ...t=1.025e+10 tail sweep 33% (2000 pieces, 2 threads)
  ...t=1.025e+10 tail sweep 91% (5500 pieces, 2 threads)
  ...t=1.025e+10 tail sweep 83% (5000 pieces, 2 threads)
  ...t=1.025e+10 tail sweep 41% (2500 pieces, 2 threads)
  ...t=1.025e+10 tail sweep 41% (2500 pieces, 2 threads)
  ...t=1.025e+10 tail sweep 91% (5500 pieces, 2 threads)
  ...t=1.025e+10 tail sweep 99% (6000 pieces, 2 threads)
  pt win=1 k=-9 x=1.025e+10 t=10252992938.16001 mnew=1.0000 mcert=1.0000 bexp=1.10e-03
  ...t=1.025e+10 tail sweep 50% (3000 pieces, 2 threads)
  ...t=1.025e+10 tail sweep 50% (3000 pieces, 2 threads)
  ...t=1.025e+10 tail sweep 8% (500 pieces, 2 threads)
  ...t=1.025e+10 tail sweep 99% (6000 pieces, 2 threads)
  ...t=1.025e+10 tail sweep 58% (3500 pieces, 2 threads)
  ...t=1.025e+10 tail sweep 58% (3500 pieces, 2 threads)
  ...t=1.025e+10 tail sweep 17% (1000 pieces, 2 threads)
  pt win=1 k=-8 x=1.025e+10 t=10252992938.66001 mnew=1.0000 mcert=1.0000 bexp=1.08e-03
  ...t=1.025e+10 tail sweep 8% (500 pieces, 2 threads)
  ...t=1.025e+10 tail sweep 66% (4000 pieces, 2 threads)
  ...t=1.025e+10 tail sweep 66% (4000 pieces, 2 threads)
  ...t=1.025e+10 tail sweep 25% (1500 pieces, 2 threads)
  ...t=1.025e+10 tail sweep 17% (1000 pieces, 2 threads)
  ...t=1.025e+10 tail sweep 74% (4500 pieces, 2 threads)
  ...t=1.025e+10 tail sweep 74% (4500 pieces, 2 threads)
  ...t=1.025e+10 tail sweep 25% (1500 pieces, 2 threads)
  ...t=1.025e+10 tail sweep 33% (2000 pieces, 2 threads)
  ...t=1.025e+10 tail sweep 83% (5000 pieces, 2 threads)
  ...t=1.025e+10 tail sweep 83% (5000 pieces, 2 threads)
  ...t=1.025e+10 tail sweep 33% (2000 pieces, 2 threads)
  ...t=1.025e+10 tail sweep 41% (2500 pieces, 2 threads)
  ...t=1.025e+10 tail sweep 41% (2500 pieces, 2 threads)
  ...t=1.025e+10 tail sweep 91% (5500 pieces, 2 threads)
  ...t=1.025e+10 tail sweep 91% (5500 pieces, 2 threads)
  ...t=1.025e+10 tail sweep 50% (3000 pieces, 2 threads)
  ...t=1.025e+10 tail sweep 50% (3000 pieces, 2 threads)
  ...t=1.025e+10 tail sweep 58% (3500 pieces, 2 threads)
  ...t=1.025e+10 tail sweep 99% (6000 pieces, 2 threads)
  pt win=1 k=-6 x=1.025e+10 t=10252992939.66001 mnew=1.0000 mcert=1.0000 bexp=1.12e-03
  ...t=1.025e+10 tail sweep 99% (6000 pieces, 2 threads)
  ...t=1.025e+10 tail sweep 66% (4000 pieces, 2 threads)
  ...t=1.025e+10 tail sweep 58% (3500 pieces, 2 threads)
  ...t=1.025e+10 tail sweep 74% (4500 pieces, 2 threads)
  pt win=1 k=-7 x=1.025e+10 t=10252992939.16001 mnew=1.0000 mcert=1.0000 bexp=1.08e-03
  ...t=1.025e+10 tail sweep 8% (500 pieces, 2 threads)
  ...t=1.025e+10 tail sweep 66% (4000 pieces, 2 threads)
  ...t=1.025e+10 tail sweep 83% (5000 pieces, 2 threads)
  ...t=1.025e+10 tail sweep 17% (1000 pieces, 2 threads)
  ...t=1.025e+10 tail sweep 8% (500 pieces, 2 threads)
  ...t=1.025e+10 tail sweep 74% (4500 pieces, 2 threads)
  ...t=1.025e+10 tail sweep 91% (5500 pieces, 2 threads)
  ...t=1.025e+10 tail sweep 25% (1500 pieces, 2 threads)
  ...t=1.025e+10 tail sweep 17% (1000 pieces, 2 threads)
  ...t=1.025e+10 tail sweep 83% (5000 pieces, 2 threads)
  ...t=1.025e+10 tail sweep 99% (6000 pieces, 2 threads)
  pt win=1 k=-4 x=1.025e+10 t=10252992940.66001 mnew=1.0000 mcert=1.0000 bexp=1.12e-03
  ...t=1.025e+10 tail sweep 33% (2000 pieces, 2 threads)
  ...t=1.025e+10 tail sweep 25% (1500 pieces, 2 threads)
  ...t=1.025e+10 tail sweep 91% (5500 pieces, 2 threads)
  ...t=1.025e+10 tail sweep 8% (500 pieces, 2 threads)
  ...t=1.025e+10 tail sweep 41% (2500 pieces, 2 threads)
  ...t=1.025e+10 tail sweep 33% (2000 pieces, 2 threads)
  ...t=1.025e+10 tail sweep 99% (6000 pieces, 2 threads)
  ...t=1.025e+10 tail sweep 17% (1000 pieces, 2 threads)
  ...t=1.025e+10 tail sweep 50% (3000 pieces, 2 threads)
  ...t=1.025e+10 tail sweep 41% (2500 pieces, 2 threads)
  pt win=1 k=-5 x=1.025e+10 t=10252992940.16001 mnew=1.0000 mcert=1.0000 bexp=1.09e-03
  ...t=1.025e+10 tail sweep 25% (1500 pieces, 2 threads)
  ...t=1.025e+10 tail sweep 58% (3500 pieces, 2 threads)
  ...t=1.025e+10 tail sweep 50% (3000 pieces, 2 threads)
  ...t=1.025e+10 tail sweep 8% (500 pieces, 2 threads)
  ...t=1.025e+10 tail sweep 33% (2000 pieces, 2 threads)
  ...t=1.025e+10 tail sweep 66% (4000 pieces, 2 threads)
  ...t=1.025e+10 tail sweep 58% (3500 pieces, 2 threads)
  ...t=1.025e+10 tail sweep 17% (1000 pieces, 2 threads)
  ...t=1.025e+10 tail sweep 41% (2500 pieces, 2 threads)
  ...t=1.025e+10 tail sweep 74% (4500 pieces, 2 threads)
  ...t=1.025e+10 tail sweep 66% (4000 pieces, 2 threads)
  ...t=1.025e+10 tail sweep 25% (1500 pieces, 2 threads)
  ...t=1.025e+10 tail sweep 50% (3000 pieces, 2 threads)
  ...t=1.025e+10 tail sweep 74% (4500 pieces, 2 threads)
  ...t=1.025e+10 tail sweep 83% (5000 pieces, 2 threads)
  ...t=1.025e+10 tail sweep 58% (3500 pieces, 2 threads)
  ...t=1.025e+10 tail sweep 33% (2000 pieces, 2 threads)
  ...t=1.025e+10 tail sweep 91% (5500 pieces, 2 threads)
  ...t=1.025e+10 tail sweep 83% (5000 pieces, 2 threads)
  ...t=1.025e+10 tail sweep 41% (2500 pieces, 2 threads)
  ...t=1.025e+10 tail sweep 66% (4000 pieces, 2 threads)
  ...t=1.025e+10 tail sweep 50% (3000 pieces, 2 threads)
  ...t=1.025e+10 tail sweep 91% (5500 pieces, 2 threads)
  ...t=1.025e+10 tail sweep 99% (6000 pieces, 2 threads)
  ...t=1.025e+10 tail sweep 74% (4500 pieces, 2 threads)
  ...t=1.025e+10 tail sweep 58% (3500 pieces, 2 threads)
  pt win=1 k=-3 x=1.025e+10 t=10252992941.16001 mnew=1.0000 mcert=1.0000 bexp=1.10e-03
  ...t=1.025e+10 tail sweep 66% (4000 pieces, 2 threads)
  ...t=1.025e+10 tail sweep 83% (5000 pieces, 2 threads)
  ...t=1.025e+10 tail sweep 99% (6000 pieces, 2 threads)
  ...t=1.025e+10 tail sweep 8% (500 pieces, 2 threads)
  pt win=1 k=-2 x=1.025e+10 t=10252992941.66001 mnew=1.0000 mcert=1.0000 bexp=1.09e-03
  ...t=1.025e+10 tail sweep 91% (5500 pieces, 2 threads)
  ...t=1.025e+10 tail sweep 74% (4500 pieces, 2 threads)
  ...t=1.025e+10 tail sweep 17% (1000 pieces, 2 threads)
  ...t=1.025e+10 tail sweep 8% (500 pieces, 2 threads)
  ...t=1.025e+10 tail sweep 99% (6000 pieces, 2 threads)
  ...t=1.025e+10 tail sweep 83% (5000 pieces, 2 threads)
  ...t=1.025e+10 tail sweep 25% (1500 pieces, 2 threads)
  pt win=1 k=-1 x=1.025e+10 t=10252992942.16001 mnew=1.0000 mcert=1.0000 bexp=1.10e-03
  ...t=1.025e+10 tail sweep 17% (1000 pieces, 2 threads)
  ...t=1.025e+10 tail sweep 91% (5500 pieces, 2 threads)
  ...t=1.025e+10 tail sweep 33% (2000 pieces, 2 threads)
  ...t=1.025e+10 tail sweep 8% (500 pieces, 2 threads)
  ...t=1.025e+10 tail sweep 25% (1500 pieces, 2 threads)
  ...t=1.025e+10 tail sweep 99% (6000 pieces, 2 threads)
  ...t=1.025e+10 tail sweep 17% (1000 pieces, 2 threads)
  ...t=1.025e+10 tail sweep 33% (2000 pieces, 2 threads)
  ...t=1.025e+10 tail sweep 41% (2500 pieces, 2 threads)
  pt win=1 k=+1 x=1.025e+10 t=10252992943.16001 mnew=1.0000 mcert=1.0000 bexp=1.09e-03
  ...t=1.025e+10 tail sweep 8% (500 pieces, 2 threads)
  ...t=1.025e+10 tail sweep 25% (1500 pieces, 2 threads)
  ...t=1.025e+10 tail sweep 41% (2500 pieces, 2 threads)
  ...t=1.025e+10 tail sweep 50% (3000 pieces, 2 threads)
  ...t=1.025e+10 tail sweep 17% (1000 pieces, 2 threads)
  ...t=1.025e+10 tail sweep 33% (2000 pieces, 2 threads)
  ...t=1.025e+10 tail sweep 50% (3000 pieces, 2 threads)
  ...t=1.025e+10 tail sweep 58% (3500 pieces, 2 threads)
  ...t=1.025e+10 tail sweep 25% (1500 pieces, 2 threads)
  ...t=1.025e+10 tail sweep 58% (3500 pieces, 2 threads)
  ...t=1.025e+10 tail sweep 41% (2500 pieces, 2 threads)
  ...t=1.025e+10 tail sweep 66% (4000 pieces, 2 threads)
  ...t=1.025e+10 tail sweep 66% (4000 pieces, 2 threads)
  ...t=1.025e+10 tail sweep 50% (3000 pieces, 2 threads)
  ...t=1.025e+10 tail sweep 33% (2000 pieces, 2 threads)
  ...t=1.025e+10 tail sweep 74% (4500 pieces, 2 threads)
  ...t=1.025e+10 tail sweep 58% (3500 pieces, 2 threads)
  ...t=1.025e+10 tail sweep 74% (4500 pieces, 2 threads)
  ...t=1.025e+10 tail sweep 83% (5000 pieces, 2 threads)
  ...t=1.025e+10 tail sweep 41% (2500 pieces, 2 threads)
  ...t=1.025e+10 tail sweep 83% (5000 pieces, 2 threads)
  ...t=1.025e+10 tail sweep 66% (4000 pieces, 2 threads)
  ...t=1.025e+10 tail sweep 91% (5500 pieces, 2 threads)
  ...t=1.025e+10 tail sweep 50% (3000 pieces, 2 threads)
  ...t=1.025e+10 tail sweep 74% (4500 pieces, 2 threads)
  ...t=1.025e+10 tail sweep 91% (5500 pieces, 2 threads)
  ...t=1.025e+10 tail sweep 99% (6000 pieces, 2 threads)
  ...t=1.025e+10 tail sweep 58% (3500 pieces, 2 threads)
  ...t=1.025e+10 tail sweep 83% (5000 pieces, 2 threads)
  ...t=1.025e+10 tail sweep 99% (6000 pieces, 2 threads)
  pt win=1 k=+2 x=1.025e+10 t=10252992943.66001 mnew=1.0000 mcert=1.0000 bexp=1.10e-03
  ...t=1.025e+10 tail sweep 66% (4000 pieces, 2 threads)
  pt win=1 k=+3 x=1.025e+10 t=10252992944.16001 mnew=1.0000 mcert=1.0000 bexp=1.12e-03
  ...t=1.025e+10 tail sweep 91% (5500 pieces, 2 threads)
  ...t=1.025e+10 tail sweep 8% (500 pieces, 2 threads)
  ...t=1.025e+10 tail sweep 74% (4500 pieces, 2 threads)
  ...t=1.025e+10 tail sweep 8% (500 pieces, 2 threads)
  ...t=1.025e+10 tail sweep 99% (6000 pieces, 2 threads)
  ...t=1.025e+10 tail sweep 17% (1000 pieces, 2 threads)
  ...t=1.025e+10 tail sweep 83% (5000 pieces, 2 threads)
  ...t=1.025e+10 tail sweep 17% (1000 pieces, 2 threads)
  pt win=1 k=+4 x=1.025e+10 t=10252992944.66001 mnew=1.0000 mcert=1.0000 bexp=1.09e-03
  ...t=1.025e+10 tail sweep 25% (1500 pieces, 2 threads)
  ...t=1.025e+10 tail sweep 91% (5500 pieces, 2 threads)
  ...t=1.025e+10 tail sweep 25% (1500 pieces, 2 threads)
  ...t=1.025e+10 tail sweep 8% (500 pieces, 2 threads)
  ...t=1.025e+10 tail sweep 33% (2000 pieces, 2 threads)
  ...t=1.025e+10 tail sweep 33% (2000 pieces, 2 threads)
  ...t=1.025e+10 tail sweep 99% (6000 pieces, 2 threads)
  ...t=1.025e+10 tail sweep 17% (1000 pieces, 2 threads)
  ...t=1.025e+10 tail sweep 41% (2500 pieces, 2 threads)
  ...t=1.025e+10 tail sweep 41% (2500 pieces, 2 threads)
  pt win=1 k=+5 x=1.025e+10 t=10252992945.16001 mnew=1.0000 mcert=1.0000 bexp=2.45e-03
  ...t=1.025e+10 tail sweep 25% (1500 pieces, 2 threads)
  ...t=1.025e+10 tail sweep 50% (3000 pieces, 2 threads)
  ...t=1.025e+10 tail sweep 50% (3000 pieces, 2 threads)
  ...t=1.025e+10 tail sweep 8% (500 pieces, 2 threads)
  ...t=1.025e+10 tail sweep 33% (2000 pieces, 2 threads)
  ...t=1.025e+10 tail sweep 58% (3500 pieces, 2 threads)
  ...t=1.025e+10 tail sweep 58% (3500 pieces, 2 threads)
  ...t=1.025e+10 tail sweep 17% (1000 pieces, 2 threads)
  ...t=1.025e+10 tail sweep 41% (2500 pieces, 2 threads)
  ...t=1.025e+10 tail sweep 66% (4000 pieces, 2 threads)
  ...t=1.025e+10 tail sweep 66% (4000 pieces, 2 threads)
  ...t=1.025e+10 tail sweep 25% (1500 pieces, 2 threads)
  ...t=1.025e+10 tail sweep 50% (3000 pieces, 2 threads)
  ...t=1.025e+10 tail sweep 74% (4500 pieces, 2 threads)
  ...t=1.025e+10 tail sweep 74% (4500 pieces, 2 threads)
  ...t=1.025e+10 tail sweep 33% (2000 pieces, 2 threads)
  ...t=1.025e+10 tail sweep 58% (3500 pieces, 2 threads)
  ...t=1.025e+10 tail sweep 83% (5000 pieces, 2 threads)
  ...t=1.025e+10 tail sweep 83% (5000 pieces, 2 threads)
  ...t=1.025e+10 tail sweep 41% (2500 pieces, 2 threads)
  ...t=1.025e+10 tail sweep 66% (4000 pieces, 2 threads)
  ...t=1.025e+10 tail sweep 91% (5500 pieces, 2 threads)
  ...t=1.025e+10 tail sweep 91% (5500 pieces, 2 threads)
  ...t=1.025e+10 tail sweep 74% (4500 pieces, 2 threads)
  ...t=1.025e+10 tail sweep 50% (3000 pieces, 2 threads)
  ...t=1.025e+10 tail sweep 99% (6000 pieces, 2 threads)
  ...t=1.025e+10 tail sweep 99% (6000 pieces, 2 threads)
  ...t=1.025e+10 tail sweep 58% (3500 pieces, 2 threads)
  ...t=1.025e+10 tail sweep 83% (5000 pieces, 2 threads)
  pt win=1 k=+7 x=1.025e+10 t=10252992946.16001 mnew=1.0000 mcert=1.0000 bexp=1.10e-03
  pt win=1 k=+6 x=1.025e+10 t=10252992945.66001 mnew=1.0000 mcert=1.0000 bexp=1.09e-03
  ...t=1.025e+10 tail sweep 66% (4000 pieces, 2 threads)
  ...t=1.025e+10 tail sweep 91% (5500 pieces, 2 threads)
  ...t=1.025e+10 tail sweep 8% (500 pieces, 2 threads)
  ...t=1.025e+10 tail sweep 8% (500 pieces, 2 threads)
  ...t=1.025e+10 tail sweep 74% (4500 pieces, 2 threads)
  ...t=1.025e+10 tail sweep 99% (6000 pieces, 2 threads)
  ...t=1.025e+10 tail sweep 17% (1000 pieces, 2 threads)
  ...t=1.025e+10 tail sweep 83% (5000 pieces, 2 threads)
  ...t=1.025e+10 tail sweep 17% (1000 pieces, 2 threads)
  ...t=1.025e+10 tail sweep 25% (1500 pieces, 2 threads)
  pt win=1 k=+8 x=1.025e+10 t=10252992946.66001 mnew=1.0000 mcert=1.0000 bexp=1.18e-03
  ...t=1.025e+10 tail sweep 91% (5500 pieces, 2 threads)
  ...t=1.025e+10 tail sweep 25% (1500 pieces, 2 threads)
  ...t=1.025e+10 tail sweep 8% (500 pieces, 2 threads)
  ...t=1.025e+10 tail sweep 33% (2000 pieces, 2 threads)
  ...t=1.025e+10 tail sweep 33% (2000 pieces, 2 threads)
  ...t=1.025e+10 tail sweep 99% (6000 pieces, 2 threads)
  ...t=1.025e+10 tail sweep 17% (1000 pieces, 2 threads)
  ...t=1.025e+10 tail sweep 41% (2500 pieces, 2 threads)
  pt win=1 k=+9 x=1.025e+10 t=10252992947.16001 mnew=1.0000 mcert=1.0000 bexp=1.12e-03
  ...t=1.025e+10 tail sweep 41% (2500 pieces, 2 threads)
  ...t=1.025e+10 tail sweep 25% (1500 pieces, 2 threads)
  ...t=1.025e+10 tail sweep 50% (3000 pieces, 2 threads)
  ...t=1.107e+10 tail sweep 8% (500 pieces, 2 threads)
  ...t=1.025e+10 tail sweep 33% (2000 pieces, 2 threads)
  ...t=1.025e+10 tail sweep 58% (3500 pieces, 2 threads)
  ...t=1.025e+10 tail sweep 50% (3000 pieces, 2 threads)
  ...t=1.107e+10 tail sweep 17% (1000 pieces, 2 threads)
  ...t=1.025e+10 tail sweep 41% (2500 pieces, 2 threads)
  ...t=1.025e+10 tail sweep 66% (4000 pieces, 2 threads)
  ...t=1.025e+10 tail sweep 58% (3500 pieces, 2 threads)
  ...t=1.107e+10 tail sweep 25% (1500 pieces, 2 threads)
  ...t=1.025e+10 tail sweep 50% (3000 pieces, 2 threads)
  ...t=1.025e+10 tail sweep 74% (4500 pieces, 2 threads)
  ...t=1.025e+10 tail sweep 66% (4000 pieces, 2 threads)
  ...t=1.107e+10 tail sweep 33% (2000 pieces, 2 threads)
  ...t=1.025e+10 tail sweep 58% (3500 pieces, 2 threads)
  ...t=1.025e+10 tail sweep 66% (4000 pieces, 2 threads)
  ...t=1.025e+10 tail sweep 74% (4500 pieces, 2 threads)
  ...t=1.025e+10 tail sweep 83% (5000 pieces, 2 threads)
  ...t=1.107e+10 tail sweep 41% (2500 pieces, 2 threads)
  ...t=1.025e+10 tail sweep 74% (4500 pieces, 2 threads)
  ...t=1.025e+10 tail sweep 83% (5000 pieces, 2 threads)
  ...t=1.025e+10 tail sweep 91% (5500 pieces, 2 threads)
  ...t=1.107e+10 tail sweep 50% (3000 pieces, 2 threads)
  ...t=1.025e+10 tail sweep 83% (5000 pieces, 2 threads)
  ...t=1.025e+10 tail sweep 91% (5500 pieces, 2 threads)
  ...t=1.025e+10 tail sweep 99% (6000 pieces, 2 threads)
  ...t=1.107e+10 tail sweep 58% (3500 pieces, 2 threads)
  pt win=1 k=+10 x=1.025e+10 t=10252992947.66001 mnew=1.0000 mcert=1.0000 bexp=1.19e-03
  ...t=1.025e+10 tail sweep 99% (6000 pieces, 2 threads)
  ...t=1.025e+10 tail sweep 91% (5500 pieces, 2 threads)
  ...t=1.107e+10 tail sweep 66% (4000 pieces, 2 threads)
  ...t=1.107e+10 tail sweep 8% (500 pieces, 2 threads)
  pt win=1 k=+11 x=1.025e+10 t=10252992948.16001 mnew=1.0000 mcert=1.0000 bexp=1.08e-03
  ...t=1.107e+10 tail sweep 74% (4500 pieces, 2 threads)
  ...t=1.025e+10 tail sweep 99% (6000 pieces, 2 threads)
  ...t=1.107e+10 tail sweep 8% (500 pieces, 2 threads)
  ...t=1.107e+10 tail sweep 17% (1000 pieces, 2 threads)
  pt win=1 k=+12 x=1.025e+10 t=10252992948.66001 mnew=1.0000 mcert=1.0000 bexp=1.09e-03
  ...t=1.107e+10 tail sweep 83% (5000 pieces, 2 threads)
  ...t=1.107e+10 tail sweep 8% (500 pieces, 2 threads)
  ...t=1.107e+10 tail sweep 17% (1000 pieces, 2 threads)
  ...t=1.107e+10 tail sweep 91% (5500 pieces, 2 threads)
  ...t=1.107e+10 tail sweep 25% (1500 pieces, 2 threads)
  ...t=1.107e+10 tail sweep 17% (1000 pieces, 2 threads)
  ...t=1.107e+10 tail sweep 25% (1500 pieces, 2 threads)
  ...t=1.107e+10 tail sweep 99% (6000 pieces, 2 threads)
  ...t=1.107e+10 tail sweep 25% (1500 pieces, 2 threads)
  ...t=1.107e+10 tail sweep 33% (2000 pieces, 2 threads)
  ...t=1.107e+10 tail sweep 33% (2000 pieces, 2 threads)
  pt win=2 k=-12 x=1.107e+10 t=11073232371.91079 mnew=1.0000 mcert=1.0000 bexp=1.17e-03
  ...t=1.107e+10 tail sweep 33% (2000 pieces, 2 threads)
  ...t=1.107e+10 tail sweep 41% (2500 pieces, 2 threads)
  ...t=1.107e+10 tail sweep 41% (2500 pieces, 2 threads)
  ...t=1.107e+10 tail sweep 41% (2500 pieces, 2 threads)
  ...t=1.107e+10 tail sweep 8% (500 pieces, 2 threads)
  ...t=1.107e+10 tail sweep 50% (3000 pieces, 2 threads)
  ...t=1.107e+10 tail sweep 50% (3000 pieces, 2 threads)
  ...t=1.107e+10 tail sweep 50% (3000 pieces, 2 threads)
  ...t=1.107e+10 tail sweep 17% (1000 pieces, 2 threads)
  ...t=1.107e+10 tail sweep 58% (3500 pieces, 2 threads)
  ...t=1.107e+10 tail sweep 58% (3500 pieces, 2 threads)
  ...t=1.107e+10 tail sweep 58% (3500 pieces, 2 threads)
  ...t=1.107e+10 tail sweep 25% (1500 pieces, 2 threads)
  ...t=1.107e+10 tail sweep 66% (4000 pieces, 2 threads)
  ...t=1.107e+10 tail sweep 66% (4000 pieces, 2 threads)
  ...t=1.107e+10 tail sweep 66% (4000 pieces, 2 threads)
  ...t=1.107e+10 tail sweep 33% (2000 pieces, 2 threads)
  ...t=1.107e+10 tail sweep 74% (4500 pieces, 2 threads)
  ...t=1.107e+10 tail sweep 74% (4500 pieces, 2 threads)
  ...t=1.107e+10 tail sweep 74% (4500 pieces, 2 threads)
  ...t=1.107e+10 tail sweep 41% (2500 pieces, 2 threads)
  ...t=1.107e+10 tail sweep 83% (5000 pieces, 2 threads)
  ...t=1.107e+10 tail sweep 83% (5000 pieces, 2 threads)
  ...t=1.107e+10 tail sweep 83% (5000 pieces, 2 threads)
  ...t=1.107e+10 tail sweep 50% (3000 pieces, 2 threads)
  ...t=1.107e+10 tail sweep 91% (5500 pieces, 2 threads)
  ...t=1.107e+10 tail sweep 58% (3500 pieces, 2 threads)
  ...t=1.107e+10 tail sweep 91% (5500 pieces, 2 threads)
  ...t=1.107e+10 tail sweep 91% (5500 pieces, 2 threads)
  ...t=1.107e+10 tail sweep 66% (4000 pieces, 2 threads)
  ...t=1.107e+10 tail sweep 99% (6000 pieces, 2 threads)
  ...t=1.107e+10 tail sweep 99% (6000 pieces, 2 threads)
  ...t=1.107e+10 tail sweep 99% (6000 pieces, 2 threads)
  ...t=1.107e+10 tail sweep 74% (4500 pieces, 2 threads)
  pt win=2 k=-9 x=1.107e+10 t=11073232373.41079 mnew=1.0000 mcert=1.0000 bexp=1.24e-03
  pt win=2 k=-10 x=1.107e+10 t=11073232372.91079 mnew=1.0000 mcert=1.0000 bexp=1.17e-03
  pt win=2 k=-11 x=1.107e+10 t=11073232372.41079 mnew=1.0000 mcert=1.0000 bexp=1.17e-03
  ...t=1.107e+10 tail sweep 83% (5000 pieces, 2 threads)
  ...t=1.107e+10 tail sweep 8% (500 pieces, 2 threads)
  ...t=1.107e+10 tail sweep 8% (500 pieces, 2 threads)
  ...t=1.107e+10 tail sweep 8% (500 pieces, 2 threads)
  ...t=1.107e+10 tail sweep 91% (5500 pieces, 2 threads)
  ...t=1.107e+10 tail sweep 17% (1000 pieces, 2 threads)
  ...t=1.107e+10 tail sweep 17% (1000 pieces, 2 threads)
  ...t=1.107e+10 tail sweep 17% (1000 pieces, 2 threads)
  ...t=1.107e+10 tail sweep 99% (6000 pieces, 2 threads)
  pt win=2 k=-8 x=1.107e+10 t=11073232373.91079 mnew=1.0000 mcert=1.0000 bexp=1.17e-03
  ...t=1.107e+10 tail sweep 25% (1500 pieces, 2 threads)
  ...t=1.107e+10 tail sweep 25% (1500 pieces, 2 threads)
  ...t=1.107e+10 tail sweep 25% (1500 pieces, 2 threads)
  ...t=1.107e+10 tail sweep 8% (500 pieces, 2 threads)
  ...t=1.107e+10 tail sweep 33% (2000 pieces, 2 threads)
  ...t=1.107e+10 tail sweep 33% (2000 pieces, 2 threads)
  ...t=1.107e+10 tail sweep 33% (2000 pieces, 2 threads)
  ...t=1.107e+10 tail sweep 41% (2500 pieces, 2 threads)
  ...t=1.107e+10 tail sweep 41% (2500 pieces, 2 threads)
  ...t=1.107e+10 tail sweep 17% (1000 pieces, 2 threads)
  ...t=1.107e+10 tail sweep 41% (2500 pieces, 2 threads)
  ...t=1.107e+10 tail sweep 50% (3000 pieces, 2 threads)
  ...t=1.107e+10 tail sweep 50% (3000 pieces, 2 threads)
  ...t=1.107e+10 tail sweep 25% (1500 pieces, 2 threads)
  ...t=1.107e+10 tail sweep 50% (3000 pieces, 2 threads)
  ...t=1.107e+10 tail sweep 58% (3500 pieces, 2 threads)
  ...t=1.107e+10 tail sweep 58% (3500 pieces, 2 threads)
  ...t=1.107e+10 tail sweep 33% (2000 pieces, 2 threads)
  ...t=1.107e+10 tail sweep 58% (3500 pieces, 2 threads)
  ...t=1.107e+10 tail sweep 66% (4000 pieces, 2 threads)
  ...t=1.107e+10 tail sweep 66% (4000 pieces, 2 threads)
  ...t=1.107e+10 tail sweep 74% (4500 pieces, 2 threads)
  ...t=1.107e+10 tail sweep 74% (4500 pieces, 2 threads)
  ...t=1.107e+10 tail sweep 41% (2500 pieces, 2 threads)
  ...t=1.107e+10 tail sweep 66% (4000 pieces, 2 threads)
  ...t=1.107e+10 tail sweep 83% (5000 pieces, 2 threads)
  ...t=1.107e+10 tail sweep 83% (5000 pieces, 2 threads)
  ...t=1.107e+10 tail sweep 91% (5500 pieces, 2 threads)
  ...t=1.107e+10 tail sweep 91% (5500 pieces, 2 threads)
  ...t=1.107e+10 tail sweep 50% (3000 pieces, 2 threads)
  ...t=1.107e+10 tail sweep 74% (4500 pieces, 2 threads)
  ...t=1.107e+10 tail sweep 99% (6000 pieces, 2 threads)
  ...t=1.107e+10 tail sweep 99% (6000 pieces, 2 threads)
  ...t=1.107e+10 tail sweep 58% (3500 pieces, 2 threads)
  pt win=2 k=-6 x=1.107e+10 t=11073232374.91079 mnew=1.0000 mcert=1.0000 bexp=1.18e-03
  pt win=2 k=-7 x=1.107e+10 t=11073232374.41079 mnew=1.0000 mcert=1.0000 bexp=1.17e-03
  ...t=1.107e+10 tail sweep 83% (5000 pieces, 2 threads)
  ...t=1.107e+10 tail sweep 66% (4000 pieces, 2 threads)
  ...t=1.107e+10 tail sweep 8% (500 pieces, 2 threads)
  ...t=1.107e+10 tail sweep 8% (500 pieces, 2 threads)
  ...t=1.107e+10 tail sweep 74% (4500 pieces, 2 threads)
  ...t=1.107e+10 tail sweep 17% (1000 pieces, 2 threads)
  ...t=1.107e+10 tail sweep 17% (1000 pieces, 2 threads)
  ...t=1.107e+10 tail sweep 91% (5500 pieces, 2 threads)
  ...t=1.107e+10 tail sweep 83% (5000 pieces, 2 threads)
  ...t=1.107e+10 tail sweep 25% (1500 pieces, 2 threads)
  ...t=1.107e+10 tail sweep 25% (1500 pieces, 2 threads)
  ...t=1.107e+10 tail sweep 99% (6000 pieces, 2 threads)
  ...t=1.107e+10 tail sweep 91% (5500 pieces, 2 threads)
  pt win=2 k=-5 x=1.107e+10 t=11073232375.41079 mnew=1.0000 mcert=1.0000 bexp=1.21e-03
  ...t=1.107e+10 tail sweep 33% (2000 pieces, 2 threads)
  ...t=1.107e+10 tail sweep 33% (2000 pieces, 2 threads)
  ...t=1.107e+10 tail sweep 99% (6000 pieces, 2 threads)
  ...t=1.107e+10 tail sweep 8% (500 pieces, 2 threads)
  ...t=1.107e+10 tail sweep 41% (2500 pieces, 2 threads)
  ...t=1.107e+10 tail sweep 41% (2500 pieces, 2 threads)
  pt win=2 k=-4 x=1.107e+10 t=11073232375.91079 mnew=1.0000 mcert=1.0000 bexp=1.19e-03
  ...t=1.107e+10 tail sweep 17% (1000 pieces, 2 threads)
  ...t=1.107e+10 tail sweep 50% (3000 pieces, 2 threads)
  ...t=1.107e+10 tail sweep 50% (3000 pieces, 2 threads)
  ...t=1.107e+10 tail sweep 8% (500 pieces, 2 threads)
  ...t=1.107e+10 tail sweep 25% (1500 pieces, 2 threads)
  ...t=1.107e+10 tail sweep 58% (3500 pieces, 2 threads)
  ...t=1.107e+10 tail sweep 58% (3500 pieces, 2 threads)
  ...t=1.107e+10 tail sweep 33% (2000 pieces, 2 threads)
  ...t=1.107e+10 tail sweep 66% (4000 pieces, 2 threads)
  ...t=1.107e+10 tail sweep 66% (4000 pieces, 2 threads)
  ...t=1.107e+10 tail sweep 17% (1000 pieces, 2 threads)
  ...t=1.107e+10 tail sweep 41% (2500 pieces, 2 threads)
  ...t=1.107e+10 tail sweep 74% (4500 pieces, 2 threads)
  ...t=1.107e+10 tail sweep 74% (4500 pieces, 2 threads)
  ...t=1.107e+10 tail sweep 83% (5000 pieces, 2 threads)
  ...t=1.107e+10 tail sweep 83% (5000 pieces, 2 threads)
  ...t=1.107e+10 tail sweep 25% (1500 pieces, 2 threads)
  ...t=1.107e+10 tail sweep 50% (3000 pieces, 2 threads)
  ...t=1.107e+10 tail sweep 91% (5500 pieces, 2 threads)
  ...t=1.107e+10 tail sweep 91% (5500 pieces, 2 threads)
  ...t=1.107e+10 tail sweep 58% (3500 pieces, 2 threads)
  ...t=1.107e+10 tail sweep 33% (2000 pieces, 2 threads)
  ...t=1.107e+10 tail sweep 99% (6000 pieces, 2 threads)
  ...t=1.107e+10 tail sweep 99% (6000 pieces, 2 threads)
  ...t=1.107e+10 tail sweep 66% (4000 pieces, 2 threads)
  ...t=1.107e+10 tail sweep 41% (2500 pieces, 2 threads)
  pt win=2 k=-3 x=1.107e+10 t=11073232376.41079 mnew=1.0000 mcert=1.0000 bexp=1.17e-03
  pt win=2 k=-2 x=1.107e+10 t=11073232376.91079 mnew=1.0000 mcert=1.0000 bexp=1.17e-03
  ...t=1.107e+10 tail sweep 74% (4500 pieces, 2 threads)
  ...t=1.107e+10 tail sweep 8% (500 pieces, 2 threads)
  ...t=1.107e+10 tail sweep 8% (500 pieces, 2 threads)
  ...t=1.107e+10 tail sweep 50% (3000 pieces, 2 threads)
  ...t=1.107e+10 tail sweep 17% (1000 pieces, 2 threads)
  ...t=1.107e+10 tail sweep 17% (1000 pieces, 2 threads)
  ...t=1.107e+10 tail sweep 83% (5000 pieces, 2 threads)
  ...t=1.107e+10 tail sweep 58% (3500 pieces, 2 threads)
  ...t=1.107e+10 tail sweep 25% (1500 pieces, 2 threads)
  ...t=1.107e+10 tail sweep 25% (1500 pieces, 2 threads)
  ...t=1.107e+10 tail sweep 91% (5500 pieces, 2 threads)
  ...t=1.107e+10 tail sweep 66% (4000 pieces, 2 threads)
  ...t=1.107e+10 tail sweep 33% (2000 pieces, 2 threads)
  ...t=1.107e+10 tail sweep 33% (2000 pieces, 2 threads)
  ...t=1.107e+10 tail sweep 74% (4500 pieces, 2 threads)
  ...t=1.107e+10 tail sweep 41% (2500 pieces, 2 threads)
  ...t=1.107e+10 tail sweep 41% (2500 pieces, 2 threads)
  ...t=1.107e+10 tail sweep 99% (6000 pieces, 2 threads)
  ...t=1.107e+10 tail sweep 50% (3000 pieces, 2 threads)
  ...t=1.107e+10 tail sweep 50% (3000 pieces, 2 threads)
  ...t=1.107e+10 tail sweep 83% (5000 pieces, 2 threads)
  pt win=2 k=-1 x=1.107e+10 t=11073232377.41079 mnew=1.0000 mcert=1.0000 bexp=1.17e-03
  ...t=1.107e+10 tail sweep 58% (3500 pieces, 2 threads)
  ...t=1.107e+10 tail sweep 58% (3500 pieces, 2 threads)
  ...t=1.107e+10 tail sweep 8% (500 pieces, 2 threads)
  ...t=1.107e+10 tail sweep 91% (5500 pieces, 2 threads)
  ...t=1.107e+10 tail sweep 66% (4000 pieces, 2 threads)
  ...t=1.107e+10 tail sweep 66% (4000 pieces, 2 threads)
  ...t=1.107e+10 tail sweep 17% (1000 pieces, 2 threads)
  ...t=1.107e+10 tail sweep 74% (4500 pieces, 2 threads)
  ...t=1.107e+10 tail sweep 74% (4500 pieces, 2 threads)
  ...t=1.107e+10 tail sweep 25% (1500 pieces, 2 threads)
  ...t=1.107e+10 tail sweep 83% (5000 pieces, 2 threads)
  ...t=1.107e+10 tail sweep 83% (5000 pieces, 2 threads)
  ...t=1.107e+10 tail sweep 99% (6000 pieces, 2 threads)
  ...t=1.107e+10 tail sweep 91% (5500 pieces, 2 threads)
  ...t=1.107e+10 tail sweep 91% (5500 pieces, 2 threads)
  pt win=2 k=+1 x=1.107e+10 t=11073232378.41079 mnew=1.0000 mcert=1.0000 bexp=1.17e-03
  ...t=1.107e+10 tail sweep 33% (2000 pieces, 2 threads)
  ...t=1.107e+10 tail sweep 99% (6000 pieces, 2 threads)
  ...t=1.107e+10 tail sweep 99% (6000 pieces, 2 threads)
  ...t=1.107e+10 tail sweep 41% (2500 pieces, 2 threads)
  pt win=2 k=+2 x=1.107e+10 t=11073232378.91079 mnew=1.0000 mcert=1.0000 bexp=1.21e-03
  pt win=2 k=+3 x=1.107e+10 t=11073232379.41079 mnew=1.0000 mcert=1.0000 bexp=1.16e-03
  ...t=1.107e+10 tail sweep 8% (500 pieces, 2 threads)
  ...t=1.107e+10 tail sweep 8% (500 pieces, 2 threads)
  ...t=1.107e+10 tail sweep 8% (500 pieces, 2 threads)
  ...t=1.107e+10 tail sweep 50% (3000 pieces, 2 threads)
  ...t=1.107e+10 tail sweep 17% (1000 pieces, 2 threads)
  ...t=1.107e+10 tail sweep 17% (1000 pieces, 2 threads)
  ...t=1.107e+10 tail sweep 17% (1000 pieces, 2 threads)
  ...t=1.107e+10 tail sweep 58% (3500 pieces, 2 threads)
  ...t=1.107e+10 tail sweep 25% (1500 pieces, 2 threads)
  ...t=1.107e+10 tail sweep 25% (1500 pieces, 2 threads)
  ...t=1.107e+10 tail sweep 25% (1500 pieces, 2 threads)
  ...t=1.107e+10 tail sweep 66% (4000 pieces, 2 threads)
  ...t=1.107e+10 tail sweep 33% (2000 pieces, 2 threads)
  ...t=1.107e+10 tail sweep 33% (2000 pieces, 2 threads)
  ...t=1.107e+10 tail sweep 33% (2000 pieces, 2 threads)
  ...t=1.107e+10 tail sweep 74% (4500 pieces, 2 threads)
  ...t=1.107e+10 tail sweep 41% (2500 pieces, 2 threads)
  ...t=1.107e+10 tail sweep 41% (2500 pieces, 2 threads)
  ...t=1.107e+10 tail sweep 83% (5000 pieces, 2 threads)
  ...t=1.107e+10 tail sweep 41% (2500 pieces, 2 threads)
  ...t=1.107e+10 tail sweep 50% (3000 pieces, 2 threads)
  ...t=1.107e+10 tail sweep 91% (5500 pieces, 2 threads)
  ...t=1.107e+10 tail sweep 50% (3000 pieces, 2 threads)
  ...t=1.107e+10 tail sweep 50% (3000 pieces, 2 threads)
  ...t=1.107e+10 tail sweep 58% (3500 pieces, 2 threads)
  ...t=1.107e+10 tail sweep 58% (3500 pieces, 2 threads)
  ...t=1.107e+10 tail sweep 99% (6000 pieces, 2 threads)
  ...t=1.107e+10 tail sweep 58% (3500 pieces, 2 threads)
  ...t=1.107e+10 tail sweep 66% (4000 pieces, 2 threads)
  ...t=1.107e+10 tail sweep 66% (4000 pieces, 2 threads)
  pt win=2 k=+4 x=1.107e+10 t=11073232379.91079 mnew=1.0000 mcert=1.0000 bexp=1.39e-03
  ...t=1.107e+10 tail sweep 66% (4000 pieces, 2 threads)
  ...t=1.107e+10 tail sweep 74% (4500 pieces, 2 threads)
  ...t=1.107e+10 tail sweep 74% (4500 pieces, 2 threads)
  ...t=1.107e+10 tail sweep 8% (500 pieces, 2 threads)
  ...t=1.107e+10 tail sweep 74% (4500 pieces, 2 threads)
  ...t=1.107e+10 tail sweep 83% (5000 pieces, 2 threads)
  ...t=1.107e+10 tail sweep 83% (5000 pieces, 2 threads)
  ...t=1.107e+10 tail sweep 83% (5000 pieces, 2 threads)
  ...t=1.107e+10 tail sweep 17% (1000 pieces, 2 threads)
  ...t=1.107e+10 tail sweep 91% (5500 pieces, 2 threads)
  ...t=1.107e+10 tail sweep 91% (5500 pieces, 2 threads)
  ...t=1.107e+10 tail sweep 91% (5500 pieces, 2 threads)
  ...t=1.107e+10 tail sweep 25% (1500 pieces, 2 threads)
  ...t=1.107e+10 tail sweep 99% (6000 pieces, 2 threads)
  ...t=1.107e+10 tail sweep 99% (6000 pieces, 2 threads)
  ...t=1.107e+10 tail sweep 99% (6000 pieces, 2 threads)
  ...t=1.107e+10 tail sweep 33% (2000 pieces, 2 threads)
  pt win=2 k=+7 x=1.107e+10 t=11073232381.41079 mnew=1.0000 mcert=1.0000 bexp=1.16e-03
  pt win=2 k=+6 x=1.107e+10 t=11073232380.91079 mnew=1.0000 mcert=1.0000 bexp=1.16e-03
  pt win=2 k=+5 x=1.107e+10 t=11073232380.41079 mnew=1.0000 mcert=1.0000 bexp=1.18e-03
  ...t=1.107e+10 tail sweep 41% (2500 pieces, 2 threads)
  ...t=1.107e+10 tail sweep 8% (500 pieces, 2 threads)
  ...t=1.107e+10 tail sweep 8% (500 pieces, 2 threads)
  ...t=1.107e+10 tail sweep 8% (500 pieces, 2 threads)
  ...t=1.107e+10 tail sweep 50% (3000 pieces, 2 threads)
  ...t=1.107e+10 tail sweep 17% (1000 pieces, 2 threads)
  ...t=1.107e+10 tail sweep 17% (1000 pieces, 2 threads)
  ...t=1.107e+10 tail sweep 17% (1000 pieces, 2 threads)
  ...t=1.107e+10 tail sweep 58% (3500 pieces, 2 threads)
  ...t=1.107e+10 tail sweep 25% (1500 pieces, 2 threads)
  ...t=1.107e+10 tail sweep 25% (1500 pieces, 2 threads)
  ...t=1.107e+10 tail sweep 25% (1500 pieces, 2 threads)
  ...t=1.107e+10 tail sweep 33% (2000 pieces, 2 threads)
  ...t=1.107e+10 tail sweep 33% (2000 pieces, 2 threads)
  ...t=1.107e+10 tail sweep 66% (4000 pieces, 2 threads)
  ...t=1.107e+10 tail sweep 33% (2000 pieces, 2 threads)
  ...t=1.107e+10 tail sweep 41% (2500 pieces, 2 threads)
  ...t=1.107e+10 tail sweep 41% (2500 pieces, 2 threads)
  ...t=1.107e+10 tail sweep 74% (4500 pieces, 2 threads)
  ...t=1.107e+10 tail sweep 41% (2500 pieces, 2 threads)
  ...t=1.107e+10 tail sweep 50% (3000 pieces, 2 threads)
  ...t=1.107e+10 tail sweep 50% (3000 pieces, 2 threads)
  ...t=1.107e+10 tail sweep 83% (5000 pieces, 2 threads)
  ...t=1.107e+10 tail sweep 50% (3000 pieces, 2 threads)
  ...t=1.107e+10 tail sweep 58% (3500 pieces, 2 threads)
  ...t=1.107e+10 tail sweep 58% (3500 pieces, 2 threads)
  ...t=1.107e+10 tail sweep 91% (5500 pieces, 2 threads)
  ...t=1.107e+10 tail sweep 58% (3500 pieces, 2 threads)
  ...t=1.107e+10 tail sweep 66% (4000 pieces, 2 threads)
  ...t=1.107e+10 tail sweep 66% (4000 pieces, 2 threads)
  ...t=1.107e+10 tail sweep 99% (6000 pieces, 2 threads)
  ...t=1.107e+10 tail sweep 74% (4500 pieces, 2 threads)
  ...t=1.107e+10 tail sweep 74% (4500 pieces, 2 threads)
  ...t=1.107e+10 tail sweep 66% (4000 pieces, 2 threads)
  pt win=2 k=+8 x=1.107e+10 t=11073232381.91079 mnew=1.0000 mcert=1.0000 bexp=1.17e-03
  ...t=1.107e+10 tail sweep 83% (5000 pieces, 2 threads)
  ...t=1.107e+10 tail sweep 83% (5000 pieces, 2 threads)
  ...t=1.107e+10 tail sweep 8% (500 pieces, 2 threads)
  ...t=1.107e+10 tail sweep 74% (4500 pieces, 2 threads)
  ...t=1.107e+10 tail sweep 91% (5500 pieces, 2 threads)
  ...t=1.107e+10 tail sweep 91% (5500 pieces, 2 threads)
  ...t=1.107e+10 tail sweep 17% (1000 pieces, 2 threads)
  ...t=1.107e+10 tail sweep 83% (5000 pieces, 2 threads)
  ...t=1.107e+10 tail sweep 99% (6000 pieces, 2 threads)
  ...t=1.107e+10 tail sweep 99% (6000 pieces, 2 threads)
  ...t=1.107e+10 tail sweep 25% (1500 pieces, 2 threads)
  pt win=2 k=+10 x=1.107e+10 t=11073232382.91079 mnew=1.0000 mcert=1.0000 bexp=1.16e-03
  pt win=2 k=+9 x=1.107e+10 t=11073232382.41079 mnew=1.0000 mcert=1.0000 bexp=1.19e-03
  ...t=1.107e+10 tail sweep 33% (2000 pieces, 2 threads)
  ...t=1.107e+10 tail sweep 91% (5500 pieces, 2 threads)
  ...t=1.107e+10 tail sweep 41% (2500 pieces, 2 threads)
  ...t=1.107e+10 tail sweep 50% (3000 pieces, 2 threads)
  ...t=1.107e+10 tail sweep 99% (6000 pieces, 2 threads)
  ...t=1.107e+10 tail sweep 58% (3500 pieces, 2 threads)
  pt win=2 k=+11 x=1.107e+10 t=11073232383.41079 mnew=1.0000 mcert=1.0000 bexp=1.17e-03
  ...t=1.107e+10 tail sweep 66% (4000 pieces, 2 threads)
  ...t=1.107e+10 tail sweep 74% (4500 pieces, 2 threads)
  ...t=1.107e+10 tail sweep 83% (5000 pieces, 2 threads)
  ...t=1.107e+10 tail sweep 91% (5500 pieces, 2 threads)
  ...t=1.107e+10 tail sweep 99% (6000 pieces, 2 threads)
  pt win=2 k=+12 x=1.107e+10 t=11073232383.91079 mnew=1.0000 mcert=1.0000 bexp=1.17e-03
           x            g best_mnew worst_mcert      btot      flag
 9.49351e+09 9493511983.7665  1.000000   1.000000  1.32e-03 -
  1.0253e+10 10252992942.6600  1.000000   1.000000  1.40e-03 -
 1.10732e+10 11073232377.9108  1.000000   1.000000  1.49e-03 -
worst certified margin = 1.000000 at t = 9493511977.76648 (computed 1.000000)
margin_cert < 1: [9493511979.266, 9493511978.766, 9493511978.266, 9493511977.766, 9493511981.266, 9493511979.766, 9493511980.766, 9493511980.266, 9493511982.766, 9493511983.266, 9493511981.766, 9493511982.266, 10252992937.16, 10252992936.66, 10252992937.66, 10252992938.16, 10252992938.66, 10252992939.66, 10252992939.16, 10252992940.66, 10252992940.16, 10252992941.16, 10252992941.66, 10252992942.16, 11073232371.911, 11073232373.411, 11073232372.911, 11073232372.411, 11073232373.911, 11073232374.911, 11073232374.411, 11073232375.411, 11073232375.911, 11073232376.411, 11073232376.911, 11073232377.411]
margin_new  < 1: [9493511979.266, 9493511978.766, 9493511978.266, 9493511977.766, 9493511981.266, 9493511979.766, 9493511980.766, 9493511980.266, 9493511982.766, 9493511983.266, 9493511981.766, 9493511982.266, 10252992937.16, 10252992936.66, 10252992937.66, 10252992938.16, 10252992938.66, 10252992939.66, 10252992939.16, 10252992940.66, 10252992940.16, 10252992941.16, 10252992941.66, 10252992942.16, 11073232371.911, 11073232373.411, 11073232372.911, 11073232372.411, 11073232373.911, 11073232374.911, 11073232374.411, 11073232375.411, 11073232375.911, 11073232376.411, 11073232376.911, 11073232377.411]
wall = 70550.9 s
STATUS: see the pre-registered reading C-2/C-3
H1  FULL-DONE:  3  windows,  72  points,  assembled  to  /workspace/h1/RH/scripts/rh/out_day038_full_pts.txt;  instance  wall  19.6  h
