H1_WINDOWS:  running  windows  7-10  (4  of  29)
resume:  window   0  (x=5539373060)  0/24  points  on disk
resume:  window   1  (x=5982522905)  0/24  points  on disk
resume:  window   2  (x=6461124737)  0/24  points  on disk
resume:  window   3  (x=6978014716)  0/24  points  on disk
memguard:  MemAvailable  487.9  GiB,  reserve  28  GiB,  ~2.5  GiB/thread  x  2  threads  ->  allow  <=  10  contexts  (=  20  slab  threads;  11  GPU  clients  incl.  Xorg  vs  budget  11)
day038  gpu  H1-3e10:  FULL,  96  point  jobs  remaining (4  windows,  4  contexts  x  2  threads)
pids: parent=6069 workers=4 written to ckpt_h1_3e10/run.pids
overlap: 152/12626784 zeros differ by <=1.00 ulp (last byte,  rounding-level) --  those indices certified with dg x3
stitch: B from element 12626784 (first zero 1006346000.166784); overlap cross-check 12626632/12626784 byte-equal
tail3e10: L 52290633 + A 2792198664 + B' 3053546936 + C 3142622346 + D 92577877714 = 101618536293 zeros (812.9 GB); G_LAST = 30001045999.981976
overlap: 152/12626784 zeros differ by <=1.00 ulp (last byte,  rounding-level) --  those indices certified with dg x3
stitch: B from element 12626784 (first zero 1006346000.166784); overlap cross-check 12626632/12626784 byte-equal
tail3e10: L 52290633 + A 2792198664 + B' 3053546936 + C 3142622346 + D 92577877714 = 101618536293 zeros (812.9 GB); G_LAST = 30001045999.981976
overlap: 152/12626784 zeros differ by <=1.00 ulp (last byte,  rounding-level) --  those indices certified with dg x3
stitch: B from element 12626784 (first zero 1006346000.166784); overlap cross-check 12626632/12626784 byte-equal
tail3e10: L 52290633 + A 2792198664 + B' 3053546936 + C 3142622346 + D 92577877714 = 101618536293 zeros (812.9 GB); G_LAST = 30001045999.981976
overlap: 152/12626784 zeros differ by <=1.00 ulp (last byte,  rounding-level) --  those indices certified with dg x3
stitch: B from element 12626784 (first zero 1006346000.166784); overlap cross-check 12626632/12626784 byte-equal
tail3e10: L 52290633 + A 2792198664 + B' 3053546936 + C 3142622346 + D 92577877714 = 101618536293 zeros (812.9 GB); G_LAST = 30001045999.981976
  ...t=5.539e+09 tail sweep 8% (500 pieces, 2 threads)
  ...t=5.539e+09 tail sweep 8% (500 pieces, 2 threads)
  ...t=5.539e+09 tail sweep 8% (500 pieces, 2 threads)
  ...t=5.539e+09 tail sweep 8% (500 pieces, 2 threads)
  ...t=5.539e+09 tail sweep 17% (1000 pieces, 2 threads)
  ...t=5.539e+09 tail sweep 17% (1000 pieces, 2 threads)
  ...t=5.539e+09 tail sweep 17% (1000 pieces, 2 threads)
  ...t=5.539e+09 tail sweep 17% (1000 pieces, 2 threads)
  ...t=5.539e+09 tail sweep 25% (1500 pieces, 2 threads)
  ...t=5.539e+09 tail sweep 25% (1500 pieces, 2 threads)
  ...t=5.539e+09 tail sweep 25% (1500 pieces, 2 threads)
  ...t=5.539e+09 tail sweep 25% (1500 pieces, 2 threads)
  ...t=5.539e+09 tail sweep 33% (2000 pieces, 2 threads)
  ...t=5.539e+09 tail sweep 33% (2000 pieces, 2 threads)
  ...t=5.539e+09 tail sweep 33% (2000 pieces, 2 threads)
  ...t=5.539e+09 tail sweep 33% (2000 pieces, 2 threads)
  ...t=5.539e+09 tail sweep 41% (2500 pieces, 2 threads)
  ...t=5.539e+09 tail sweep 41% (2500 pieces, 2 threads)
  ...t=5.539e+09 tail sweep 41% (2500 pieces, 2 threads)
  ...t=5.539e+09 tail sweep 41% (2500 pieces, 2 threads)
  ...t=5.539e+09 tail sweep 50% (3000 pieces, 2 threads)
  ...t=5.539e+09 tail sweep 50% (3000 pieces, 2 threads)
  ...t=5.539e+09 tail sweep 50% (3000 pieces, 2 threads)
  ...t=5.539e+09 tail sweep 50% (3000 pieces, 2 threads)
  ...t=5.539e+09 tail sweep 58% (3500 pieces, 2 threads)
  ...t=5.539e+09 tail sweep 58% (3500 pieces, 2 threads)
  ...t=5.539e+09 tail sweep 58% (3500 pieces, 2 threads)
  ...t=5.539e+09 tail sweep 58% (3500 pieces, 2 threads)
  ...t=5.539e+09 tail sweep 66% (4000 pieces, 2 threads)
  ...t=5.539e+09 tail sweep 66% (4000 pieces, 2 threads)
  ...t=5.539e+09 tail sweep 66% (4000 pieces, 2 threads)
  ...t=5.539e+09 tail sweep 66% (4000 pieces, 2 threads)
  ...t=5.539e+09 tail sweep 74% (4500 pieces, 2 threads)
  ...t=5.539e+09 tail sweep 74% (4500 pieces, 2 threads)
  ...t=5.539e+09 tail sweep 74% (4500 pieces, 2 threads)
  ...t=5.539e+09 tail sweep 74% (4500 pieces, 2 threads)
  ...t=5.539e+09 tail sweep 83% (5000 pieces, 2 threads)
  ...t=5.539e+09 tail sweep 83% (5000 pieces, 2 threads)
  ...t=5.539e+09 tail sweep 83% (5000 pieces, 2 threads)
  ...t=5.539e+09 tail sweep 83% (5000 pieces, 2 threads)
  ...t=5.539e+09 tail sweep 91% (5500 pieces, 2 threads)
  ...t=5.539e+09 tail sweep 91% (5500 pieces, 2 threads)
  ...t=5.539e+09 tail sweep 91% (5500 pieces, 2 threads)
  ...t=5.539e+09 tail sweep 91% (5500 pieces, 2 threads)
  ...t=5.539e+09 tail sweep 99% (6000 pieces, 2 threads)
  ...t=5.539e+09 tail sweep 99% (6000 pieces, 2 threads)
  ...t=5.539e+09 tail sweep 99% (6000 pieces, 2 threads)
  ...t=5.539e+09 tail sweep 99% (6000 pieces, 2 threads)
  pt win=0 k=-10 x=5.539e+09 t=5539373055.00704 mnew=1.0000 mcert=1.0000 bexp=6.61e-04
  pt win=0 k=-9 x=5.539e+09 t=5539373055.50704 mnew=1.0000 mcert=1.0000 bexp=6.23e-04
  pt win=0 k=-11 x=5.539e+09 t=5539373054.50704 mnew=1.0000 mcert=1.0000 bexp=6.40e-04
  pt win=0 k=-12 x=5.539e+09 t=5539373054.00704 mnew=1.0000 mcert=1.0000 bexp=6.23e-04
  ...t=5.539e+09 tail sweep 8% (500 pieces, 2 threads)
  ...t=5.539e+09 tail sweep 8% (500 pieces, 2 threads)
  ...t=5.539e+09 tail sweep 8% (500 pieces, 2 threads)
  ...t=5.539e+09 tail sweep 8% (500 pieces, 2 threads)
  ...t=5.539e+09 tail sweep 17% (1000 pieces, 2 threads)
  ...t=5.539e+09 tail sweep 17% (1000 pieces, 2 threads)
  ...t=5.539e+09 tail sweep 17% (1000 pieces, 2 threads)
  ...t=5.539e+09 tail sweep 17% (1000 pieces, 2 threads)
  ...t=5.539e+09 tail sweep 25% (1500 pieces, 2 threads)
  ...t=5.539e+09 tail sweep 25% (1500 pieces, 2 threads)
  ...t=5.539e+09 tail sweep 25% (1500 pieces, 2 threads)
  ...t=5.539e+09 tail sweep 25% (1500 pieces, 2 threads)
  ...t=5.539e+09 tail sweep 33% (2000 pieces, 2 threads)
  ...t=5.539e+09 tail sweep 33% (2000 pieces, 2 threads)
  ...t=5.539e+09 tail sweep 33% (2000 pieces, 2 threads)
  ...t=5.539e+09 tail sweep 33% (2000 pieces, 2 threads)
  ...t=5.539e+09 tail sweep 41% (2500 pieces, 2 threads)
  ...t=5.539e+09 tail sweep 41% (2500 pieces, 2 threads)
  ...t=5.539e+09 tail sweep 41% (2500 pieces, 2 threads)
  ...t=5.539e+09 tail sweep 41% (2500 pieces, 2 threads)
  ...t=5.539e+09 tail sweep 50% (3000 pieces, 2 threads)
  ...t=5.539e+09 tail sweep 50% (3000 pieces, 2 threads)
  ...t=5.539e+09 tail sweep 50% (3000 pieces, 2 threads)
  ...t=5.539e+09 tail sweep 50% (3000 pieces, 2 threads)
  ...t=5.539e+09 tail sweep 58% (3500 pieces, 2 threads)
  ...t=5.539e+09 tail sweep 58% (3500 pieces, 2 threads)
  ...t=5.539e+09 tail sweep 58% (3500 pieces, 2 threads)
  ...t=5.539e+09 tail sweep 58% (3500 pieces, 2 threads)
  ...t=5.539e+09 tail sweep 66% (4000 pieces, 2 threads)
  ...t=5.539e+09 tail sweep 66% (4000 pieces, 2 threads)
  ...t=5.539e+09 tail sweep 66% (4000 pieces, 2 threads)
  ...t=5.539e+09 tail sweep 66% (4000 pieces, 2 threads)
  ...t=5.539e+09 tail sweep 74% (4500 pieces, 2 threads)
  ...t=5.539e+09 tail sweep 74% (4500 pieces, 2 threads)
  ...t=5.539e+09 tail sweep 74% (4500 pieces, 2 threads)
  ...t=5.539e+09 tail sweep 74% (4500 pieces, 2 threads)
  ...t=5.539e+09 tail sweep 83% (5000 pieces, 2 threads)
  ...t=5.539e+09 tail sweep 83% (5000 pieces, 2 threads)
  ...t=5.539e+09 tail sweep 83% (5000 pieces, 2 threads)
  ...t=5.539e+09 tail sweep 83% (5000 pieces, 2 threads)
  ...t=5.539e+09 tail sweep 91% (5500 pieces, 2 threads)
  ...t=5.539e+09 tail sweep 91% (5500 pieces, 2 threads)
  ...t=5.539e+09 tail sweep 91% (5500 pieces, 2 threads)
  ...t=5.539e+09 tail sweep 91% (5500 pieces, 2 threads)
  ...t=5.539e+09 tail sweep 99% (6000 pieces, 2 threads)
  ...t=5.539e+09 tail sweep 99% (6000 pieces, 2 threads)
  ...t=5.539e+09 tail sweep 99% (6000 pieces, 2 threads)
  ...t=5.539e+09 tail sweep 99% (6000 pieces, 2 threads)
  pt win=0 k=-8 x=5.539e+09 t=5539373056.00704 mnew=1.0000 mcert=1.0000 bexp=6.45e-04
  pt win=0 k=-7 x=5.539e+09 t=5539373056.50704 mnew=1.0000 mcert=1.0000 bexp=6.19e-04
  pt win=0 k=-5 x=5.539e+09 t=5539373057.50704 mnew=1.0000 mcert=1.0000 bexp=6.22e-04
  pt win=0 k=-6 x=5.539e+09 t=5539373057.00704 mnew=1.0000 mcert=1.0000 bexp=6.41e-04
  ...t=5.539e+09 tail sweep 8% (500 pieces, 2 threads)
  ...t=5.539e+09 tail sweep 8% (500 pieces, 2 threads)
  ...t=5.539e+09 tail sweep 8% (500 pieces, 2 threads)
  ...t=5.539e+09 tail sweep 8% (500 pieces, 2 threads)
  ...t=5.539e+09 tail sweep 17% (1000 pieces, 2 threads)
  ...t=5.539e+09 tail sweep 17% (1000 pieces, 2 threads)
  ...t=5.539e+09 tail sweep 17% (1000 pieces, 2 threads)
  ...t=5.539e+09 tail sweep 17% (1000 pieces, 2 threads)
  ...t=5.539e+09 tail sweep 25% (1500 pieces, 2 threads)
  ...t=5.539e+09 tail sweep 25% (1500 pieces, 2 threads)
  ...t=5.539e+09 tail sweep 25% (1500 pieces, 2 threads)
  ...t=5.539e+09 tail sweep 33% (2000 pieces, 2 threads)
  ...t=5.539e+09 tail sweep 25% (1500 pieces, 2 threads)
  ...t=5.539e+09 tail sweep 41% (2500 pieces, 2 threads)
  ...t=5.539e+09 tail sweep 33% (2000 pieces, 2 threads)
  ...t=5.539e+09 tail sweep 33% (2000 pieces, 2 threads)
  ...t=5.539e+09 tail sweep 33% (2000 pieces, 2 threads)
  ...t=5.539e+09 tail sweep 50% (3000 pieces, 2 threads)
  ...t=5.539e+09 tail sweep 41% (2500 pieces, 2 threads)
  ...t=5.539e+09 tail sweep 41% (2500 pieces, 2 threads)
  ...t=5.539e+09 tail sweep 41% (2500 pieces, 2 threads)
  ...t=5.539e+09 tail sweep 58% (3500 pieces, 2 threads)
  ...t=5.539e+09 tail sweep 50% (3000 pieces, 2 threads)
  ...t=5.539e+09 tail sweep 66% (4000 pieces, 2 threads)
  ...t=5.539e+09 tail sweep 50% (3000 pieces, 2 threads)
  ...t=5.539e+09 tail sweep 50% (3000 pieces, 2 threads)
  ...t=5.539e+09 tail sweep 58% (3500 pieces, 2 threads)
  ...t=5.539e+09 tail sweep 74% (4500 pieces, 2 threads)
  ...t=5.539e+09 tail sweep 58% (3500 pieces, 2 threads)
  ...t=5.539e+09 tail sweep 58% (3500 pieces, 2 threads)
  ...t=5.539e+09 tail sweep 66% (4000 pieces, 2 threads)
  ...t=5.539e+09 tail sweep 83% (5000 pieces, 2 threads)
  ...t=5.539e+09 tail sweep 66% (4000 pieces, 2 threads)
  ...t=5.539e+09 tail sweep 66% (4000 pieces, 2 threads)
  ...t=5.539e+09 tail sweep 74% (4500 pieces, 2 threads)
  ...t=5.539e+09 tail sweep 91% (5500 pieces, 2 threads)
  ...t=5.539e+09 tail sweep 74% (4500 pieces, 2 threads)
  ...t=5.539e+09 tail sweep 74% (4500 pieces, 2 threads)
  ...t=5.539e+09 tail sweep 99% (6000 pieces, 2 threads)
  ...t=5.539e+09 tail sweep 83% (5000 pieces, 2 threads)
  ...t=5.539e+09 tail sweep 83% (5000 pieces, 2 threads)
  ...t=5.539e+09 tail sweep 83% (5000 pieces, 2 threads)
  pt win=0 k=-1 x=5.539e+09 t=5539373059.50704 mnew=1.0000 mcert=1.0000 bexp=6.53e-04
  ...t=5.539e+09 tail sweep 91% (5500 pieces, 2 threads)
  ...t=5.539e+09 tail sweep 91% (5500 pieces, 2 threads)
  ...t=5.539e+09 tail sweep 91% (5500 pieces, 2 threads)
  ...t=5.539e+09 tail sweep 8% (500 pieces, 2 threads)
  ...t=5.539e+09 tail sweep 99% (6000 pieces, 2 threads)
  ...t=5.539e+09 tail sweep 99% (6000 pieces, 2 threads)
  ...t=5.539e+09 tail sweep 99% (6000 pieces, 2 threads)
  pt win=0 k=-2 x=5.539e+09 t=5539373059.00704 mnew=1.0000 mcert=1.0000 bexp=6.26e-04
  ...t=5.539e+09 tail sweep 17% (1000 pieces, 2 threads)
  pt win=0 k=-4 x=5.539e+09 t=5539373058.00704 mnew=1.0000 mcert=1.0000 bexp=6.71e-04
  pt win=0 k=-3 x=5.539e+09 t=5539373058.50704 mnew=1.0000 mcert=1.0000 bexp=6.17e-04
  ...t=5.539e+09 tail sweep 8% (500 pieces, 2 threads)
  ...t=5.539e+09 tail sweep 8% (500 pieces, 2 threads)
  ...t=5.539e+09 tail sweep 8% (500 pieces, 2 threads)
  ...t=5.539e+09 tail sweep 25% (1500 pieces, 2 threads)
  ...t=5.539e+09 tail sweep 17% (1000 pieces, 2 threads)
  ...t=5.539e+09 tail sweep 17% (1000 pieces, 2 threads)
  ...t=5.539e+09 tail sweep 17% (1000 pieces, 2 threads)
  ...t=5.539e+09 tail sweep 25% (1500 pieces, 2 threads)
  ...t=5.539e+09 tail sweep 33% (2000 pieces, 2 threads)
  ...t=5.539e+09 tail sweep 25% (1500 pieces, 2 threads)
  ...t=5.539e+09 tail sweep 33% (2000 pieces, 2 threads)
  ...t=5.539e+09 tail sweep 25% (1500 pieces, 2 threads)
  ...t=5.539e+09 tail sweep 33% (2000 pieces, 2 threads)
  ...t=5.539e+09 tail sweep 41% (2500 pieces, 2 threads)
  ...t=5.539e+09 tail sweep 41% (2500 pieces, 2 threads)
  ...t=5.539e+09 tail sweep 41% (2500 pieces, 2 threads)
  ...t=5.539e+09 tail sweep 33% (2000 pieces, 2 threads)
  ...t=5.539e+09 tail sweep 50% (3000 pieces, 2 threads)
  ...t=5.539e+09 tail sweep 50% (3000 pieces, 2 threads)
  ...t=5.539e+09 tail sweep 58% (3500 pieces, 2 threads)
  ...t=5.539e+09 tail sweep 41% (2500 pieces, 2 threads)
  ...t=5.539e+09 tail sweep 50% (3000 pieces, 2 threads)
  ...t=5.539e+09 tail sweep 66% (4000 pieces, 2 threads)
  ...t=5.539e+09 tail sweep 58% (3500 pieces, 2 threads)
  ...t=5.539e+09 tail sweep 50% (3000 pieces, 2 threads)
  ...t=5.539e+09 tail sweep 58% (3500 pieces, 2 threads)
  ...t=5.539e+09 tail sweep 74% (4500 pieces, 2 threads)
  ...t=5.539e+09 tail sweep 66% (4000 pieces, 2 threads)
  ...t=5.539e+09 tail sweep 58% (3500 pieces, 2 threads)
  ...t=5.539e+09 tail sweep 66% (4000 pieces, 2 threads)
  ...t=5.539e+09 tail sweep 83% (5000 pieces, 2 threads)
  ...t=5.539e+09 tail sweep 74% (4500 pieces, 2 threads)
  ...t=5.539e+09 tail sweep 66% (4000 pieces, 2 threads)
  ...t=5.539e+09 tail sweep 91% (5500 pieces, 2 threads)
  ...t=5.539e+09 tail sweep 74% (4500 pieces, 2 threads)
  ...t=5.539e+09 tail sweep 74% (4500 pieces, 2 threads)
  ...t=5.539e+09 tail sweep 99% (6000 pieces, 2 threads)
  ...t=5.539e+09 tail sweep 83% (5000 pieces, 2 threads)
  ...t=5.539e+09 tail sweep 83% (5000 pieces, 2 threads)
  pt win=0 k=+4 x=5.539e+09 t=5539373062.00704 mnew=1.0000 mcert=1.0000 bexp=6.11e-04
  ...t=5.539e+09 tail sweep 83% (5000 pieces, 2 threads)
  ...t=5.539e+09 tail sweep 91% (5500 pieces, 2 threads)
  ...t=5.539e+09 tail sweep 91% (5500 pieces, 2 threads)
  ...t=5.539e+09 tail sweep 99% (6000 pieces, 2 threads)
  ...t=5.539e+09 tail sweep 91% (5500 pieces, 2 threads)
  ...t=5.539e+09 tail sweep 8% (500 pieces, 2 threads)
  pt win=0 k=+3 x=5.539e+09 t=5539373061.50704 mnew=1.0000 mcert=1.0000 bexp=6.88e-04
  ...t=5.539e+09 tail sweep 99% (6000 pieces, 2 threads)
  ...t=5.539e+09 tail sweep 99% (6000 pieces, 2 threads)
  ...t=5.539e+09 tail sweep 8% (500 pieces, 2 threads)
  pt win=0 k=+1 x=5.539e+09 t=5539373060.50704 mnew=1.0000 mcert=1.0000 bexp=6.39e-04
  ...t=5.539e+09 tail sweep 17% (1000 pieces, 2 threads)
H1_WINDOWS:  running  windows  7-10  (4  of  29)
resume:  window   0  (x=5539373060)  15/24  points  on disk
resume:  window   1  (x=5982522905)  0/24  points  on disk
resume:  window   2  (x=6461124737)  0/24  points  on disk
resume:  window   3  (x=6978014716)  0/24  points  on disk
memguard:  MemAvailable  488.4  GiB,  reserve  28  GiB,  ~2.5  GiB/thread  x  2  threads  ->  allow  <=  10  contexts  (=  20  slab  threads;  11  GPU  clients  incl.  Xorg  vs  budget  11)
day038  gpu  H1-3e10:  FULL,  81  point  jobs  remaining (4  windows,  4  contexts  x  2  threads)
pids: parent=3031 workers=4 written to ckpt_h1_3e10/run.pids
overlap: 152/12626784 zeros differ by <=1.00 ulp (last byte,  rounding-level) --  those indices certified with dg x3
stitch: B from element 12626784 (first zero 1006346000.166784); overlap cross-check 12626632/12626784 byte-equal
tail3e10: L 52290633 + A 2792198664 + B' 3053546936 + C 3142622346 + D 92577877714 = 101618536293 zeros (812.9 GB); G_LAST = 30001045999.981976
overlap: 152/12626784 zeros differ by <=1.00 ulp (last byte,  rounding-level) --  those indices certified with dg x3
stitch: B from element 12626784 (first zero 1006346000.166784); overlap cross-check 12626632/12626784 byte-equal
tail3e10: L 52290633 + A 2792198664 + B' 3053546936 + C 3142622346 + D 92577877714 = 101618536293 zeros (812.9 GB); G_LAST = 30001045999.981976
overlap: 152/12626784 zeros differ by <=1.00 ulp (last byte,  rounding-level) --  those indices certified with dg x3
stitch: B from element 12626784 (first zero 1006346000.166784); overlap cross-check 12626632/12626784 byte-equal
tail3e10: L 52290633 + A 2792198664 + B' 3053546936 + C 3142622346 + D 92577877714 = 101618536293 zeros (812.9 GB); G_LAST = 30001045999.981976
overlap: 152/12626784 zeros differ by <=1.00 ulp (last byte,  rounding-level) --  those indices certified with dg x3
stitch: B from element 12626784 (first zero 1006346000.166784); overlap cross-check 12626632/12626784 byte-equal
tail3e10: L 52290633 + A 2792198664 + B' 3053546936 + C 3142622346 + D 92577877714 = 101618536293 zeros (812.9 GB); G_LAST = 30001045999.981976
  ...t=5.539e+09 tail sweep 8% (500 pieces, 2 threads)
  ...t=5.539e+09 tail sweep 8% (500 pieces, 2 threads)
  ...t=5.539e+09 tail sweep 8% (500 pieces, 2 threads)
  ...t=5.539e+09 tail sweep 8% (500 pieces, 2 threads)
  ...t=5.539e+09 tail sweep 17% (1000 pieces, 2 threads)
  ...t=5.539e+09 tail sweep 17% (1000 pieces, 2 threads)
  ...t=5.539e+09 tail sweep 25% (1500 pieces, 2 threads)
  ...t=5.539e+09 tail sweep 17% (1000 pieces, 2 threads)
  ...t=5.539e+09 tail sweep 17% (1000 pieces, 2 threads)
  ...t=5.539e+09 tail sweep 33% (2000 pieces, 2 threads)
  ...t=5.539e+09 tail sweep 25% (1500 pieces, 2 threads)
  ...t=5.539e+09 tail sweep 25% (1500 pieces, 2 threads)
  ...t=5.539e+09 tail sweep 25% (1500 pieces, 2 threads)
  ...t=5.539e+09 tail sweep 41% (2500 pieces, 2 threads)
  ...t=5.539e+09 tail sweep 33% (2000 pieces, 2 threads)
  ...t=5.539e+09 tail sweep 33% (2000 pieces, 2 threads)
  ...t=5.539e+09 tail sweep 33% (2000 pieces, 2 threads)
  ...t=5.539e+09 tail sweep 41% (2500 pieces, 2 threads)
  ...t=5.539e+09 tail sweep 50% (3000 pieces, 2 threads)
  ...t=5.539e+09 tail sweep 50% (3000 pieces, 2 threads)
  ...t=5.539e+09 tail sweep 41% (2500 pieces, 2 threads)
  ...t=5.539e+09 tail sweep 41% (2500 pieces, 2 threads)
  ...t=5.539e+09 tail sweep 58% (3500 pieces, 2 threads)
  ...t=5.539e+09 tail sweep 58% (3500 pieces, 2 threads)
  ...t=5.539e+09 tail sweep 50% (3000 pieces, 2 threads)
  ...t=5.539e+09 tail sweep 50% (3000 pieces, 2 threads)
  ...t=5.539e+09 tail sweep 66% (4000 pieces, 2 threads)
  ...t=5.539e+09 tail sweep 74% (4500 pieces, 2 threads)
  ...t=5.539e+09 tail sweep 58% (3500 pieces, 2 threads)
  ...t=5.539e+09 tail sweep 58% (3500 pieces, 2 threads)
  ...t=5.539e+09 tail sweep 66% (4000 pieces, 2 threads)
  ...t=5.539e+09 tail sweep 83% (5000 pieces, 2 threads)
  ...t=5.539e+09 tail sweep 66% (4000 pieces, 2 threads)
  ...t=5.539e+09 tail sweep 66% (4000 pieces, 2 threads)
  ...t=5.539e+09 tail sweep 91% (5500 pieces, 2 threads)
  ...t=5.539e+09 tail sweep 74% (4500 pieces, 2 threads)
  ...t=5.539e+09 tail sweep 74% (4500 pieces, 2 threads)
  ...t=5.539e+09 tail sweep 74% (4500 pieces, 2 threads)
  ...t=5.539e+09 tail sweep 99% (6000 pieces, 2 threads)
  ...t=5.539e+09 tail sweep 83% (5000 pieces, 2 threads)
  pt win=0 k=+2 x=5.539e+09 t=5539373061.00704 mnew=1.0000 mcert=1.0000 bexp=6.19e-04
  ...t=5.539e+09 tail sweep 83% (5000 pieces, 2 threads)
  ...t=5.539e+09 tail sweep 83% (5000 pieces, 2 threads)
  ...t=5.539e+09 tail sweep 8% (500 pieces, 2 threads)
  ...t=5.539e+09 tail sweep 91% (5500 pieces, 2 threads)
  ...t=5.539e+09 tail sweep 17% (1000 pieces, 2 threads)
  ...t=5.539e+09 tail sweep 91% (5500 pieces, 2 threads)
  ...t=5.539e+09 tail sweep 91% (5500 pieces, 2 threads)
  ...t=5.539e+09 tail sweep 25% (1500 pieces, 2 threads)
  ...t=5.539e+09 tail sweep 33% (2000 pieces, 2 threads)
  ...t=5.539e+09 tail sweep 99% (6000 pieces, 2 threads)
  ...t=5.539e+09 tail sweep 99% (6000 pieces, 2 threads)
  ...t=5.539e+09 tail sweep 99% (6000 pieces, 2 threads)
  ...t=5.539e+09 tail sweep 41% (2500 pieces, 2 threads)
  pt win=0 k=+7 x=5.539e+09 t=5539373063.50704 mnew=1.0000 mcert=1.0000 bexp=6.27e-04
  pt win=0 k=+6 x=5.539e+09 t=5539373063.00704 mnew=1.0000 mcert=1.0000 bexp=6.21e-04
  pt win=0 k=+5 x=5.539e+09 t=5539373062.50704 mnew=1.0000 mcert=1.0000 bexp=6.20e-04
  ...t=5.539e+09 tail sweep 8% (500 pieces, 2 threads)
  ...t=5.539e+09 tail sweep 50% (3000 pieces, 2 threads)
  ...t=5.539e+09 tail sweep 8% (500 pieces, 2 threads)
  ...t=5.539e+09 tail sweep 8% (500 pieces, 2 threads)
  ...t=5.539e+09 tail sweep 17% (1000 pieces, 2 threads)
  ...t=5.539e+09 tail sweep 58% (3500 pieces, 2 threads)
  ...t=5.539e+09 tail sweep 17% (1000 pieces, 2 threads)
  ...t=5.539e+09 tail sweep 17% (1000 pieces, 2 threads)
  ...t=5.539e+09 tail sweep 25% (1500 pieces, 2 threads)
  ...t=5.539e+09 tail sweep 66% (4000 pieces, 2 threads)
  ...t=5.539e+09 tail sweep 25% (1500 pieces, 2 threads)
  ...t=5.539e+09 tail sweep 25% (1500 pieces, 2 threads)
  ...t=5.539e+09 tail sweep 33% (2000 pieces, 2 threads)
  ...t=5.539e+09 tail sweep 33% (2000 pieces, 2 threads)
  ...t=5.539e+09 tail sweep 33% (2000 pieces, 2 threads)
  ...t=5.539e+09 tail sweep 74% (4500 pieces, 2 threads)
  ...t=5.539e+09 tail sweep 41% (2500 pieces, 2 threads)
  ...t=5.539e+09 tail sweep 41% (2500 pieces, 2 threads)
  ...t=5.539e+09 tail sweep 41% (2500 pieces, 2 threads)
  ...t=5.539e+09 tail sweep 83% (5000 pieces, 2 threads)
  ...t=5.539e+09 tail sweep 50% (3000 pieces, 2 threads)
  ...t=5.539e+09 tail sweep 50% (3000 pieces, 2 threads)
  ...t=5.539e+09 tail sweep 50% (3000 pieces, 2 threads)
  ...t=5.539e+09 tail sweep 91% (5500 pieces, 2 threads)
  ...t=5.539e+09 tail sweep 58% (3500 pieces, 2 threads)
  ...t=5.539e+09 tail sweep 58% (3500 pieces, 2 threads)
  ...t=5.539e+09 tail sweep 58% (3500 pieces, 2 threads)
  ...t=5.539e+09 tail sweep 66% (4000 pieces, 2 threads)
  ...t=5.539e+09 tail sweep 66% (4000 pieces, 2 threads)
  ...t=5.539e+09 tail sweep 66% (4000 pieces, 2 threads)
  ...t=5.539e+09 tail sweep 99% (6000 pieces, 2 threads)
  ...t=5.539e+09 tail sweep 74% (4500 pieces, 2 threads)
  pt win=0 k=+8 x=5.539e+09 t=5539373064.00704 mnew=1.0000 mcert=1.0000 bexp=6.34e-04
  ...t=5.539e+09 tail sweep 74% (4500 pieces, 2 threads)
  ...t=5.539e+09 tail sweep 74% (4500 pieces, 2 threads)
  ...t=5.539e+09 tail sweep 83% (5000 pieces, 2 threads)
  ...t=5.539e+09 tail sweep 8% (500 pieces, 2 threads)
  ...t=5.539e+09 tail sweep 83% (5000 pieces, 2 threads)
  ...t=5.539e+09 tail sweep 83% (5000 pieces, 2 threads)
  ...t=5.539e+09 tail sweep 91% (5500 pieces, 2 threads)
  ...t=5.539e+09 tail sweep 17% (1000 pieces, 2 threads)
  ...t=5.539e+09 tail sweep 91% (5500 pieces, 2 threads)
  ...t=5.539e+09 tail sweep 91% (5500 pieces, 2 threads)
  ...t=5.539e+09 tail sweep 99% (6000 pieces, 2 threads)
  pt win=0 k=+10 x=5.539e+09 t=5539373065.00704 mnew=1.0000 mcert=1.0000 bexp=6.13e-04
  ...t=5.539e+09 tail sweep 25% (1500 pieces, 2 threads)
  ...t=5.539e+09 tail sweep 99% (6000 pieces, 2 threads)
  ...t=5.539e+09 tail sweep 99% (6000 pieces, 2 threads)
  pt win=0 k=+11 x=5.539e+09 t=5539373065.50704 mnew=1.0000 mcert=1.0000 bexp=6.42e-04
  pt win=0 k=+9 x=5.539e+09 t=5539373064.50704 mnew=1.0000 mcert=1.0000 bexp=6.17e-04
  ...t=5.983e+09 tail sweep 8% (500 pieces, 2 threads)
  ...t=5.539e+09 tail sweep 33% (2000 pieces, 2 threads)
  ...t=5.983e+09 tail sweep 8% (500 pieces, 2 threads)
  ...t=5.983e+09 tail sweep 8% (500 pieces, 2 threads)
  ...t=5.983e+09 tail sweep 17% (1000 pieces, 2 threads)
  ...t=5.983e+09 tail sweep 17% (1000 pieces, 2 threads)
  ...t=5.539e+09 tail sweep 41% (2500 pieces, 2 threads)
  ...t=5.983e+09 tail sweep 17% (1000 pieces, 2 threads)
  ...t=5.983e+09 tail sweep 25% (1500 pieces, 2 threads)
  ...t=5.983e+09 tail sweep 25% (1500 pieces, 2 threads)
  ...t=5.539e+09 tail sweep 50% (3000 pieces, 2 threads)
  ...t=5.983e+09 tail sweep 25% (1500 pieces, 2 threads)
  ...t=5.983e+09 tail sweep 33% (2000 pieces, 2 threads)
  ...t=5.983e+09 tail sweep 33% (2000 pieces, 2 threads)
  ...t=5.983e+09 tail sweep 33% (2000 pieces, 2 threads)
  ...t=5.539e+09 tail sweep 58% (3500 pieces, 2 threads)
  ...t=5.983e+09 tail sweep 41% (2500 pieces, 2 threads)
  ...t=5.983e+09 tail sweep 41% (2500 pieces, 2 threads)
  ...t=5.983e+09 tail sweep 41% (2500 pieces, 2 threads)
  ...t=5.983e+09 tail sweep 50% (3000 pieces, 2 threads)
  ...t=5.539e+09 tail sweep 66% (4000 pieces, 2 threads)
  ...t=5.983e+09 tail sweep 50% (3000 pieces, 2 threads)
  ...t=5.983e+09 tail sweep 50% (3000 pieces, 2 threads)
  ...t=5.983e+09 tail sweep 58% (3500 pieces, 2 threads)
  ...t=5.983e+09 tail sweep 58% (3500 pieces, 2 threads)
  ...t=5.983e+09 tail sweep 58% (3500 pieces, 2 threads)
  ...t=5.539e+09 tail sweep 74% (4500 pieces, 2 threads)
  ...t=5.983e+09 tail sweep 66% (4000 pieces, 2 threads)
  ...t=5.983e+09 tail sweep 66% (4000 pieces, 2 threads)
  ...t=5.983e+09 tail sweep 66% (4000 pieces, 2 threads)
  ...t=5.983e+09 tail sweep 74% (4500 pieces, 2 threads)
  ...t=5.539e+09 tail sweep 83% (5000 pieces, 2 threads)
  ...t=5.983e+09 tail sweep 83% (5000 pieces, 2 threads)
  ...t=5.983e+09 tail sweep 74% (4500 pieces, 2 threads)
  ...t=5.983e+09 tail sweep 74% (4500 pieces, 2 threads)
  ...t=5.983e+09 tail sweep 91% (5500 pieces, 2 threads)
  ...t=5.539e+09 tail sweep 91% (5500 pieces, 2 threads)
  ...t=5.983e+09 tail sweep 99% (6000 pieces, 2 threads)
  ...t=5.983e+09 tail sweep 83% (5000 pieces, 2 threads)
  ...t=5.983e+09 tail sweep 83% (5000 pieces, 2 threads)
  pt win=1 k=-10 x=5.983e+09 t=5982522899.70566 mnew=1.0000 mcert=1.0000 bexp=6.63e-04
  ...t=5.983e+09 tail sweep 91% (5500 pieces, 2 threads)
  ...t=5.983e+09 tail sweep 91% (5500 pieces, 2 threads)
  ...t=5.539e+09 tail sweep 99% (6000 pieces, 2 threads)
  ...t=5.983e+09 tail sweep 8% (500 pieces, 2 threads)
  pt win=0 k=+12 x=5.539e+09 t=5539373066.00704 mnew=1.0000 mcert=1.0000 bexp=6.27e-04
  ...t=5.983e+09 tail sweep 99% (6000 pieces, 2 threads)
  ...t=5.983e+09 tail sweep 99% (6000 pieces, 2 threads)
  pt win=1 k=-11 x=5.983e+09 t=5982522899.20566 mnew=1.0000 mcert=1.0000 bexp=6.73e-04
  ...t=5.983e+09 tail sweep 8% (500 pieces, 2 threads)
  ...t=5.983e+09 tail sweep 17% (1000 pieces, 2 threads)
  pt win=1 k=-12 x=5.983e+09 t=5982522898.70566 mnew=1.0000 mcert=1.0000 bexp=7.02e-04
  ...t=5.983e+09 tail sweep 8% (500 pieces, 2 threads)
  ...t=5.983e+09 tail sweep 17% (1000 pieces, 2 threads)
  ...t=5.983e+09 tail sweep 17% (1000 pieces, 2 threads)
  ...t=5.983e+09 tail sweep 8% (500 pieces, 2 threads)
  ...t=5.983e+09 tail sweep 25% (1500 pieces, 2 threads)
  ...t=5.983e+09 tail sweep 25% (1500 pieces, 2 threads)
  ...t=5.983e+09 tail sweep 17% (1000 pieces, 2 threads)
  ...t=5.983e+09 tail sweep 25% (1500 pieces, 2 threads)
  ...t=5.983e+09 tail sweep 33% (2000 pieces, 2 threads)
  ...t=5.983e+09 tail sweep 33% (2000 pieces, 2 threads)
  ...t=5.983e+09 tail sweep 25% (1500 pieces, 2 threads)
  ...t=5.983e+09 tail sweep 33% (2000 pieces, 2 threads)
  ...t=5.983e+09 tail sweep 41% (2500 pieces, 2 threads)
  ...t=5.983e+09 tail sweep 41% (2500 pieces, 2 threads)
  ...t=5.983e+09 tail sweep 33% (2000 pieces, 2 threads)
  ...t=5.983e+09 tail sweep 41% (2500 pieces, 2 threads)
  ...t=5.983e+09 tail sweep 50% (3000 pieces, 2 threads)
  ...t=5.983e+09 tail sweep 50% (3000 pieces, 2 threads)
  ...t=5.983e+09 tail sweep 50% (3000 pieces, 2 threads)
  ...t=5.983e+09 tail sweep 41% (2500 pieces, 2 threads)
  ...t=5.983e+09 tail sweep 58% (3500 pieces, 2 threads)
  ...t=5.983e+09 tail sweep 58% (3500 pieces, 2 threads)
  ...t=5.983e+09 tail sweep 58% (3500 pieces, 2 threads)
  ...t=5.983e+09 tail sweep 50% (3000 pieces, 2 threads)
  ...t=5.983e+09 tail sweep 66% (4000 pieces, 2 threads)
  ...t=5.983e+09 tail sweep 66% (4000 pieces, 2 threads)
  ...t=5.983e+09 tail sweep 66% (4000 pieces, 2 threads)
  ...t=5.983e+09 tail sweep 74% (4500 pieces, 2 threads)
  ...t=5.983e+09 tail sweep 58% (3500 pieces, 2 threads)
  ...t=5.983e+09 tail sweep 83% (5000 pieces, 2 threads)
  ...t=5.983e+09 tail sweep 74% (4500 pieces, 2 threads)
  ...t=5.983e+09 tail sweep 74% (4500 pieces, 2 threads)
  ...t=5.983e+09 tail sweep 66% (4000 pieces, 2 threads)
  ...t=5.983e+09 tail sweep 91% (5500 pieces, 2 threads)
  ...t=5.983e+09 tail sweep 74% (4500 pieces, 2 threads)
  ...t=5.983e+09 tail sweep 83% (5000 pieces, 2 threads)
  ...t=5.983e+09 tail sweep 83% (5000 pieces, 2 threads)
  ...t=5.983e+09 tail sweep 99% (6000 pieces, 2 threads)
  ...t=5.983e+09 tail sweep 83% (5000 pieces, 2 threads)
  ...t=5.983e+09 tail sweep 91% (5500 pieces, 2 threads)
  pt win=1 k=-8 x=5.983e+09 t=5982522900.70566 mnew=1.0000 mcert=1.0000 bexp=6.62e-04
  ...t=5.983e+09 tail sweep 91% (5500 pieces, 2 threads)
  ...t=5.983e+09 tail sweep 8% (500 pieces, 2 threads)
  ...t=5.983e+09 tail sweep 91% (5500 pieces, 2 threads)
  ...t=5.983e+09 tail sweep 17% (1000 pieces, 2 threads)
  ...t=5.983e+09 tail sweep 99% (6000 pieces, 2 threads)
  ...t=5.983e+09 tail sweep 99% (6000 pieces, 2 threads)
  pt win=1 k=-9 x=5.983e+09 t=5982522900.20566 mnew=1.0000 mcert=1.0000 bexp=6.58e-04
  pt win=1 k=-7 x=5.983e+09 t=5982522901.20566 mnew=1.0000 mcert=1.0000 bexp=6.83e-04
  ...t=5.983e+09 tail sweep 99% (6000 pieces, 2 threads)
  ...t=5.983e+09 tail sweep 25% (1500 pieces, 2 threads)
  pt win=1 k=-6 x=5.983e+09 t=5982522901.70566 mnew=1.0000 mcert=1.0000 bexp=6.89e-04
  ...t=5.983e+09 tail sweep 8% (500 pieces, 2 threads)
  ...t=5.983e+09 tail sweep 8% (500 pieces, 2 threads)
  ...t=5.983e+09 tail sweep 33% (2000 pieces, 2 threads)
  ...t=5.983e+09 tail sweep 8% (500 pieces, 2 threads)
  ...t=5.983e+09 tail sweep 17% (1000 pieces, 2 threads)
  ...t=5.983e+09 tail sweep 17% (1000 pieces, 2 threads)
  ...t=5.983e+09 tail sweep 41% (2500 pieces, 2 threads)
  ...t=5.983e+09 tail sweep 17% (1000 pieces, 2 threads)
  ...t=5.983e+09 tail sweep 25% (1500 pieces, 2 threads)
  ...t=5.983e+09 tail sweep 25% (1500 pieces, 2 threads)
  ...t=5.983e+09 tail sweep 50% (3000 pieces, 2 threads)
  ...t=5.983e+09 tail sweep 25% (1500 pieces, 2 threads)
  ...t=5.983e+09 tail sweep 33% (2000 pieces, 2 threads)
  ...t=5.983e+09 tail sweep 33% (2000 pieces, 2 threads)
  ...t=5.983e+09 tail sweep 33% (2000 pieces, 2 threads)
  ...t=5.983e+09 tail sweep 41% (2500 pieces, 2 threads)
  ...t=5.983e+09 tail sweep 58% (3500 pieces, 2 threads)
  ...t=5.983e+09 tail sweep 41% (2500 pieces, 2 threads)
  ...t=5.983e+09 tail sweep 50% (3000 pieces, 2 threads)
  ...t=5.983e+09 tail sweep 41% (2500 pieces, 2 threads)
  ...t=5.983e+09 tail sweep 66% (4000 pieces, 2 threads)
  ...t=5.983e+09 tail sweep 58% (3500 pieces, 2 threads)
  ...t=5.983e+09 tail sweep 50% (3000 pieces, 2 threads)
  ...t=5.983e+09 tail sweep 50% (3000 pieces, 2 threads)
  ...t=5.983e+09 tail sweep 66% (4000 pieces, 2 threads)
  ...t=5.983e+09 tail sweep 74% (4500 pieces, 2 threads)
  ...t=5.983e+09 tail sweep 58% (3500 pieces, 2 threads)
  ...t=5.983e+09 tail sweep 58% (3500 pieces, 2 threads)
  ...t=5.983e+09 tail sweep 74% (4500 pieces, 2 threads)
  ...t=5.983e+09 tail sweep 83% (5000 pieces, 2 threads)
  ...t=5.983e+09 tail sweep 66% (4000 pieces, 2 threads)
  ...t=5.983e+09 tail sweep 66% (4000 pieces, 2 threads)
  ...t=5.983e+09 tail sweep 74% (4500 pieces, 2 threads)  ...t=5.983e+09 tail sweep 74% (4500 pieces, 2 threads)

  ...t=5.983e+09 tail sweep 83% (5000 pieces, 2 threads)
  ...t=5.983e+09 tail sweep 91% (5500 pieces, 2 threads)
  ...t=5.983e+09 tail sweep 83% (5000 pieces, 2 threads)
  ...t=5.983e+09 tail sweep 83% (5000 pieces, 2 threads)
  ...t=5.983e+09 tail sweep 91% (5500 pieces, 2 threads)
  ...t=5.983e+09 tail sweep 91% (5500 pieces, 2 threads)
  ...t=5.983e+09 tail sweep 91% (5500 pieces, 2 threads)
  ...t=5.983e+09 tail sweep 99% (6000 pieces, 2 threads)
  ...t=5.983e+09 tail sweep 99% (6000 pieces, 2 threads)
  ...t=5.983e+09 tail sweep 99% (6000 pieces, 2 threads)
  pt win=1 k=-5 x=5.983e+09 t=5982522902.20566 mnew=1.0000 mcert=1.0000 bexp=6.59e-04
  pt win=1 k=-2 x=5.983e+09 t=5982522903.70566 mnew=1.0000 mcert=1.0000 bexp=6.60e-04
  ...t=5.983e+09 tail sweep 99% (6000 pieces, 2 threads)
  pt win=1 k=-3 x=5.983e+09 t=5982522903.20566 mnew=1.0000 mcert=1.0000 bexp=8.02e-04
  pt win=1 k=-4 x=5.983e+09 t=5982522902.70566 mnew=1.0000 mcert=1.0000 bexp=6.77e-04
  ...t=5.983e+09 tail sweep 8% (500 pieces, 2 threads)
  ...t=5.983e+09 tail sweep 8% (500 pieces, 2 threads)
  ...t=5.983e+09 tail sweep 8% (500 pieces, 2 threads)
  ...t=5.983e+09 tail sweep 8% (500 pieces, 2 threads)
  ...t=5.983e+09 tail sweep 17% (1000 pieces, 2 threads)
  ...t=5.983e+09 tail sweep 17% (1000 pieces, 2 threads)
  ...t=5.983e+09 tail sweep 17% (1000 pieces, 2 threads)
  ...t=5.983e+09 tail sweep 17% (1000 pieces, 2 threads)
  ...t=5.983e+09 tail sweep 25% (1500 pieces, 2 threads)
  ...t=5.983e+09 tail sweep 25% (1500 pieces, 2 threads)
  ...t=5.983e+09 tail sweep 25% (1500 pieces, 2 threads)
  ...t=5.983e+09 tail sweep 25% (1500 pieces, 2 threads)
  ...t=5.983e+09 tail sweep 33% (2000 pieces, 2 threads)
  ...t=5.983e+09 tail sweep 33% (2000 pieces, 2 threads)
  ...t=5.983e+09 tail sweep 33% (2000 pieces, 2 threads)
  ...t=5.983e+09 tail sweep 33% (2000 pieces, 2 threads)
  ...t=5.983e+09 tail sweep 41% (2500 pieces, 2 threads)
  ...t=5.983e+09 tail sweep 41% (2500 pieces, 2 threads)
  ...t=5.983e+09 tail sweep 41% (2500 pieces, 2 threads)
  ...t=5.983e+09 tail sweep 41% (2500 pieces, 2 threads)
  ...t=5.983e+09 tail sweep 50% (3000 pieces, 2 threads)
  ...t=5.983e+09 tail sweep 50% (3000 pieces, 2 threads)
  ...t=5.983e+09 tail sweep 50% (3000 pieces, 2 threads)
  ...t=5.983e+09 tail sweep 50% (3000 pieces, 2 threads)
  ...t=5.983e+09 tail sweep 58% (3500 pieces, 2 threads)
  ...t=5.983e+09 tail sweep 58% (3500 pieces, 2 threads)
  ...t=5.983e+09 tail sweep 58% (3500 pieces, 2 threads)
  ...t=5.983e+09 tail sweep 58% (3500 pieces, 2 threads)
  ...t=5.983e+09 tail sweep 66% (4000 pieces, 2 threads)
  ...t=5.983e+09 tail sweep 66% (4000 pieces, 2 threads)
  ...t=5.983e+09 tail sweep 66% (4000 pieces, 2 threads)
  ...t=5.983e+09 tail sweep 66% (4000 pieces, 2 threads)
  ...t=5.983e+09 tail sweep 74% (4500 pieces, 2 threads)
  ...t=5.983e+09 tail sweep 74% (4500 pieces, 2 threads)
  ...t=5.983e+09 tail sweep 74% (4500 pieces, 2 threads)
  ...t=5.983e+09 tail sweep 74% (4500 pieces, 2 threads)
  ...t=5.983e+09 tail sweep 83% (5000 pieces, 2 threads)
  ...t=5.983e+09 tail sweep 83% (5000 pieces, 2 threads)
  ...t=5.983e+09 tail sweep 83% (5000 pieces, 2 threads)
  ...t=5.983e+09 tail sweep 83% (5000 pieces, 2 threads)
  ...t=5.983e+09 tail sweep 91% (5500 pieces, 2 threads)
  ...t=5.983e+09 tail sweep 91% (5500 pieces, 2 threads)
  ...t=5.983e+09 tail sweep 91% (5500 pieces, 2 threads)
  ...t=5.983e+09 tail sweep 91% (5500 pieces, 2 threads)
  ...t=5.983e+09 tail sweep 99% (6000 pieces, 2 threads)
  ...t=5.983e+09 tail sweep 99% (6000 pieces, 2 threads)
  ...t=5.983e+09 tail sweep 99% (6000 pieces, 2 threads)
  ...t=5.983e+09 tail sweep 99% (6000 pieces, 2 threads)
  pt win=1 k=+1 x=5.983e+09 t=5982522905.20566 mnew=1.0000 mcert=1.0000 bexp=6.61e-04
  pt win=1 k=+3 x=5.983e+09 t=5982522906.20566 mnew=1.0000 mcert=1.0000 bexp=6.61e-04
  pt win=1 k=+2 x=5.983e+09 t=5982522905.70566 mnew=1.0000 mcert=1.0000 bexp=8.10e-04
  pt win=1 k=-1 x=5.983e+09 t=5982522904.20566 mnew=1.0000 mcert=1.0000 bexp=6.98e-04
  ...t=5.983e+09 tail sweep 8% (500 pieces, 2 threads)
  ...t=5.983e+09 tail sweep 8% (500 pieces, 2 threads)
  ...t=5.983e+09 tail sweep 8% (500 pieces, 2 threads)
  ...t=5.983e+09 tail sweep 8% (500 pieces, 2 threads)
  ...t=5.983e+09 tail sweep 17% (1000 pieces, 2 threads)
  ...t=5.983e+09 tail sweep 17% (1000 pieces, 2 threads)
  ...t=5.983e+09 tail sweep 17% (1000 pieces, 2 threads)
  ...t=5.983e+09 tail sweep 17% (1000 pieces, 2 threads)
  ...t=5.983e+09 tail sweep 25% (1500 pieces, 2 threads)
  ...t=5.983e+09 tail sweep 25% (1500 pieces, 2 threads)
  ...t=5.983e+09 tail sweep 25% (1500 pieces, 2 threads)
  ...t=5.983e+09 tail sweep 25% (1500 pieces, 2 threads)
  ...t=5.983e+09 tail sweep 33% (2000 pieces, 2 threads)
  ...t=5.983e+09 tail sweep 33% (2000 pieces, 2 threads)
  ...t=5.983e+09 tail sweep 33% (2000 pieces, 2 threads)
  ...t=5.983e+09 tail sweep 33% (2000 pieces, 2 threads)
  ...t=5.983e+09 tail sweep 41% (2500 pieces, 2 threads)
  ...t=5.983e+09 tail sweep 41% (2500 pieces, 2 threads)
  ...t=5.983e+09 tail sweep 41% (2500 pieces, 2 threads)
  ...t=5.983e+09 tail sweep 41% (2500 pieces, 2 threads)
  ...t=5.983e+09 tail sweep 50% (3000 pieces, 2 threads)
  ...t=5.983e+09 tail sweep 50% (3000 pieces, 2 threads)
  ...t=5.983e+09 tail sweep 50% (3000 pieces, 2 threads)
  ...t=5.983e+09 tail sweep 50% (3000 pieces, 2 threads)
  ...t=5.983e+09 tail sweep 58% (3500 pieces, 2 threads)
  ...t=5.983e+09 tail sweep 58% (3500 pieces, 2 threads)
  ...t=5.983e+09 tail sweep 58% (3500 pieces, 2 threads)
  ...t=5.983e+09 tail sweep 58% (3500 pieces, 2 threads)
  ...t=5.983e+09 tail sweep 66% (4000 pieces, 2 threads)
  ...t=5.983e+09 tail sweep 66% (4000 pieces, 2 threads)
  ...t=5.983e+09 tail sweep 66% (4000 pieces, 2 threads)
  ...t=5.983e+09 tail sweep 66% (4000 pieces, 2 threads)
  ...t=5.983e+09 tail sweep 74% (4500 pieces, 2 threads)
  ...t=5.983e+09 tail sweep 74% (4500 pieces, 2 threads)
  ...t=5.983e+09 tail sweep 74% (4500 pieces, 2 threads)
  ...t=5.983e+09 tail sweep 74% (4500 pieces, 2 threads)
  ...t=5.983e+09 tail sweep 83% (5000 pieces, 2 threads)
  ...t=5.983e+09 tail sweep 83% (5000 pieces, 2 threads)
  ...t=5.983e+09 tail sweep 83% (5000 pieces, 2 threads)
  ...t=5.983e+09 tail sweep 83% (5000 pieces, 2 threads)
  ...t=5.983e+09 tail sweep 91% (5500 pieces, 2 threads)
  ...t=5.983e+09 tail sweep 91% (5500 pieces, 2 threads)
  ...t=5.983e+09 tail sweep 99% (6000 pieces, 2 threads)
  ...t=5.983e+09 tail sweep 91% (5500 pieces, 2 threads)
  ...t=5.983e+09 tail sweep 91% (5500 pieces, 2 threads)
  ...t=5.983e+09 tail sweep 99% (6000 pieces, 2 threads)
  pt win=1 k=+6 x=5.983e+09 t=5982522907.70566 mnew=1.0000 mcert=1.0000 bexp=6.72e-04
  pt win=1 k=+7 x=5.983e+09 t=5982522908.20566 mnew=1.0000 mcert=1.0000 bexp=6.67e-04
  ...t=5.983e+09 tail sweep 8% (500 pieces, 2 threads)
  ...t=5.983e+09 tail sweep 99% (6000 pieces, 2 threads)
  ...t=5.983e+09 tail sweep 99% (6000 pieces, 2 threads)
  pt win=1 k=+4 x=5.983e+09 t=5982522906.70566 mnew=1.0000 mcert=1.0000 bexp=7.42e-04
  pt win=1 k=+5 x=5.983e+09 t=5982522907.20566 mnew=1.0000 mcert=1.0000 bexp=6.62e-04
  ...t=5.983e+09 tail sweep 17% (1000 pieces, 2 threads)
  ...t=5.983e+09 tail sweep 8% (500 pieces, 2 threads)
  ...t=5.983e+09 tail sweep 8% (500 pieces, 2 threads)
  ...t=5.983e+09 tail sweep 8% (500 pieces, 2 threads)
  ...t=5.983e+09 tail sweep 17% (1000 pieces, 2 threads)
  ...t=5.983e+09 tail sweep 17% (1000 pieces, 2 threads)
  ...t=5.983e+09 tail sweep 17% (1000 pieces, 2 threads)
  ...t=5.983e+09 tail sweep 25% (1500 pieces, 2 threads)
  ...t=5.983e+09 tail sweep 25% (1500 pieces, 2 threads)
  ...t=5.983e+09 tail sweep 25% (1500 pieces, 2 threads)
  ...t=5.983e+09 tail sweep 25% (1500 pieces, 2 threads)
  ...t=5.983e+09 tail sweep 33% (2000 pieces, 2 threads)
  ...t=5.983e+09 tail sweep 33% (2000 pieces, 2 threads)
  ...t=5.983e+09 tail sweep 33% (2000 pieces, 2 threads)
  ...t=5.983e+09 tail sweep 33% (2000 pieces, 2 threads)
  ...t=5.983e+09 tail sweep 41% (2500 pieces, 2 threads)
  ...t=5.983e+09 tail sweep 41% (2500 pieces, 2 threads)
  ...t=5.983e+09 tail sweep 41% (2500 pieces, 2 threads)
  ...t=5.983e+09 tail sweep 41% (2500 pieces, 2 threads)
  ...t=5.983e+09 tail sweep 50% (3000 pieces, 2 threads)
  ...t=5.983e+09 tail sweep 50% (3000 pieces, 2 threads)
  ...t=5.983e+09 tail sweep 50% (3000 pieces, 2 threads)
  ...t=5.983e+09 tail sweep 50% (3000 pieces, 2 threads)
  ...t=5.983e+09 tail sweep 58% (3500 pieces, 2 threads)
  ...t=5.983e+09 tail sweep 58% (3500 pieces, 2 threads)
  ...t=5.983e+09 tail sweep 58% (3500 pieces, 2 threads)
  ...t=5.983e+09 tail sweep 58% (3500 pieces, 2 threads)
  ...t=5.983e+09 tail sweep 66% (4000 pieces, 2 threads)
  ...t=5.983e+09 tail sweep 66% (4000 pieces, 2 threads)
  ...t=5.983e+09 tail sweep 74% (4500 pieces, 2 threads)
  ...t=5.983e+09 tail sweep 66% (4000 pieces, 2 threads)
  ...t=5.983e+09 tail sweep 66% (4000 pieces, 2 threads)
  ...t=5.983e+09 tail sweep 83% (5000 pieces, 2 threads)
  ...t=5.983e+09 tail sweep 74% (4500 pieces, 2 threads)
  ...t=5.983e+09 tail sweep 91% (5500 pieces, 2 threads)
  ...t=5.983e+09 tail sweep 74% (4500 pieces, 2 threads)
  ...t=5.983e+09 tail sweep 74% (4500 pieces, 2 threads)
  ...t=5.983e+09 tail sweep 99% (6000 pieces, 2 threads)
  ...t=5.983e+09 tail sweep 83% (5000 pieces, 2 threads)
  pt win=1 k=+8 x=5.983e+09 t=5982522908.70566 mnew=1.0000 mcert=1.0000 bexp=6.70e-04
  ...t=5.983e+09 tail sweep 83% (5000 pieces, 2 threads)
  ...t=5.983e+09 tail sweep 83% (5000 pieces, 2 threads)
  ...t=5.983e+09 tail sweep 8% (500 pieces, 2 threads)
  ...t=5.983e+09 tail sweep 91% (5500 pieces, 2 threads)
  ...t=5.983e+09 tail sweep 91% (5500 pieces, 2 threads)
  ...t=5.983e+09 tail sweep 91% (5500 pieces, 2 threads)
  ...t=5.983e+09 tail sweep 17% (1000 pieces, 2 threads)
  ...t=5.983e+09 tail sweep 99% (6000 pieces, 2 threads)
  ...t=5.983e+09 tail sweep 99% (6000 pieces, 2 threads)
  ...t=5.983e+09 tail sweep 99% (6000 pieces, 2 threads)
  ...t=5.983e+09 tail sweep 25% (1500 pieces, 2 threads)
  pt win=1 k=+11 x=5.983e+09 t=5982522910.20566 mnew=1.0000 mcert=1.0000 bexp=6.68e-04
  pt win=1 k=+10 x=5.983e+09 t=5982522909.70566 mnew=1.0000 mcert=1.0000 bexp=6.61e-04
  pt win=1 k=+9 x=5.983e+09 t=5982522909.20566 mnew=1.0000 mcert=1.0000 bexp=6.61e-04
  ...t=5.983e+09 tail sweep 33% (2000 pieces, 2 threads)
  ...t=6.461e+09 tail sweep 8% (500 pieces, 2 threads)
  ...t=6.461e+09 tail sweep 8% (500 pieces, 2 threads)
  ...t=6.461e+09 tail sweep 8% (500 pieces, 2 threads)
  ...t=5.983e+09 tail sweep 41% (2500 pieces, 2 threads)
  ...t=6.461e+09 tail sweep 17% (1000 pieces, 2 threads)
  ...t=6.461e+09 tail sweep 17% (1000 pieces, 2 threads)
  ...t=6.461e+09 tail sweep 17% (1000 pieces, 2 threads)
  ...t=5.983e+09 tail sweep 50% (3000 pieces, 2 threads)
  ...t=5.983e+09 tail sweep 58% (3500 pieces, 2 threads)
  ...t=6.461e+09 tail sweep 25% (1500 pieces, 2 threads)
  ...t=6.461e+09 tail sweep 25% (1500 pieces, 2 threads)
  ...t=6.461e+09 tail sweep 25% (1500 pieces, 2 threads)
  ...t=5.983e+09 tail sweep 66% (4000 pieces, 2 threads)
  ...t=6.461e+09 tail sweep 33% (2000 pieces, 2 threads)
  ...t=6.461e+09 tail sweep 33% (2000 pieces, 2 threads)
  ...t=6.461e+09 tail sweep 33% (2000 pieces, 2 threads)
  ...t=5.983e+09 tail sweep 74% (4500 pieces, 2 threads)
  ...t=5.983e+09 tail sweep 83% (5000 pieces, 2 threads)
  ...t=6.461e+09 tail sweep 41% (2500 pieces, 2 threads)
  ...t=6.461e+09 tail sweep 41% (2500 pieces, 2 threads)
  ...t=6.461e+09 tail sweep 41% (2500 pieces, 2 threads)
  ...t=5.983e+09 tail sweep 91% (5500 pieces, 2 threads)
  ...t=6.461e+09 tail sweep 50% (3000 pieces, 2 threads)
  ...t=6.461e+09 tail sweep 50% (3000 pieces, 2 threads)
  ...t=6.461e+09 tail sweep 50% (3000 pieces, 2 threads)
  ...t=5.983e+09 tail sweep 99% (6000 pieces, 2 threads)
  pt win=1 k=+12 x=5.983e+09 t=5982522910.70566 mnew=1.0000 mcert=1.0000 bexp=6.64e-04
  ...t=6.461e+09 tail sweep 58% (3500 pieces, 2 threads)
  ...t=6.461e+09 tail sweep 58% (3500 pieces, 2 threads)
  ...t=6.461e+09 tail sweep 58% (3500 pieces, 2 threads)
  ...t=6.461e+09 tail sweep 8% (500 pieces, 2 threads)
  ...t=6.461e+09 tail sweep 17% (1000 pieces, 2 threads)
  ...t=6.461e+09 tail sweep 66% (4000 pieces, 2 threads)
  ...t=6.461e+09 tail sweep 66% (4000 pieces, 2 threads)
  ...t=6.461e+09 tail sweep 66% (4000 pieces, 2 threads)
  ...t=6.461e+09 tail sweep 25% (1500 pieces, 2 threads)
  ...t=6.461e+09 tail sweep 74% (4500 pieces, 2 threads)
  ...t=6.461e+09 tail sweep 74% (4500 pieces, 2 threads)
  ...t=6.461e+09 tail sweep 74% (4500 pieces, 2 threads)
  ...t=6.461e+09 tail sweep 33% (2000 pieces, 2 threads)
  ...t=6.461e+09 tail sweep 83% (5000 pieces, 2 threads)
  ...t=6.461e+09 tail sweep 83% (5000 pieces, 2 threads)
  ...t=6.461e+09 tail sweep 83% (5000 pieces, 2 threads)
  ...t=6.461e+09 tail sweep 41% (2500 pieces, 2 threads)
  ...t=6.461e+09 tail sweep 50% (3000 pieces, 2 threads)
  ...t=6.461e+09 tail sweep 91% (5500 pieces, 2 threads)
  ...t=6.461e+09 tail sweep 91% (5500 pieces, 2 threads)
  ...t=6.461e+09 tail sweep 91% (5500 pieces, 2 threads)
  ...t=6.461e+09 tail sweep 58% (3500 pieces, 2 threads)
  ...t=6.461e+09 tail sweep 99% (6000 pieces, 2 threads)
  ...t=6.461e+09 tail sweep 99% (6000 pieces, 2 threads)
  ...t=6.461e+09 tail sweep 99% (6000 pieces, 2 threads)
  pt win=2 k=-11 x=6.461e+09 t=6461124731.40876 mnew=1.0000 mcert=1.0000 bexp=7.18e-04
  pt win=2 k=-10 x=6.461e+09 t=6461124731.90876 mnew=1.0000 mcert=1.0000 bexp=7.15e-04
  ...t=6.461e+09 tail sweep 66% (4000 pieces, 2 threads)
  pt win=2 k=-12 x=6.461e+09 t=6461124730.90876 mnew=1.0000 mcert=1.0000 bexp=7.38e-04
  ...t=6.461e+09 tail sweep 8% (500 pieces, 2 threads)
  ...t=6.461e+09 tail sweep 17% (1000 pieces, 2 threads)
  ...t=6.461e+09 tail sweep 8% (500 pieces, 2 threads)
  ...t=6.461e+09 tail sweep 8% (500 pieces, 2 threads)
  ...t=6.461e+09 tail sweep 74% (4500 pieces, 2 threads)
  ...t=6.461e+09 tail sweep 25% (1500 pieces, 2 threads)
  ...t=6.461e+09 tail sweep 83% (5000 pieces, 2 threads)
  ...t=6.461e+09 tail sweep 17% (1000 pieces, 2 threads)
  ...t=6.461e+09 tail sweep 17% (1000 pieces, 2 threads)
  ...t=6.461e+09 tail sweep 33% (2000 pieces, 2 threads)
  ...t=6.461e+09 tail sweep 91% (5500 pieces, 2 threads)
  ...t=6.461e+09 tail sweep 41% (2500 pieces, 2 threads)
  ...t=6.461e+09 tail sweep 25% (1500 pieces, 2 threads)
  ...t=6.461e+09 tail sweep 25% (1500 pieces, 2 threads)
  ...t=6.461e+09 tail sweep 50% (3000 pieces, 2 threads)
  ...t=6.461e+09 tail sweep 33% (2000 pieces, 2 threads)
  ...t=6.461e+09 tail sweep 33% (2000 pieces, 2 threads)
  ...t=6.461e+09 tail sweep 99% (6000 pieces, 2 threads)
  ...t=6.461e+09 tail sweep 58% (3500 pieces, 2 threads)
  pt win=2 k=-9 x=6.461e+09 t=6461124732.40876 mnew=1.0000 mcert=1.0000 bexp=7.96e-04
  ...t=6.461e+09 tail sweep 41% (2500 pieces, 2 threads)
  ...t=6.461e+09 tail sweep 41% (2500 pieces, 2 threads)
  ...t=6.461e+09 tail sweep 66% (4000 pieces, 2 threads)
  ...t=6.461e+09 tail sweep 8% (500 pieces, 2 threads)
  ...t=6.461e+09 tail sweep 74% (4500 pieces, 2 threads)
  ...t=6.461e+09 tail sweep 17% (1000 pieces, 2 threads)
  ...t=6.461e+09 tail sweep 50% (3000 pieces, 2 threads)
  ...t=6.461e+09 tail sweep 50% (3000 pieces, 2 threads)
  ...t=6.461e+09 tail sweep 25% (1500 pieces, 2 threads)
  ...t=6.461e+09 tail sweep 83% (5000 pieces, 2 threads)
  ...t=6.461e+09 tail sweep 33% (2000 pieces, 2 threads)
  ...t=6.461e+09 tail sweep 58% (3500 pieces, 2 threads)
  ...t=6.461e+09 tail sweep 58% (3500 pieces, 2 threads)
  ...t=6.461e+09 tail sweep 91% (5500 pieces, 2 threads)
  ...t=6.461e+09 tail sweep 41% (2500 pieces, 2 threads)
  ...t=6.461e+09 tail sweep 66% (4000 pieces, 2 threads)
  ...t=6.461e+09 tail sweep 66% (4000 pieces, 2 threads)
  ...t=6.461e+09 tail sweep 50% (3000 pieces, 2 threads)
  ...t=6.461e+09 tail sweep 99% (6000 pieces, 2 threads)
  ...t=6.461e+09 tail sweep 74% (4500 pieces, 2 threads)
  ...t=6.461e+09 tail sweep 74% (4500 pieces, 2 threads)
  pt win=2 k=-7 x=6.461e+09 t=6461124733.40876 mnew=1.0000 mcert=1.0000 bexp=7.16e-04
  ...t=6.461e+09 tail sweep 58% (3500 pieces, 2 threads)
  ...t=6.461e+09 tail sweep 83% (5000 pieces, 2 threads)
  ...t=6.461e+09 tail sweep 83% (5000 pieces, 2 threads)
  ...t=6.461e+09 tail sweep 8% (500 pieces, 2 threads)
  ...t=6.461e+09 tail sweep 66% (4000 pieces, 2 threads)
  ...t=6.461e+09 tail sweep 91% (5500 pieces, 2 threads)
  ...t=6.461e+09 tail sweep 91% (5500 pieces, 2 threads)
  ...t=6.461e+09 tail sweep 74% (4500 pieces, 2 threads)
  ...t=6.461e+09 tail sweep 17% (1000 pieces, 2 threads)
  ...t=6.461e+09 tail sweep 83% (5000 pieces, 2 threads)
  ...t=6.461e+09 tail sweep 25% (1500 pieces, 2 threads)
  ...t=6.461e+09 tail sweep 99% (6000 pieces, 2 threads)
  ...t=6.461e+09 tail sweep 99% (6000 pieces, 2 threads)
  ...t=6.461e+09 tail sweep 91% (5500 pieces, 2 threads)
  pt win=2 k=-8 x=6.461e+09 t=6461124732.90876 mnew=1.0000 mcert=1.0000 bexp=7.07e-04
  pt win=2 k=-6 x=6.461e+09 t=6461124733.90876 mnew=1.0000 mcert=1.0000 bexp=7.13e-04
  ...t=6.461e+09 tail sweep 33% (2000 pieces, 2 threads)
  ...t=6.461e+09 tail sweep 8% (500 pieces, 2 threads)
  ...t=6.461e+09 tail sweep 8% (500 pieces, 2 threads)
  ...t=6.461e+09 tail sweep 99% (6000 pieces, 2 threads)
  ...t=6.461e+09 tail sweep 41% (2500 pieces, 2 threads)
  pt win=2 k=-5 x=6.461e+09 t=6461124734.40876 mnew=1.0000 mcert=1.0000 bexp=7.58e-04
  ...t=6.461e+09 tail sweep 17% (1000 pieces, 2 threads)
  ...t=6.461e+09 tail sweep 17% (1000 pieces, 2 threads)
  ...t=6.461e+09 tail sweep 8% (500 pieces, 2 threads)
  ...t=6.461e+09 tail sweep 50% (3000 pieces, 2 threads)
  ...t=6.461e+09 tail sweep 25% (1500 pieces, 2 threads)
  ...t=6.461e+09 tail sweep 25% (1500 pieces, 2 threads)
  ...t=6.461e+09 tail sweep 17% (1000 pieces, 2 threads)
  ...t=6.461e+09 tail sweep 33% (2000 pieces, 2 threads)
  ...t=6.461e+09 tail sweep 33% (2000 pieces, 2 threads)
  ...t=6.461e+09 tail sweep 58% (3500 pieces, 2 threads)
  ...t=6.461e+09 tail sweep 25% (1500 pieces, 2 threads)
  ...t=6.461e+09 tail sweep 41% (2500 pieces, 2 threads)
  ...t=6.461e+09 tail sweep 41% (2500 pieces, 2 threads)
  ...t=6.461e+09 tail sweep 33% (2000 pieces, 2 threads)
  ...t=6.461e+09 tail sweep 41% (2500 pieces, 2 threads)
  ...t=6.461e+09 tail sweep 66% (4000 pieces, 2 threads)
  ...t=6.461e+09 tail sweep 50% (3000 pieces, 2 threads)
  ...t=6.461e+09 tail sweep 50% (3000 pieces, 2 threads)
  ...t=6.461e+09 tail sweep 50% (3000 pieces, 2 threads)
  ...t=6.461e+09 tail sweep 58% (3500 pieces, 2 threads)
  ...t=6.461e+09 tail sweep 58% (3500 pieces, 2 threads)
  ...t=6.461e+09 tail sweep 58% (3500 pieces, 2 threads)
  ...t=6.461e+09 tail sweep 74% (4500 pieces, 2 threads)
  ...t=6.461e+09 tail sweep 66% (4000 pieces, 2 threads)
  ...t=6.461e+09 tail sweep 66% (4000 pieces, 2 threads)
  ...t=6.461e+09 tail sweep 66% (4000 pieces, 2 threads)
  ...t=6.461e+09 tail sweep 74% (4500 pieces, 2 threads)
  ...t=6.461e+09 tail sweep 83% (5000 pieces, 2 threads)
  ...t=6.461e+09 tail sweep 83% (5000 pieces, 2 threads)
  ...t=6.461e+09 tail sweep 74% (4500 pieces, 2 threads)
  ...t=6.461e+09 tail sweep 74% (4500 pieces, 2 threads)
  ...t=6.461e+09 tail sweep 91% (5500 pieces, 2 threads)
  ...t=6.461e+09 tail sweep 91% (5500 pieces, 2 threads)
  ...t=6.461e+09 tail sweep 83% (5000 pieces, 2 threads)
  ...t=6.461e+09 tail sweep 83% (5000 pieces, 2 threads)
  ...t=6.461e+09 tail sweep 99% (6000 pieces, 2 threads)
  ...t=6.461e+09 tail sweep 99% (6000 pieces, 2 threads)
  pt win=2 k=-4 x=6.461e+09 t=6461124734.90876 mnew=1.0000 mcert=1.0000 bexp=8.25e-04
  pt win=2 k=-1 x=6.461e+09 t=6461124736.40876 mnew=1.0000 mcert=1.0000 bexp=7.11e-04
  ...t=6.461e+09 tail sweep 91% (5500 pieces, 2 threads)
  ...t=6.461e+09 tail sweep 91% (5500 pieces, 2 threads)
  ...t=6.461e+09 tail sweep 8% (500 pieces, 2 threads)
  ...t=6.461e+09 tail sweep 8% (500 pieces, 2 threads)
  ...t=6.461e+09 tail sweep 99% (6000 pieces, 2 threads)
  ...t=6.461e+09 tail sweep 99% (6000 pieces, 2 threads)
  ...t=6.461e+09 tail sweep 17% (1000 pieces, 2 threads)
  ...t=6.461e+09 tail sweep 17% (1000 pieces, 2 threads)
  pt win=2 k=-3 x=6.461e+09 t=6461124735.40876 mnew=1.0000 mcert=1.0000 bexp=7.18e-04
  pt win=2 k=-2 x=6.461e+09 t=6461124735.90876 mnew=1.0000 mcert=1.0000 bexp=7.20e-04
  ...t=6.461e+09 tail sweep 25% (1500 pieces, 2 threads)
  ...t=6.461e+09 tail sweep 25% (1500 pieces, 2 threads)
  ...t=6.461e+09 tail sweep 8% (500 pieces, 2 threads)
  ...t=6.461e+09 tail sweep 8% (500 pieces, 2 threads)
  ...t=6.461e+09 tail sweep 33% (2000 pieces, 2 threads)
  ...t=6.461e+09 tail sweep 33% (2000 pieces, 2 threads)
  ...t=6.461e+09 tail sweep 17% (1000 pieces, 2 threads)
  ...t=6.461e+09 tail sweep 17% (1000 pieces, 2 threads)
  ...t=6.461e+09 tail sweep 41% (2500 pieces, 2 threads)
  ...t=6.461e+09 tail sweep 41% (2500 pieces, 2 threads)
  ...t=6.461e+09 tail sweep 25% (1500 pieces, 2 threads)
  ...t=6.461e+09 tail sweep 25% (1500 pieces, 2 threads)
  ...t=6.461e+09 tail sweep 50% (3000 pieces, 2 threads)
  ...t=6.461e+09 tail sweep 50% (3000 pieces, 2 threads)
  ...t=6.461e+09 tail sweep 33% (2000 pieces, 2 threads)
  ...t=6.461e+09 tail sweep 33% (2000 pieces, 2 threads)
  ...t=6.461e+09 tail sweep 58% (3500 pieces, 2 threads)
  ...t=6.461e+09 tail sweep 58% (3500 pieces, 2 threads)
  ...t=6.461e+09 tail sweep 66% (4000 pieces, 2 threads)
  ...t=6.461e+09 tail sweep 66% (4000 pieces, 2 threads)
  ...t=6.461e+09 tail sweep 41% (2500 pieces, 2 threads)
  ...t=6.461e+09 tail sweep 41% (2500 pieces, 2 threads)
  ...t=6.461e+09 tail sweep 74% (4500 pieces, 2 threads)
  ...t=6.461e+09 tail sweep 74% (4500 pieces, 2 threads)
  ...t=6.461e+09 tail sweep 50% (3000 pieces, 2 threads)
  ...t=6.461e+09 tail sweep 50% (3000 pieces, 2 threads)
  ...t=6.461e+09 tail sweep 83% (5000 pieces, 2 threads)
  ...t=6.461e+09 tail sweep 58% (3500 pieces, 2 threads)
  ...t=6.461e+09 tail sweep 58% (3500 pieces, 2 threads)
  ...t=6.461e+09 tail sweep 91% (5500 pieces, 2 threads)
  ...t=6.461e+09 tail sweep 83% (5000 pieces, 2 threads)
  ...t=6.461e+09 tail sweep 66% (4000 pieces, 2 threads)
  ...t=6.461e+09 tail sweep 66% (4000 pieces, 2 threads)
  ...t=6.461e+09 tail sweep 99% (6000 pieces, 2 threads)
  ...t=6.461e+09 tail sweep 91% (5500 pieces, 2 threads)
  pt win=2 k=+2 x=6.461e+09 t=6461124737.90876 mnew=1.0000 mcert=1.0000 bexp=7.07e-04
  ...t=6.461e+09 tail sweep 74% (4500 pieces, 2 threads)
  ...t=6.461e+09 tail sweep 74% (4500 pieces, 2 threads)
  ...t=6.461e+09 tail sweep 8% (500 pieces, 2 threads)
  ...t=6.461e+09 tail sweep 99% (6000 pieces, 2 threads)
  ...t=6.461e+09 tail sweep 17% (1000 pieces, 2 threads)
  ...t=6.461e+09 tail sweep 83% (5000 pieces, 2 threads)
  ...t=6.461e+09 tail sweep 83% (5000 pieces, 2 threads)
  pt win=2 k=+1 x=6.461e+09 t=6461124737.40876 mnew=1.0000 mcert=1.0000 bexp=7.14e-04
  ...t=6.461e+09 tail sweep 25% (1500 pieces, 2 threads)
  ...t=6.461e+09 tail sweep 91% (5500 pieces, 2 threads)
  ...t=6.461e+09 tail sweep 91% (5500 pieces, 2 threads)
  ...t=6.461e+09 tail sweep 8% (500 pieces, 2 threads)
  ...t=6.461e+09 tail sweep 33% (2000 pieces, 2 threads)
  ...t=6.461e+09 tail sweep 17% (1000 pieces, 2 threads)
  ...t=6.461e+09 tail sweep 41% (2500 pieces, 2 threads)
  ...t=6.461e+09 tail sweep 50% (3000 pieces, 2 threads)
  ...t=6.461e+09 tail sweep 99% (6000 pieces, 2 threads)
  ...t=6.461e+09 tail sweep 99% (6000 pieces, 2 threads)
  ...t=6.461e+09 tail sweep 25% (1500 pieces, 2 threads)
  ...t=6.461e+09 tail sweep 58% (3500 pieces, 2 threads)
  pt win=2 k=+3 x=6.461e+09 t=6461124738.40876 mnew=1.0000 mcert=1.0000 bexp=7.20e-04
  pt win=2 k=+4 x=6.461e+09 t=6461124738.90876 mnew=1.0000 mcert=1.0000 bexp=7.26e-04
  ...t=6.461e+09 tail sweep 33% (2000 pieces, 2 threads)
  ...t=6.461e+09 tail sweep 66% (4000 pieces, 2 threads)
  ...t=6.461e+09 tail sweep 8% (500 pieces, 2 threads)
  ...t=6.461e+09 tail sweep 8% (500 pieces, 2 threads)
  ...t=6.461e+09 tail sweep 41% (2500 pieces, 2 threads)
  ...t=6.461e+09 tail sweep 74% (4500 pieces, 2 threads)
  ...t=6.461e+09 tail sweep 17% (1000 pieces, 2 threads)
  ...t=6.461e+09 tail sweep 17% (1000 pieces, 2 threads)
  ...t=6.461e+09 tail sweep 83% (5000 pieces, 2 threads)
  ...t=6.461e+09 tail sweep 50% (3000 pieces, 2 threads)
  ...t=6.461e+09 tail sweep 91% (5500 pieces, 2 threads)
  ...t=6.461e+09 tail sweep 25% (1500 pieces, 2 threads)
  ...t=6.461e+09 tail sweep 25% (1500 pieces, 2 threads)
  ...t=6.461e+09 tail sweep 99% (6000 pieces, 2 threads)
  ...t=6.461e+09 tail sweep 58% (3500 pieces, 2 threads)
  pt win=2 k=+5 x=6.461e+09 t=6461124739.40876 mnew=1.0000 mcert=1.0000 bexp=7.13e-04
  ...t=6.461e+09 tail sweep 33% (2000 pieces, 2 threads)
  ...t=6.461e+09 tail sweep 33% (2000 pieces, 2 threads)
  ...t=6.461e+09 tail sweep 66% (4000 pieces, 2 threads)
  ...t=6.461e+09 tail sweep 8% (500 pieces, 2 threads)
  ...t=6.461e+09 tail sweep 41% (2500 pieces, 2 threads)
  ...t=6.461e+09 tail sweep 41% (2500 pieces, 2 threads)
  ...t=6.461e+09 tail sweep 17% (1000 pieces, 2 threads)
  ...t=6.461e+09 tail sweep 74% (4500 pieces, 2 threads)
  ...t=6.461e+09 tail sweep 25% (1500 pieces, 2 threads)
  ...t=6.461e+09 tail sweep 50% (3000 pieces, 2 threads)
  ...t=6.461e+09 tail sweep 50% (3000 pieces, 2 threads)
  ...t=6.461e+09 tail sweep 33% (2000 pieces, 2 threads)
  ...t=6.461e+09 tail sweep 83% (5000 pieces, 2 threads)
  ...t=6.461e+09 tail sweep 41% (2500 pieces, 2 threads)
  ...t=6.461e+09 tail sweep 58% (3500 pieces, 2 threads)
  ...t=6.461e+09 tail sweep 58% (3500 pieces, 2 threads)
  ...t=6.461e+09 tail sweep 50% (3000 pieces, 2 threads)
  ...t=6.461e+09 tail sweep 91% (5500 pieces, 2 threads)
  ...t=6.461e+09 tail sweep 58% (3500 pieces, 2 threads)
  ...t=6.461e+09 tail sweep 66% (4000 pieces, 2 threads)
  ...t=6.461e+09 tail sweep 66% (4000 pieces, 2 threads)
  ...t=6.461e+09 tail sweep 66% (4000 pieces, 2 threads)
  ...t=6.461e+09 tail sweep 99% (6000 pieces, 2 threads)
  ...t=6.461e+09 tail sweep 74% (4500 pieces, 2 threads)
  ...t=6.461e+09 tail sweep 74% (4500 pieces, 2 threads)
  ...t=6.461e+09 tail sweep 74% (4500 pieces, 2 threads)
  pt win=2 k=+6 x=6.461e+09 t=6461124739.90876 mnew=1.0000 mcert=1.0000 bexp=7.07e-04
  ...t=6.461e+09 tail sweep 83% (5000 pieces, 2 threads)
  ...t=6.461e+09 tail sweep 83% (5000 pieces, 2 threads)
  ...t=6.461e+09 tail sweep 83% (5000 pieces, 2 threads)
  ...t=6.461e+09 tail sweep 8% (500 pieces, 2 threads)
  ...t=6.461e+09 tail sweep 91% (5500 pieces, 2 threads)
  ...t=6.461e+09 tail sweep 91% (5500 pieces, 2 threads)
  ...t=6.461e+09 tail sweep 91% (5500 pieces, 2 threads)
  ...t=6.461e+09 tail sweep 99% (6000 pieces, 2 threads)
  ...t=6.461e+09 tail sweep 99% (6000 pieces, 2 threads)
  ...t=6.461e+09 tail sweep 99% (6000 pieces, 2 threads)
  ...t=6.461e+09 tail sweep 17% (1000 pieces, 2 threads)
  pt win=2 k=+7 x=6.461e+09 t=6461124740.40876 mnew=1.0000 mcert=1.0000 bexp=7.13e-04
  pt win=2 k=+9 x=6.461e+09 t=6461124741.40876 mnew=1.0000 mcert=1.0000 bexp=7.21e-04
  pt win=2 k=+8 x=6.461e+09 t=6461124740.90876 mnew=1.0000 mcert=1.0000 bexp=7.17e-04
  ...t=6.461e+09 tail sweep 25% (1500 pieces, 2 threads)
  ...t=6.978e+09 tail sweep 8% (500 pieces, 2 threads)
  ...t=6.461e+09 tail sweep 8% (500 pieces, 2 threads)
  ...t=6.461e+09 tail sweep 8% (500 pieces, 2 threads)
  ...t=6.461e+09 tail sweep 33% (2000 pieces, 2 threads)
  ...t=6.978e+09 tail sweep 17% (1000 pieces, 2 threads)
  ...t=6.461e+09 tail sweep 17% (1000 pieces, 2 threads)
  ...t=6.461e+09 tail sweep 17% (1000 pieces, 2 threads)
  ...t=6.978e+09 tail sweep 25% (1500 pieces, 2 threads)
  ...t=6.461e+09 tail sweep 41% (2500 pieces, 2 threads)
  ...t=6.461e+09 tail sweep 25% (1500 pieces, 2 threads)
  ...t=6.461e+09 tail sweep 25% (1500 pieces, 2 threads)
  ...t=6.978e+09 tail sweep 33% (2000 pieces, 2 threads)
  ...t=6.461e+09 tail sweep 33% (2000 pieces, 2 threads)
  ...t=6.461e+09 tail sweep 33% (2000 pieces, 2 threads)
  ...t=6.461e+09 tail sweep 50% (3000 pieces, 2 threads)
  ...t=6.978e+09 tail sweep 41% (2500 pieces, 2 threads)
  ...t=6.461e+09 tail sweep 41% (2500 pieces, 2 threads)
  ...t=6.461e+09 tail sweep 41% (2500 pieces, 2 threads)
  ...t=6.978e+09 tail sweep 50% (3000 pieces, 2 threads)
  ...t=6.461e+09 tail sweep 58% (3500 pieces, 2 threads)
  ...t=6.461e+09 tail sweep 50% (3000 pieces, 2 threads)
  ...t=6.978e+09 tail sweep 58% (3500 pieces, 2 threads)
  ...t=6.461e+09 tail sweep 50% (3000 pieces, 2 threads)
  ...t=6.978e+09 tail sweep 66% (4000 pieces, 2 threads)
  ...t=6.461e+09 tail sweep 66% (4000 pieces, 2 threads)
  ...t=6.461e+09 tail sweep 58% (3500 pieces, 2 threads)
  ...t=6.461e+09 tail sweep 58% (3500 pieces, 2 threads)
  ...t=6.978e+09 tail sweep 74% (4500 pieces, 2 threads)
  ...t=6.461e+09 tail sweep 74% (4500 pieces, 2 threads)
  ...t=6.461e+09 tail sweep 66% (4000 pieces, 2 threads)
  ...t=6.461e+09 tail sweep 66% (4000 pieces, 2 threads)
  ...t=6.978e+09 tail sweep 83% (5000 pieces, 2 threads)
  ...t=6.461e+09 tail sweep 83% (5000 pieces, 2 threads)
  ...t=6.978e+09 tail sweep 91% (5500 pieces, 2 threads)
  ...t=6.461e+09 tail sweep 74% (4500 pieces, 2 threads)
  ...t=6.461e+09 tail sweep 74% (4500 pieces, 2 threads)
  ...t=6.461e+09 tail sweep 91% (5500 pieces, 2 threads)
  ...t=6.978e+09 tail sweep 99% (6000 pieces, 2 threads)
  ...t=6.461e+09 tail sweep 83% (5000 pieces, 2 threads)
  ...t=6.461e+09 tail sweep 83% (5000 pieces, 2 threads)
  ...t=6.461e+09 tail sweep 99% (6000 pieces, 2 threads)
  pt win=2 k=+10 x=6.461e+09 t=6461124741.90876 mnew=1.0000 mcert=1.0000 bexp=7.16e-04
  pt win=3 k=-12 x=6.978e+09 t=6978014710.03059 mnew=1.0000 mcert=1.0000 bexp=7.69e-04
  ...t=6.461e+09 tail sweep 91% (5500 pieces, 2 threads)
  ...t=6.461e+09 tail sweep 91% (5500 pieces, 2 threads)
  ...t=6.978e+09 tail sweep 8% (500 pieces, 2 threads)
  ...t=6.978e+09 tail sweep 8% (500 pieces, 2 threads)
  ...t=6.978e+09 tail sweep 17% (1000 pieces, 2 threads)
  ...t=6.978e+09 tail sweep 25% (1500 pieces, 2 threads)
  ...t=6.978e+09 tail sweep 17% (1000 pieces, 2 threads)
  ...t=6.461e+09 tail sweep 99% (6000 pieces, 2 threads)
  ...t=6.461e+09 tail sweep 99% (6000 pieces, 2 threads)
  ...t=6.978e+09 tail sweep 33% (2000 pieces, 2 threads)
  pt win=2 k=+11 x=6.461e+09 t=6461124742.40876 mnew=1.0000 mcert=1.0000 bexp=7.11e-04
  pt win=2 k=+12 x=6.461e+09 t=6461124742.90876 mnew=1.0000 mcert=1.0000 bexp=7.18e-04
  ...t=6.978e+09 tail sweep 25% (1500 pieces, 2 threads)
  ...t=6.978e+09 tail sweep 41% (2500 pieces, 2 threads)
  ...t=6.978e+09 tail sweep 8% (500 pieces, 2 threads)
  ...t=6.978e+09 tail sweep 8% (500 pieces, 2 threads)
  ...t=6.978e+09 tail sweep 33% (2000 pieces, 2 threads)
  ...t=6.978e+09 tail sweep 50% (3000 pieces, 2 threads)
  ...t=6.978e+09 tail sweep 17% (1000 pieces, 2 threads)
  ...t=6.978e+09 tail sweep 17% (1000 pieces, 2 threads)
  ...t=6.978e+09 tail sweep 58% (3500 pieces, 2 threads)
  ...t=6.978e+09 tail sweep 41% (2500 pieces, 2 threads)
  ...t=6.978e+09 tail sweep 25% (1500 pieces, 2 threads)
  ...t=6.978e+09 tail sweep 25% (1500 pieces, 2 threads)
  ...t=6.978e+09 tail sweep 66% (4000 pieces, 2 threads)
  ...t=6.978e+09 tail sweep 33% (2000 pieces, 2 threads)
  ...t=6.978e+09 tail sweep 33% (2000 pieces, 2 threads)
  ...t=6.978e+09 tail sweep 50% (3000 pieces, 2 threads)
  ...t=6.978e+09 tail sweep 41% (2500 pieces, 2 threads)
  ...t=6.978e+09 tail sweep 74% (4500 pieces, 2 threads)
  ...t=6.978e+09 tail sweep 50% (3000 pieces, 2 threads)
  ...t=6.978e+09 tail sweep 41% (2500 pieces, 2 threads)
  ...t=6.978e+09 tail sweep 58% (3500 pieces, 2 threads)
  ...t=6.978e+09 tail sweep 58% (3500 pieces, 2 threads)
  ...t=6.978e+09 tail sweep 83% (5000 pieces, 2 threads)
  ...t=6.978e+09 tail sweep 50% (3000 pieces, 2 threads)
  ...t=6.978e+09 tail sweep 66% (4000 pieces, 2 threads)
  ...t=6.978e+09 tail sweep 66% (4000 pieces, 2 threads)
  ...t=6.978e+09 tail sweep 91% (5500 pieces, 2 threads)
  ...t=6.978e+09 tail sweep 58% (3500 pieces, 2 threads)
  ...t=6.978e+09 tail sweep 74% (4500 pieces, 2 threads)
  ...t=6.978e+09 tail sweep 74% (4500 pieces, 2 threads)
  ...t=6.978e+09 tail sweep 83% (5000 pieces, 2 threads)
  ...t=6.978e+09 tail sweep 83% (5000 pieces, 2 threads)
  ...t=6.978e+09 tail sweep 66% (4000 pieces, 2 threads)
  ...t=6.978e+09 tail sweep 99% (6000 pieces, 2 threads)
  pt win=3 k=-10 x=6.978e+09 t=6978014711.03059 mnew=1.0000 mcert=1.0000 bexp=9.26e-04
  ...t=6.978e+09 tail sweep 91% (5500 pieces, 2 threads)
  ...t=6.978e+09 tail sweep 91% (5500 pieces, 2 threads)
  ...t=6.978e+09 tail sweep 74% (4500 pieces, 2 threads)
  ...t=6.978e+09 tail sweep 8% (500 pieces, 2 threads)
  ...t=6.978e+09 tail sweep 99% (6000 pieces, 2 threads)
  ...t=6.978e+09 tail sweep 99% (6000 pieces, 2 threads)
  ...t=6.978e+09 tail sweep 17% (1000 pieces, 2 threads)
  pt win=3 k=-11 x=6.978e+09 t=6978014710.53059 mnew=1.0000 mcert=1.0000 bexp=7.69e-04
  pt win=3 k=-8 x=6.978e+09 t=6978014712.03059 mnew=1.0000 mcert=1.0000 bexp=7.64e-04
  ...t=6.978e+09 tail sweep 83% (5000 pieces, 2 threads)
  ...t=6.978e+09 tail sweep 25% (1500 pieces, 2 threads)
  ...t=6.978e+09 tail sweep 33% (2000 pieces, 2 threads)
  ...t=6.978e+09 tail sweep 8% (500 pieces, 2 threads)
  ...t=6.978e+09 tail sweep 8% (500 pieces, 2 threads)
  ...t=6.978e+09 tail sweep 91% (5500 pieces, 2 threads)
  ...t=6.978e+09 tail sweep 41% (2500 pieces, 2 threads)
  ...t=6.978e+09 tail sweep 50% (3000 pieces, 2 threads)
  ...t=6.978e+09 tail sweep 17% (1000 pieces, 2 threads)
  ...t=6.978e+09 tail sweep 17% (1000 pieces, 2 threads)
  ...t=6.978e+09 tail sweep 58% (3500 pieces, 2 threads)
  ...t=6.978e+09 tail sweep 99% (6000 pieces, 2 threads)
  ...t=6.978e+09 tail sweep 25% (1500 pieces, 2 threads)
  ...t=6.978e+09 tail sweep 25% (1500 pieces, 2 threads)
  ...t=6.978e+09 tail sweep 66% (4000 pieces, 2 threads)
  pt win=3 k=-9 x=6.978e+09 t=6978014711.53059 mnew=1.0000 mcert=1.0000 bexp=8.22e-04
  ...t=6.978e+09 tail sweep 74% (4500 pieces, 2 threads)
  ...t=6.978e+09 tail sweep 33% (2000 pieces, 2 threads)
  ...t=6.978e+09 tail sweep 33% (2000 pieces, 2 threads)
  ...t=6.978e+09 tail sweep 8% (500 pieces, 2 threads)
  ...t=6.978e+09 tail sweep 83% (5000 pieces, 2 threads)
  ...t=6.978e+09 tail sweep 41% (2500 pieces, 2 threads)
  ...t=6.978e+09 tail sweep 41% (2500 pieces, 2 threads)
  ...t=6.978e+09 tail sweep 17% (1000 pieces, 2 threads)
  ...t=6.978e+09 tail sweep 91% (5500 pieces, 2 threads)
  ...t=6.978e+09 tail sweep 50% (3000 pieces, 2 threads)
  ...t=6.978e+09 tail sweep 25% (1500 pieces, 2 threads)
  ...t=6.978e+09 tail sweep 50% (3000 pieces, 2 threads)
  ...t=6.978e+09 tail sweep 99% (6000 pieces, 2 threads)
  ...t=6.978e+09 tail sweep 58% (3500 pieces, 2 threads)
  ...t=6.978e+09 tail sweep 58% (3500 pieces, 2 threads)
  ...t=6.978e+09 tail sweep 33% (2000 pieces, 2 threads)
  pt win=3 k=-7 x=6.978e+09 t=6978014712.53059 mnew=1.0000 mcert=1.0000 bexp=8.95e-04
  ...t=6.978e+09 tail sweep 66% (4000 pieces, 2 threads)
  ...t=6.978e+09 tail sweep 66% (4000 pieces, 2 threads)
  ...t=6.978e+09 tail sweep 41% (2500 pieces, 2 threads)
  ...t=6.978e+09 tail sweep 74% (4500 pieces, 2 threads)
  ...t=6.978e+09 tail sweep 74% (4500 pieces, 2 threads)
  ...t=6.978e+09 tail sweep 8% (500 pieces, 2 threads)
  ...t=6.978e+09 tail sweep 83% (5000 pieces, 2 threads)
  ...t=6.978e+09 tail sweep 83% (5000 pieces, 2 threads)
  ...t=6.978e+09 tail sweep 50% (3000 pieces, 2 threads)
  ...t=6.978e+09 tail sweep 17% (1000 pieces, 2 threads)
  ...t=6.978e+09 tail sweep 91% (5500 pieces, 2 threads)
  ...t=6.978e+09 tail sweep 91% (5500 pieces, 2 threads)
  ...t=6.978e+09 tail sweep 58% (3500 pieces, 2 threads)
  ...t=6.978e+09 tail sweep 25% (1500 pieces, 2 threads)
  ...t=6.978e+09 tail sweep 99% (6000 pieces, 2 threads)
  ...t=6.978e+09 tail sweep 99% (6000 pieces, 2 threads)
  pt win=3 k=-6 x=6.978e+09 t=6978014713.03059 mnew=1.0000 mcert=1.0000 bexp=7.60e-04
  pt win=3 k=-5 x=6.978e+09 t=6978014713.53059 mnew=1.0000 mcert=1.0000 bexp=7.64e-04
  ...t=6.978e+09 tail sweep 33% (2000 pieces, 2 threads)
  ...t=6.978e+09 tail sweep 66% (4000 pieces, 2 threads)
  ...t=6.978e+09 tail sweep 8% (500 pieces, 2 threads)
  ...t=6.978e+09 tail sweep 8% (500 pieces, 2 threads)
  ...t=6.978e+09 tail sweep 41% (2500 pieces, 2 threads)
  ...t=6.978e+09 tail sweep 17% (1000 pieces, 2 threads)
  ...t=6.978e+09 tail sweep 17% (1000 pieces, 2 threads)
  ...t=6.978e+09 tail sweep 74% (4500 pieces, 2 threads)
  ...t=6.978e+09 tail sweep 25% (1500 pieces, 2 threads)
  ...t=6.978e+09 tail sweep 25% (1500 pieces, 2 threads)
  ...t=6.978e+09 tail sweep 50% (3000 pieces, 2 threads)
  ...t=6.978e+09 tail sweep 33% (2000 pieces, 2 threads)
  ...t=6.978e+09 tail sweep 33% (2000 pieces, 2 threads)
  ...t=6.978e+09 tail sweep 83% (5000 pieces, 2 threads)
  ...t=6.978e+09 tail sweep 58% (3500 pieces, 2 threads)
  ...t=6.978e+09 tail sweep 41% (2500 pieces, 2 threads)
  ...t=6.978e+09 tail sweep 41% (2500 pieces, 2 threads)
  ...t=6.978e+09 tail sweep 91% (5500 pieces, 2 threads)
  ...t=6.978e+09 tail sweep 66% (4000 pieces, 2 threads)
  ...t=6.978e+09 tail sweep 50% (3000 pieces, 2 threads)
  ...t=6.978e+09 tail sweep 99% (6000 pieces, 2 threads)
  ...t=6.978e+09 tail sweep 50% (3000 pieces, 2 threads)
  ...t=6.978e+09 tail sweep 74% (4500 pieces, 2 threads)
  pt win=3 k=-4 x=6.978e+09 t=6978014714.03059 mnew=1.0000 mcert=1.0000 bexp=7.65e-04
  ...t=6.978e+09 tail sweep 58% (3500 pieces, 2 threads)
  ...t=6.978e+09 tail sweep 83% (5000 pieces, 2 threads)
  ...t=6.978e+09 tail sweep 8% (500 pieces, 2 threads)
  ...t=6.978e+09 tail sweep 58% (3500 pieces, 2 threads)
  ...t=6.978e+09 tail sweep 66% (4000 pieces, 2 threads)
  ...t=6.978e+09 tail sweep 91% (5500 pieces, 2 threads)
  ...t=6.978e+09 tail sweep 17% (1000 pieces, 2 threads)
  ...t=6.978e+09 tail sweep 74% (4500 pieces, 2 threads)
  ...t=6.978e+09 tail sweep 66% (4000 pieces, 2 threads)
  ...t=6.978e+09 tail sweep 99% (6000 pieces, 2 threads)
  ...t=6.978e+09 tail sweep 25% (1500 pieces, 2 threads)
  pt win=3 k=-3 x=6.978e+09 t=6978014714.53059 mnew=1.0000 mcert=1.0000 bexp=7.72e-04
  ...t=6.978e+09 tail sweep 83% (5000 pieces, 2 threads)
  ...t=6.978e+09 tail sweep 74% (4500 pieces, 2 threads)
  ...t=6.978e+09 tail sweep 33% (2000 pieces, 2 threads)
  ...t=6.978e+09 tail sweep 8% (500 pieces, 2 threads)
  ...t=6.978e+09 tail sweep 91% (5500 pieces, 2 threads)
  ...t=6.978e+09 tail sweep 83% (5000 pieces, 2 threads)
  ...t=6.978e+09 tail sweep 17% (1000 pieces, 2 threads)
  ...t=6.978e+09 tail sweep 41% (2500 pieces, 2 threads)
  ...t=6.978e+09 tail sweep 99% (6000 pieces, 2 threads)
  ...t=6.978e+09 tail sweep 91% (5500 pieces, 2 threads)
  ...t=6.978e+09 tail sweep 25% (1500 pieces, 2 threads)
  ...t=6.978e+09 tail sweep 50% (3000 pieces, 2 threads)
  pt win=3 k=-1 x=6.978e+09 t=6978014715.53059 mnew=1.0000 mcert=1.0000 bexp=7.87e-04
  ...t=6.978e+09 tail sweep 33% (2000 pieces, 2 threads)
  ...t=6.978e+09 tail sweep 58% (3500 pieces, 2 threads)
  ...t=6.978e+09 tail sweep 99% (6000 pieces, 2 threads)
  ...t=6.978e+09 tail sweep 8% (500 pieces, 2 threads)
  ...t=6.978e+09 tail sweep 41% (2500 pieces, 2 threads)
  pt win=3 k=-2 x=6.978e+09 t=6978014715.03059 mnew=1.0000 mcert=1.0000 bexp=7.60e-04
  ...t=6.978e+09 tail sweep 66% (4000 pieces, 2 threads)
  ...t=6.978e+09 tail sweep 17% (1000 pieces, 2 threads)
  ...t=6.978e+09 tail sweep 50% (3000 pieces, 2 threads)
  ...t=6.978e+09 tail sweep 8% (500 pieces, 2 threads)
  ...t=6.978e+09 tail sweep 25% (1500 pieces, 2 threads)
  ...t=6.978e+09 tail sweep 74% (4500 pieces, 2 threads)
  ...t=6.978e+09 tail sweep 58% (3500 pieces, 2 threads)
  ...t=6.978e+09 tail sweep 17% (1000 pieces, 2 threads)
  ...t=6.978e+09 tail sweep 33% (2000 pieces, 2 threads)
  ...t=6.978e+09 tail sweep 83% (5000 pieces, 2 threads)
  ...t=6.978e+09 tail sweep 41% (2500 pieces, 2 threads)
  ...t=6.978e+09 tail sweep 25% (1500 pieces, 2 threads)
  ...t=6.978e+09 tail sweep 66% (4000 pieces, 2 threads)
  ...t=6.978e+09 tail sweep 50% (3000 pieces, 2 threads)
  ...t=6.978e+09 tail sweep 33% (2000 pieces, 2 threads)
  ...t=6.978e+09 tail sweep 91% (5500 pieces, 2 threads)
  ...t=6.978e+09 tail sweep 74% (4500 pieces, 2 threads)
  ...t=6.978e+09 tail sweep 58% (3500 pieces, 2 threads)
  ...t=6.978e+09 tail sweep 41% (2500 pieces, 2 threads)
  ...t=6.978e+09 tail sweep 99% (6000 pieces, 2 threads)
  ...t=6.978e+09 tail sweep 66% (4000 pieces, 2 threads)
  ...t=6.978e+09 tail sweep 83% (5000 pieces, 2 threads)
  ...t=6.978e+09 tail sweep 50% (3000 pieces, 2 threads)
  ...t=6.978e+09 tail sweep 74% (4500 pieces, 2 threads)
  pt win=3 k=+1 x=6.978e+09 t=6978014716.53059 mnew=1.0000 mcert=1.0000 bexp=7.64e-04
  ...t=6.978e+09 tail sweep 83% (5000 pieces, 2 threads)
  ...t=6.978e+09 tail sweep 58% (3500 pieces, 2 threads)
  ...t=6.978e+09 tail sweep 91% (5500 pieces, 2 threads)
  ...t=6.978e+09 tail sweep 91% (5500 pieces, 2 threads)
  ...t=6.978e+09 tail sweep 66% (4000 pieces, 2 threads)
  ...t=6.978e+09 tail sweep 99% (6000 pieces, 2 threads)
  ...t=6.978e+09 tail sweep 8% (500 pieces, 2 threads)
  ...t=6.978e+09 tail sweep 99% (6000 pieces, 2 threads)
  ...t=6.978e+09 tail sweep 74% (4500 pieces, 2 threads)
  pt win=3 k=+2 x=6.978e+09 t=6978014717.03059 mnew=1.0000 mcert=1.0000 bexp=7.68e-04
  pt win=3 k=+3 x=6.978e+09 t=6978014717.53059 mnew=1.0000 mcert=1.0000 bexp=7.65e-04
  ...t=6.978e+09 tail sweep 83% (5000 pieces, 2 threads)
  ...t=6.978e+09 tail sweep 17% (1000 pieces, 2 threads)
  ...t=6.978e+09 tail sweep 8% (500 pieces, 2 threads)
  ...t=6.978e+09 tail sweep 8% (500 pieces, 2 threads)
  ...t=6.978e+09 tail sweep 91% (5500 pieces, 2 threads)
  ...t=6.978e+09 tail sweep 17% (1000 pieces, 2 threads)
  ...t=6.978e+09 tail sweep 17% (1000 pieces, 2 threads)
  ...t=6.978e+09 tail sweep 25% (1500 pieces, 2 threads)
  ...t=6.978e+09 tail sweep 25% (1500 pieces, 2 threads)
  ...t=6.978e+09 tail sweep 25% (1500 pieces, 2 threads)
  ...t=6.978e+09 tail sweep 99% (6000 pieces, 2 threads)
  ...t=6.978e+09 tail sweep 33% (2000 pieces, 2 threads)
  ...t=6.978e+09 tail sweep 33% (2000 pieces, 2 threads)
  ...t=6.978e+09 tail sweep 33% (2000 pieces, 2 threads)
  pt win=3 k=+4 x=6.978e+09 t=6978014718.03059 mnew=1.0000 mcert=1.0000 bexp=7.76e-04
  ...t=6.978e+09 tail sweep 8% (500 pieces, 2 threads)
  ...t=6.978e+09 tail sweep 41% (2500 pieces, 2 threads)
  ...t=6.978e+09 tail sweep 41% (2500 pieces, 2 threads)
  ...t=6.978e+09 tail sweep 41% (2500 pieces, 2 threads)
  ...t=6.978e+09 tail sweep 17% (1000 pieces, 2 threads)
  ...t=6.978e+09 tail sweep 50% (3000 pieces, 2 threads)
  ...t=6.978e+09 tail sweep 50% (3000 pieces, 2 threads)
  ...t=6.978e+09 tail sweep 25% (1500 pieces, 2 threads)
  ...t=6.978e+09 tail sweep 33% (2000 pieces, 2 threads)
  ...t=6.978e+09 tail sweep 50% (3000 pieces, 2 threads)
  ...t=6.978e+09 tail sweep 58% (3500 pieces, 2 threads)
  ...t=6.978e+09 tail sweep 58% (3500 pieces, 2 threads)
  ...t=6.978e+09 tail sweep 41% (2500 pieces, 2 threads)
  ...t=6.978e+09 tail sweep 58% (3500 pieces, 2 threads)
  ...t=6.978e+09 tail sweep 66% (4000 pieces, 2 threads)
  ...t=6.978e+09 tail sweep 66% (4000 pieces, 2 threads)
  ...t=6.978e+09 tail sweep 50% (3000 pieces, 2 threads)
  ...t=6.978e+09 tail sweep 58% (3500 pieces, 2 threads)
  ...t=6.978e+09 tail sweep 66% (4000 pieces, 2 threads)
  ...t=6.978e+09 tail sweep 74% (4500 pieces, 2 threads)
  ...t=6.978e+09 tail sweep 74% (4500 pieces, 2 threads)
  ...t=6.978e+09 tail sweep 66% (4000 pieces, 2 threads)
  ...t=6.978e+09 tail sweep 74% (4500 pieces, 2 threads)
  ...t=6.978e+09 tail sweep 74% (4500 pieces, 2 threads)
  ...t=6.978e+09 tail sweep 83% (5000 pieces, 2 threads)
  ...t=6.978e+09 tail sweep 83% (5000 pieces, 2 threads)
  ...t=6.978e+09 tail sweep 83% (5000 pieces, 2 threads)
  ...t=6.978e+09 tail sweep 83% (5000 pieces, 2 threads)
  ...t=6.978e+09 tail sweep 91% (5500 pieces, 2 threads)
  ...t=6.978e+09 tail sweep 91% (5500 pieces, 2 threads)
  ...t=6.978e+09 tail sweep 91% (5500 pieces, 2 threads)
  ...t=6.978e+09 tail sweep 99% (6000 pieces, 2 threads)
  ...t=6.978e+09 tail sweep 99% (6000 pieces, 2 threads)
  ...t=6.978e+09 tail sweep 99% (6000 pieces, 2 threads)
  ...t=6.978e+09 tail sweep 91% (5500 pieces, 2 threads)
  pt win=3 k=+7 x=6.978e+09 t=6978014719.53059 mnew=1.0000 mcert=1.0000 bexp=7.63e-04
  pt win=3 k=+6 x=6.978e+09 t=6978014719.03059 mnew=1.0000 mcert=1.0000 bexp=7.85e-04
  pt win=3 k=+8 x=6.978e+09 t=6978014720.03059 mnew=1.0000 mcert=1.0000 bexp=7.64e-04
  ...t=6.978e+09 tail sweep 99% (6000 pieces, 2 threads)
  ...t=6.978e+09 tail sweep 8% (500 pieces, 2 threads)
  ...t=6.978e+09 tail sweep 8% (500 pieces, 2 threads)
  ...t=6.978e+09 tail sweep 8% (500 pieces, 2 threads)
  pt win=3 k=+5 x=6.978e+09 t=6978014718.53059 mnew=1.0000 mcert=1.0000 bexp=7.73e-04
  ...t=6.978e+09 tail sweep 17% (1000 pieces, 2 threads)
  ...t=6.978e+09 tail sweep 17% (1000 pieces, 2 threads)
  ...t=6.978e+09 tail sweep 17% (1000 pieces, 2 threads)
  ...t=6.978e+09 tail sweep 8% (500 pieces, 2 threads)
  ...t=6.978e+09 tail sweep 25% (1500 pieces, 2 threads)
  ...t=6.978e+09 tail sweep 25% (1500 pieces, 2 threads)
  ...t=6.978e+09 tail sweep 25% (1500 pieces, 2 threads)
  ...t=6.978e+09 tail sweep 33% (2000 pieces, 2 threads)
  ...t=6.978e+09 tail sweep 33% (2000 pieces, 2 threads)
  ...t=6.978e+09 tail sweep 33% (2000 pieces, 2 threads)
  ...t=6.978e+09 tail sweep 17% (1000 pieces, 2 threads)
  ...t=6.978e+09 tail sweep 41% (2500 pieces, 2 threads)
  ...t=6.978e+09 tail sweep 41% (2500 pieces, 2 threads)
  ...t=6.978e+09 tail sweep 41% (2500 pieces, 2 threads)
  ...t=6.978e+09 tail sweep 25% (1500 pieces, 2 threads)
  ...t=6.978e+09 tail sweep 50% (3000 pieces, 2 threads)
  ...t=6.978e+09 tail sweep 50% (3000 pieces, 2 threads)
  ...t=6.978e+09 tail sweep 50% (3000 pieces, 2 threads)
  ...t=6.978e+09 tail sweep 33% (2000 pieces, 2 threads)
  ...t=6.978e+09 tail sweep 58% (3500 pieces, 2 threads)
  ...t=6.978e+09 tail sweep 58% (3500 pieces, 2 threads)
  ...t=6.978e+09 tail sweep 58% (3500 pieces, 2 threads)
  ...t=6.978e+09 tail sweep 41% (2500 pieces, 2 threads)
  ...t=6.978e+09 tail sweep 66% (4000 pieces, 2 threads)
  ...t=6.978e+09 tail sweep 66% (4000 pieces, 2 threads)
  ...t=6.978e+09 tail sweep 66% (4000 pieces, 2 threads)
  ...t=6.978e+09 tail sweep 50% (3000 pieces, 2 threads)
  ...t=6.978e+09 tail sweep 74% (4500 pieces, 2 threads)
  ...t=6.978e+09 tail sweep 74% (4500 pieces, 2 threads)
  ...t=6.978e+09 tail sweep 74% (4500 pieces, 2 threads)
  ...t=6.978e+09 tail sweep 83% (5000 pieces, 2 threads)
  ...t=6.978e+09 tail sweep 83% (5000 pieces, 2 threads)
  ...t=6.978e+09 tail sweep 83% (5000 pieces, 2 threads)
  ...t=6.978e+09 tail sweep 58% (3500 pieces, 2 threads)
  ...t=6.978e+09 tail sweep 91% (5500 pieces, 2 threads)
  ...t=6.978e+09 tail sweep 91% (5500 pieces, 2 threads)
  ...t=6.978e+09 tail sweep 91% (5500 pieces, 2 threads)
  ...t=6.978e+09 tail sweep 66% (4000 pieces, 2 threads)
  ...t=6.978e+09 tail sweep 99% (6000 pieces, 2 threads)
  ...t=6.978e+09 tail sweep 99% (6000 pieces, 2 threads)
  ...t=6.978e+09 tail sweep 99% (6000 pieces, 2 threads)
  ...t=6.978e+09 tail sweep 74% (4500 pieces, 2 threads)
  pt win=3 k=+9 x=6.978e+09 t=6978014720.53059 mnew=1.0000 mcert=1.0000 bexp=7.79e-04
  pt win=3 k=+10 x=6.978e+09 t=6978014721.03059 mnew=1.0000 mcert=1.0000 bexp=7.68e-04
  pt win=3 k=+11 x=6.978e+09 t=6978014721.53059 mnew=1.0000 mcert=1.0000 bexp=7.80e-04
  ...t=6.978e+09 tail sweep 83% (5000 pieces, 2 threads)
  ...t=6.978e+09 tail sweep 91% (5500 pieces, 2 threads)
  ...t=6.978e+09 tail sweep 99% (6000 pieces, 2 threads)
  pt win=3 k=+12 x=6.978e+09 t=6978014722.03059 mnew=1.0000 mcert=1.0000 bexp=7.70e-04
           x            g best_mnew worst_mcert      btot      flag
 5.53937e+09 5539373060.0070  1.000000   1.000000  7.84e-04 -
 5.98252e+09 5982522904.7057  1.000000   1.000000  8.76e-04 -
 6.46112e+09 6461124736.9088  1.000000   1.000000  9.26e-04 -
 6.97801e+09 6978014716.0306  1.000000   1.000000  9.73e-04 -
worst certified margin = 1.000000 at t = 5539373054.00704 (computed 1.000000)
margin_cert < 1: [5539373055.007, 5539373055.507, 5539373054.507, 5539373054.007, 5539373056.007, 5539373056.507, 5539373057.507, 5539373057.007, 5539373059.507, 5539373059.007, 5539373058.007, 5539373058.507, 5982522899.706, 5982522899.206, 5982522898.706, 5982522900.706, 5982522900.206, 5982522901.206, 5982522901.706, 5982522902.206, 5982522903.706, 5982522903.206, 5982522902.706, 5982522904.206, 6461124731.409, 6461124731.909, 6461124730.909, 6461124732.409, 6461124733.409, 6461124732.909, 6461124733.909, 6461124734.409, 6461124734.909, 6461124736.409, 6461124735.409, 6461124735.909, 6978014710.031, 6978014711.031, 6978014710.531, 6978014712.031, 6978014711.531, 6978014712.531, 6978014713.031, 6978014713.531, 6978014714.031, 6978014714.531, 6978014715.531, 6978014715.031]
margin_new  < 1: [5539373055.007, 5539373055.507, 5539373054.507, 5539373054.007, 5539373056.007, 5539373056.507, 5539373057.507, 5539373057.007, 5539373059.507, 5539373059.007, 5539373058.007, 5539373058.507, 5982522899.706, 5982522899.206, 5982522898.706, 5982522900.706, 5982522900.206, 5982522901.206, 5982522901.706, 5982522902.206, 5982522903.706, 5982522903.206, 5982522902.706, 5982522904.206, 6461124731.409, 6461124731.909, 6461124730.909, 6461124732.409, 6461124733.409, 6461124732.909, 6461124733.909, 6461124734.409, 6461124734.909, 6461124736.409, 6461124735.409, 6461124735.909, 6978014710.031, 6978014711.031, 6978014710.531, 6978014712.031, 6978014711.531, 6978014712.531, 6978014713.031, 6978014713.531, 6978014714.031, 6978014714.531, 6978014715.531, 6978014715.031]
wall = 101778.8 s
STATUS: see the pre-registered reading C-2/C-3
H1  FULL-DONE:  4  windows,  96  points,  assembled  to  /workspace/h1/RH/scripts/rh/out_day038_full_pts.txt;  instance  wall  28.3  h
