H1_WINDOWS:  running  windows  25-28  (4  of  29)
resume:  window   0  (x=2.213544276e+10)  0/24  points  on disk
resume:  window   1  (x=2.390627818e+10)  0/24  points  on disk
resume:  window   2  (x=2.581878044e+10)  0/24  points  on disk
resume:  window   3  (x=2.788428287e+10)  0/24  points  on disk
memguard:  MemAvailable  481.8  GiB,  reserve  28  GiB,  ~2.5  GiB/thread  x  2  threads  ->  allow  <=  10  contexts  (=  20  slab  threads;  11  GPU  clients  incl.  Xorg  vs  budget  11)
day038  gpu  H1-3e10:  FULL,  96  point  jobs  remaining (4  windows,  4  contexts  x  2  threads)
pids: parent=6334 workers=4 written to ckpt_h1_3e10/run.pids
overlap: 152/12626784 zeros differ by <=1.00 ulp (last byte,  rounding-level) --  those indices certified with dg x3
stitch: B from element 12626784 (first zero 1006346000.166784); overlap cross-check 12626632/12626784 byte-equal
tail3e10: L 52290633 + A 2792198664 + B' 3053546936 + C 3142622346 + D 92577877714 = 101618536293 zeros (812.9 GB); G_LAST = 30001045999.981976
overlap: 152/12626784 zeros differ by <=1.00 ulp (last byte,  rounding-level) --  those indices certified with dg x3
stitch: B from element 12626784 (first zero 1006346000.166784); overlap cross-check 12626632/12626784 byte-equal
tail3e10: L 52290633 + A 2792198664 + B' 3053546936 + C 3142622346 + D 92577877714 = 101618536293 zeros (812.9 GB); G_LAST = 30001045999.981976
overlap: 152/12626784 zeros differ by <=1.00 ulp (last byte,  rounding-level) --  those indices certified with dg x3
stitch: B from element 12626784 (first zero 1006346000.166784); overlap cross-check 12626632/12626784 byte-equal
tail3e10: L 52290633 + A 2792198664 + B' 3053546936 + C 3142622346 + D 92577877714 = 101618536293 zeros (812.9 GB); G_LAST = 30001045999.981976
overlap: 152/12626784 zeros differ by <=1.00 ulp (last byte,  rounding-level) --  those indices certified with dg x3
stitch: B from element 12626784 (first zero 1006346000.166784); overlap cross-check 12626632/12626784 byte-equal
tail3e10: L 52290633 + A 2792198664 + B' 3053546936 + C 3142622346 + D 92577877714 = 101618536293 zeros (812.9 GB); G_LAST = 30001045999.981976
  ...t=2.214e+10 tail sweep 8% (500 pieces, 2 threads)
  ...t=2.214e+10 tail sweep 8% (500 pieces, 2 threads)
  ...t=2.214e+10 tail sweep 8% (500 pieces, 2 threads)
  ...t=2.214e+10 tail sweep 8% (500 pieces, 2 threads)
  ...t=2.214e+10 tail sweep 17% (1000 pieces, 2 threads)
  ...t=2.214e+10 tail sweep 17% (1000 pieces, 2 threads)
  ...t=2.214e+10 tail sweep 17% (1000 pieces, 2 threads)
  ...t=2.214e+10 tail sweep 17% (1000 pieces, 2 threads)
  ...t=2.214e+10 tail sweep 25% (1500 pieces, 2 threads)
  ...t=2.214e+10 tail sweep 25% (1500 pieces, 2 threads)
  ...t=2.214e+10 tail sweep 25% (1500 pieces, 2 threads)
  ...t=2.214e+10 tail sweep 25% (1500 pieces, 2 threads)
  ...t=2.214e+10 tail sweep 33% (2000 pieces, 2 threads)
  ...t=2.214e+10 tail sweep 33% (2000 pieces, 2 threads)
  ...t=2.214e+10 tail sweep 33% (2000 pieces, 2 threads)
  ...t=2.214e+10 tail sweep 33% (2000 pieces, 2 threads)
  ...t=2.214e+10 tail sweep 41% (2500 pieces, 2 threads)
  ...t=2.214e+10 tail sweep 41% (2500 pieces, 2 threads)
  ...t=2.214e+10 tail sweep 41% (2500 pieces, 2 threads)
  ...t=2.214e+10 tail sweep 41% (2500 pieces, 2 threads)
  ...t=2.214e+10 tail sweep 50% (3000 pieces, 2 threads)
  ...t=2.214e+10 tail sweep 50% (3000 pieces, 2 threads)
  ...t=2.214e+10 tail sweep 50% (3000 pieces, 2 threads)
  ...t=2.214e+10 tail sweep 50% (3000 pieces, 2 threads)
  ...t=2.214e+10 tail sweep 58% (3500 pieces, 2 threads)
  ...t=2.214e+10 tail sweep 58% (3500 pieces, 2 threads)
  ...t=2.214e+10 tail sweep 58% (3500 pieces, 2 threads)
  ...t=2.214e+10 tail sweep 58% (3500 pieces, 2 threads)
  ...t=2.214e+10 tail sweep 66% (4000 pieces, 2 threads)
  ...t=2.214e+10 tail sweep 66% (4000 pieces, 2 threads)
  ...t=2.214e+10 tail sweep 66% (4000 pieces, 2 threads)
  ...t=2.214e+10 tail sweep 66% (4000 pieces, 2 threads)
  ...t=2.214e+10 tail sweep 74% (4500 pieces, 2 threads)
  ...t=2.214e+10 tail sweep 74% (4500 pieces, 2 threads)
  ...t=2.214e+10 tail sweep 74% (4500 pieces, 2 threads)
  ...t=2.214e+10 tail sweep 74% (4500 pieces, 2 threads)
  ...t=2.214e+10 tail sweep 83% (5000 pieces, 2 threads)
  ...t=2.214e+10 tail sweep 83% (5000 pieces, 2 threads)
  ...t=2.214e+10 tail sweep 83% (5000 pieces, 2 threads)
  ...t=2.214e+10 tail sweep 83% (5000 pieces, 2 threads)
  ...t=2.214e+10 tail sweep 91% (5500 pieces, 2 threads)
  ...t=2.214e+10 tail sweep 91% (5500 pieces, 2 threads)
  ...t=2.214e+10 tail sweep 91% (5500 pieces, 2 threads)
  ...t=2.214e+10 tail sweep 91% (5500 pieces, 2 threads)
  ...t=2.214e+10 tail sweep 99% (6000 pieces, 2 threads)
  ...t=2.214e+10 tail sweep 99% (6000 pieces, 2 threads)
  ...t=2.214e+10 tail sweep 99% (6000 pieces, 2 threads)
  ...t=2.214e+10 tail sweep 99% (6000 pieces, 2 threads)
  pt win=0 k=-10 x=2.214e+10 t=22135442755.61946 mnew=1.0000 mcert=1.0000 bexp=2.13e-03
  pt win=0 k=-9 x=2.214e+10 t=22135442756.11946 mnew=1.0000 mcert=1.0000 bexp=2.42e-03
  pt win=0 k=-11 x=2.214e+10 t=22135442755.11946 mnew=1.0000 mcert=1.0000 bexp=2.16e-03
  pt win=0 k=-12 x=2.214e+10 t=22135442754.61946 mnew=1.0000 mcert=1.0000 bexp=2.12e-03
  ...t=2.214e+10 tail sweep 8% (500 pieces, 2 threads)
  ...t=2.214e+10 tail sweep 8% (500 pieces, 2 threads)
  ...t=2.214e+10 tail sweep 8% (500 pieces, 2 threads)
  ...t=2.214e+10 tail sweep 8% (500 pieces, 2 threads)
  ...t=2.214e+10 tail sweep 17% (1000 pieces, 2 threads)
  ...t=2.214e+10 tail sweep 17% (1000 pieces, 2 threads)
  ...t=2.214e+10 tail sweep 17% (1000 pieces, 2 threads)
  ...t=2.214e+10 tail sweep 17% (1000 pieces, 2 threads)
  ...t=2.214e+10 tail sweep 25% (1500 pieces, 2 threads)
  ...t=2.214e+10 tail sweep 25% (1500 pieces, 2 threads)
  ...t=2.214e+10 tail sweep 25% (1500 pieces, 2 threads)
  ...t=2.214e+10 tail sweep 25% (1500 pieces, 2 threads)
  ...t=2.214e+10 tail sweep 33% (2000 pieces, 2 threads)
  ...t=2.214e+10 tail sweep 33% (2000 pieces, 2 threads)
  ...t=2.214e+10 tail sweep 33% (2000 pieces, 2 threads)
  ...t=2.214e+10 tail sweep 33% (2000 pieces, 2 threads)
  ...t=2.214e+10 tail sweep 41% (2500 pieces, 2 threads)
  ...t=2.214e+10 tail sweep 41% (2500 pieces, 2 threads)
  ...t=2.214e+10 tail sweep 41% (2500 pieces, 2 threads)
  ...t=2.214e+10 tail sweep 41% (2500 pieces, 2 threads)
  ...t=2.214e+10 tail sweep 50% (3000 pieces, 2 threads)
  ...t=2.214e+10 tail sweep 50% (3000 pieces, 2 threads)
  ...t=2.214e+10 tail sweep 50% (3000 pieces, 2 threads)
  ...t=2.214e+10 tail sweep 50% (3000 pieces, 2 threads)
  ...t=2.214e+10 tail sweep 58% (3500 pieces, 2 threads)
  ...t=2.214e+10 tail sweep 58% (3500 pieces, 2 threads)
  ...t=2.214e+10 tail sweep 58% (3500 pieces, 2 threads)
  ...t=2.214e+10 tail sweep 58% (3500 pieces, 2 threads)
  ...t=2.214e+10 tail sweep 66% (4000 pieces, 2 threads)
  ...t=2.214e+10 tail sweep 66% (4000 pieces, 2 threads)
  ...t=2.214e+10 tail sweep 66% (4000 pieces, 2 threads)
  ...t=2.214e+10 tail sweep 66% (4000 pieces, 2 threads)
  ...t=2.214e+10 tail sweep 74% (4500 pieces, 2 threads)
  ...t=2.214e+10 tail sweep 74% (4500 pieces, 2 threads)
  ...t=2.214e+10 tail sweep 74% (4500 pieces, 2 threads)
  ...t=2.214e+10 tail sweep 74% (4500 pieces, 2 threads)
  ...t=2.214e+10 tail sweep 83% (5000 pieces, 2 threads)
  ...t=2.214e+10 tail sweep 83% (5000 pieces, 2 threads)
  ...t=2.214e+10 tail sweep 83% (5000 pieces, 2 threads)
  ...t=2.214e+10 tail sweep 83% (5000 pieces, 2 threads)
  ...t=2.214e+10 tail sweep 91% (5500 pieces, 2 threads)
  ...t=2.214e+10 tail sweep 91% (5500 pieces, 2 threads)
  ...t=2.214e+10 tail sweep 91% (5500 pieces, 2 threads)
  ...t=2.214e+10 tail sweep 91% (5500 pieces, 2 threads)
  ...t=2.214e+10 tail sweep 99% (6000 pieces, 2 threads)
  ...t=2.214e+10 tail sweep 99% (6000 pieces, 2 threads)
  ...t=2.214e+10 tail sweep 99% (6000 pieces, 2 threads)
  ...t=2.214e+10 tail sweep 99% (6000 pieces, 2 threads)
  pt win=0 k=-8 x=2.214e+10 t=22135442756.61946 mnew=1.0000 mcert=1.0000 bexp=2.07e-03
  pt win=0 k=-7 x=2.214e+10 t=22135442757.11946 mnew=1.0000 mcert=1.0000 bexp=2.16e-03
  pt win=0 k=-6 x=2.214e+10 t=22135442757.61946 mnew=1.0000 mcert=1.0000 bexp=2.13e-03
  pt win=0 k=-5 x=2.214e+10 t=22135442758.11946 mnew=1.0000 mcert=1.0000 bexp=2.14e-03
  ...t=2.214e+10 tail sweep 8% (500 pieces, 2 threads)
  ...t=2.214e+10 tail sweep 8% (500 pieces, 2 threads)
  ...t=2.214e+10 tail sweep 8% (500 pieces, 2 threads)
  ...t=2.214e+10 tail sweep 8% (500 pieces, 2 threads)
  ...t=2.214e+10 tail sweep 17% (1000 pieces, 2 threads)
  ...t=2.214e+10 tail sweep 17% (1000 pieces, 2 threads)
  ...t=2.214e+10 tail sweep 17% (1000 pieces, 2 threads)
  ...t=2.214e+10 tail sweep 17% (1000 pieces, 2 threads)
  ...t=2.214e+10 tail sweep 25% (1500 pieces, 2 threads)
  ...t=2.214e+10 tail sweep 25% (1500 pieces, 2 threads)
  ...t=2.214e+10 tail sweep 25% (1500 pieces, 2 threads)
  ...t=2.214e+10 tail sweep 25% (1500 pieces, 2 threads)
  ...t=2.214e+10 tail sweep 33% (2000 pieces, 2 threads)
  ...t=2.214e+10 tail sweep 33% (2000 pieces, 2 threads)
  ...t=2.214e+10 tail sweep 33% (2000 pieces, 2 threads)
  ...t=2.214e+10 tail sweep 33% (2000 pieces, 2 threads)
  ...t=2.214e+10 tail sweep 41% (2500 pieces, 2 threads)
  ...t=2.214e+10 tail sweep 41% (2500 pieces, 2 threads)
  ...t=2.214e+10 tail sweep 41% (2500 pieces, 2 threads)
  ...t=2.214e+10 tail sweep 41% (2500 pieces, 2 threads)
  ...t=2.214e+10 tail sweep 50% (3000 pieces, 2 threads)
  ...t=2.214e+10 tail sweep 50% (3000 pieces, 2 threads)
  ...t=2.214e+10 tail sweep 50% (3000 pieces, 2 threads)
  ...t=2.214e+10 tail sweep 50% (3000 pieces, 2 threads)
  ...t=2.214e+10 tail sweep 58% (3500 pieces, 2 threads)
  ...t=2.214e+10 tail sweep 58% (3500 pieces, 2 threads)
  ...t=2.214e+10 tail sweep 58% (3500 pieces, 2 threads)
  ...t=2.214e+10 tail sweep 58% (3500 pieces, 2 threads)
  ...t=2.214e+10 tail sweep 66% (4000 pieces, 2 threads)
  ...t=2.214e+10 tail sweep 66% (4000 pieces, 2 threads)
  ...t=2.214e+10 tail sweep 66% (4000 pieces, 2 threads)
  ...t=2.214e+10 tail sweep 66% (4000 pieces, 2 threads)
  ...t=2.214e+10 tail sweep 74% (4500 pieces, 2 threads)
  ...t=2.214e+10 tail sweep 74% (4500 pieces, 2 threads)
  ...t=2.214e+10 tail sweep 74% (4500 pieces, 2 threads)
  ...t=2.214e+10 tail sweep 74% (4500 pieces, 2 threads)
  ...t=2.214e+10 tail sweep 83% (5000 pieces, 2 threads)
  ...t=2.214e+10 tail sweep 83% (5000 pieces, 2 threads)
  ...t=2.214e+10 tail sweep 83% (5000 pieces, 2 threads)
  ...t=2.214e+10 tail sweep 83% (5000 pieces, 2 threads)
  ...t=2.214e+10 tail sweep 91% (5500 pieces, 2 threads)
  ...t=2.214e+10 tail sweep 91% (5500 pieces, 2 threads)
  ...t=2.214e+10 tail sweep 91% (5500 pieces, 2 threads)
  ...t=2.214e+10 tail sweep 91% (5500 pieces, 2 threads)
  ...t=2.214e+10 tail sweep 99% (6000 pieces, 2 threads)
  ...t=2.214e+10 tail sweep 99% (6000 pieces, 2 threads)
  ...t=2.214e+10 tail sweep 99% (6000 pieces, 2 threads)
  ...t=2.214e+10 tail sweep 99% (6000 pieces, 2 threads)
  pt win=0 k=-3 x=2.214e+10 t=22135442759.11946 mnew=1.0000 mcert=1.0000 bexp=2.14e-03
  pt win=0 k=-1 x=2.214e+10 t=22135442760.11946 mnew=1.0000 mcert=1.0000 bexp=2.08e-03
  pt win=0 k=-4 x=2.214e+10 t=22135442758.61946 mnew=1.0000 mcert=1.0000 bexp=2.10e-03
  pt win=0 k=-2 x=2.214e+10 t=22135442759.61946 mnew=1.0000 mcert=1.0000 bexp=2.14e-03
  ...t=2.214e+10 tail sweep 8% (500 pieces, 2 threads)
  ...t=2.214e+10 tail sweep 8% (500 pieces, 2 threads)
  ...t=2.214e+10 tail sweep 8% (500 pieces, 2 threads)
  ...t=2.214e+10 tail sweep 8% (500 pieces, 2 threads)
  ...t=2.214e+10 tail sweep 17% (1000 pieces, 2 threads)
  ...t=2.214e+10 tail sweep 17% (1000 pieces, 2 threads)
  ...t=2.214e+10 tail sweep 17% (1000 pieces, 2 threads)
  ...t=2.214e+10 tail sweep 17% (1000 pieces, 2 threads)
  ...t=2.214e+10 tail sweep 25% (1500 pieces, 2 threads)
  ...t=2.214e+10 tail sweep 25% (1500 pieces, 2 threads)
  ...t=2.214e+10 tail sweep 25% (1500 pieces, 2 threads)
  ...t=2.214e+10 tail sweep 25% (1500 pieces, 2 threads)
  ...t=2.214e+10 tail sweep 33% (2000 pieces, 2 threads)
  ...t=2.214e+10 tail sweep 33% (2000 pieces, 2 threads)
  ...t=2.214e+10 tail sweep 33% (2000 pieces, 2 threads)
  ...t=2.214e+10 tail sweep 33% (2000 pieces, 2 threads)
  ...t=2.214e+10 tail sweep 41% (2500 pieces, 2 threads)
  ...t=2.214e+10 tail sweep 41% (2500 pieces, 2 threads)
  ...t=2.214e+10 tail sweep 41% (2500 pieces, 2 threads)
  ...t=2.214e+10 tail sweep 41% (2500 pieces, 2 threads)
  ...t=2.214e+10 tail sweep 50% (3000 pieces, 2 threads)
  ...t=2.214e+10 tail sweep 50% (3000 pieces, 2 threads)
  ...t=2.214e+10 tail sweep 50% (3000 pieces, 2 threads)
  ...t=2.214e+10 tail sweep 50% (3000 pieces, 2 threads)
  ...t=2.214e+10 tail sweep 58% (3500 pieces, 2 threads)
  ...t=2.214e+10 tail sweep 58% (3500 pieces, 2 threads)
  ...t=2.214e+10 tail sweep 58% (3500 pieces, 2 threads)
  ...t=2.214e+10 tail sweep 58% (3500 pieces, 2 threads)
  ...t=2.214e+10 tail sweep 66% (4000 pieces, 2 threads)
  ...t=2.214e+10 tail sweep 66% (4000 pieces, 2 threads)
  ...t=2.214e+10 tail sweep 66% (4000 pieces, 2 threads)
  ...t=2.214e+10 tail sweep 66% (4000 pieces, 2 threads)
  ...t=2.214e+10 tail sweep 74% (4500 pieces, 2 threads)
  ...t=2.214e+10 tail sweep 74% (4500 pieces, 2 threads)
  ...t=2.214e+10 tail sweep 74% (4500 pieces, 2 threads)
  ...t=2.214e+10 tail sweep 74% (4500 pieces, 2 threads)
  ...t=2.214e+10 tail sweep 83% (5000 pieces, 2 threads)
  ...t=2.214e+10 tail sweep 83% (5000 pieces, 2 threads)
  ...t=2.214e+10 tail sweep 83% (5000 pieces, 2 threads)
  ...t=2.214e+10 tail sweep 83% (5000 pieces, 2 threads)
  ...t=2.214e+10 tail sweep 91% (5500 pieces, 2 threads)
  ...t=2.214e+10 tail sweep 91% (5500 pieces, 2 threads)
  ...t=2.214e+10 tail sweep 91% (5500 pieces, 2 threads)
  ...t=2.214e+10 tail sweep 91% (5500 pieces, 2 threads)
  ...t=2.214e+10 tail sweep 99% (6000 pieces, 2 threads)
  ...t=2.214e+10 tail sweep 99% (6000 pieces, 2 threads)
  ...t=2.214e+10 tail sweep 99% (6000 pieces, 2 threads)
  ...t=2.214e+10 tail sweep 99% (6000 pieces, 2 threads)
  pt win=0 k=+4 x=2.214e+10 t=22135442762.61946 mnew=1.0000 mcert=1.0000 bexp=2.16e-03
H1_WINDOWS:  running  windows  25-28  (4  of  29)
resume:  window   0  (x=2.213544276e+10)  13/24  points  on disk
resume:  window   1  (x=2.390627818e+10)  0/24  points  on disk
resume:  window   2  (x=2.581878044e+10)  0/24  points  on disk
resume:  window   3  (x=2.788428287e+10)  0/24  points  on disk
memguard:  MemAvailable  482.3  GiB,  reserve  28  GiB,  ~2.5  GiB/thread  x  2  threads  ->  allow  <=  10  contexts  (=  20  slab  threads;  11  GPU  clients  incl.  Xorg  vs  budget  11)
day038  gpu  H1-3e10:  FULL,  83  point  jobs  remaining (4  windows,  4  contexts  x  2  threads)
pids: parent=3296 workers=4 written to ckpt_h1_3e10/run.pids
overlap: 152/12626784 zeros differ by <=1.00 ulp (last byte,  rounding-level) --  those indices certified with dg x3
stitch: B from element 12626784 (first zero 1006346000.166784); overlap cross-check 12626632/12626784 byte-equal
tail3e10: L 52290633 + A 2792198664 + B' 3053546936 + C 3142622346 + D 92577877714 = 101618536293 zeros (812.9 GB); G_LAST = 30001045999.981976
overlap: 152/12626784 zeros differ by <=1.00 ulp (last byte,  rounding-level) --  those indices certified with dg x3
stitch: B from element 12626784 (first zero 1006346000.166784); overlap cross-check 12626632/12626784 byte-equal
tail3e10: L 52290633 + A 2792198664 + B' 3053546936 + C 3142622346 + D 92577877714 = 101618536293 zeros (812.9 GB); G_LAST = 30001045999.981976
overlap: 152/12626784 zeros differ by <=1.00 ulp (last byte,  rounding-level) --  those indices certified with dg x3
stitch: B from element 12626784 (first zero 1006346000.166784); overlap cross-check 12626632/12626784 byte-equal
tail3e10: L 52290633 + A 2792198664 + B' 3053546936 + C 3142622346 + D 92577877714 = 101618536293 zeros (812.9 GB); G_LAST = 30001045999.981976
overlap: 152/12626784 zeros differ by <=1.00 ulp (last byte,  rounding-level) --  those indices certified with dg x3
stitch: B from element 12626784 (first zero 1006346000.166784); overlap cross-check 12626632/12626784 byte-equal
tail3e10: L 52290633 + A 2792198664 + B' 3053546936 + C 3142622346 + D 92577877714 = 101618536293 zeros (812.9 GB); G_LAST = 30001045999.981976
  ...t=2.214e+10 tail sweep 8% (500 pieces, 2 threads)
  ...t=2.214e+10 tail sweep 8% (500 pieces, 2 threads)
  ...t=2.214e+10 tail sweep 8% (500 pieces, 2 threads)
  ...t=2.214e+10 tail sweep 8% (500 pieces, 2 threads)
  ...t=2.214e+10 tail sweep 17% (1000 pieces, 2 threads)
  ...t=2.214e+10 tail sweep 17% (1000 pieces, 2 threads)
  ...t=2.214e+10 tail sweep 17% (1000 pieces, 2 threads)
  ...t=2.214e+10 tail sweep 17% (1000 pieces, 2 threads)
  ...t=2.214e+10 tail sweep 25% (1500 pieces, 2 threads)
  ...t=2.214e+10 tail sweep 25% (1500 pieces, 2 threads)
  ...t=2.214e+10 tail sweep 25% (1500 pieces, 2 threads)
  ...t=2.214e+10 tail sweep 25% (1500 pieces, 2 threads)
  ...t=2.214e+10 tail sweep 33% (2000 pieces, 2 threads)
  ...t=2.214e+10 tail sweep 33% (2000 pieces, 2 threads)
  ...t=2.214e+10 tail sweep 33% (2000 pieces, 2 threads)
  ...t=2.214e+10 tail sweep 33% (2000 pieces, 2 threads)
  ...t=2.214e+10 tail sweep 41% (2500 pieces, 2 threads)
  ...t=2.214e+10 tail sweep 41% (2500 pieces, 2 threads)
  ...t=2.214e+10 tail sweep 41% (2500 pieces, 2 threads)
  ...t=2.214e+10 tail sweep 41% (2500 pieces, 2 threads)
  ...t=2.214e+10 tail sweep 50% (3000 pieces, 2 threads)
  ...t=2.214e+10 tail sweep 50% (3000 pieces, 2 threads)
  ...t=2.214e+10 tail sweep 50% (3000 pieces, 2 threads)
  ...t=2.214e+10 tail sweep 50% (3000 pieces, 2 threads)
  ...t=2.214e+10 tail sweep 58% (3500 pieces, 2 threads)
  ...t=2.214e+10 tail sweep 58% (3500 pieces, 2 threads)
  ...t=2.214e+10 tail sweep 58% (3500 pieces, 2 threads)
  ...t=2.214e+10 tail sweep 58% (3500 pieces, 2 threads)
  ...t=2.214e+10 tail sweep 66% (4000 pieces, 2 threads)
  ...t=2.214e+10 tail sweep 66% (4000 pieces, 2 threads)
  ...t=2.214e+10 tail sweep 66% (4000 pieces, 2 threads)
  ...t=2.214e+10 tail sweep 66% (4000 pieces, 2 threads)
  ...t=2.214e+10 tail sweep 74% (4500 pieces, 2 threads)
  ...t=2.214e+10 tail sweep 74% (4500 pieces, 2 threads)
  ...t=2.214e+10 tail sweep 74% (4500 pieces, 2 threads)
  ...t=2.214e+10 tail sweep 74% (4500 pieces, 2 threads)
  ...t=2.214e+10 tail sweep 83% (5000 pieces, 2 threads)
  ...t=2.214e+10 tail sweep 83% (5000 pieces, 2 threads)
  ...t=2.214e+10 tail sweep 83% (5000 pieces, 2 threads)
  ...t=2.214e+10 tail sweep 83% (5000 pieces, 2 threads)
  ...t=2.214e+10 tail sweep 91% (5500 pieces, 2 threads)
  ...t=2.214e+10 tail sweep 91% (5500 pieces, 2 threads)
  ...t=2.214e+10 tail sweep 91% (5500 pieces, 2 threads)
  ...t=2.214e+10 tail sweep 91% (5500 pieces, 2 threads)
  ...t=2.214e+10 tail sweep 99% (6000 pieces, 2 threads)
  ...t=2.214e+10 tail sweep 99% (6000 pieces, 2 threads)
  ...t=2.214e+10 tail sweep 99% (6000 pieces, 2 threads)
  pt win=0 k=+3 x=2.214e+10 t=22135442762.11946 mnew=1.0000 mcert=1.0000 bexp=2.09e-03
  pt win=0 k=+2 x=2.214e+10 t=22135442761.61946 mnew=1.0000 mcert=1.0000 bexp=5.38e-03
  pt win=0 k=+1 x=2.214e+10 t=22135442761.11946 mnew=1.0000 mcert=1.0000 bexp=2.07e-03
  ...t=2.214e+10 tail sweep 99% (6000 pieces, 2 threads)
  pt win=0 k=+5 x=2.214e+10 t=22135442763.11946 mnew=1.0000 mcert=1.0000 bexp=2.09e-03
  ...t=2.214e+10 tail sweep 8% (500 pieces, 2 threads)
  ...t=2.214e+10 tail sweep 8% (500 pieces, 2 threads)
  ...t=2.214e+10 tail sweep 8% (500 pieces, 2 threads)
  ...t=2.214e+10 tail sweep 8% (500 pieces, 2 threads)
  ...t=2.214e+10 tail sweep 17% (1000 pieces, 2 threads)
  ...t=2.214e+10 tail sweep 17% (1000 pieces, 2 threads)
  ...t=2.214e+10 tail sweep 17% (1000 pieces, 2 threads)
  ...t=2.214e+10 tail sweep 17% (1000 pieces, 2 threads)
  ...t=2.214e+10 tail sweep 25% (1500 pieces, 2 threads)
  ...t=2.214e+10 tail sweep 25% (1500 pieces, 2 threads)
  ...t=2.214e+10 tail sweep 25% (1500 pieces, 2 threads)
  ...t=2.214e+10 tail sweep 25% (1500 pieces, 2 threads)
  ...t=2.214e+10 tail sweep 33% (2000 pieces, 2 threads)
  ...t=2.214e+10 tail sweep 33% (2000 pieces, 2 threads)
  ...t=2.214e+10 tail sweep 33% (2000 pieces, 2 threads)
  ...t=2.214e+10 tail sweep 33% (2000 pieces, 2 threads)
  ...t=2.214e+10 tail sweep 41% (2500 pieces, 2 threads)
  ...t=2.214e+10 tail sweep 41% (2500 pieces, 2 threads)
  ...t=2.214e+10 tail sweep 41% (2500 pieces, 2 threads)
  ...t=2.214e+10 tail sweep 41% (2500 pieces, 2 threads)
  ...t=2.214e+10 tail sweep 50% (3000 pieces, 2 threads)
  ...t=2.214e+10 tail sweep 50% (3000 pieces, 2 threads)
  ...t=2.214e+10 tail sweep 50% (3000 pieces, 2 threads)
  ...t=2.214e+10 tail sweep 50% (3000 pieces, 2 threads)
  ...t=2.214e+10 tail sweep 58% (3500 pieces, 2 threads)
  ...t=2.214e+10 tail sweep 58% (3500 pieces, 2 threads)
  ...t=2.214e+10 tail sweep 58% (3500 pieces, 2 threads)
  ...t=2.214e+10 tail sweep 66% (4000 pieces, 2 threads)
  ...t=2.214e+10 tail sweep 66% (4000 pieces, 2 threads)
  ...t=2.214e+10 tail sweep 58% (3500 pieces, 2 threads)
  ...t=2.214e+10 tail sweep 66% (4000 pieces, 2 threads)
  ...t=2.214e+10 tail sweep 66% (4000 pieces, 2 threads)
  ...t=2.214e+10 tail sweep 74% (4500 pieces, 2 threads)
  ...t=2.214e+10 tail sweep 74% (4500 pieces, 2 threads)
  ...t=2.214e+10 tail sweep 74% (4500 pieces, 2 threads)
  ...t=2.214e+10 tail sweep 74% (4500 pieces, 2 threads)
  ...t=2.214e+10 tail sweep 83% (5000 pieces, 2 threads)
  ...t=2.214e+10 tail sweep 83% (5000 pieces, 2 threads)
  ...t=2.214e+10 tail sweep 83% (5000 pieces, 2 threads)
  ...t=2.214e+10 tail sweep 83% (5000 pieces, 2 threads)
  ...t=2.214e+10 tail sweep 91% (5500 pieces, 2 threads)
  ...t=2.214e+10 tail sweep 91% (5500 pieces, 2 threads)
  ...t=2.214e+10 tail sweep 91% (5500 pieces, 2 threads)
  ...t=2.214e+10 tail sweep 91% (5500 pieces, 2 threads)
  ...t=2.214e+10 tail sweep 99% (6000 pieces, 2 threads)
  ...t=2.214e+10 tail sweep 99% (6000 pieces, 2 threads)
  ...t=2.214e+10 tail sweep 99% (6000 pieces, 2 threads)
  ...t=2.214e+10 tail sweep 99% (6000 pieces, 2 threads)
  pt win=0 k=+7 x=2.214e+10 t=22135442764.11946 mnew=1.0000 mcert=1.0000 bexp=2.07e-03
  pt win=0 k=+8 x=2.214e+10 t=22135442764.61946 mnew=1.0000 mcert=1.0000 bexp=2.09e-03
  pt win=0 k=+6 x=2.214e+10 t=22135442763.61946 mnew=1.0000 mcert=1.0000 bexp=2.23e-03
  pt win=0 k=+9 x=2.214e+10 t=22135442765.11946 mnew=1.0000 mcert=1.0000 bexp=2.06e-03
  ...t=2.391e+10 tail sweep 8% (500 pieces, 2 threads)
  ...t=2.214e+10 tail sweep 8% (500 pieces, 2 threads)
  ...t=2.214e+10 tail sweep 8% (500 pieces, 2 threads)
  ...t=2.214e+10 tail sweep 8% (500 pieces, 2 threads)
  ...t=2.391e+10 tail sweep 17% (1000 pieces, 2 threads)
  ...t=2.214e+10 tail sweep 17% (1000 pieces, 2 threads)
  ...t=2.214e+10 tail sweep 17% (1000 pieces, 2 threads)
  ...t=2.214e+10 tail sweep 17% (1000 pieces, 2 threads)
  ...t=2.391e+10 tail sweep 25% (1500 pieces, 2 threads)
  ...t=2.214e+10 tail sweep 25% (1500 pieces, 2 threads)
  ...t=2.214e+10 tail sweep 25% (1500 pieces, 2 threads)
  ...t=2.214e+10 tail sweep 25% (1500 pieces, 2 threads)
  ...t=2.391e+10 tail sweep 33% (2000 pieces, 2 threads)
  ...t=2.214e+10 tail sweep 33% (2000 pieces, 2 threads)
  ...t=2.214e+10 tail sweep 33% (2000 pieces, 2 threads)
  ...t=2.214e+10 tail sweep 33% (2000 pieces, 2 threads)
  ...t=2.214e+10 tail sweep 41% (2500 pieces, 2 threads)
  ...t=2.391e+10 tail sweep 41% (2500 pieces, 2 threads)
  ...t=2.214e+10 tail sweep 41% (2500 pieces, 2 threads)
  ...t=2.214e+10 tail sweep 41% (2500 pieces, 2 threads)
  ...t=2.214e+10 tail sweep 50% (3000 pieces, 2 threads)
  ...t=2.214e+10 tail sweep 50% (3000 pieces, 2 threads)
  ...t=2.391e+10 tail sweep 50% (3000 pieces, 2 threads)
  ...t=2.214e+10 tail sweep 50% (3000 pieces, 2 threads)
  ...t=2.214e+10 tail sweep 58% (3500 pieces, 2 threads)
  ...t=2.214e+10 tail sweep 58% (3500 pieces, 2 threads)
  ...t=2.391e+10 tail sweep 58% (3500 pieces, 2 threads)
  ...t=2.214e+10 tail sweep 58% (3500 pieces, 2 threads)
  ...t=2.214e+10 tail sweep 66% (4000 pieces, 2 threads)
  ...t=2.391e+10 tail sweep 66% (4000 pieces, 2 threads)
  ...t=2.214e+10 tail sweep 66% (4000 pieces, 2 threads)
  ...t=2.214e+10 tail sweep 66% (4000 pieces, 2 threads)
  ...t=2.214e+10 tail sweep 74% (4500 pieces, 2 threads)
  ...t=2.214e+10 tail sweep 74% (4500 pieces, 2 threads)
  ...t=2.391e+10 tail sweep 74% (4500 pieces, 2 threads)
  ...t=2.214e+10 tail sweep 74% (4500 pieces, 2 threads)
  ...t=2.214e+10 tail sweep 83% (5000 pieces, 2 threads)
  ...t=2.214e+10 tail sweep 83% (5000 pieces, 2 threads)
  ...t=2.214e+10 tail sweep 83% (5000 pieces, 2 threads)
  ...t=2.391e+10 tail sweep 83% (5000 pieces, 2 threads)
  ...t=2.391e+10 tail sweep 91% (5500 pieces, 2 threads)
  ...t=2.214e+10 tail sweep 91% (5500 pieces, 2 threads)
  ...t=2.214e+10 tail sweep 91% (5500 pieces, 2 threads)
  ...t=2.214e+10 tail sweep 91% (5500 pieces, 2 threads)
  ...t=2.391e+10 tail sweep 99% (6000 pieces, 2 threads)
  ...t=2.214e+10 tail sweep 99% (6000 pieces, 2 threads)
  ...t=2.214e+10 tail sweep 99% (6000 pieces, 2 threads)
  ...t=2.214e+10 tail sweep 99% (6000 pieces, 2 threads)
  pt win=0 k=+12 x=2.214e+10 t=22135442766.61946 mnew=1.0000 mcert=1.0000 bexp=2.09e-03
  pt win=0 k=+10 x=2.214e+10 t=22135442765.61946 mnew=1.0000 mcert=1.0000 bexp=2.16e-03
  pt win=0 k=+11 x=2.214e+10 t=22135442766.11946 mnew=1.0000 mcert=1.0000 bexp=2.07e-03
  pt win=1 k=-12 x=2.391e+10 t=23906278175.43186 mnew=1.0000 mcert=1.0000 bexp=2.20e-03
  ...t=2.391e+10 tail sweep 8% (500 pieces, 2 threads)
  ...t=2.391e+10 tail sweep 8% (500 pieces, 2 threads)
  ...t=2.391e+10 tail sweep 8% (500 pieces, 2 threads)
  ...t=2.391e+10 tail sweep 8% (500 pieces, 2 threads)
  ...t=2.391e+10 tail sweep 17% (1000 pieces, 2 threads)
  ...t=2.391e+10 tail sweep 17% (1000 pieces, 2 threads)
  ...t=2.391e+10 tail sweep 17% (1000 pieces, 2 threads)
  ...t=2.391e+10 tail sweep 17% (1000 pieces, 2 threads)
  ...t=2.391e+10 tail sweep 25% (1500 pieces, 2 threads)
  ...t=2.391e+10 tail sweep 25% (1500 pieces, 2 threads)
  ...t=2.391e+10 tail sweep 25% (1500 pieces, 2 threads)
  ...t=2.391e+10 tail sweep 25% (1500 pieces, 2 threads)
  ...t=2.391e+10 tail sweep 33% (2000 pieces, 2 threads)
  ...t=2.391e+10 tail sweep 33% (2000 pieces, 2 threads)
  ...t=2.391e+10 tail sweep 33% (2000 pieces, 2 threads)
  ...t=2.391e+10 tail sweep 33% (2000 pieces, 2 threads)
  ...t=2.391e+10 tail sweep 41% (2500 pieces, 2 threads)
  ...t=2.391e+10 tail sweep 41% (2500 pieces, 2 threads)
  ...t=2.391e+10 tail sweep 41% (2500 pieces, 2 threads)
  ...t=2.391e+10 tail sweep 41% (2500 pieces, 2 threads)
  ...t=2.391e+10 tail sweep 50% (3000 pieces, 2 threads)
  ...t=2.391e+10 tail sweep 50% (3000 pieces, 2 threads)
  ...t=2.391e+10 tail sweep 50% (3000 pieces, 2 threads)
  ...t=2.391e+10 tail sweep 50% (3000 pieces, 2 threads)
  ...t=2.391e+10 tail sweep 58% (3500 pieces, 2 threads)
  ...t=2.391e+10 tail sweep 58% (3500 pieces, 2 threads)
  ...t=2.391e+10 tail sweep 58% (3500 pieces, 2 threads)
  ...t=2.391e+10 tail sweep 58% (3500 pieces, 2 threads)
  ...t=2.391e+10 tail sweep 66% (4000 pieces, 2 threads)
  ...t=2.391e+10 tail sweep 66% (4000 pieces, 2 threads)
  ...t=2.391e+10 tail sweep 66% (4000 pieces, 2 threads)
  ...t=2.391e+10 tail sweep 66% (4000 pieces, 2 threads)
  ...t=2.391e+10 tail sweep 74% (4500 pieces, 2 threads)
  ...t=2.391e+10 tail sweep 74% (4500 pieces, 2 threads)
  ...t=2.391e+10 tail sweep 74% (4500 pieces, 2 threads)
  ...t=2.391e+10 tail sweep 74% (4500 pieces, 2 threads)
  ...t=2.391e+10 tail sweep 83% (5000 pieces, 2 threads)
  ...t=2.391e+10 tail sweep 83% (5000 pieces, 2 threads)
  ...t=2.391e+10 tail sweep 83% (5000 pieces, 2 threads)
  ...t=2.391e+10 tail sweep 83% (5000 pieces, 2 threads)
  ...t=2.391e+10 tail sweep 91% (5500 pieces, 2 threads)
  ...t=2.391e+10 tail sweep 91% (5500 pieces, 2 threads)
  ...t=2.391e+10 tail sweep 91% (5500 pieces, 2 threads)
  ...t=2.391e+10 tail sweep 91% (5500 pieces, 2 threads)
  ...t=2.391e+10 tail sweep 99% (6000 pieces, 2 threads)
  ...t=2.391e+10 tail sweep 99% (6000 pieces, 2 threads)
  ...t=2.391e+10 tail sweep 99% (6000 pieces, 2 threads)
  ...t=2.391e+10 tail sweep 99% (6000 pieces, 2 threads)
  pt win=1 k=-8 x=2.391e+10 t=23906278177.43186 mnew=1.0000 mcert=1.0000 bexp=2.18e-03
  pt win=1 k=-10 x=2.391e+10 t=23906278176.43186 mnew=1.0000 mcert=1.0000 bexp=2.25e-03
  pt win=1 k=-11 x=2.391e+10 t=23906278175.93186 mnew=1.0000 mcert=1.0000 bexp=2.22e-03
  pt win=1 k=-9 x=2.391e+10 t=23906278176.93186 mnew=1.0000 mcert=1.0000 bexp=2.21e-03
  ...t=2.391e+10 tail sweep 8% (500 pieces, 2 threads)
  ...t=2.391e+10 tail sweep 8% (500 pieces, 2 threads)
  ...t=2.391e+10 tail sweep 8% (500 pieces, 2 threads)
  ...t=2.391e+10 tail sweep 8% (500 pieces, 2 threads)
  ...t=2.391e+10 tail sweep 17% (1000 pieces, 2 threads)
  ...t=2.391e+10 tail sweep 17% (1000 pieces, 2 threads)
  ...t=2.391e+10 tail sweep 17% (1000 pieces, 2 threads)
  ...t=2.391e+10 tail sweep 17% (1000 pieces, 2 threads)
  ...t=2.391e+10 tail sweep 25% (1500 pieces, 2 threads)
  ...t=2.391e+10 tail sweep 25% (1500 pieces, 2 threads)
  ...t=2.391e+10 tail sweep 25% (1500 pieces, 2 threads)
  ...t=2.391e+10 tail sweep 25% (1500 pieces, 2 threads)
  ...t=2.391e+10 tail sweep 33% (2000 pieces, 2 threads)
  ...t=2.391e+10 tail sweep 33% (2000 pieces, 2 threads)
  ...t=2.391e+10 tail sweep 33% (2000 pieces, 2 threads)
  ...t=2.391e+10 tail sweep 33% (2000 pieces, 2 threads)
  ...t=2.391e+10 tail sweep 41% (2500 pieces, 2 threads)
  ...t=2.391e+10 tail sweep 41% (2500 pieces, 2 threads)
  ...t=2.391e+10 tail sweep 41% (2500 pieces, 2 threads)
  ...t=2.391e+10 tail sweep 41% (2500 pieces, 2 threads)
  ...t=2.391e+10 tail sweep 50% (3000 pieces, 2 threads)
  ...t=2.391e+10 tail sweep 50% (3000 pieces, 2 threads)
  ...t=2.391e+10 tail sweep 50% (3000 pieces, 2 threads)
  ...t=2.391e+10 tail sweep 50% (3000 pieces, 2 threads)
  ...t=2.391e+10 tail sweep 58% (3500 pieces, 2 threads)
  ...t=2.391e+10 tail sweep 58% (3500 pieces, 2 threads)
  ...t=2.391e+10 tail sweep 58% (3500 pieces, 2 threads)
  ...t=2.391e+10 tail sweep 58% (3500 pieces, 2 threads)
  ...t=2.391e+10 tail sweep 66% (4000 pieces, 2 threads)
  ...t=2.391e+10 tail sweep 66% (4000 pieces, 2 threads)
  ...t=2.391e+10 tail sweep 66% (4000 pieces, 2 threads)
  ...t=2.391e+10 tail sweep 66% (4000 pieces, 2 threads)
  ...t=2.391e+10 tail sweep 74% (4500 pieces, 2 threads)
  ...t=2.391e+10 tail sweep 74% (4500 pieces, 2 threads)
  ...t=2.391e+10 tail sweep 74% (4500 pieces, 2 threads)
  ...t=2.391e+10 tail sweep 74% (4500 pieces, 2 threads)
  ...t=2.391e+10 tail sweep 83% (5000 pieces, 2 threads)
  ...t=2.391e+10 tail sweep 83% (5000 pieces, 2 threads)
  ...t=2.391e+10 tail sweep 83% (5000 pieces, 2 threads)
  ...t=2.391e+10 tail sweep 83% (5000 pieces, 2 threads)
  ...t=2.391e+10 tail sweep 91% (5500 pieces, 2 threads)
  ...t=2.391e+10 tail sweep 91% (5500 pieces, 2 threads)
  ...t=2.391e+10 tail sweep 91% (5500 pieces, 2 threads)
  ...t=2.391e+10 tail sweep 91% (5500 pieces, 2 threads)
  ...t=2.391e+10 tail sweep 99% (6000 pieces, 2 threads)
  ...t=2.391e+10 tail sweep 99% (6000 pieces, 2 threads)
  ...t=2.391e+10 tail sweep 99% (6000 pieces, 2 threads)
  ...t=2.391e+10 tail sweep 99% (6000 pieces, 2 threads)
  pt win=1 k=-7 x=2.391e+10 t=23906278177.93186 mnew=1.0000 mcert=1.0000 bexp=2.25e-03
  pt win=1 k=-6 x=2.391e+10 t=23906278178.43186 mnew=1.0000 mcert=1.0000 bexp=2.23e-03
  pt win=1 k=-4 x=2.391e+10 t=23906278179.43186 mnew=1.0000 mcert=1.0000 bexp=2.18e-03
  pt win=1 k=-5 x=2.391e+10 t=23906278178.93186 mnew=1.0000 mcert=1.0000 bexp=2.18e-03
  ...t=2.391e+10 tail sweep 8% (500 pieces, 2 threads)
  ...t=2.391e+10 tail sweep 8% (500 pieces, 2 threads)
  ...t=2.391e+10 tail sweep 8% (500 pieces, 2 threads)
  ...t=2.391e+10 tail sweep 8% (500 pieces, 2 threads)
  ...t=2.391e+10 tail sweep 17% (1000 pieces, 2 threads)
  ...t=2.391e+10 tail sweep 17% (1000 pieces, 2 threads)
  ...t=2.391e+10 tail sweep 17% (1000 pieces, 2 threads)
  ...t=2.391e+10 tail sweep 17% (1000 pieces, 2 threads)
  ...t=2.391e+10 tail sweep 25% (1500 pieces, 2 threads)
  ...t=2.391e+10 tail sweep 25% (1500 pieces, 2 threads)
  ...t=2.391e+10 tail sweep 25% (1500 pieces, 2 threads)
  ...t=2.391e+10 tail sweep 25% (1500 pieces, 2 threads)
  ...t=2.391e+10 tail sweep 33% (2000 pieces, 2 threads)
  ...t=2.391e+10 tail sweep 33% (2000 pieces, 2 threads)
  ...t=2.391e+10 tail sweep 33% (2000 pieces, 2 threads)
  ...t=2.391e+10 tail sweep 33% (2000 pieces, 2 threads)
  ...t=2.391e+10 tail sweep 41% (2500 pieces, 2 threads)
  ...t=2.391e+10 tail sweep 41% (2500 pieces, 2 threads)
  ...t=2.391e+10 tail sweep 41% (2500 pieces, 2 threads)
  ...t=2.391e+10 tail sweep 41% (2500 pieces, 2 threads)
  ...t=2.391e+10 tail sweep 50% (3000 pieces, 2 threads)
  ...t=2.391e+10 tail sweep 50% (3000 pieces, 2 threads)
  ...t=2.391e+10 tail sweep 50% (3000 pieces, 2 threads)
  ...t=2.391e+10 tail sweep 50% (3000 pieces, 2 threads)
  ...t=2.391e+10 tail sweep 58% (3500 pieces, 2 threads)
  ...t=2.391e+10 tail sweep 58% (3500 pieces, 2 threads)
  ...t=2.391e+10 tail sweep 58% (3500 pieces, 2 threads)
  ...t=2.391e+10 tail sweep 58% (3500 pieces, 2 threads)
  ...t=2.391e+10 tail sweep 66% (4000 pieces, 2 threads)
  ...t=2.391e+10 tail sweep 66% (4000 pieces, 2 threads)
  ...t=2.391e+10 tail sweep 66% (4000 pieces, 2 threads)
  ...t=2.391e+10 tail sweep 66% (4000 pieces, 2 threads)
  ...t=2.391e+10 tail sweep 74% (4500 pieces, 2 threads)
  ...t=2.391e+10 tail sweep 74% (4500 pieces, 2 threads)
  ...t=2.391e+10 tail sweep 74% (4500 pieces, 2 threads)
  ...t=2.391e+10 tail sweep 74% (4500 pieces, 2 threads)
  ...t=2.391e+10 tail sweep 83% (5000 pieces, 2 threads)
  ...t=2.391e+10 tail sweep 83% (5000 pieces, 2 threads)
  ...t=2.391e+10 tail sweep 83% (5000 pieces, 2 threads)
  ...t=2.391e+10 tail sweep 83% (5000 pieces, 2 threads)
  ...t=2.391e+10 tail sweep 91% (5500 pieces, 2 threads)
  ...t=2.391e+10 tail sweep 91% (5500 pieces, 2 threads)
  ...t=2.391e+10 tail sweep 91% (5500 pieces, 2 threads)
  ...t=2.391e+10 tail sweep 91% (5500 pieces, 2 threads)
  ...t=2.391e+10 tail sweep 99% (6000 pieces, 2 threads)
  ...t=2.391e+10 tail sweep 99% (6000 pieces, 2 threads)
  ...t=2.391e+10 tail sweep 99% (6000 pieces, 2 threads)
  ...t=2.391e+10 tail sweep 99% (6000 pieces, 2 threads)
  pt win=1 k=+1 x=2.391e+10 t=23906278181.93186 mnew=1.0000 mcert=1.0000 bexp=2.20e-03
  pt win=1 k=-1 x=2.391e+10 t=23906278180.93186 mnew=1.0000 mcert=1.0000 bexp=2.21e-03
  pt win=1 k=-3 x=2.391e+10 t=23906278179.93186 mnew=1.0000 mcert=1.0000 bexp=2.21e-03
  pt win=1 k=-2 x=2.391e+10 t=23906278180.43186 mnew=1.0000 mcert=1.0000 bexp=2.20e-03
  ...t=2.391e+10 tail sweep 8% (500 pieces, 2 threads)
  ...t=2.391e+10 tail sweep 8% (500 pieces, 2 threads)  ...t=2.391e+10 tail sweep 8% (500 pieces, 2 threads)

  ...t=2.391e+10 tail sweep 8% (500 pieces, 2 threads)
  ...t=2.391e+10 tail sweep 17% (1000 pieces, 2 threads)
  ...t=2.391e+10 tail sweep 17% (1000 pieces, 2 threads)
  ...t=2.391e+10 tail sweep 17% (1000 pieces, 2 threads)
  ...t=2.391e+10 tail sweep 17% (1000 pieces, 2 threads)
  ...t=2.391e+10 tail sweep 25% (1500 pieces, 2 threads)
  ...t=2.391e+10 tail sweep 25% (1500 pieces, 2 threads)
  ...t=2.391e+10 tail sweep 25% (1500 pieces, 2 threads)
  ...t=2.391e+10 tail sweep 25% (1500 pieces, 2 threads)
  ...t=2.391e+10 tail sweep 33% (2000 pieces, 2 threads)
  ...t=2.391e+10 tail sweep 33% (2000 pieces, 2 threads)
  ...t=2.391e+10 tail sweep 33% (2000 pieces, 2 threads)
  ...t=2.391e+10 tail sweep 33% (2000 pieces, 2 threads)
  ...t=2.391e+10 tail sweep 41% (2500 pieces, 2 threads)
  ...t=2.391e+10 tail sweep 41% (2500 pieces, 2 threads)
  ...t=2.391e+10 tail sweep 41% (2500 pieces, 2 threads)
  ...t=2.391e+10 tail sweep 41% (2500 pieces, 2 threads)
  ...t=2.391e+10 tail sweep 50% (3000 pieces, 2 threads)
  ...t=2.391e+10 tail sweep 50% (3000 pieces, 2 threads)
  ...t=2.391e+10 tail sweep 50% (3000 pieces, 2 threads)
  ...t=2.391e+10 tail sweep 50% (3000 pieces, 2 threads)
  ...t=2.391e+10 tail sweep 58% (3500 pieces, 2 threads)
  ...t=2.391e+10 tail sweep 58% (3500 pieces, 2 threads)
  ...t=2.391e+10 tail sweep 58% (3500 pieces, 2 threads)
  ...t=2.391e+10 tail sweep 58% (3500 pieces, 2 threads)
  ...t=2.391e+10 tail sweep 66% (4000 pieces, 2 threads)
  ...t=2.391e+10 tail sweep 66% (4000 pieces, 2 threads)
  ...t=2.391e+10 tail sweep 66% (4000 pieces, 2 threads)
  ...t=2.391e+10 tail sweep 66% (4000 pieces, 2 threads)
  ...t=2.391e+10 tail sweep 74% (4500 pieces, 2 threads)
  ...t=2.391e+10 tail sweep 74% (4500 pieces, 2 threads)
  ...t=2.391e+10 tail sweep 74% (4500 pieces, 2 threads)
  ...t=2.391e+10 tail sweep 74% (4500 pieces, 2 threads)
  ...t=2.391e+10 tail sweep 83% (5000 pieces, 2 threads)
  ...t=2.391e+10 tail sweep 83% (5000 pieces, 2 threads)
  ...t=2.391e+10 tail sweep 83% (5000 pieces, 2 threads)
  ...t=2.391e+10 tail sweep 83% (5000 pieces, 2 threads)
  ...t=2.391e+10 tail sweep 91% (5500 pieces, 2 threads)
  ...t=2.391e+10 tail sweep 91% (5500 pieces, 2 threads)
  ...t=2.391e+10 tail sweep 91% (5500 pieces, 2 threads)
  ...t=2.391e+10 tail sweep 91% (5500 pieces, 2 threads)
  ...t=2.391e+10 tail sweep 99% (6000 pieces, 2 threads)
  ...t=2.391e+10 tail sweep 99% (6000 pieces, 2 threads)
  ...t=2.391e+10 tail sweep 99% (6000 pieces, 2 threads)
  ...t=2.391e+10 tail sweep 99% (6000 pieces, 2 threads)
  pt win=1 k=+4 x=2.391e+10 t=23906278183.43186 mnew=1.0000 mcert=1.0000 bexp=2.26e-03
  pt win=1 k=+3 x=2.391e+10 t=23906278182.93186 mnew=1.0000 mcert=1.0000 bexp=2.68e-03
  pt win=1 k=+5 x=2.391e+10 t=23906278183.93186 mnew=1.0000 mcert=1.0000 bexp=2.39e-03
  pt win=1 k=+2 x=2.391e+10 t=23906278182.43186 mnew=1.0000 mcert=1.0000 bexp=2.18e-03
  ...t=2.391e+10 tail sweep 8% (500 pieces, 2 threads)
  ...t=2.391e+10 tail sweep 8% (500 pieces, 2 threads)
  ...t=2.391e+10 tail sweep 8% (500 pieces, 2 threads)
  ...t=2.391e+10 tail sweep 8% (500 pieces, 2 threads)
  ...t=2.391e+10 tail sweep 17% (1000 pieces, 2 threads)
  ...t=2.391e+10 tail sweep 17% (1000 pieces, 2 threads)
  ...t=2.391e+10 tail sweep 17% (1000 pieces, 2 threads)
  ...t=2.391e+10 tail sweep 17% (1000 pieces, 2 threads)
  ...t=2.391e+10 tail sweep 25% (1500 pieces, 2 threads)
  ...t=2.391e+10 tail sweep 25% (1500 pieces, 2 threads)
  ...t=2.391e+10 tail sweep 25% (1500 pieces, 2 threads)
  ...t=2.391e+10 tail sweep 25% (1500 pieces, 2 threads)
  ...t=2.391e+10 tail sweep 33% (2000 pieces, 2 threads)
  ...t=2.391e+10 tail sweep 33% (2000 pieces, 2 threads)
  ...t=2.391e+10 tail sweep 33% (2000 pieces, 2 threads)
  ...t=2.391e+10 tail sweep 33% (2000 pieces, 2 threads)
  ...t=2.391e+10 tail sweep 41% (2500 pieces, 2 threads)
  ...t=2.391e+10 tail sweep 41% (2500 pieces, 2 threads)
  ...t=2.391e+10 tail sweep 41% (2500 pieces, 2 threads)
  ...t=2.391e+10 tail sweep 41% (2500 pieces, 2 threads)
  ...t=2.391e+10 tail sweep 50% (3000 pieces, 2 threads)
  ...t=2.391e+10 tail sweep 50% (3000 pieces, 2 threads)
  ...t=2.391e+10 tail sweep 50% (3000 pieces, 2 threads)
  ...t=2.391e+10 tail sweep 50% (3000 pieces, 2 threads)
  ...t=2.391e+10 tail sweep 58% (3500 pieces, 2 threads)
  ...t=2.391e+10 tail sweep 58% (3500 pieces, 2 threads)
  ...t=2.391e+10 tail sweep 58% (3500 pieces, 2 threads)
  ...t=2.391e+10 tail sweep 58% (3500 pieces, 2 threads)
  ...t=2.391e+10 tail sweep 66% (4000 pieces, 2 threads)
  ...t=2.391e+10 tail sweep 66% (4000 pieces, 2 threads)
  ...t=2.391e+10 tail sweep 66% (4000 pieces, 2 threads)
  ...t=2.391e+10 tail sweep 66% (4000 pieces, 2 threads)
  ...t=2.391e+10 tail sweep 74% (4500 pieces, 2 threads)
  ...t=2.391e+10 tail sweep 74% (4500 pieces, 2 threads)
  ...t=2.391e+10 tail sweep 74% (4500 pieces, 2 threads)
  ...t=2.391e+10 tail sweep 74% (4500 pieces, 2 threads)
  ...t=2.391e+10 tail sweep 83% (5000 pieces, 2 threads)
  ...t=2.391e+10 tail sweep 83% (5000 pieces, 2 threads)
  ...t=2.391e+10 tail sweep 83% (5000 pieces, 2 threads)
  ...t=2.391e+10 tail sweep 83% (5000 pieces, 2 threads)
  ...t=2.391e+10 tail sweep 91% (5500 pieces, 2 threads)
  ...t=2.391e+10 tail sweep 91% (5500 pieces, 2 threads)
  ...t=2.391e+10 tail sweep 91% (5500 pieces, 2 threads)
  ...t=2.391e+10 tail sweep 91% (5500 pieces, 2 threads)
  ...t=2.391e+10 tail sweep 99% (6000 pieces, 2 threads)
  ...t=2.391e+10 tail sweep 99% (6000 pieces, 2 threads)
  ...t=2.391e+10 tail sweep 99% (6000 pieces, 2 threads)
  ...t=2.391e+10 tail sweep 99% (6000 pieces, 2 threads)
  pt win=1 k=+6 x=2.391e+10 t=23906278184.43186 mnew=1.0000 mcert=1.0000 bexp=2.17e-03
  pt win=1 k=+7 x=2.391e+10 t=23906278184.93186 mnew=1.0000 mcert=1.0000 bexp=2.20e-03
  pt win=1 k=+8 x=2.391e+10 t=23906278185.43186 mnew=1.0000 mcert=1.0000 bexp=2.17e-03
  pt win=1 k=+9 x=2.391e+10 t=23906278185.93186 mnew=1.0000 mcert=1.0000 bexp=2.26e-03
  ...t=2.391e+10 tail sweep 8% (500 pieces, 2 threads)
  ...t=2.582e+10 tail sweep 8% (500 pieces, 2 threads)
  ...t=2.391e+10 tail sweep 8% (500 pieces, 2 threads)
  ...t=2.391e+10 tail sweep 8% (500 pieces, 2 threads)
  ...t=2.391e+10 tail sweep 17% (1000 pieces, 2 threads)
  ...t=2.582e+10 tail sweep 17% (1000 pieces, 2 threads)
  ...t=2.391e+10 tail sweep 17% (1000 pieces, 2 threads)
  ...t=2.391e+10 tail sweep 17% (1000 pieces, 2 threads)
  ...t=2.582e+10 tail sweep 25% (1500 pieces, 2 threads)
  ...t=2.391e+10 tail sweep 25% (1500 pieces, 2 threads)
  ...t=2.391e+10 tail sweep 25% (1500 pieces, 2 threads)
  ...t=2.391e+10 tail sweep 25% (1500 pieces, 2 threads)
  ...t=2.391e+10 tail sweep 33% (2000 pieces, 2 threads)
  ...t=2.391e+10 tail sweep 33% (2000 pieces, 2 threads)
  ...t=2.391e+10 tail sweep 33% (2000 pieces, 2 threads)
  ...t=2.582e+10 tail sweep 33% (2000 pieces, 2 threads)
  ...t=2.391e+10 tail sweep 41% (2500 pieces, 2 threads)
  ...t=2.582e+10 tail sweep 41% (2500 pieces, 2 threads)
  ...t=2.391e+10 tail sweep 41% (2500 pieces, 2 threads)
  ...t=2.391e+10 tail sweep 41% (2500 pieces, 2 threads)
  ...t=2.391e+10 tail sweep 50% (3000 pieces, 2 threads)
  ...t=2.391e+10 tail sweep 50% (3000 pieces, 2 threads)
  ...t=2.582e+10 tail sweep 50% (3000 pieces, 2 threads)
  ...t=2.391e+10 tail sweep 50% (3000 pieces, 2 threads)
  ...t=2.582e+10 tail sweep 58% (3500 pieces, 2 threads)
  ...t=2.391e+10 tail sweep 58% (3500 pieces, 2 threads)
  ...t=2.391e+10 tail sweep 58% (3500 pieces, 2 threads)
  ...t=2.391e+10 tail sweep 58% (3500 pieces, 2 threads)
  ...t=2.391e+10 tail sweep 66% (4000 pieces, 2 threads)
  ...t=2.391e+10 tail sweep 66% (4000 pieces, 2 threads)
  ...t=2.582e+10 tail sweep 66% (4000 pieces, 2 threads)
  ...t=2.391e+10 tail sweep 66% (4000 pieces, 2 threads)
  ...t=2.391e+10 tail sweep 74% (4500 pieces, 2 threads)
  ...t=2.582e+10 tail sweep 74% (4500 pieces, 2 threads)
  ...t=2.391e+10 tail sweep 74% (4500 pieces, 2 threads)
  ...t=2.391e+10 tail sweep 74% (4500 pieces, 2 threads)
  ...t=2.391e+10 tail sweep 83% (5000 pieces, 2 threads)
  ...t=2.582e+10 tail sweep 83% (5000 pieces, 2 threads)
  ...t=2.391e+10 tail sweep 83% (5000 pieces, 2 threads)
  ...t=2.391e+10 tail sweep 83% (5000 pieces, 2 threads)
  ...t=2.582e+10 tail sweep 91% (5500 pieces, 2 threads)
  ...t=2.391e+10 tail sweep 91% (5500 pieces, 2 threads)
  ...t=2.391e+10 tail sweep 91% (5500 pieces, 2 threads)
  ...t=2.391e+10 tail sweep 91% (5500 pieces, 2 threads)
  ...t=2.582e+10 tail sweep 99% (6000 pieces, 2 threads)
  ...t=2.391e+10 tail sweep 99% (6000 pieces, 2 threads)
  ...t=2.391e+10 tail sweep 99% (6000 pieces, 2 threads)
  ...t=2.391e+10 tail sweep 99% (6000 pieces, 2 threads)
  pt win=1 k=+11 x=2.391e+10 t=23906278186.93186 mnew=1.0000 mcert=1.0000 bexp=2.19e-03
  pt win=1 k=+10 x=2.391e+10 t=23906278186.43186 mnew=1.0000 mcert=1.0000 bexp=2.23e-03
  pt win=1 k=+12 x=2.391e+10 t=23906278187.43186 mnew=1.0000 mcert=1.0000 bexp=2.20e-03
  pt win=2 k=-12 x=2.582e+10 t=25818780429.71218 mnew=1.0000 mcert=1.0000 bexp=2.28e-03
  ...t=2.582e+10 tail sweep 8% (500 pieces, 2 threads)
  ...t=2.582e+10 tail sweep 8% (500 pieces, 2 threads)
  ...t=2.582e+10 tail sweep 8% (500 pieces, 2 threads)
  ...t=2.582e+10 tail sweep 8% (500 pieces, 2 threads)
  ...t=2.582e+10 tail sweep 17% (1000 pieces, 2 threads)
  ...t=2.582e+10 tail sweep 17% (1000 pieces, 2 threads)
  ...t=2.582e+10 tail sweep 17% (1000 pieces, 2 threads)
  ...t=2.582e+10 tail sweep 17% (1000 pieces, 2 threads)
  ...t=2.582e+10 tail sweep 25% (1500 pieces, 2 threads)
  ...t=2.582e+10 tail sweep 25% (1500 pieces, 2 threads)
  ...t=2.582e+10 tail sweep 25% (1500 pieces, 2 threads)
  ...t=2.582e+10 tail sweep 25% (1500 pieces, 2 threads)
  ...t=2.582e+10 tail sweep 33% (2000 pieces, 2 threads)
  ...t=2.582e+10 tail sweep 33% (2000 pieces, 2 threads)
  ...t=2.582e+10 tail sweep 33% (2000 pieces, 2 threads)
  ...t=2.582e+10 tail sweep 33% (2000 pieces, 2 threads)
  ...t=2.582e+10 tail sweep 41% (2500 pieces, 2 threads)
  ...t=2.582e+10 tail sweep 41% (2500 pieces, 2 threads)
  ...t=2.582e+10 tail sweep 41% (2500 pieces, 2 threads)
  ...t=2.582e+10 tail sweep 41% (2500 pieces, 2 threads)
  ...t=2.582e+10 tail sweep 50% (3000 pieces, 2 threads)
  ...t=2.582e+10 tail sweep 50% (3000 pieces, 2 threads)
  ...t=2.582e+10 tail sweep 50% (3000 pieces, 2 threads)
  ...t=2.582e+10 tail sweep 50% (3000 pieces, 2 threads)
  ...t=2.582e+10 tail sweep 58% (3500 pieces, 2 threads)
  ...t=2.582e+10 tail sweep 58% (3500 pieces, 2 threads)  ...t=2.582e+10 tail sweep 58% (3500 pieces, 2 threads)

  ...t=2.582e+10 tail sweep 58% (3500 pieces, 2 threads)
  ...t=2.582e+10 tail sweep 66% (4000 pieces, 2 threads)
  ...t=2.582e+10 tail sweep 66% (4000 pieces, 2 threads)
  ...t=2.582e+10 tail sweep 66% (4000 pieces, 2 threads)
  ...t=2.582e+10 tail sweep 66% (4000 pieces, 2 threads)
  ...t=2.582e+10 tail sweep 74% (4500 pieces, 2 threads)
  ...t=2.582e+10 tail sweep 74% (4500 pieces, 2 threads)
  ...t=2.582e+10 tail sweep 74% (4500 pieces, 2 threads)
  ...t=2.582e+10 tail sweep 74% (4500 pieces, 2 threads)
  ...t=2.582e+10 tail sweep 83% (5000 pieces, 2 threads)
  ...t=2.582e+10 tail sweep 83% (5000 pieces, 2 threads)
  ...t=2.582e+10 tail sweep 83% (5000 pieces, 2 threads)
  ...t=2.582e+10 tail sweep 83% (5000 pieces, 2 threads)
  ...t=2.582e+10 tail sweep 91% (5500 pieces, 2 threads)
  ...t=2.582e+10 tail sweep 91% (5500 pieces, 2 threads)
  ...t=2.582e+10 tail sweep 91% (5500 pieces, 2 threads)
  ...t=2.582e+10 tail sweep 91% (5500 pieces, 2 threads)
  ...t=2.582e+10 tail sweep 99% (6000 pieces, 2 threads)
  ...t=2.582e+10 tail sweep 99% (6000 pieces, 2 threads)
  ...t=2.582e+10 tail sweep 99% (6000 pieces, 2 threads)
  ...t=2.582e+10 tail sweep 99% (6000 pieces, 2 threads)
  pt win=2 k=-9 x=2.582e+10 t=25818780431.21218 mnew=1.0000 mcert=1.0000 bexp=2.28e-03
  pt win=2 k=-10 x=2.582e+10 t=25818780430.71218 mnew=1.0000 mcert=1.0000 bexp=2.34e-03
  pt win=2 k=-11 x=2.582e+10 t=25818780430.21218 mnew=1.0000 mcert=1.0000 bexp=2.28e-03
  pt win=2 k=-8 x=2.582e+10 t=25818780431.71218 mnew=1.0000 mcert=1.0000 bexp=2.31e-03
  ...t=2.582e+10 tail sweep 8% (500 pieces, 2 threads)
  ...t=2.582e+10 tail sweep 8% (500 pieces, 2 threads)
  ...t=2.582e+10 tail sweep 8% (500 pieces, 2 threads)
  ...t=2.582e+10 tail sweep 8% (500 pieces, 2 threads)
  ...t=2.582e+10 tail sweep 17% (1000 pieces, 2 threads)
  ...t=2.582e+10 tail sweep 17% (1000 pieces, 2 threads)
  ...t=2.582e+10 tail sweep 17% (1000 pieces, 2 threads)
  ...t=2.582e+10 tail sweep 17% (1000 pieces, 2 threads)
  ...t=2.582e+10 tail sweep 25% (1500 pieces, 2 threads)
  ...t=2.582e+10 tail sweep 25% (1500 pieces, 2 threads)
  ...t=2.582e+10 tail sweep 25% (1500 pieces, 2 threads)
  ...t=2.582e+10 tail sweep 25% (1500 pieces, 2 threads)
  ...t=2.582e+10 tail sweep 33% (2000 pieces, 2 threads)
  ...t=2.582e+10 tail sweep 33% (2000 pieces, 2 threads)
  ...t=2.582e+10 tail sweep 33% (2000 pieces, 2 threads)
  ...t=2.582e+10 tail sweep 33% (2000 pieces, 2 threads)
  ...t=2.582e+10 tail sweep 41% (2500 pieces, 2 threads)
  ...t=2.582e+10 tail sweep 41% (2500 pieces, 2 threads)
  ...t=2.582e+10 tail sweep 41% (2500 pieces, 2 threads)
  ...t=2.582e+10 tail sweep 41% (2500 pieces, 2 threads)
  ...t=2.582e+10 tail sweep 50% (3000 pieces, 2 threads)
  ...t=2.582e+10 tail sweep 50% (3000 pieces, 2 threads)
  ...t=2.582e+10 tail sweep 50% (3000 pieces, 2 threads)
  ...t=2.582e+10 tail sweep 50% (3000 pieces, 2 threads)
  ...t=2.582e+10 tail sweep 58% (3500 pieces, 2 threads)
  ...t=2.582e+10 tail sweep 58% (3500 pieces, 2 threads)
  ...t=2.582e+10 tail sweep 58% (3500 pieces, 2 threads)
  ...t=2.582e+10 tail sweep 58% (3500 pieces, 2 threads)
  ...t=2.582e+10 tail sweep 66% (4000 pieces, 2 threads)
  ...t=2.582e+10 tail sweep 66% (4000 pieces, 2 threads)
  ...t=2.582e+10 tail sweep 66% (4000 pieces, 2 threads)
  ...t=2.582e+10 tail sweep 66% (4000 pieces, 2 threads)
  ...t=2.582e+10 tail sweep 74% (4500 pieces, 2 threads)
  ...t=2.582e+10 tail sweep 74% (4500 pieces, 2 threads)
  ...t=2.582e+10 tail sweep 74% (4500 pieces, 2 threads)
  ...t=2.582e+10 tail sweep 74% (4500 pieces, 2 threads)
  ...t=2.582e+10 tail sweep 83% (5000 pieces, 2 threads)
  ...t=2.582e+10 tail sweep 83% (5000 pieces, 2 threads)
  ...t=2.582e+10 tail sweep 83% (5000 pieces, 2 threads)
  ...t=2.582e+10 tail sweep 83% (5000 pieces, 2 threads)
  ...t=2.582e+10 tail sweep 91% (5500 pieces, 2 threads)
  ...t=2.582e+10 tail sweep 91% (5500 pieces, 2 threads)
  ...t=2.582e+10 tail sweep 91% (5500 pieces, 2 threads)
  ...t=2.582e+10 tail sweep 91% (5500 pieces, 2 threads)
  ...t=2.582e+10 tail sweep 99% (6000 pieces, 2 threads)
  ...t=2.582e+10 tail sweep 99% (6000 pieces, 2 threads)
  ...t=2.582e+10 tail sweep 99% (6000 pieces, 2 threads)
  ...t=2.582e+10 tail sweep 99% (6000 pieces, 2 threads)
  pt win=2 k=-7 x=2.582e+10 t=25818780432.21218 mnew=1.0000 mcert=1.0000 bexp=2.27e-03
  pt win=2 k=-6 x=2.582e+10 t=25818780432.71218 mnew=1.0000 mcert=1.0000 bexp=2.27e-03
  pt win=2 k=-4 x=2.582e+10 t=25818780433.71218 mnew=1.0000 mcert=1.0000 bexp=2.26e-03
  pt win=2 k=-5 x=2.582e+10 t=25818780433.21218 mnew=1.0000 mcert=1.0000 bexp=2.99e-03
  ...t=2.582e+10 tail sweep 8% (500 pieces, 2 threads)
  ...t=2.582e+10 tail sweep 8% (500 pieces, 2 threads)
  ...t=2.582e+10 tail sweep 8% (500 pieces, 2 threads)
  ...t=2.582e+10 tail sweep 8% (500 pieces, 2 threads)
  ...t=2.582e+10 tail sweep 17% (1000 pieces, 2 threads)
  ...t=2.582e+10 tail sweep 17% (1000 pieces, 2 threads)
  ...t=2.582e+10 tail sweep 17% (1000 pieces, 2 threads)
  ...t=2.582e+10 tail sweep 17% (1000 pieces, 2 threads)
  ...t=2.582e+10 tail sweep 25% (1500 pieces, 2 threads)
  ...t=2.582e+10 tail sweep 25% (1500 pieces, 2 threads)
  ...t=2.582e+10 tail sweep 25% (1500 pieces, 2 threads)
  ...t=2.582e+10 tail sweep 25% (1500 pieces, 2 threads)
  ...t=2.582e+10 tail sweep 33% (2000 pieces, 2 threads)
  ...t=2.582e+10 tail sweep 33% (2000 pieces, 2 threads)
  ...t=2.582e+10 tail sweep 33% (2000 pieces, 2 threads)
  ...t=2.582e+10 tail sweep 33% (2000 pieces, 2 threads)
  ...t=2.582e+10 tail sweep 41% (2500 pieces, 2 threads)
  ...t=2.582e+10 tail sweep 41% (2500 pieces, 2 threads)
  ...t=2.582e+10 tail sweep 41% (2500 pieces, 2 threads)
  ...t=2.582e+10 tail sweep 41% (2500 pieces, 2 threads)
  ...t=2.582e+10 tail sweep 50% (3000 pieces, 2 threads)
  ...t=2.582e+10 tail sweep 50% (3000 pieces, 2 threads)
  ...t=2.582e+10 tail sweep 50% (3000 pieces, 2 threads)
  ...t=2.582e+10 tail sweep 50% (3000 pieces, 2 threads)
  ...t=2.582e+10 tail sweep 58% (3500 pieces, 2 threads)
  ...t=2.582e+10 tail sweep 58% (3500 pieces, 2 threads)
  ...t=2.582e+10 tail sweep 58% (3500 pieces, 2 threads)
  ...t=2.582e+10 tail sweep 58% (3500 pieces, 2 threads)
  ...t=2.582e+10 tail sweep 66% (4000 pieces, 2 threads)
  ...t=2.582e+10 tail sweep 66% (4000 pieces, 2 threads)
  ...t=2.582e+10 tail sweep 66% (4000 pieces, 2 threads)
  ...t=2.582e+10 tail sweep 66% (4000 pieces, 2 threads)
  ...t=2.582e+10 tail sweep 74% (4500 pieces, 2 threads)
  ...t=2.582e+10 tail sweep 74% (4500 pieces, 2 threads)
  ...t=2.582e+10 tail sweep 74% (4500 pieces, 2 threads)
  ...t=2.582e+10 tail sweep 74% (4500 pieces, 2 threads)
  ...t=2.582e+10 tail sweep 83% (5000 pieces, 2 threads)
  ...t=2.582e+10 tail sweep 83% (5000 pieces, 2 threads)
  ...t=2.582e+10 tail sweep 83% (5000 pieces, 2 threads)
  ...t=2.582e+10 tail sweep 83% (5000 pieces, 2 threads)
  ...t=2.582e+10 tail sweep 91% (5500 pieces, 2 threads)
  ...t=2.582e+10 tail sweep 91% (5500 pieces, 2 threads)
  ...t=2.582e+10 tail sweep 91% (5500 pieces, 2 threads)
  ...t=2.582e+10 tail sweep 91% (5500 pieces, 2 threads)
  ...t=2.582e+10 tail sweep 99% (6000 pieces, 2 threads)
  ...t=2.582e+10 tail sweep 99% (6000 pieces, 2 threads)
  ...t=2.582e+10 tail sweep 99% (6000 pieces, 2 threads)
  ...t=2.582e+10 tail sweep 99% (6000 pieces, 2 threads)
  pt win=2 k=-3 x=2.582e+10 t=25818780434.21218 mnew=1.0000 mcert=1.0000 bexp=2.27e-03
  pt win=2 k=-2 x=2.582e+10 t=25818780434.71218 mnew=1.0000 mcert=1.0000 bexp=2.37e-03
  pt win=2 k=-1 x=2.582e+10 t=25818780435.21218 mnew=1.0000 mcert=1.0000 bexp=2.31e-03
  pt win=2 k=+1 x=2.582e+10 t=25818780436.21218 mnew=1.0000 mcert=1.0000 bexp=2.63e-03
  ...t=2.582e+10 tail sweep 8% (500 pieces, 2 threads)
  ...t=2.582e+10 tail sweep 8% (500 pieces, 2 threads)
  ...t=2.582e+10 tail sweep 8% (500 pieces, 2 threads)
  ...t=2.582e+10 tail sweep 8% (500 pieces, 2 threads)
  ...t=2.582e+10 tail sweep 17% (1000 pieces, 2 threads)
  ...t=2.582e+10 tail sweep 17% (1000 pieces, 2 threads)
  ...t=2.582e+10 tail sweep 17% (1000 pieces, 2 threads)
  ...t=2.582e+10 tail sweep 17% (1000 pieces, 2 threads)
  ...t=2.582e+10 tail sweep 25% (1500 pieces, 2 threads)
  ...t=2.582e+10 tail sweep 25% (1500 pieces, 2 threads)
  ...t=2.582e+10 tail sweep 25% (1500 pieces, 2 threads)
  ...t=2.582e+10 tail sweep 25% (1500 pieces, 2 threads)
  ...t=2.582e+10 tail sweep 33% (2000 pieces, 2 threads)
  ...t=2.582e+10 tail sweep 33% (2000 pieces, 2 threads)
  ...t=2.582e+10 tail sweep 33% (2000 pieces, 2 threads)
  ...t=2.582e+10 tail sweep 33% (2000 pieces, 2 threads)
  ...t=2.582e+10 tail sweep 41% (2500 pieces, 2 threads)
  ...t=2.582e+10 tail sweep 41% (2500 pieces, 2 threads)
  ...t=2.582e+10 tail sweep 41% (2500 pieces, 2 threads)
  ...t=2.582e+10 tail sweep 41% (2500 pieces, 2 threads)
  ...t=2.582e+10 tail sweep 50% (3000 pieces, 2 threads)
  ...t=2.582e+10 tail sweep 50% (3000 pieces, 2 threads)
  ...t=2.582e+10 tail sweep 50% (3000 pieces, 2 threads)
  ...t=2.582e+10 tail sweep 50% (3000 pieces, 2 threads)
  ...t=2.582e+10 tail sweep 58% (3500 pieces, 2 threads)
  ...t=2.582e+10 tail sweep 58% (3500 pieces, 2 threads)
  ...t=2.582e+10 tail sweep 58% (3500 pieces, 2 threads)  ...t=2.582e+10 tail sweep 58% (3500 pieces, 2 threads)

  ...t=2.582e+10 tail sweep 66% (4000 pieces, 2 threads)
  ...t=2.582e+10 tail sweep 66% (4000 pieces, 2 threads)
  ...t=2.582e+10 tail sweep 66% (4000 pieces, 2 threads)
  ...t=2.582e+10 tail sweep 66% (4000 pieces, 2 threads)
  ...t=2.582e+10 tail sweep 74% (4500 pieces, 2 threads)
  ...t=2.582e+10 tail sweep 74% (4500 pieces, 2 threads)
  ...t=2.582e+10 tail sweep 74% (4500 pieces, 2 threads)
  ...t=2.582e+10 tail sweep 74% (4500 pieces, 2 threads)
  ...t=2.582e+10 tail sweep 83% (5000 pieces, 2 threads)
  ...t=2.582e+10 tail sweep 83% (5000 pieces, 2 threads)
  ...t=2.582e+10 tail sweep 83% (5000 pieces, 2 threads)
  ...t=2.582e+10 tail sweep 83% (5000 pieces, 2 threads)
  ...t=2.582e+10 tail sweep 91% (5500 pieces, 2 threads)
  ...t=2.582e+10 tail sweep 91% (5500 pieces, 2 threads)
  ...t=2.582e+10 tail sweep 91% (5500 pieces, 2 threads)
  ...t=2.582e+10 tail sweep 91% (5500 pieces, 2 threads)
  ...t=2.582e+10 tail sweep 99% (6000 pieces, 2 threads)
  ...t=2.582e+10 tail sweep 99% (6000 pieces, 2 threads)
  ...t=2.582e+10 tail sweep 99% (6000 pieces, 2 threads)
  ...t=2.582e+10 tail sweep 99% (6000 pieces, 2 threads)
  pt win=2 k=+2 x=2.582e+10 t=25818780436.71218 mnew=1.0000 mcert=1.0000 bexp=2.33e-03
  pt win=2 k=+3 x=2.582e+10 t=25818780437.21218 mnew=1.0000 mcert=1.0000 bexp=2.26e-03
  pt win=2 k=+4 x=2.582e+10 t=25818780437.71218 mnew=1.0000 mcert=1.0000 bexp=2.30e-03
  pt win=2 k=+5 x=2.582e+10 t=25818780438.21218 mnew=1.0000 mcert=1.0000 bexp=2.34e-03
  ...t=2.582e+10 tail sweep 8% (500 pieces, 2 threads)
  ...t=2.582e+10 tail sweep 8% (500 pieces, 2 threads)
  ...t=2.582e+10 tail sweep 8% (500 pieces, 2 threads)
  ...t=2.582e+10 tail sweep 8% (500 pieces, 2 threads)
  ...t=2.582e+10 tail sweep 17% (1000 pieces, 2 threads)
  ...t=2.582e+10 tail sweep 17% (1000 pieces, 2 threads)
  ...t=2.582e+10 tail sweep 17% (1000 pieces, 2 threads)
  ...t=2.582e+10 tail sweep 17% (1000 pieces, 2 threads)
  ...t=2.582e+10 tail sweep 25% (1500 pieces, 2 threads)
  ...t=2.582e+10 tail sweep 25% (1500 pieces, 2 threads)
  ...t=2.582e+10 tail sweep 25% (1500 pieces, 2 threads)
  ...t=2.582e+10 tail sweep 25% (1500 pieces, 2 threads)
  ...t=2.582e+10 tail sweep 33% (2000 pieces, 2 threads)
  ...t=2.582e+10 tail sweep 33% (2000 pieces, 2 threads)
  ...t=2.582e+10 tail sweep 33% (2000 pieces, 2 threads)
  ...t=2.582e+10 tail sweep 33% (2000 pieces, 2 threads)
  ...t=2.582e+10 tail sweep 41% (2500 pieces, 2 threads)
  ...t=2.582e+10 tail sweep 41% (2500 pieces, 2 threads)
  ...t=2.582e+10 tail sweep 41% (2500 pieces, 2 threads)
  ...t=2.582e+10 tail sweep 41% (2500 pieces, 2 threads)
  ...t=2.582e+10 tail sweep 50% (3000 pieces, 2 threads)
  ...t=2.582e+10 tail sweep 50% (3000 pieces, 2 threads)
  ...t=2.582e+10 tail sweep 50% (3000 pieces, 2 threads)
  ...t=2.582e+10 tail sweep 50% (3000 pieces, 2 threads)
  ...t=2.582e+10 tail sweep 58% (3500 pieces, 2 threads)
  ...t=2.582e+10 tail sweep 58% (3500 pieces, 2 threads)
  ...t=2.582e+10 tail sweep 58% (3500 pieces, 2 threads)
  ...t=2.582e+10 tail sweep 58% (3500 pieces, 2 threads)
  ...t=2.582e+10 tail sweep 66% (4000 pieces, 2 threads)
  ...t=2.582e+10 tail sweep 66% (4000 pieces, 2 threads)
  ...t=2.582e+10 tail sweep 66% (4000 pieces, 2 threads)
  ...t=2.582e+10 tail sweep 66% (4000 pieces, 2 threads)
  ...t=2.582e+10 tail sweep 74% (4500 pieces, 2 threads)
  ...t=2.582e+10 tail sweep 74% (4500 pieces, 2 threads)
  ...t=2.582e+10 tail sweep 74% (4500 pieces, 2 threads)
  ...t=2.582e+10 tail sweep 74% (4500 pieces, 2 threads)
  ...t=2.582e+10 tail sweep 83% (5000 pieces, 2 threads)
  ...t=2.582e+10 tail sweep 83% (5000 pieces, 2 threads)
  ...t=2.582e+10 tail sweep 83% (5000 pieces, 2 threads)
  ...t=2.582e+10 tail sweep 83% (5000 pieces, 2 threads)
  ...t=2.582e+10 tail sweep 91% (5500 pieces, 2 threads)
  ...t=2.582e+10 tail sweep 91% (5500 pieces, 2 threads)
  ...t=2.582e+10 tail sweep 91% (5500 pieces, 2 threads)
  ...t=2.582e+10 tail sweep 91% (5500 pieces, 2 threads)
  ...t=2.582e+10 tail sweep 99% (6000 pieces, 2 threads)
  ...t=2.582e+10 tail sweep 99% (6000 pieces, 2 threads)
  ...t=2.582e+10 tail sweep 99% (6000 pieces, 2 threads)
  ...t=2.582e+10 tail sweep 99% (6000 pieces, 2 threads)
  pt win=2 k=+7 x=2.582e+10 t=25818780439.21218 mnew=1.0000 mcert=1.0000 bexp=2.27e-03
  pt win=2 k=+6 x=2.582e+10 t=25818780438.71218 mnew=1.0000 mcert=1.0000 bexp=2.36e-03
  pt win=2 k=+9 x=2.582e+10 t=25818780440.21218 mnew=1.0000 mcert=1.0000 bexp=2.31e-03
  pt win=2 k=+8 x=2.582e+10 t=25818780439.71218 mnew=1.0000 mcert=1.0000 bexp=2.26e-03
  ...t=2.582e+10 tail sweep 8% (500 pieces, 2 threads)
  ...t=2.582e+10 tail sweep 8% (500 pieces, 2 threads)
  ...t=2.582e+10 tail sweep 8% (500 pieces, 2 threads)
  ...t=2.788e+10 tail sweep 8% (500 pieces, 2 threads)
  ...t=2.582e+10 tail sweep 17% (1000 pieces, 2 threads)
  ...t=2.582e+10 tail sweep 17% (1000 pieces, 2 threads)
  ...t=2.582e+10 tail sweep 17% (1000 pieces, 2 threads)
  ...t=2.788e+10 tail sweep 17% (1000 pieces, 2 threads)
  ...t=2.582e+10 tail sweep 25% (1500 pieces, 2 threads)
  ...t=2.788e+10 tail sweep 25% (1500 pieces, 2 threads)
  ...t=2.582e+10 tail sweep 25% (1500 pieces, 2 threads)
  ...t=2.582e+10 tail sweep 25% (1500 pieces, 2 threads)
  ...t=2.582e+10 tail sweep 33% (2000 pieces, 2 threads)
  ...t=2.582e+10 tail sweep 33% (2000 pieces, 2 threads)
  ...t=2.788e+10 tail sweep 33% (2000 pieces, 2 threads)
  ...t=2.582e+10 tail sweep 33% (2000 pieces, 2 threads)
  ...t=2.582e+10 tail sweep 41% (2500 pieces, 2 threads)
  ...t=2.582e+10 tail sweep 41% (2500 pieces, 2 threads)
  ...t=2.582e+10 tail sweep 41% (2500 pieces, 2 threads)
  ...t=2.788e+10 tail sweep 41% (2500 pieces, 2 threads)
  ...t=2.582e+10 tail sweep 50% (3000 pieces, 2 threads)
  ...t=2.788e+10 tail sweep 50% (3000 pieces, 2 threads)
  ...t=2.582e+10 tail sweep 50% (3000 pieces, 2 threads)
  ...t=2.582e+10 tail sweep 50% (3000 pieces, 2 threads)
  ...t=2.582e+10 tail sweep 58% (3500 pieces, 2 threads)
  ...t=2.582e+10 tail sweep 58% (3500 pieces, 2 threads)
  ...t=2.582e+10 tail sweep 58% (3500 pieces, 2 threads)
  ...t=2.788e+10 tail sweep 58% (3500 pieces, 2 threads)
  ...t=2.582e+10 tail sweep 66% (4000 pieces, 2 threads)
  ...t=2.582e+10 tail sweep 66% (4000 pieces, 2 threads)
  ...t=2.788e+10 tail sweep 66% (4000 pieces, 2 threads)
  ...t=2.582e+10 tail sweep 66% (4000 pieces, 2 threads)
  ...t=2.788e+10 tail sweep 74% (4500 pieces, 2 threads)
  ...t=2.582e+10 tail sweep 74% (4500 pieces, 2 threads)
  ...t=2.582e+10 tail sweep 74% (4500 pieces, 2 threads)
  ...t=2.582e+10 tail sweep 74% (4500 pieces, 2 threads)
  ...t=2.788e+10 tail sweep 83% (5000 pieces, 2 threads)
  ...t=2.582e+10 tail sweep 83% (5000 pieces, 2 threads)
  ...t=2.582e+10 tail sweep 83% (5000 pieces, 2 threads)
  ...t=2.582e+10 tail sweep 83% (5000 pieces, 2 threads)
  ...t=2.788e+10 tail sweep 91% (5500 pieces, 2 threads)
  ...t=2.582e+10 tail sweep 91% (5500 pieces, 2 threads)
  ...t=2.582e+10 tail sweep 91% (5500 pieces, 2 threads)
  ...t=2.582e+10 tail sweep 91% (5500 pieces, 2 threads)
  ...t=2.582e+10 tail sweep 99% (6000 pieces, 2 threads)
  ...t=2.582e+10 tail sweep 99% (6000 pieces, 2 threads)
  ...t=2.582e+10 tail sweep 99% (6000 pieces, 2 threads)
  ...t=2.788e+10 tail sweep 99% (6000 pieces, 2 threads)
  pt win=2 k=+10 x=2.582e+10 t=25818780440.71218 mnew=1.0000 mcert=1.0000 bexp=2.32e-03
  pt win=2 k=+11 x=2.582e+10 t=25818780441.21218 mnew=1.0000 mcert=1.0000 bexp=2.28e-03
  pt win=2 k=+12 x=2.582e+10 t=25818780441.71218 mnew=1.0000 mcert=1.0000 bexp=2.28e-03
  pt win=3 k=-12 x=2.788e+10 t=27884282864.57845 mnew=1.0000 mcert=1.0000 bexp=2.34e-03
  ...t=2.788e+10 tail sweep 8% (500 pieces, 2 threads)
  ...t=2.788e+10 tail sweep 8% (500 pieces, 2 threads)
  ...t=2.788e+10 tail sweep 8% (500 pieces, 2 threads)
  ...t=2.788e+10 tail sweep 8% (500 pieces, 2 threads)
  ...t=2.788e+10 tail sweep 17% (1000 pieces, 2 threads)
  ...t=2.788e+10 tail sweep 17% (1000 pieces, 2 threads)
  ...t=2.788e+10 tail sweep 17% (1000 pieces, 2 threads)
  ...t=2.788e+10 tail sweep 17% (1000 pieces, 2 threads)
  ...t=2.788e+10 tail sweep 25% (1500 pieces, 2 threads)
  ...t=2.788e+10 tail sweep 25% (1500 pieces, 2 threads)
  ...t=2.788e+10 tail sweep 25% (1500 pieces, 2 threads)
  ...t=2.788e+10 tail sweep 25% (1500 pieces, 2 threads)
  ...t=2.788e+10 tail sweep 33% (2000 pieces, 2 threads)
  ...t=2.788e+10 tail sweep 33% (2000 pieces, 2 threads)
  ...t=2.788e+10 tail sweep 33% (2000 pieces, 2 threads)
  ...t=2.788e+10 tail sweep 33% (2000 pieces, 2 threads)
  ...t=2.788e+10 tail sweep 41% (2500 pieces, 2 threads)
  ...t=2.788e+10 tail sweep 41% (2500 pieces, 2 threads)
  ...t=2.788e+10 tail sweep 41% (2500 pieces, 2 threads)
  ...t=2.788e+10 tail sweep 41% (2500 pieces, 2 threads)
  ...t=2.788e+10 tail sweep 50% (3000 pieces, 2 threads)
  ...t=2.788e+10 tail sweep 50% (3000 pieces, 2 threads)
  ...t=2.788e+10 tail sweep 50% (3000 pieces, 2 threads)
  ...t=2.788e+10 tail sweep 50% (3000 pieces, 2 threads)
  ...t=2.788e+10 tail sweep 58% (3500 pieces, 2 threads)
  ...t=2.788e+10 tail sweep 58% (3500 pieces, 2 threads)
  ...t=2.788e+10 tail sweep 58% (3500 pieces, 2 threads)
  ...t=2.788e+10 tail sweep 58% (3500 pieces, 2 threads)
  ...t=2.788e+10 tail sweep 66% (4000 pieces, 2 threads)
  ...t=2.788e+10 tail sweep 66% (4000 pieces, 2 threads)
  ...t=2.788e+10 tail sweep 66% (4000 pieces, 2 threads)
  ...t=2.788e+10 tail sweep 66% (4000 pieces, 2 threads)
  ...t=2.788e+10 tail sweep 74% (4500 pieces, 2 threads)
  ...t=2.788e+10 tail sweep 74% (4500 pieces, 2 threads)
  ...t=2.788e+10 tail sweep 74% (4500 pieces, 2 threads)
  ...t=2.788e+10 tail sweep 74% (4500 pieces, 2 threads)
  ...t=2.788e+10 tail sweep 83% (5000 pieces, 2 threads)
  ...t=2.788e+10 tail sweep 83% (5000 pieces, 2 threads)
  ...t=2.788e+10 tail sweep 83% (5000 pieces, 2 threads)
  ...t=2.788e+10 tail sweep 83% (5000 pieces, 2 threads)
  ...t=2.788e+10 tail sweep 91% (5500 pieces, 2 threads)
  ...t=2.788e+10 tail sweep 91% (5500 pieces, 2 threads)
  ...t=2.788e+10 tail sweep 91% (5500 pieces, 2 threads)
  ...t=2.788e+10 tail sweep 91% (5500 pieces, 2 threads)
  ...t=2.788e+10 tail sweep 99% (6000 pieces, 2 threads)
  ...t=2.788e+10 tail sweep 99% (6000 pieces, 2 threads)
  ...t=2.788e+10 tail sweep 99% (6000 pieces, 2 threads)
  ...t=2.788e+10 tail sweep 99% (6000 pieces, 2 threads)
  pt win=3 k=-10 x=2.788e+10 t=27884282865.57845 mnew=1.0000 mcert=1.0000 bexp=2.35e-03
  pt win=3 k=-8 x=2.788e+10 t=27884282866.57845 mnew=1.0000 mcert=1.0000 bexp=2.41e-03
  pt win=3 k=-11 x=2.788e+10 t=27884282865.07845 mnew=1.0000 mcert=1.0000 bexp=2.33e-03
  pt win=3 k=-9 x=2.788e+10 t=27884282866.07845 mnew=1.0000 mcert=1.0000 bexp=2.38e-03
  ...t=2.788e+10 tail sweep 8% (500 pieces, 2 threads)
  ...t=2.788e+10 tail sweep 8% (500 pieces, 2 threads)
  ...t=2.788e+10 tail sweep 8% (500 pieces, 2 threads)
  ...t=2.788e+10 tail sweep 8% (500 pieces, 2 threads)
  ...t=2.788e+10 tail sweep 17% (1000 pieces, 2 threads)
  ...t=2.788e+10 tail sweep 17% (1000 pieces, 2 threads)
  ...t=2.788e+10 tail sweep 17% (1000 pieces, 2 threads)
  ...t=2.788e+10 tail sweep 17% (1000 pieces, 2 threads)
  ...t=2.788e+10 tail sweep 25% (1500 pieces, 2 threads)
  ...t=2.788e+10 tail sweep 25% (1500 pieces, 2 threads)
  ...t=2.788e+10 tail sweep 25% (1500 pieces, 2 threads)
  ...t=2.788e+10 tail sweep 25% (1500 pieces, 2 threads)
  ...t=2.788e+10 tail sweep 33% (2000 pieces, 2 threads)
  ...t=2.788e+10 tail sweep 33% (2000 pieces, 2 threads)
  ...t=2.788e+10 tail sweep 33% (2000 pieces, 2 threads)
  ...t=2.788e+10 tail sweep 33% (2000 pieces, 2 threads)
  ...t=2.788e+10 tail sweep 41% (2500 pieces, 2 threads)
  ...t=2.788e+10 tail sweep 41% (2500 pieces, 2 threads)
  ...t=2.788e+10 tail sweep 41% (2500 pieces, 2 threads)
  ...t=2.788e+10 tail sweep 41% (2500 pieces, 2 threads)
  ...t=2.788e+10 tail sweep 50% (3000 pieces, 2 threads)
  ...t=2.788e+10 tail sweep 50% (3000 pieces, 2 threads)
  ...t=2.788e+10 tail sweep 50% (3000 pieces, 2 threads)
  ...t=2.788e+10 tail sweep 50% (3000 pieces, 2 threads)
  ...t=2.788e+10 tail sweep 58% (3500 pieces, 2 threads)
  ...t=2.788e+10 tail sweep 58% (3500 pieces, 2 threads)
  ...t=2.788e+10 tail sweep 58% (3500 pieces, 2 threads)
  ...t=2.788e+10 tail sweep 58% (3500 pieces, 2 threads)
  ...t=2.788e+10 tail sweep 66% (4000 pieces, 2 threads)
  ...t=2.788e+10 tail sweep 66% (4000 pieces, 2 threads)
  ...t=2.788e+10 tail sweep 66% (4000 pieces, 2 threads)
  ...t=2.788e+10 tail sweep 66% (4000 pieces, 2 threads)
  ...t=2.788e+10 tail sweep 74% (4500 pieces, 2 threads)
  ...t=2.788e+10 tail sweep 74% (4500 pieces, 2 threads)
  ...t=2.788e+10 tail sweep 74% (4500 pieces, 2 threads)
  ...t=2.788e+10 tail sweep 74% (4500 pieces, 2 threads)
  ...t=2.788e+10 tail sweep 83% (5000 pieces, 2 threads)
  ...t=2.788e+10 tail sweep 83% (5000 pieces, 2 threads)
  ...t=2.788e+10 tail sweep 83% (5000 pieces, 2 threads)
  ...t=2.788e+10 tail sweep 83% (5000 pieces, 2 threads)
  ...t=2.788e+10 tail sweep 91% (5500 pieces, 2 threads)
  ...t=2.788e+10 tail sweep 91% (5500 pieces, 2 threads)
  ...t=2.788e+10 tail sweep 91% (5500 pieces, 2 threads)
  ...t=2.788e+10 tail sweep 91% (5500 pieces, 2 threads)
  ...t=2.788e+10 tail sweep 99% (6000 pieces, 2 threads)
  ...t=2.788e+10 tail sweep 99% (6000 pieces, 2 threads)
  ...t=2.788e+10 tail sweep 99% (6000 pieces, 2 threads)
  ...t=2.788e+10 tail sweep 99% (6000 pieces, 2 threads)
  pt win=3 k=-4 x=2.788e+10 t=27884282868.57845 mnew=1.0000 mcert=1.0000 bexp=2.39e-03
  pt win=3 k=-7 x=2.788e+10 t=27884282867.07845 mnew=1.0000 mcert=1.0000 bexp=2.48e-03
  pt win=3 k=-5 x=2.788e+10 t=27884282868.07845 mnew=1.0000 mcert=1.0000 bexp=2.39e-03
  pt win=3 k=-6 x=2.788e+10 t=27884282867.57845 mnew=1.0000 mcert=1.0000 bexp=2.39e-03
  ...t=2.788e+10 tail sweep 8% (500 pieces, 2 threads)
  ...t=2.788e+10 tail sweep 8% (500 pieces, 2 threads)
  ...t=2.788e+10 tail sweep 8% (500 pieces, 2 threads)
  ...t=2.788e+10 tail sweep 8% (500 pieces, 2 threads)
  ...t=2.788e+10 tail sweep 17% (1000 pieces, 2 threads)
  ...t=2.788e+10 tail sweep 17% (1000 pieces, 2 threads)
  ...t=2.788e+10 tail sweep 17% (1000 pieces, 2 threads)
  ...t=2.788e+10 tail sweep 17% (1000 pieces, 2 threads)
  ...t=2.788e+10 tail sweep 25% (1500 pieces, 2 threads)
  ...t=2.788e+10 tail sweep 25% (1500 pieces, 2 threads)
  ...t=2.788e+10 tail sweep 25% (1500 pieces, 2 threads)
  ...t=2.788e+10 tail sweep 25% (1500 pieces, 2 threads)
  ...t=2.788e+10 tail sweep 33% (2000 pieces, 2 threads)
  ...t=2.788e+10 tail sweep 33% (2000 pieces, 2 threads)
  ...t=2.788e+10 tail sweep 33% (2000 pieces, 2 threads)
  ...t=2.788e+10 tail sweep 33% (2000 pieces, 2 threads)
  ...t=2.788e+10 tail sweep 41% (2500 pieces, 2 threads)
  ...t=2.788e+10 tail sweep 41% (2500 pieces, 2 threads)
  ...t=2.788e+10 tail sweep 41% (2500 pieces, 2 threads)
  ...t=2.788e+10 tail sweep 41% (2500 pieces, 2 threads)
  ...t=2.788e+10 tail sweep 50% (3000 pieces, 2 threads)
  ...t=2.788e+10 tail sweep 50% (3000 pieces, 2 threads)
  ...t=2.788e+10 tail sweep 50% (3000 pieces, 2 threads)
  ...t=2.788e+10 tail sweep 50% (3000 pieces, 2 threads)
  ...t=2.788e+10 tail sweep 58% (3500 pieces, 2 threads)
  ...t=2.788e+10 tail sweep 58% (3500 pieces, 2 threads)
  ...t=2.788e+10 tail sweep 58% (3500 pieces, 2 threads)
  ...t=2.788e+10 tail sweep 58% (3500 pieces, 2 threads)
  ...t=2.788e+10 tail sweep 66% (4000 pieces, 2 threads)
  ...t=2.788e+10 tail sweep 66% (4000 pieces, 2 threads)
  ...t=2.788e+10 tail sweep 66% (4000 pieces, 2 threads)
  ...t=2.788e+10 tail sweep 66% (4000 pieces, 2 threads)
  ...t=2.788e+10 tail sweep 74% (4500 pieces, 2 threads)
  ...t=2.788e+10 tail sweep 74% (4500 pieces, 2 threads)
  ...t=2.788e+10 tail sweep 74% (4500 pieces, 2 threads)
  ...t=2.788e+10 tail sweep 74% (4500 pieces, 2 threads)
  ...t=2.788e+10 tail sweep 83% (5000 pieces, 2 threads)
  ...t=2.788e+10 tail sweep 83% (5000 pieces, 2 threads)
  ...t=2.788e+10 tail sweep 83% (5000 pieces, 2 threads)
  ...t=2.788e+10 tail sweep 83% (5000 pieces, 2 threads)
  ...t=2.788e+10 tail sweep 91% (5500 pieces, 2 threads)
  ...t=2.788e+10 tail sweep 91% (5500 pieces, 2 threads)
  ...t=2.788e+10 tail sweep 91% (5500 pieces, 2 threads)
  ...t=2.788e+10 tail sweep 91% (5500 pieces, 2 threads)
  ...t=2.788e+10 tail sweep 99% (6000 pieces, 2 threads)
  ...t=2.788e+10 tail sweep 99% (6000 pieces, 2 threads)
  ...t=2.788e+10 tail sweep 99% (6000 pieces, 2 threads)
  ...t=2.788e+10 tail sweep 99% (6000 pieces, 2 threads)
  pt win=3 k=+1 x=2.788e+10 t=27884282871.07845 mnew=1.0000 mcert=1.0000 bexp=2.33e-03
  pt win=3 k=-1 x=2.788e+10 t=27884282870.07845 mnew=1.0000 mcert=1.0000 bexp=2.48e-03
  pt win=3 k=-3 x=2.788e+10 t=27884282869.07845 mnew=1.0000 mcert=1.0000 bexp=2.37e-03
  pt win=3 k=-2 x=2.788e+10 t=27884282869.57845 mnew=1.0000 mcert=1.0000 bexp=2.35e-03
  ...t=2.788e+10 tail sweep 8% (500 pieces, 2 threads)
  ...t=2.788e+10 tail sweep 8% (500 pieces, 2 threads)
  ...t=2.788e+10 tail sweep 8% (500 pieces, 2 threads)
  ...t=2.788e+10 tail sweep 8% (500 pieces, 2 threads)
  ...t=2.788e+10 tail sweep 17% (1000 pieces, 2 threads)
  ...t=2.788e+10 tail sweep 17% (1000 pieces, 2 threads)
  ...t=2.788e+10 tail sweep 17% (1000 pieces, 2 threads)
  ...t=2.788e+10 tail sweep 17% (1000 pieces, 2 threads)
  ...t=2.788e+10 tail sweep 25% (1500 pieces, 2 threads)
  ...t=2.788e+10 tail sweep 25% (1500 pieces, 2 threads)
  ...t=2.788e+10 tail sweep 25% (1500 pieces, 2 threads)
  ...t=2.788e+10 tail sweep 25% (1500 pieces, 2 threads)
  ...t=2.788e+10 tail sweep 33% (2000 pieces, 2 threads)
  ...t=2.788e+10 tail sweep 33% (2000 pieces, 2 threads)
  ...t=2.788e+10 tail sweep 33% (2000 pieces, 2 threads)
  ...t=2.788e+10 tail sweep 33% (2000 pieces, 2 threads)
  ...t=2.788e+10 tail sweep 41% (2500 pieces, 2 threads)
  ...t=2.788e+10 tail sweep 41% (2500 pieces, 2 threads)
  ...t=2.788e+10 tail sweep 41% (2500 pieces, 2 threads)
  ...t=2.788e+10 tail sweep 41% (2500 pieces, 2 threads)
  ...t=2.788e+10 tail sweep 50% (3000 pieces, 2 threads)
  ...t=2.788e+10 tail sweep 50% (3000 pieces, 2 threads)
  ...t=2.788e+10 tail sweep 50% (3000 pieces, 2 threads)
  ...t=2.788e+10 tail sweep 50% (3000 pieces, 2 threads)
  ...t=2.788e+10 tail sweep 58% (3500 pieces, 2 threads)
  ...t=2.788e+10 tail sweep 58% (3500 pieces, 2 threads)
  ...t=2.788e+10 tail sweep 58% (3500 pieces, 2 threads)
  ...t=2.788e+10 tail sweep 58% (3500 pieces, 2 threads)
  ...t=2.788e+10 tail sweep 66% (4000 pieces, 2 threads)
  ...t=2.788e+10 tail sweep 66% (4000 pieces, 2 threads)
  ...t=2.788e+10 tail sweep 66% (4000 pieces, 2 threads)  ...t=2.788e+10 tail sweep 66% (4000 pieces, 2 threads)

  ...t=2.788e+10 tail sweep 74% (4500 pieces, 2 threads)
  ...t=2.788e+10 tail sweep 74% (4500 pieces, 2 threads)
  ...t=2.788e+10 tail sweep 74% (4500 pieces, 2 threads)
  ...t=2.788e+10 tail sweep 74% (4500 pieces, 2 threads)
  ...t=2.788e+10 tail sweep 83% (5000 pieces, 2 threads)
  ...t=2.788e+10 tail sweep 83% (5000 pieces, 2 threads)
  ...t=2.788e+10 tail sweep 83% (5000 pieces, 2 threads)
  ...t=2.788e+10 tail sweep 83% (5000 pieces, 2 threads)
  ...t=2.788e+10 tail sweep 91% (5500 pieces, 2 threads)
  ...t=2.788e+10 tail sweep 91% (5500 pieces, 2 threads)
  ...t=2.788e+10 tail sweep 91% (5500 pieces, 2 threads)
  ...t=2.788e+10 tail sweep 91% (5500 pieces, 2 threads)
  ...t=2.788e+10 tail sweep 99% (6000 pieces, 2 threads)
  ...t=2.788e+10 tail sweep 99% (6000 pieces, 2 threads)
  ...t=2.788e+10 tail sweep 99% (6000 pieces, 2 threads)
  ...t=2.788e+10 tail sweep 99% (6000 pieces, 2 threads)
  pt win=3 k=+4 x=2.788e+10 t=27884282872.57845 mnew=1.0000 mcert=1.0000 bexp=2.33e-03
  pt win=3 k=+5 x=2.788e+10 t=27884282873.07845 mnew=1.0000 mcert=1.0000 bexp=4.78e-03
  pt win=3 k=+2 x=2.788e+10 t=27884282871.57845 mnew=1.0000 mcert=1.0000 bexp=2.35e-03
  pt win=3 k=+3 x=2.788e+10 t=27884282872.07845 mnew=1.0000 mcert=1.0000 bexp=2.38e-03
  ...t=2.788e+10 tail sweep 8% (500 pieces, 2 threads)
  ...t=2.788e+10 tail sweep 8% (500 pieces, 2 threads)
  ...t=2.788e+10 tail sweep 8% (500 pieces, 2 threads)
  ...t=2.788e+10 tail sweep 8% (500 pieces, 2 threads)
  ...t=2.788e+10 tail sweep 17% (1000 pieces, 2 threads)
  ...t=2.788e+10 tail sweep 17% (1000 pieces, 2 threads)
  ...t=2.788e+10 tail sweep 17% (1000 pieces, 2 threads)
  ...t=2.788e+10 tail sweep 17% (1000 pieces, 2 threads)
  ...t=2.788e+10 tail sweep 25% (1500 pieces, 2 threads)
  ...t=2.788e+10 tail sweep 25% (1500 pieces, 2 threads)
  ...t=2.788e+10 tail sweep 25% (1500 pieces, 2 threads)
  ...t=2.788e+10 tail sweep 25% (1500 pieces, 2 threads)
  ...t=2.788e+10 tail sweep 33% (2000 pieces, 2 threads)
  ...t=2.788e+10 tail sweep 33% (2000 pieces, 2 threads)
  ...t=2.788e+10 tail sweep 33% (2000 pieces, 2 threads)
  ...t=2.788e+10 tail sweep 33% (2000 pieces, 2 threads)
  ...t=2.788e+10 tail sweep 41% (2500 pieces, 2 threads)
  ...t=2.788e+10 tail sweep 41% (2500 pieces, 2 threads)
  ...t=2.788e+10 tail sweep 41% (2500 pieces, 2 threads)
  ...t=2.788e+10 tail sweep 41% (2500 pieces, 2 threads)
  ...t=2.788e+10 tail sweep 50% (3000 pieces, 2 threads)
  ...t=2.788e+10 tail sweep 50% (3000 pieces, 2 threads)
  ...t=2.788e+10 tail sweep 50% (3000 pieces, 2 threads)
  ...t=2.788e+10 tail sweep 50% (3000 pieces, 2 threads)
  ...t=2.788e+10 tail sweep 58% (3500 pieces, 2 threads)
  ...t=2.788e+10 tail sweep 58% (3500 pieces, 2 threads)
  ...t=2.788e+10 tail sweep 58% (3500 pieces, 2 threads)
  ...t=2.788e+10 tail sweep 58% (3500 pieces, 2 threads)
  ...t=2.788e+10 tail sweep 66% (4000 pieces, 2 threads)
  ...t=2.788e+10 tail sweep 66% (4000 pieces, 2 threads)
  ...t=2.788e+10 tail sweep 66% (4000 pieces, 2 threads)
  ...t=2.788e+10 tail sweep 66% (4000 pieces, 2 threads)
  ...t=2.788e+10 tail sweep 74% (4500 pieces, 2 threads)
  ...t=2.788e+10 tail sweep 74% (4500 pieces, 2 threads)
  ...t=2.788e+10 tail sweep 74% (4500 pieces, 2 threads)
  ...t=2.788e+10 tail sweep 74% (4500 pieces, 2 threads)
  ...t=2.788e+10 tail sweep 83% (5000 pieces, 2 threads)
  ...t=2.788e+10 tail sweep 83% (5000 pieces, 2 threads)
  ...t=2.788e+10 tail sweep 83% (5000 pieces, 2 threads)
  ...t=2.788e+10 tail sweep 83% (5000 pieces, 2 threads)
  ...t=2.788e+10 tail sweep 91% (5500 pieces, 2 threads)
  ...t=2.788e+10 tail sweep 91% (5500 pieces, 2 threads)
  ...t=2.788e+10 tail sweep 91% (5500 pieces, 2 threads)
  ...t=2.788e+10 tail sweep 91% (5500 pieces, 2 threads)
  ...t=2.788e+10 tail sweep 99% (6000 pieces, 2 threads)
  ...t=2.788e+10 tail sweep 99% (6000 pieces, 2 threads)
  ...t=2.788e+10 tail sweep 99% (6000 pieces, 2 threads)
  ...t=2.788e+10 tail sweep 99% (6000 pieces, 2 threads)
  pt win=3 k=+9 x=2.788e+10 t=27884282875.07845 mnew=1.0000 mcert=1.0000 bexp=2.34e-03
  pt win=3 k=+6 x=2.788e+10 t=27884282873.57845 mnew=1.0000 mcert=1.0000 bexp=2.42e-03
  pt win=3 k=+7 x=2.788e+10 t=27884282874.07845 mnew=1.0000 mcert=1.0000 bexp=2.38e-03
  pt win=3 k=+8 x=2.788e+10 t=27884282874.57845 mnew=1.0000 mcert=1.0000 bexp=2.37e-03
  ...t=2.788e+10 tail sweep 8% (500 pieces, 2 threads)
  ...t=2.788e+10 tail sweep 8% (500 pieces, 2 threads)
  ...t=2.788e+10 tail sweep 8% (500 pieces, 2 threads)
  ...t=2.788e+10 tail sweep 17% (1000 pieces, 2 threads)
  ...t=2.788e+10 tail sweep 17% (1000 pieces, 2 threads)
  ...t=2.788e+10 tail sweep 17% (1000 pieces, 2 threads)
  ...t=2.788e+10 tail sweep 25% (1500 pieces, 2 threads)
  ...t=2.788e+10 tail sweep 25% (1500 pieces, 2 threads)
  ...t=2.788e+10 tail sweep 25% (1500 pieces, 2 threads)
  ...t=2.788e+10 tail sweep 33% (2000 pieces, 2 threads)
  ...t=2.788e+10 tail sweep 33% (2000 pieces, 2 threads)
  ...t=2.788e+10 tail sweep 33% (2000 pieces, 2 threads)
  ...t=2.788e+10 tail sweep 41% (2500 pieces, 2 threads)
  ...t=2.788e+10 tail sweep 41% (2500 pieces, 2 threads)
  ...t=2.788e+10 tail sweep 41% (2500 pieces, 2 threads)
  ...t=2.788e+10 tail sweep 50% (3000 pieces, 2 threads)
  ...t=2.788e+10 tail sweep 50% (3000 pieces, 2 threads)
  ...t=2.788e+10 tail sweep 50% (3000 pieces, 2 threads)
  ...t=2.788e+10 tail sweep 58% (3500 pieces, 2 threads)
  ...t=2.788e+10 tail sweep 58% (3500 pieces, 2 threads)  ...t=2.788e+10 tail sweep 58% (3500 pieces, 2 threads)

  ...t=2.788e+10 tail sweep 66% (4000 pieces, 2 threads)
  ...t=2.788e+10 tail sweep 66% (4000 pieces, 2 threads)
  ...t=2.788e+10 tail sweep 66% (4000 pieces, 2 threads)
  ...t=2.788e+10 tail sweep 74% (4500 pieces, 2 threads)
  ...t=2.788e+10 tail sweep 74% (4500 pieces, 2 threads)
  ...t=2.788e+10 tail sweep 74% (4500 pieces, 2 threads)
  ...t=2.788e+10 tail sweep 83% (5000 pieces, 2 threads)
  ...t=2.788e+10 tail sweep 83% (5000 pieces, 2 threads)
  ...t=2.788e+10 tail sweep 83% (5000 pieces, 2 threads)
  ...t=2.788e+10 tail sweep 91% (5500 pieces, 2 threads)
  ...t=2.788e+10 tail sweep 91% (5500 pieces, 2 threads)
  ...t=2.788e+10 tail sweep 91% (5500 pieces, 2 threads)
  ...t=2.788e+10 tail sweep 99% (6000 pieces, 2 threads)
  ...t=2.788e+10 tail sweep 99% (6000 pieces, 2 threads)
  ...t=2.788e+10 tail sweep 99% (6000 pieces, 2 threads)
  pt win=3 k=+12 x=2.788e+10 t=27884282876.57845 mnew=1.0000 mcert=1.0000 bexp=2.34e-03
  pt win=3 k=+11 x=2.788e+10 t=27884282876.07845 mnew=1.0000 mcert=1.0000 bexp=2.34e-03
  pt win=3 k=+10 x=2.788e+10 t=27884282875.57845 mnew=1.0000 mcert=1.0000 bexp=2.36e-03
           x            g best_mnew worst_mcert      btot      flag
 2.21354e+10 22135442760.6195  1.000000   1.000000  2.77e-03 -
 2.39063e+10 23906278181.4319  1.000000   1.000000  2.89e-03 -
 2.58188e+10 25818780435.7122  1.000000   1.000000  3.02e-03 -
 2.78843e+10 27884282870.5784  1.000000   1.000000  3.13e-03 -
worst certified margin = 1.000000 at t = 22135442755.61946 (computed 1.000000)
margin_cert < 1: [22135442755.619, 22135442756.119, 22135442755.119, 22135442754.619, 22135442756.619, 22135442757.119, 22135442757.619, 22135442758.119, 22135442759.119, 22135442760.119, 22135442758.619, 22135442759.619, 23906278175.432, 23906278177.432, 23906278176.432, 23906278175.932, 23906278176.932, 23906278177.932, 23906278178.432, 23906278179.432, 23906278178.932, 23906278180.932, 23906278179.932, 23906278180.432, 25818780429.712, 25818780431.212, 25818780430.712, 25818780430.212, 25818780431.712, 25818780432.212, 25818780432.712, 25818780433.712, 25818780433.212, 25818780434.212, 25818780434.712, 25818780435.212, 27884282864.578, 27884282865.578, 27884282866.578, 27884282865.078, 27884282866.078, 27884282868.578, 27884282867.078, 27884282868.078, 27884282867.578, 27884282870.078, 27884282869.078, 27884282869.578]
margin_new  < 1: [22135442755.619, 22135442756.119, 22135442755.119, 22135442754.619, 22135442756.619, 22135442757.119, 22135442757.619, 22135442758.119, 22135442759.119, 22135442760.119, 22135442758.619, 22135442759.619, 23906278175.432, 23906278177.432, 23906278176.432, 23906278175.932, 23906278176.932, 23906278177.932, 23906278178.432, 23906278179.432, 23906278178.932, 23906278180.932, 23906278179.932, 23906278180.432, 25818780429.712, 25818780431.212, 25818780430.712, 25818780430.212, 25818780431.712, 25818780432.212, 25818780432.712, 25818780433.712, 25818780433.212, 25818780434.212, 25818780434.712, 25818780435.212, 27884282864.578, 27884282865.578, 27884282866.578, 27884282865.078, 27884282866.078, 27884282868.578, 27884282867.078, 27884282868.078, 27884282867.578, 27884282870.078, 27884282869.078, 27884282869.578]
wall = 104914.6 s
STATUS: see the pre-registered reading C-2/C-3
H1  FULL-DONE:  4  windows,  96  points,  assembled  to  /workspace/h1/RH/scripts/rh/out_day038_full_pts.txt;  instance  wall  29.1  h
