H1_WINDOWS:  running  windows  17-20  (4  of  29)
resume:  window   0  (x=1.195909097e+10)  0/24  points  on disk
resume:  window   1  (x=1.291581825e+10)  0/24  points  on disk
resume:  window   2  (x=1.394908371e+10)  0/24  points  on disk
resume:  window   3  (x=1.50650104e+10)  0/24  points  on disk
memguard:  MemAvailable  484.5  GiB,  reserve  28  GiB,  ~2.5  GiB/thread  x  2  threads  ->  allow  <=  10  contexts  (=  20  slab  threads;  11  GPU  clients  incl.  Xorg  vs  budget  11)
day038  gpu  H1-3e10:  FULL,  96  point  jobs  remaining (4  windows,  4  contexts  x  2  threads)
pids: parent=6228 workers=4 written to ckpt_h1_3e10/run.pids
overlap: 152/12626784 zeros differ by <=1.00 ulp (last byte,  rounding-level) --  those indices certified with dg x3
stitch: B from element 12626784 (first zero 1006346000.166784); overlap cross-check 12626632/12626784 byte-equal
tail3e10: L 52290633 + A 2792198664 + B' 3053546936 + C 3142622346 + D 92577877714 = 101618536293 zeros (812.9 GB); G_LAST = 30001045999.981976
overlap: 152/12626784 zeros differ by <=1.00 ulp (last byte,  rounding-level) --  those indices certified with dg x3
stitch: B from element 12626784 (first zero 1006346000.166784); overlap cross-check 12626632/12626784 byte-equal
tail3e10: L 52290633 + A 2792198664 + B' 3053546936 + C 3142622346 + D 92577877714 = 101618536293 zeros (812.9 GB); G_LAST = 30001045999.981976
overlap: 152/12626784 zeros differ by <=1.00 ulp (last byte,  rounding-level) --  those indices certified with dg x3
stitch: B from element 12626784 (first zero 1006346000.166784); overlap cross-check 12626632/12626784 byte-equal
tail3e10: L 52290633 + A 2792198664 + B' 3053546936 + C 3142622346 + D 92577877714 = 101618536293 zeros (812.9 GB); G_LAST = 30001045999.981976
overlap: 152/12626784 zeros differ by <=1.00 ulp (last byte,  rounding-level) --  those indices certified with dg x3
stitch: B from element 12626784 (first zero 1006346000.166784); overlap cross-check 12626632/12626784 byte-equal
tail3e10: L 52290633 + A 2792198664 + B' 3053546936 + C 3142622346 + D 92577877714 = 101618536293 zeros (812.9 GB); G_LAST = 30001045999.981976
  ...t=1.196e+10 tail sweep 8% (500 pieces, 2 threads)
  ...t=1.196e+10 tail sweep 8% (500 pieces, 2 threads)
  ...t=1.196e+10 tail sweep 8% (500 pieces, 2 threads)
  ...t=1.196e+10 tail sweep 8% (500 pieces, 2 threads)
  ...t=1.196e+10 tail sweep 17% (1000 pieces, 2 threads)
  ...t=1.196e+10 tail sweep 17% (1000 pieces, 2 threads)
  ...t=1.196e+10 tail sweep 17% (1000 pieces, 2 threads)
  ...t=1.196e+10 tail sweep 17% (1000 pieces, 2 threads)
  ...t=1.196e+10 tail sweep 25% (1500 pieces, 2 threads)
  ...t=1.196e+10 tail sweep 25% (1500 pieces, 2 threads)
  ...t=1.196e+10 tail sweep 25% (1500 pieces, 2 threads)
  ...t=1.196e+10 tail sweep 25% (1500 pieces, 2 threads)
  ...t=1.196e+10 tail sweep 33% (2000 pieces, 2 threads)
  ...t=1.196e+10 tail sweep 33% (2000 pieces, 2 threads)
  ...t=1.196e+10 tail sweep 33% (2000 pieces, 2 threads)
  ...t=1.196e+10 tail sweep 33% (2000 pieces, 2 threads)
  ...t=1.196e+10 tail sweep 41% (2500 pieces, 2 threads)
  ...t=1.196e+10 tail sweep 41% (2500 pieces, 2 threads)
  ...t=1.196e+10 tail sweep 41% (2500 pieces, 2 threads)
  ...t=1.196e+10 tail sweep 41% (2500 pieces, 2 threads)
  ...t=1.196e+10 tail sweep 50% (3000 pieces, 2 threads)
  ...t=1.196e+10 tail sweep 50% (3000 pieces, 2 threads)
  ...t=1.196e+10 tail sweep 50% (3000 pieces, 2 threads)
  ...t=1.196e+10 tail sweep 50% (3000 pieces, 2 threads)
  ...t=1.196e+10 tail sweep 58% (3500 pieces, 2 threads)
  ...t=1.196e+10 tail sweep 58% (3500 pieces, 2 threads)
  ...t=1.196e+10 tail sweep 58% (3500 pieces, 2 threads)
  ...t=1.196e+10 tail sweep 58% (3500 pieces, 2 threads)
  ...t=1.196e+10 tail sweep 66% (4000 pieces, 2 threads)
  ...t=1.196e+10 tail sweep 66% (4000 pieces, 2 threads)
  ...t=1.196e+10 tail sweep 66% (4000 pieces, 2 threads)
  ...t=1.196e+10 tail sweep 66% (4000 pieces, 2 threads)
  ...t=1.196e+10 tail sweep 74% (4500 pieces, 2 threads)
  ...t=1.196e+10 tail sweep 74% (4500 pieces, 2 threads)
  ...t=1.196e+10 tail sweep 74% (4500 pieces, 2 threads)
  ...t=1.196e+10 tail sweep 74% (4500 pieces, 2 threads)
  ...t=1.196e+10 tail sweep 83% (5000 pieces, 2 threads)
  ...t=1.196e+10 tail sweep 83% (5000 pieces, 2 threads)
  ...t=1.196e+10 tail sweep 83% (5000 pieces, 2 threads)
  ...t=1.196e+10 tail sweep 83% (5000 pieces, 2 threads)
  ...t=1.196e+10 tail sweep 91% (5500 pieces, 2 threads)
  ...t=1.196e+10 tail sweep 91% (5500 pieces, 2 threads)
  ...t=1.196e+10 tail sweep 91% (5500 pieces, 2 threads)
  ...t=1.196e+10 tail sweep 91% (5500 pieces, 2 threads)
  ...t=1.196e+10 tail sweep 99% (6000 pieces, 2 threads)
  ...t=1.196e+10 tail sweep 99% (6000 pieces, 2 threads)
  ...t=1.196e+10 tail sweep 99% (6000 pieces, 2 threads)
  ...t=1.196e+10 tail sweep 99% (6000 pieces, 2 threads)
  pt win=0 k=-10 x=1.196e+10 t=11959090962.97968 mnew=1.0000 mcert=1.0000 bexp=1.25e-03
  pt win=0 k=-11 x=1.196e+10 t=11959090962.47968 mnew=1.0000 mcert=1.0000 bexp=1.27e-03
  pt win=0 k=-9 x=1.196e+10 t=11959090963.47968 mnew=1.0000 mcert=1.0000 bexp=1.28e-03
  pt win=0 k=-12 x=1.196e+10 t=11959090961.97968 mnew=1.0000 mcert=1.0000 bexp=1.25e-03
  ...t=1.196e+10 tail sweep 8% (500 pieces, 2 threads)
  ...t=1.196e+10 tail sweep 8% (500 pieces, 2 threads)
  ...t=1.196e+10 tail sweep 8% (500 pieces, 2 threads)
  ...t=1.196e+10 tail sweep 8% (500 pieces, 2 threads)
  ...t=1.196e+10 tail sweep 17% (1000 pieces, 2 threads)
  ...t=1.196e+10 tail sweep 17% (1000 pieces, 2 threads)
  ...t=1.196e+10 tail sweep 17% (1000 pieces, 2 threads)
  ...t=1.196e+10 tail sweep 17% (1000 pieces, 2 threads)
  ...t=1.196e+10 tail sweep 25% (1500 pieces, 2 threads)
  ...t=1.196e+10 tail sweep 25% (1500 pieces, 2 threads)
  ...t=1.196e+10 tail sweep 25% (1500 pieces, 2 threads)
  ...t=1.196e+10 tail sweep 25% (1500 pieces, 2 threads)
  ...t=1.196e+10 tail sweep 33% (2000 pieces, 2 threads)
  ...t=1.196e+10 tail sweep 33% (2000 pieces, 2 threads)
  ...t=1.196e+10 tail sweep 33% (2000 pieces, 2 threads)
  ...t=1.196e+10 tail sweep 33% (2000 pieces, 2 threads)
  ...t=1.196e+10 tail sweep 41% (2500 pieces, 2 threads)
  ...t=1.196e+10 tail sweep 41% (2500 pieces, 2 threads)
  ...t=1.196e+10 tail sweep 41% (2500 pieces, 2 threads)
  ...t=1.196e+10 tail sweep 41% (2500 pieces, 2 threads)
  ...t=1.196e+10 tail sweep 50% (3000 pieces, 2 threads)
  ...t=1.196e+10 tail sweep 50% (3000 pieces, 2 threads)
  ...t=1.196e+10 tail sweep 50% (3000 pieces, 2 threads)
  ...t=1.196e+10 tail sweep 50% (3000 pieces, 2 threads)
  ...t=1.196e+10 tail sweep 58% (3500 pieces, 2 threads)
  ...t=1.196e+10 tail sweep 58% (3500 pieces, 2 threads)
  ...t=1.196e+10 tail sweep 58% (3500 pieces, 2 threads)
  ...t=1.196e+10 tail sweep 58% (3500 pieces, 2 threads)
  ...t=1.196e+10 tail sweep 66% (4000 pieces, 2 threads)
  ...t=1.196e+10 tail sweep 66% (4000 pieces, 2 threads)
  ...t=1.196e+10 tail sweep 66% (4000 pieces, 2 threads)
  ...t=1.196e+10 tail sweep 66% (4000 pieces, 2 threads)
  ...t=1.196e+10 tail sweep 74% (4500 pieces, 2 threads)
  ...t=1.196e+10 tail sweep 74% (4500 pieces, 2 threads)
  ...t=1.196e+10 tail sweep 74% (4500 pieces, 2 threads)
  ...t=1.196e+10 tail sweep 74% (4500 pieces, 2 threads)
  ...t=1.196e+10 tail sweep 83% (5000 pieces, 2 threads)
  ...t=1.196e+10 tail sweep 83% (5000 pieces, 2 threads)
  ...t=1.196e+10 tail sweep 83% (5000 pieces, 2 threads)
  ...t=1.196e+10 tail sweep 83% (5000 pieces, 2 threads)
  ...t=1.196e+10 tail sweep 91% (5500 pieces, 2 threads)
  ...t=1.196e+10 tail sweep 91% (5500 pieces, 2 threads)
  ...t=1.196e+10 tail sweep 91% (5500 pieces, 2 threads)
  ...t=1.196e+10 tail sweep 91% (5500 pieces, 2 threads)
  ...t=1.196e+10 tail sweep 99% (6000 pieces, 2 threads)
  ...t=1.196e+10 tail sweep 99% (6000 pieces, 2 threads)
  ...t=1.196e+10 tail sweep 99% (6000 pieces, 2 threads)
  ...t=1.196e+10 tail sweep 99% (6000 pieces, 2 threads)
  pt win=0 k=-8 x=1.196e+10 t=11959090963.97968 mnew=1.0000 mcert=1.0000 bexp=1.25e-03
  pt win=0 k=-5 x=1.196e+10 t=11959090965.47968 mnew=1.0000 mcert=1.0000 bexp=1.26e-03
  pt win=0 k=-7 x=1.196e+10 t=11959090964.47968 mnew=1.0000 mcert=1.0000 bexp=1.24e-03
  pt win=0 k=-6 x=1.196e+10 t=11959090964.97968 mnew=1.0000 mcert=1.0000 bexp=1.26e-03
  ...t=1.196e+10 tail sweep 8% (500 pieces, 2 threads)
  ...t=1.196e+10 tail sweep 8% (500 pieces, 2 threads)
  ...t=1.196e+10 tail sweep 8% (500 pieces, 2 threads)
  ...t=1.196e+10 tail sweep 8% (500 pieces, 2 threads)
  ...t=1.196e+10 tail sweep 17% (1000 pieces, 2 threads)
  ...t=1.196e+10 tail sweep 17% (1000 pieces, 2 threads)
  ...t=1.196e+10 tail sweep 17% (1000 pieces, 2 threads)
  ...t=1.196e+10 tail sweep 17% (1000 pieces, 2 threads)
  ...t=1.196e+10 tail sweep 25% (1500 pieces, 2 threads)
  ...t=1.196e+10 tail sweep 25% (1500 pieces, 2 threads)
  ...t=1.196e+10 tail sweep 25% (1500 pieces, 2 threads)
  ...t=1.196e+10 tail sweep 25% (1500 pieces, 2 threads)
  ...t=1.196e+10 tail sweep 33% (2000 pieces, 2 threads)
  ...t=1.196e+10 tail sweep 33% (2000 pieces, 2 threads)
  ...t=1.196e+10 tail sweep 33% (2000 pieces, 2 threads)
  ...t=1.196e+10 tail sweep 33% (2000 pieces, 2 threads)
  ...t=1.196e+10 tail sweep 41% (2500 pieces, 2 threads)
  ...t=1.196e+10 tail sweep 41% (2500 pieces, 2 threads)
  ...t=1.196e+10 tail sweep 41% (2500 pieces, 2 threads)
  ...t=1.196e+10 tail sweep 41% (2500 pieces, 2 threads)
  ...t=1.196e+10 tail sweep 50% (3000 pieces, 2 threads)
  ...t=1.196e+10 tail sweep 50% (3000 pieces, 2 threads)
  ...t=1.196e+10 tail sweep 50% (3000 pieces, 2 threads)
  ...t=1.196e+10 tail sweep 50% (3000 pieces, 2 threads)
  ...t=1.196e+10 tail sweep 58% (3500 pieces, 2 threads)
  ...t=1.196e+10 tail sweep 58% (3500 pieces, 2 threads)
  ...t=1.196e+10 tail sweep 58% (3500 pieces, 2 threads)
  ...t=1.196e+10 tail sweep 58% (3500 pieces, 2 threads)
  ...t=1.196e+10 tail sweep 66% (4000 pieces, 2 threads)
  ...t=1.196e+10 tail sweep 66% (4000 pieces, 2 threads)
  ...t=1.196e+10 tail sweep 66% (4000 pieces, 2 threads)
  ...t=1.196e+10 tail sweep 66% (4000 pieces, 2 threads)
  ...t=1.196e+10 tail sweep 74% (4500 pieces, 2 threads)
  ...t=1.196e+10 tail sweep 74% (4500 pieces, 2 threads)
  ...t=1.196e+10 tail sweep 74% (4500 pieces, 2 threads)
  ...t=1.196e+10 tail sweep 74% (4500 pieces, 2 threads)
  ...t=1.196e+10 tail sweep 83% (5000 pieces, 2 threads)
  ...t=1.196e+10 tail sweep 83% (5000 pieces, 2 threads)
  ...t=1.196e+10 tail sweep 83% (5000 pieces, 2 threads)
  ...t=1.196e+10 tail sweep 83% (5000 pieces, 2 threads)
  ...t=1.196e+10 tail sweep 91% (5500 pieces, 2 threads)
  ...t=1.196e+10 tail sweep 91% (5500 pieces, 2 threads)
  ...t=1.196e+10 tail sweep 91% (5500 pieces, 2 threads)
  ...t=1.196e+10 tail sweep 91% (5500 pieces, 2 threads)
  ...t=1.196e+10 tail sweep 99% (6000 pieces, 2 threads)
  ...t=1.196e+10 tail sweep 99% (6000 pieces, 2 threads)
  ...t=1.196e+10 tail sweep 99% (6000 pieces, 2 threads)
  ...t=1.196e+10 tail sweep 99% (6000 pieces, 2 threads)
  pt win=0 k=-4 x=1.196e+10 t=11959090965.97968 mnew=1.0000 mcert=1.0000 bexp=1.29e-03
  pt win=0 k=-1 x=1.196e+10 t=11959090967.47968 mnew=1.0000 mcert=1.0000 bexp=1.35e-03
  pt win=0 k=-3 x=1.196e+10 t=11959090966.47968 mnew=1.0000 mcert=1.0000 bexp=1.25e-03
  pt win=0 k=-2 x=1.196e+10 t=11959090966.97968 mnew=1.0000 mcert=1.0000 bexp=1.30e-03
  ...t=1.196e+10 tail sweep 8% (500 pieces, 2 threads)
  ...t=1.196e+10 tail sweep 8% (500 pieces, 2 threads)
  ...t=1.196e+10 tail sweep 8% (500 pieces, 2 threads)
  ...t=1.196e+10 tail sweep 8% (500 pieces, 2 threads)
  ...t=1.196e+10 tail sweep 17% (1000 pieces, 2 threads)
  ...t=1.196e+10 tail sweep 17% (1000 pieces, 2 threads)
  ...t=1.196e+10 tail sweep 17% (1000 pieces, 2 threads)
  ...t=1.196e+10 tail sweep 17% (1000 pieces, 2 threads)
  ...t=1.196e+10 tail sweep 25% (1500 pieces, 2 threads)
  ...t=1.196e+10 tail sweep 25% (1500 pieces, 2 threads)
  ...t=1.196e+10 tail sweep 25% (1500 pieces, 2 threads)
  ...t=1.196e+10 tail sweep 25% (1500 pieces, 2 threads)
  ...t=1.196e+10 tail sweep 33% (2000 pieces, 2 threads)
  ...t=1.196e+10 tail sweep 33% (2000 pieces, 2 threads)
  ...t=1.196e+10 tail sweep 33% (2000 pieces, 2 threads)
  ...t=1.196e+10 tail sweep 33% (2000 pieces, 2 threads)
  ...t=1.196e+10 tail sweep 41% (2500 pieces, 2 threads)
  ...t=1.196e+10 tail sweep 41% (2500 pieces, 2 threads)
  ...t=1.196e+10 tail sweep 41% (2500 pieces, 2 threads)
  ...t=1.196e+10 tail sweep 41% (2500 pieces, 2 threads)
  ...t=1.196e+10 tail sweep 50% (3000 pieces, 2 threads)
  ...t=1.196e+10 tail sweep 50% (3000 pieces, 2 threads)
  ...t=1.196e+10 tail sweep 50% (3000 pieces, 2 threads)
  ...t=1.196e+10 tail sweep 50% (3000 pieces, 2 threads)
  ...t=1.196e+10 tail sweep 58% (3500 pieces, 2 threads)
  ...t=1.196e+10 tail sweep 58% (3500 pieces, 2 threads)
  ...t=1.196e+10 tail sweep 58% (3500 pieces, 2 threads)
  ...t=1.196e+10 tail sweep 58% (3500 pieces, 2 threads)
  ...t=1.196e+10 tail sweep 66% (4000 pieces, 2 threads)
  ...t=1.196e+10 tail sweep 66% (4000 pieces, 2 threads)
  ...t=1.196e+10 tail sweep 66% (4000 pieces, 2 threads)
  ...t=1.196e+10 tail sweep 66% (4000 pieces, 2 threads)
  ...t=1.196e+10 tail sweep 74% (4500 pieces, 2 threads)
  ...t=1.196e+10 tail sweep 74% (4500 pieces, 2 threads)
  ...t=1.196e+10 tail sweep 74% (4500 pieces, 2 threads)
  ...t=1.196e+10 tail sweep 74% (4500 pieces, 2 threads)
  ...t=1.196e+10 tail sweep 83% (5000 pieces, 2 threads)
  ...t=1.196e+10 tail sweep 83% (5000 pieces, 2 threads)
  ...t=1.196e+10 tail sweep 83% (5000 pieces, 2 threads)
  ...t=1.196e+10 tail sweep 83% (5000 pieces, 2 threads)
  ...t=1.196e+10 tail sweep 91% (5500 pieces, 2 threads)
  ...t=1.196e+10 tail sweep 91% (5500 pieces, 2 threads)
  ...t=1.196e+10 tail sweep 91% (5500 pieces, 2 threads)
  ...t=1.196e+10 tail sweep 91% (5500 pieces, 2 threads)
  ...t=1.196e+10 tail sweep 99% (6000 pieces, 2 threads)
  ...t=1.196e+10 tail sweep 99% (6000 pieces, 2 threads)
  ...t=1.196e+10 tail sweep 99% (6000 pieces, 2 threads)
  ...t=1.196e+10 tail sweep 99% (6000 pieces, 2 threads)
  pt win=0 k=+4 x=1.196e+10 t=11959090969.97968 mnew=1.0000 mcert=1.0000 bexp=1.26e-03
  pt win=0 k=+3 x=1.196e+10 t=11959090969.47968 mnew=1.0000 mcert=1.0000 bexp=1.25e-03
  pt win=0 k=+2 x=1.196e+10 t=11959090968.97968 mnew=1.0000 mcert=1.0000 bexp=1.47e-03
  pt win=0 k=+1 x=1.196e+10 t=11959090968.47968 mnew=1.0000 mcert=1.0000 bexp=1.26e-03
  ...t=1.196e+10 tail sweep 8% (500 pieces, 2 threads)
  ...t=1.196e+10 tail sweep 8% (500 pieces, 2 threads)
  ...t=1.196e+10 tail sweep 8% (500 pieces, 2 threads)
  ...t=1.196e+10 tail sweep 8% (500 pieces, 2 threads)
  ...t=1.196e+10 tail sweep 17% (1000 pieces, 2 threads)
  ...t=1.196e+10 tail sweep 17% (1000 pieces, 2 threads)
  ...t=1.196e+10 tail sweep 17% (1000 pieces, 2 threads)
  ...t=1.196e+10 tail sweep 17% (1000 pieces, 2 threads)
  ...t=1.196e+10 tail sweep 25% (1500 pieces, 2 threads)
  ...t=1.196e+10 tail sweep 25% (1500 pieces, 2 threads)
  ...t=1.196e+10 tail sweep 25% (1500 pieces, 2 threads)
  ...t=1.196e+10 tail sweep 25% (1500 pieces, 2 threads)
  ...t=1.196e+10 tail sweep 33% (2000 pieces, 2 threads)
  ...t=1.196e+10 tail sweep 33% (2000 pieces, 2 threads)
  ...t=1.196e+10 tail sweep 33% (2000 pieces, 2 threads)
  ...t=1.196e+10 tail sweep 33% (2000 pieces, 2 threads)
  ...t=1.196e+10 tail sweep 41% (2500 pieces, 2 threads)
  ...t=1.196e+10 tail sweep 41% (2500 pieces, 2 threads)
  ...t=1.196e+10 tail sweep 41% (2500 pieces, 2 threads)
  ...t=1.196e+10 tail sweep 41% (2500 pieces, 2 threads)
H1_WINDOWS:  running  windows  17-20  (4  of  29)
resume:  window   0  (x=1.195909097e+10)  16/24  points  on disk
resume:  window   1  (x=1.291581825e+10)  0/24  points  on disk
resume:  window   2  (x=1.394908371e+10)  0/24  points  on disk
resume:  window   3  (x=1.50650104e+10)  0/24  points  on disk
memguard:  MemAvailable  484.9  GiB,  reserve  28  GiB,  ~2.5  GiB/thread  x  2  threads  ->  allow  <=  10  contexts  (=  20  slab  threads;  11  GPU  clients  incl.  Xorg  vs  budget  11)
day038  gpu  H1-3e10:  FULL,  80  point  jobs  remaining (4  windows,  4  contexts  x  2  threads)
pids: parent=3190 workers=4 written to ckpt_h1_3e10/run.pids
overlap: 152/12626784 zeros differ by <=1.00 ulp (last byte,  rounding-level) --  those indices certified with dg x3
stitch: B from element 12626784 (first zero 1006346000.166784); overlap cross-check 12626632/12626784 byte-equal
tail3e10: L 52290633 + A 2792198664 + B' 3053546936 + C 3142622346 + D 92577877714 = 101618536293 zeros (812.9 GB); G_LAST = 30001045999.981976
overlap: 152/12626784 zeros differ by <=1.00 ulp (last byte,  rounding-level) --  those indices certified with dg x3
stitch: B from element 12626784 (first zero 1006346000.166784); overlap cross-check 12626632/12626784 byte-equal
tail3e10: L 52290633 + A 2792198664 + B' 3053546936 + C 3142622346 + D 92577877714 = 101618536293 zeros (812.9 GB); G_LAST = 30001045999.981976
overlap: 152/12626784 zeros differ by <=1.00 ulp (last byte,  rounding-level) --  those indices certified with dg x3
stitch: B from element 12626784 (first zero 1006346000.166784); overlap cross-check 12626632/12626784 byte-equal
tail3e10: L 52290633 + A 2792198664 + B' 3053546936 + C 3142622346 + D 92577877714 = 101618536293 zeros (812.9 GB); G_LAST = 30001045999.981976
overlap: 152/12626784 zeros differ by <=1.00 ulp (last byte,  rounding-level) --  those indices certified with dg x3
stitch: B from element 12626784 (first zero 1006346000.166784); overlap cross-check 12626632/12626784 byte-equal
tail3e10: L 52290633 + A 2792198664 + B' 3053546936 + C 3142622346 + D 92577877714 = 101618536293 zeros (812.9 GB); G_LAST = 30001045999.981976
  ...t=1.196e+10 tail sweep 8% (500 pieces, 2 threads)
  ...t=1.196e+10 tail sweep 8% (500 pieces, 2 threads)
  ...t=1.196e+10 tail sweep 8% (500 pieces, 2 threads)
  ...t=1.196e+10 tail sweep 8% (500 pieces, 2 threads)
  ...t=1.196e+10 tail sweep 17% (1000 pieces, 2 threads)
  ...t=1.196e+10 tail sweep 17% (1000 pieces, 2 threads)
  ...t=1.196e+10 tail sweep 17% (1000 pieces, 2 threads)
  ...t=1.196e+10 tail sweep 17% (1000 pieces, 2 threads)
  ...t=1.196e+10 tail sweep 25% (1500 pieces, 2 threads)
  ...t=1.196e+10 tail sweep 25% (1500 pieces, 2 threads)
  ...t=1.196e+10 tail sweep 25% (1500 pieces, 2 threads)
  ...t=1.196e+10 tail sweep 25% (1500 pieces, 2 threads)
  ...t=1.196e+10 tail sweep 33% (2000 pieces, 2 threads)
  ...t=1.196e+10 tail sweep 33% (2000 pieces, 2 threads)
  ...t=1.196e+10 tail sweep 33% (2000 pieces, 2 threads)
  ...t=1.196e+10 tail sweep 33% (2000 pieces, 2 threads)
  ...t=1.196e+10 tail sweep 41% (2500 pieces, 2 threads)
  ...t=1.196e+10 tail sweep 41% (2500 pieces, 2 threads)
  ...t=1.196e+10 tail sweep 41% (2500 pieces, 2 threads)
  ...t=1.196e+10 tail sweep 41% (2500 pieces, 2 threads)
  ...t=1.196e+10 tail sweep 50% (3000 pieces, 2 threads)
  ...t=1.196e+10 tail sweep 50% (3000 pieces, 2 threads)
  ...t=1.196e+10 tail sweep 50% (3000 pieces, 2 threads)
  ...t=1.196e+10 tail sweep 50% (3000 pieces, 2 threads)
  ...t=1.196e+10 tail sweep 58% (3500 pieces, 2 threads)
  ...t=1.196e+10 tail sweep 58% (3500 pieces, 2 threads)
  ...t=1.196e+10 tail sweep 58% (3500 pieces, 2 threads)
  ...t=1.196e+10 tail sweep 58% (3500 pieces, 2 threads)
  ...t=1.196e+10 tail sweep 66% (4000 pieces, 2 threads)
  ...t=1.196e+10 tail sweep 66% (4000 pieces, 2 threads)
  ...t=1.196e+10 tail sweep 66% (4000 pieces, 2 threads)
  ...t=1.196e+10 tail sweep 66% (4000 pieces, 2 threads)
  ...t=1.196e+10 tail sweep 74% (4500 pieces, 2 threads)
  ...t=1.196e+10 tail sweep 74% (4500 pieces, 2 threads)
  ...t=1.196e+10 tail sweep 74% (4500 pieces, 2 threads)
  ...t=1.196e+10 tail sweep 74% (4500 pieces, 2 threads)
  ...t=1.196e+10 tail sweep 83% (5000 pieces, 2 threads)
  ...t=1.196e+10 tail sweep 83% (5000 pieces, 2 threads)
  ...t=1.196e+10 tail sweep 83% (5000 pieces, 2 threads)
  ...t=1.196e+10 tail sweep 83% (5000 pieces, 2 threads)
  ...t=1.196e+10 tail sweep 91% (5500 pieces, 2 threads)
  ...t=1.196e+10 tail sweep 91% (5500 pieces, 2 threads)
  ...t=1.196e+10 tail sweep 91% (5500 pieces, 2 threads)
  ...t=1.196e+10 tail sweep 91% (5500 pieces, 2 threads)
  ...t=1.196e+10 tail sweep 99% (6000 pieces, 2 threads)
  ...t=1.196e+10 tail sweep 99% (6000 pieces, 2 threads)
  ...t=1.196e+10 tail sweep 99% (6000 pieces, 2 threads)
  ...t=1.196e+10 tail sweep 99% (6000 pieces, 2 threads)
  pt win=0 k=+6 x=1.196e+10 t=11959090970.97968 mnew=1.0000 mcert=1.0000 bexp=1.25e-03
  pt win=0 k=+5 x=1.196e+10 t=11959090970.47968 mnew=1.0000 mcert=1.0000 bexp=1.29e-03
  pt win=0 k=+8 x=1.196e+10 t=11959090971.97968 mnew=1.0000 mcert=1.0000 bexp=1.25e-03
  pt win=0 k=+7 x=1.196e+10 t=11959090971.47968 mnew=1.0000 mcert=1.0000 bexp=1.25e-03
  ...t=1.196e+10 tail sweep 8% (500 pieces, 2 threads)
  ...t=1.196e+10 tail sweep 8% (500 pieces, 2 threads)  ...t=1.196e+10 tail sweep 8% (500 pieces, 2 threads)

  ...t=1.196e+10 tail sweep 8% (500 pieces, 2 threads)
  ...t=1.196e+10 tail sweep 17% (1000 pieces, 2 threads)
  ...t=1.196e+10 tail sweep 17% (1000 pieces, 2 threads)
  ...t=1.196e+10 tail sweep 17% (1000 pieces, 2 threads)
  ...t=1.196e+10 tail sweep 17% (1000 pieces, 2 threads)
  ...t=1.196e+10 tail sweep 25% (1500 pieces, 2 threads)
  ...t=1.196e+10 tail sweep 25% (1500 pieces, 2 threads)
  ...t=1.196e+10 tail sweep 25% (1500 pieces, 2 threads)
  ...t=1.196e+10 tail sweep 25% (1500 pieces, 2 threads)
  ...t=1.196e+10 tail sweep 33% (2000 pieces, 2 threads)
  ...t=1.196e+10 tail sweep 33% (2000 pieces, 2 threads)
  ...t=1.196e+10 tail sweep 33% (2000 pieces, 2 threads)
  ...t=1.196e+10 tail sweep 33% (2000 pieces, 2 threads)
  ...t=1.196e+10 tail sweep 41% (2500 pieces, 2 threads)
  ...t=1.196e+10 tail sweep 41% (2500 pieces, 2 threads)
  ...t=1.196e+10 tail sweep 41% (2500 pieces, 2 threads)
  ...t=1.196e+10 tail sweep 41% (2500 pieces, 2 threads)
  ...t=1.196e+10 tail sweep 50% (3000 pieces, 2 threads)
  ...t=1.196e+10 tail sweep 50% (3000 pieces, 2 threads)
  ...t=1.196e+10 tail sweep 50% (3000 pieces, 2 threads)
  ...t=1.196e+10 tail sweep 50% (3000 pieces, 2 threads)
  ...t=1.196e+10 tail sweep 58% (3500 pieces, 2 threads)
  ...t=1.196e+10 tail sweep 58% (3500 pieces, 2 threads)
  ...t=1.196e+10 tail sweep 58% (3500 pieces, 2 threads)
  ...t=1.196e+10 tail sweep 58% (3500 pieces, 2 threads)
  ...t=1.196e+10 tail sweep 66% (4000 pieces, 2 threads)
  ...t=1.196e+10 tail sweep 66% (4000 pieces, 2 threads)
  ...t=1.196e+10 tail sweep 66% (4000 pieces, 2 threads)
  ...t=1.196e+10 tail sweep 66% (4000 pieces, 2 threads)
  ...t=1.196e+10 tail sweep 74% (4500 pieces, 2 threads)
  ...t=1.196e+10 tail sweep 74% (4500 pieces, 2 threads)
  ...t=1.196e+10 tail sweep 74% (4500 pieces, 2 threads)
  ...t=1.196e+10 tail sweep 74% (4500 pieces, 2 threads)
  ...t=1.196e+10 tail sweep 83% (5000 pieces, 2 threads)
  ...t=1.196e+10 tail sweep 83% (5000 pieces, 2 threads)
  ...t=1.196e+10 tail sweep 83% (5000 pieces, 2 threads)
  ...t=1.196e+10 tail sweep 83% (5000 pieces, 2 threads)
  ...t=1.196e+10 tail sweep 91% (5500 pieces, 2 threads)
  ...t=1.196e+10 tail sweep 91% (5500 pieces, 2 threads)
  ...t=1.196e+10 tail sweep 91% (5500 pieces, 2 threads)
  ...t=1.196e+10 tail sweep 91% (5500 pieces, 2 threads)
  ...t=1.196e+10 tail sweep 99% (6000 pieces, 2 threads)
  ...t=1.196e+10 tail sweep 99% (6000 pieces, 2 threads)  ...t=1.196e+10 tail sweep 99% (6000 pieces, 2 threads)

  ...t=1.196e+10 tail sweep 99% (6000 pieces, 2 threads)
  pt win=0 k=+10 x=1.196e+10 t=11959090972.97968 mnew=1.0000 mcert=1.0000 bexp=1.25e-03
  pt win=0 k=+12 x=1.196e+10 t=11959090973.97968 mnew=1.0000 mcert=1.0000 bexp=1.27e-03
  pt win=0 k=+11 x=1.196e+10 t=11959090973.47968 mnew=1.0000 mcert=1.0000 bexp=1.25e-03
  pt win=0 k=+9 x=1.196e+10 t=11959090972.47968 mnew=1.0000 mcert=1.0000 bexp=1.33e-03
  ...t=1.292e+10 tail sweep 8% (500 pieces, 2 threads)
  ...t=1.292e+10 tail sweep 8% (500 pieces, 2 threads)
  ...t=1.292e+10 tail sweep 8% (500 pieces, 2 threads)
  ...t=1.292e+10 tail sweep 8% (500 pieces, 2 threads)
  ...t=1.292e+10 tail sweep 17% (1000 pieces, 2 threads)
  ...t=1.292e+10 tail sweep 17% (1000 pieces, 2 threads)
  ...t=1.292e+10 tail sweep 17% (1000 pieces, 2 threads)
  ...t=1.292e+10 tail sweep 17% (1000 pieces, 2 threads)
  ...t=1.292e+10 tail sweep 25% (1500 pieces, 2 threads)
  ...t=1.292e+10 tail sweep 25% (1500 pieces, 2 threads)
  ...t=1.292e+10 tail sweep 25% (1500 pieces, 2 threads)
  ...t=1.292e+10 tail sweep 25% (1500 pieces, 2 threads)
  ...t=1.292e+10 tail sweep 33% (2000 pieces, 2 threads)
  ...t=1.292e+10 tail sweep 33% (2000 pieces, 2 threads)
  ...t=1.292e+10 tail sweep 33% (2000 pieces, 2 threads)
  ...t=1.292e+10 tail sweep 33% (2000 pieces, 2 threads)
  ...t=1.292e+10 tail sweep 41% (2500 pieces, 2 threads)
  ...t=1.292e+10 tail sweep 41% (2500 pieces, 2 threads)
  ...t=1.292e+10 tail sweep 41% (2500 pieces, 2 threads)
  ...t=1.292e+10 tail sweep 41% (2500 pieces, 2 threads)
  ...t=1.292e+10 tail sweep 50% (3000 pieces, 2 threads)
  ...t=1.292e+10 tail sweep 50% (3000 pieces, 2 threads)
  ...t=1.292e+10 tail sweep 50% (3000 pieces, 2 threads)
  ...t=1.292e+10 tail sweep 50% (3000 pieces, 2 threads)
  ...t=1.292e+10 tail sweep 58% (3500 pieces, 2 threads)
  ...t=1.292e+10 tail sweep 58% (3500 pieces, 2 threads)
  ...t=1.292e+10 tail sweep 58% (3500 pieces, 2 threads)
  ...t=1.292e+10 tail sweep 58% (3500 pieces, 2 threads)
  ...t=1.292e+10 tail sweep 66% (4000 pieces, 2 threads)
  ...t=1.292e+10 tail sweep 66% (4000 pieces, 2 threads)
  ...t=1.292e+10 tail sweep 66% (4000 pieces, 2 threads)
  ...t=1.292e+10 tail sweep 66% (4000 pieces, 2 threads)
  ...t=1.292e+10 tail sweep 74% (4500 pieces, 2 threads)
  ...t=1.292e+10 tail sweep 74% (4500 pieces, 2 threads)
  ...t=1.292e+10 tail sweep 74% (4500 pieces, 2 threads)
  ...t=1.292e+10 tail sweep 74% (4500 pieces, 2 threads)
  ...t=1.292e+10 tail sweep 83% (5000 pieces, 2 threads)
  ...t=1.292e+10 tail sweep 83% (5000 pieces, 2 threads)
  ...t=1.292e+10 tail sweep 83% (5000 pieces, 2 threads)
  ...t=1.292e+10 tail sweep 83% (5000 pieces, 2 threads)
  ...t=1.292e+10 tail sweep 91% (5500 pieces, 2 threads)
  ...t=1.292e+10 tail sweep 91% (5500 pieces, 2 threads)
  ...t=1.292e+10 tail sweep 91% (5500 pieces, 2 threads)
  ...t=1.292e+10 tail sweep 91% (5500 pieces, 2 threads)
  ...t=1.292e+10 tail sweep 99% (6000 pieces, 2 threads)
  ...t=1.292e+10 tail sweep 99% (6000 pieces, 2 threads)
  ...t=1.292e+10 tail sweep 99% (6000 pieces, 2 threads)
  ...t=1.292e+10 tail sweep 99% (6000 pieces, 2 threads)
  pt win=1 k=-9 x=1.292e+10 t=12915818241.19007 mnew=1.0000 mcert=1.0000 bexp=1.37e-03
  pt win=1 k=-10 x=1.292e+10 t=12915818240.69007 mnew=1.0000 mcert=1.0000 bexp=1.36e-03
  pt win=1 k=-11 x=1.292e+10 t=12915818240.19007 mnew=1.0000 mcert=1.0000 bexp=1.35e-03
  pt win=1 k=-12 x=1.292e+10 t=12915818239.69007 mnew=1.0000 mcert=1.0000 bexp=1.34e-03
  ...t=1.292e+10 tail sweep 8% (500 pieces, 2 threads)
  ...t=1.292e+10 tail sweep 8% (500 pieces, 2 threads)
  ...t=1.292e+10 tail sweep 8% (500 pieces, 2 threads)
  ...t=1.292e+10 tail sweep 8% (500 pieces, 2 threads)
Exception in thread Thread-8 (_chunk):
Traceback (most recent call last):
  File "/usr/lib/python3.12/threading.py", line 1073, in _bootstrap_inner
    self.run()
  File "/usr/lib/python3.12/threading.py", line 1010, in run
    self._target(*self._args, **self._kwargs)
  File "/workspace/h1/RH/scripts/rh/day038_h1_3e10_gpu.py", line 569, in _chunk
    sr, si, br, bi, s_ar, dm = slabfn(
                               ^^^^^^^
  File "/workspace/h1/RH/scripts/rh/day038_h1_3e10_gpu.py", line 457, in slab_budget_gpu
    dimdg = tf * 2.0 * cc / (A * A)                # > 0
            ~~~~~~~~~~~~~~^~~~~~~~~
  File "cupy/_core/core.pyx", line 1606, in cupy._core.core._ndarray_base.__truediv__
  File "cupy/_core/_kernel.pyx", line 1374, in cupy._core._kernel.ufunc.__call__
  File "cupy/_core/_kernel.pyx", line 657, in cupy._core._kernel._get_out_args_from_optionals
  File "cupy/_core/core.pyx", line 3342, in cupy._core.core._ndarray_init
  File "cupy/_core/core.pyx", line 300, in cupy._core.core._ndarray_base._init_fast
  File "cupy/cuda/memory.pyx", line 904, in cupy.cuda.memory.alloc
  File "cupy/cuda/memory.pyx", line 1614, in cupy.cuda.memory.MemoryPool.malloc
  File "cupy/cuda/memory.pyx", line 1635, in cupy.cuda.memory.MemoryPool.malloc
  File "cupy/cuda/memory.pyx", line 1350, in cupy.cuda.memory.SingleDeviceMemoryPool.malloc
  File "cupy/cuda/memory.pyx", line 1376, in cupy.cuda.memory.SingleDeviceMemoryPool._malloc
  File "cupy/cuda/memory.pyx", line 1560, in cupy.cuda.memory.SingleDeviceMemoryPool._try_malloc
cupy.cuda.memory.OutOfMemoryError: Out of memory allocating 134,217,728 bytes (allocated so far: 2,818,572,288 bytes).
  ...t=1.292e+10 tail sweep 17% (1000 pieces, 2 threads)  ...t=1.292e+10 tail sweep 17% (1000 pieces, 2 threads)

  ...t=1.292e+10 tail sweep 17% (1000 pieces, 2 threads)
  ...t=1.292e+10 tail sweep 17% (1000 pieces, 2 threads)
  ...t=1.292e+10 tail sweep 25% (1500 pieces, 2 threads)
  ...t=1.292e+10 tail sweep 25% (1500 pieces, 2 threads)
  ...t=1.292e+10 tail sweep 25% (1500 pieces, 2 threads)
  ...t=1.292e+10 tail sweep 33% (2000 pieces, 2 threads)
  ...t=1.292e+10 tail sweep 33% (2000 pieces, 2 threads)
  ...t=1.292e+10 tail sweep 33% (2000 pieces, 2 threads)
  ...t=1.292e+10 tail sweep 25% (1500 pieces, 2 threads)
  ...t=1.292e+10 tail sweep 41% (2500 pieces, 2 threads)
  ...t=1.292e+10 tail sweep 41% (2500 pieces, 2 threads)
  ...t=1.292e+10 tail sweep 41% (2500 pieces, 2 threads)
  ...t=1.292e+10 tail sweep 50% (3000 pieces, 2 threads)
  ...t=1.292e+10 tail sweep 50% (3000 pieces, 2 threads)
  ...t=1.292e+10 tail sweep 50% (3000 pieces, 2 threads)
  ...t=1.292e+10 tail sweep 33% (2000 pieces, 2 threads)
  ...t=1.292e+10 tail sweep 58% (3500 pieces, 2 threads)
  ...t=1.292e+10 tail sweep 58% (3500 pieces, 2 threads)
  ...t=1.292e+10 tail sweep 58% (3500 pieces, 2 threads)
  ...t=1.292e+10 tail sweep 66% (4000 pieces, 2 threads)
  ...t=1.292e+10 tail sweep 66% (4000 pieces, 2 threads)
  ...t=1.292e+10 tail sweep 66% (4000 pieces, 2 threads)
  ...t=1.292e+10 tail sweep 41% (2500 pieces, 2 threads)
  ...t=1.292e+10 tail sweep 74% (4500 pieces, 2 threads)
  ...t=1.292e+10 tail sweep 74% (4500 pieces, 2 threads)
  ...t=1.292e+10 tail sweep 74% (4500 pieces, 2 threads)
  ...t=1.292e+10 tail sweep 50% (3000 pieces, 2 threads)
  ...t=1.292e+10 tail sweep 83% (5000 pieces, 2 threads)
  ...t=1.292e+10 tail sweep 83% (5000 pieces, 2 threads)
  ...t=1.292e+10 tail sweep 83% (5000 pieces, 2 threads)
  ...t=1.292e+10 tail sweep 91% (5500 pieces, 2 threads)
  ...t=1.292e+10 tail sweep 91% (5500 pieces, 2 threads)
  ...t=1.292e+10 tail sweep 91% (5500 pieces, 2 threads)
point  job  (win  1,  k  -5,  x=1.291581825e+10)  WORKER  FAILED:  TypeError('cannot unpack non-iterable NoneType object')  --  done  points  are  checkpointed;  supervisor  resumes
  ...t=1.292e+10 tail sweep 8% (500 pieces, 2 threads)
  ...t=1.292e+10 tail sweep 99% (6000 pieces, 2 threads)
  ...t=1.292e+10 tail sweep 99% (6000 pieces, 2 threads)  ...t=1.292e+10 tail sweep 99% (6000 pieces, 2 threads)

  ...t=1.292e+10 tail sweep 17% (1000 pieces, 2 threads)
Exception in thread Thread-9 (_chunk):
Traceback (most recent call last):
  File "/usr/lib/python3.12/threading.py", line 1073, in _bootstrap_inner
    self.run()
  File "/usr/lib/python3.12/threading.py", line 1010, in run
    self._target(*self._args, **self._kwargs)
  File "/workspace/h1/RH/scripts/rh/day038_h1_3e10_gpu.py", line 569, in _chunk
    sr, si, br, bi, s_ar, dm = slabfn(
                               ^^^^^^^
  File "/workspace/h1/RH/scripts/rh/day038_h1_3e10_gpu.py", line 457, in slab_budget_gpu
    dimdg = tf * 2.0 * cc / (A * A)                # > 0
            ~~~~~~~~~~~~~~^~~~~~~~~
  File "cupy/_core/core.pyx", line 1606, in cupy._core.core._ndarray_base.__truediv__
  File "cupy/_core/_kernel.pyx", line 1374, in cupy._core._kernel.ufunc.__call__
  File "cupy/_core/_kernel.pyx", line 657, in cupy._core._kernel._get_out_args_from_optionals
  File "cupy/_core/core.pyx", line 3342, in cupy._core.core._ndarray_init
  File "cupy/_core/core.pyx", line 300, in cupy._core.core._ndarray_base._init_fast
  File "cupy/cuda/memory.pyx", line 904, in cupy.cuda.memory.alloc
  File "cupy/cuda/memory.pyx", line 1614, in cupy.cuda.memory.MemoryPool.malloc
  File "cupy/cuda/memory.pyx", line 1635, in cupy.cuda.memory.MemoryPool.malloc
  File "cupy/cuda/memory.pyx", line 1350, in cupy.cuda.memory.SingleDeviceMemoryPool.malloc
  File "cupy/cuda/memory.pyx", line 1376, in cupy.cuda.memory.SingleDeviceMemoryPool._malloc
  File "cupy/cuda/memory.pyx", line 1560, in cupy.cuda.memory.SingleDeviceMemoryPool._try_malloc
cupy.cuda.memory.OutOfMemoryError: Out of memory allocating 134,217,728 bytes (allocated so far: 2,818,572,288 bytes).
  pt win=1 k=-6 x=1.292e+10 t=12915818242.69007 mnew=1.0000 mcert=1.0000 bexp=1.65e-03
  pt win=1 k=-8 x=1.292e+10 t=12915818241.69007 mnew=1.0000 mcert=1.0000 bexp=1.34e-03
  pt win=1 k=-7 x=1.292e+10 t=12915818242.19007 mnew=1.0000 mcert=1.0000 bexp=1.33e-03
  ...t=1.292e+10 tail sweep 8% (500 pieces, 2 threads)
  ...t=1.292e+10 tail sweep 8% (500 pieces, 2 threads)
  ...t=1.292e+10 tail sweep 8% (500 pieces, 2 threads)
  ...t=1.292e+10 tail sweep 25% (1500 pieces, 2 threads)
  ...t=1.292e+10 tail sweep 17% (1000 pieces, 2 threads)
  ...t=1.292e+10 tail sweep 17% (1000 pieces, 2 threads)
  ...t=1.292e+10 tail sweep 17% (1000 pieces, 2 threads)
  ...t=1.292e+10 tail sweep 25% (1500 pieces, 2 threads)
  ...t=1.292e+10 tail sweep 25% (1500 pieces, 2 threads)
  ...t=1.292e+10 tail sweep 25% (1500 pieces, 2 threads)
  ...t=1.292e+10 tail sweep 33% (2000 pieces, 2 threads)
  ...t=1.292e+10 tail sweep 33% (2000 pieces, 2 threads)
  ...t=1.292e+10 tail sweep 33% (2000 pieces, 2 threads)
  ...t=1.292e+10 tail sweep 33% (2000 pieces, 2 threads)
  ...t=1.292e+10 tail sweep 41% (2500 pieces, 2 threads)
  ...t=1.292e+10 tail sweep 41% (2500 pieces, 2 threads)
  ...t=1.292e+10 tail sweep 41% (2500 pieces, 2 threads)
  ...t=1.292e+10 tail sweep 50% (3000 pieces, 2 threads)
  ...t=1.292e+10 tail sweep 50% (3000 pieces, 2 threads)
  ...t=1.292e+10 tail sweep 50% (3000 pieces, 2 threads)
  ...t=1.292e+10 tail sweep 58% (3500 pieces, 2 threads)
  ...t=1.292e+10 tail sweep 58% (3500 pieces, 2 threads)
  ...t=1.292e+10 tail sweep 58% (3500 pieces, 2 threads)
  ...t=1.292e+10 tail sweep 41% (2500 pieces, 2 threads)
  ...t=1.292e+10 tail sweep 66% (4000 pieces, 2 threads)
  ...t=1.292e+10 tail sweep 66% (4000 pieces, 2 threads)
  ...t=1.292e+10 tail sweep 66% (4000 pieces, 2 threads)
  ...t=1.292e+10 tail sweep 74% (4500 pieces, 2 threads)
  ...t=1.292e+10 tail sweep 74% (4500 pieces, 2 threads)
  ...t=1.292e+10 tail sweep 74% (4500 pieces, 2 threads)
  ...t=1.292e+10 tail sweep 50% (3000 pieces, 2 threads)
  ...t=1.292e+10 tail sweep 83% (5000 pieces, 2 threads)
  ...t=1.292e+10 tail sweep 83% (5000 pieces, 2 threads)
  ...t=1.292e+10 tail sweep 83% (5000 pieces, 2 threads)
  ...t=1.292e+10 tail sweep 91% (5500 pieces, 2 threads)
  ...t=1.292e+10 tail sweep 91% (5500 pieces, 2 threads)
  ...t=1.292e+10 tail sweep 91% (5500 pieces, 2 threads)
  ...t=1.292e+10 tail sweep 58% (3500 pieces, 2 threads)
  ...t=1.292e+10 tail sweep 99% (6000 pieces, 2 threads)
  ...t=1.292e+10 tail sweep 99% (6000 pieces, 2 threads)
  ...t=1.292e+10 tail sweep 99% (6000 pieces, 2 threads)
point  job  (win  1,  k  -4,  x=1.291581825e+10)  WORKER  FAILED:  TypeError('cannot unpack non-iterable NoneType object')  --  done  points  are  checkpointed;  supervisor  resumes
  pt win=1 k=-2 x=1.292e+10 t=12915818244.69007 mnew=1.0000 mcert=1.0000 bexp=1.35e-03
  pt win=1 k=-1 x=1.292e+10 t=12915818245.19007 mnew=1.0000 mcert=1.0000 bexp=1.34e-03
  pt win=1 k=-3 x=1.292e+10 t=12915818244.19007 mnew=1.0000 mcert=1.0000 bexp=1.34e-03
  ...t=1.292e+10 tail sweep 8% (500 pieces, 2 threads)
  ...t=1.292e+10 tail sweep 8% (500 pieces, 2 threads)
  ...t=1.292e+10 tail sweep 8% (500 pieces, 2 threads)
  ...t=1.292e+10 tail sweep 8% (500 pieces, 2 threads)
  ...t=1.292e+10 tail sweep 17% (1000 pieces, 2 threads)
  ...t=1.292e+10 tail sweep 17% (1000 pieces, 2 threads)
  ...t=1.292e+10 tail sweep 17% (1000 pieces, 2 threads)
  ...t=1.292e+10 tail sweep 17% (1000 pieces, 2 threads)
  ...t=1.292e+10 tail sweep 25% (1500 pieces, 2 threads)
  ...t=1.292e+10 tail sweep 25% (1500 pieces, 2 threads)
  ...t=1.292e+10 tail sweep 25% (1500 pieces, 2 threads)
  ...t=1.292e+10 tail sweep 25% (1500 pieces, 2 threads)
  ...t=1.292e+10 tail sweep 33% (2000 pieces, 2 threads)
  ...t=1.292e+10 tail sweep 33% (2000 pieces, 2 threads)
  ...t=1.292e+10 tail sweep 33% (2000 pieces, 2 threads)
  ...t=1.292e+10 tail sweep 33% (2000 pieces, 2 threads)
  ...t=1.292e+10 tail sweep 41% (2500 pieces, 2 threads)
  ...t=1.292e+10 tail sweep 41% (2500 pieces, 2 threads)
  ...t=1.292e+10 tail sweep 41% (2500 pieces, 2 threads)
  ...t=1.292e+10 tail sweep 41% (2500 pieces, 2 threads)
  ...t=1.292e+10 tail sweep 50% (3000 pieces, 2 threads)
  ...t=1.292e+10 tail sweep 50% (3000 pieces, 2 threads)
  ...t=1.292e+10 tail sweep 50% (3000 pieces, 2 threads)
  ...t=1.292e+10 tail sweep 50% (3000 pieces, 2 threads)
  ...t=1.292e+10 tail sweep 58% (3500 pieces, 2 threads)
  ...t=1.292e+10 tail sweep 58% (3500 pieces, 2 threads)
  ...t=1.292e+10 tail sweep 58% (3500 pieces, 2 threads)
  ...t=1.292e+10 tail sweep 58% (3500 pieces, 2 threads)
  ...t=1.292e+10 tail sweep 66% (4000 pieces, 2 threads)
  ...t=1.292e+10 tail sweep 66% (4000 pieces, 2 threads)
  ...t=1.292e+10 tail sweep 66% (4000 pieces, 2 threads)
  ...t=1.292e+10 tail sweep 66% (4000 pieces, 2 threads)
  ...t=1.292e+10 tail sweep 74% (4500 pieces, 2 threads)
  ...t=1.292e+10 tail sweep 74% (4500 pieces, 2 threads)
  ...t=1.292e+10 tail sweep 74% (4500 pieces, 2 threads)
  ...t=1.292e+10 tail sweep 74% (4500 pieces, 2 threads)
  ...t=1.292e+10 tail sweep 83% (5000 pieces, 2 threads)
  ...t=1.292e+10 tail sweep 83% (5000 pieces, 2 threads)
  ...t=1.292e+10 tail sweep 83% (5000 pieces, 2 threads)
  ...t=1.292e+10 tail sweep 83% (5000 pieces, 2 threads)
  ...t=1.292e+10 tail sweep 91% (5500 pieces, 2 threads)
  ...t=1.292e+10 tail sweep 91% (5500 pieces, 2 threads)
  ...t=1.292e+10 tail sweep 91% (5500 pieces, 2 threads)
  ...t=1.292e+10 tail sweep 91% (5500 pieces, 2 threads)
  ...t=1.292e+10 tail sweep 99% (6000 pieces, 2 threads)
  ...t=1.292e+10 tail sweep 99% (6000 pieces, 2 threads)
  ...t=1.292e+10 tail sweep 99% (6000 pieces, 2 threads)
  ...t=1.292e+10 tail sweep 99% (6000 pieces, 2 threads)
  pt win=1 k=+1 x=1.292e+10 t=12915818246.19007 mnew=1.0000 mcert=1.0000 bexp=1.81e-03
  pt win=1 k=+4 x=1.292e+10 t=12915818247.69007 mnew=1.0000 mcert=1.0000 bexp=1.41e-03
  pt win=1 k=+3 x=1.292e+10 t=12915818247.19007 mnew=1.0000 mcert=1.0000 bexp=1.34e-03
  pt win=1 k=+2 x=1.292e+10 t=12915818246.69007 mnew=1.0000 mcert=1.0000 bexp=1.35e-03
  ...t=1.292e+10 tail sweep 8% (500 pieces, 2 threads)
  ...t=1.292e+10 tail sweep 8% (500 pieces, 2 threads)  ...t=1.292e+10 tail sweep 8% (500 pieces, 2 threads)

  ...t=1.292e+10 tail sweep 8% (500 pieces, 2 threads)
  ...t=1.292e+10 tail sweep 17% (1000 pieces, 2 threads)
  ...t=1.292e+10 tail sweep 17% (1000 pieces, 2 threads)
  ...t=1.292e+10 tail sweep 17% (1000 pieces, 2 threads)
  ...t=1.292e+10 tail sweep 17% (1000 pieces, 2 threads)
  ...t=1.292e+10 tail sweep 25% (1500 pieces, 2 threads)
  ...t=1.292e+10 tail sweep 25% (1500 pieces, 2 threads)
  ...t=1.292e+10 tail sweep 25% (1500 pieces, 2 threads)
  ...t=1.292e+10 tail sweep 25% (1500 pieces, 2 threads)
  ...t=1.292e+10 tail sweep 33% (2000 pieces, 2 threads)
  ...t=1.292e+10 tail sweep 33% (2000 pieces, 2 threads)
  ...t=1.292e+10 tail sweep 33% (2000 pieces, 2 threads)
  ...t=1.292e+10 tail sweep 33% (2000 pieces, 2 threads)
  ...t=1.292e+10 tail sweep 41% (2500 pieces, 2 threads)
  ...t=1.292e+10 tail sweep 41% (2500 pieces, 2 threads)
  ...t=1.292e+10 tail sweep 41% (2500 pieces, 2 threads)
  ...t=1.292e+10 tail sweep 41% (2500 pieces, 2 threads)
  ...t=1.292e+10 tail sweep 50% (3000 pieces, 2 threads)
  ...t=1.292e+10 tail sweep 50% (3000 pieces, 2 threads)
  ...t=1.292e+10 tail sweep 50% (3000 pieces, 2 threads)
  ...t=1.292e+10 tail sweep 50% (3000 pieces, 2 threads)
  ...t=1.292e+10 tail sweep 58% (3500 pieces, 2 threads)
  ...t=1.292e+10 tail sweep 58% (3500 pieces, 2 threads)
  ...t=1.292e+10 tail sweep 58% (3500 pieces, 2 threads)
  ...t=1.292e+10 tail sweep 58% (3500 pieces, 2 threads)
  ...t=1.292e+10 tail sweep 66% (4000 pieces, 2 threads)
  ...t=1.292e+10 tail sweep 66% (4000 pieces, 2 threads)
  ...t=1.292e+10 tail sweep 66% (4000 pieces, 2 threads)
  ...t=1.292e+10 tail sweep 66% (4000 pieces, 2 threads)
  ...t=1.292e+10 tail sweep 74% (4500 pieces, 2 threads)
  ...t=1.292e+10 tail sweep 74% (4500 pieces, 2 threads)
  ...t=1.292e+10 tail sweep 74% (4500 pieces, 2 threads)
  ...t=1.292e+10 tail sweep 74% (4500 pieces, 2 threads)
  ...t=1.292e+10 tail sweep 83% (5000 pieces, 2 threads)
  ...t=1.292e+10 tail sweep 83% (5000 pieces, 2 threads)
  ...t=1.292e+10 tail sweep 83% (5000 pieces, 2 threads)
  ...t=1.292e+10 tail sweep 83% (5000 pieces, 2 threads)
  ...t=1.292e+10 tail sweep 91% (5500 pieces, 2 threads)
  ...t=1.292e+10 tail sweep 91% (5500 pieces, 2 threads)
  ...t=1.292e+10 tail sweep 91% (5500 pieces, 2 threads)
  ...t=1.292e+10 tail sweep 91% (5500 pieces, 2 threads)
  ...t=1.292e+10 tail sweep 99% (6000 pieces, 2 threads)
  ...t=1.292e+10 tail sweep 99% (6000 pieces, 2 threads)
  ...t=1.292e+10 tail sweep 99% (6000 pieces, 2 threads)
  ...t=1.292e+10 tail sweep 99% (6000 pieces, 2 threads)
  pt win=1 k=+6 x=1.292e+10 t=12915818248.69007 mnew=1.0000 mcert=1.0000 bexp=1.35e-03
  pt win=1 k=+5 x=1.292e+10 t=12915818248.19007 mnew=1.0000 mcert=1.0000 bexp=1.34e-03
  pt win=1 k=+7 x=1.292e+10 t=12915818249.19007 mnew=1.0000 mcert=1.0000 bexp=2.13e-03
  pt win=1 k=+8 x=1.292e+10 t=12915818249.69007 mnew=1.0000 mcert=1.0000 bexp=1.34e-03
  ...t=1.292e+10 tail sweep 8% (500 pieces, 2 threads)
  ...t=1.292e+10 tail sweep 8% (500 pieces, 2 threads)
  ...t=1.292e+10 tail sweep 8% (500 pieces, 2 threads)
  ...t=1.292e+10 tail sweep 8% (500 pieces, 2 threads)
  ...t=1.292e+10 tail sweep 17% (1000 pieces, 2 threads)
  ...t=1.292e+10 tail sweep 17% (1000 pieces, 2 threads)
  ...t=1.292e+10 tail sweep 17% (1000 pieces, 2 threads)
  ...t=1.292e+10 tail sweep 17% (1000 pieces, 2 threads)
  ...t=1.292e+10 tail sweep 25% (1500 pieces, 2 threads)
  ...t=1.292e+10 tail sweep 25% (1500 pieces, 2 threads)
  ...t=1.292e+10 tail sweep 25% (1500 pieces, 2 threads)
  ...t=1.292e+10 tail sweep 25% (1500 pieces, 2 threads)
  ...t=1.292e+10 tail sweep 33% (2000 pieces, 2 threads)
  ...t=1.292e+10 tail sweep 33% (2000 pieces, 2 threads)
  ...t=1.292e+10 tail sweep 33% (2000 pieces, 2 threads)
  ...t=1.292e+10 tail sweep 33% (2000 pieces, 2 threads)
  ...t=1.292e+10 tail sweep 41% (2500 pieces, 2 threads)
  ...t=1.292e+10 tail sweep 41% (2500 pieces, 2 threads)
  ...t=1.292e+10 tail sweep 41% (2500 pieces, 2 threads)
  ...t=1.292e+10 tail sweep 41% (2500 pieces, 2 threads)
  ...t=1.292e+10 tail sweep 50% (3000 pieces, 2 threads)
  ...t=1.292e+10 tail sweep 50% (3000 pieces, 2 threads)
  ...t=1.292e+10 tail sweep 50% (3000 pieces, 2 threads)
  ...t=1.292e+10 tail sweep 50% (3000 pieces, 2 threads)
  ...t=1.292e+10 tail sweep 58% (3500 pieces, 2 threads)
  ...t=1.292e+10 tail sweep 58% (3500 pieces, 2 threads)
  ...t=1.292e+10 tail sweep 58% (3500 pieces, 2 threads)
  ...t=1.292e+10 tail sweep 58% (3500 pieces, 2 threads)
  ...t=1.292e+10 tail sweep 66% (4000 pieces, 2 threads)
  ...t=1.292e+10 tail sweep 66% (4000 pieces, 2 threads)
  ...t=1.292e+10 tail sweep 66% (4000 pieces, 2 threads)
  ...t=1.292e+10 tail sweep 66% (4000 pieces, 2 threads)
  ...t=1.292e+10 tail sweep 74% (4500 pieces, 2 threads)
  ...t=1.292e+10 tail sweep 74% (4500 pieces, 2 threads)
  ...t=1.292e+10 tail sweep 74% (4500 pieces, 2 threads)
  ...t=1.292e+10 tail sweep 74% (4500 pieces, 2 threads)
  ...t=1.292e+10 tail sweep 83% (5000 pieces, 2 threads)
  ...t=1.292e+10 tail sweep 83% (5000 pieces, 2 threads)
  ...t=1.292e+10 tail sweep 83% (5000 pieces, 2 threads)
  ...t=1.292e+10 tail sweep 83% (5000 pieces, 2 threads)
  ...t=1.292e+10 tail sweep 91% (5500 pieces, 2 threads)
  ...t=1.292e+10 tail sweep 91% (5500 pieces, 2 threads)
  ...t=1.292e+10 tail sweep 91% (5500 pieces, 2 threads)
  ...t=1.292e+10 tail sweep 91% (5500 pieces, 2 threads)
  ...t=1.292e+10 tail sweep 99% (6000 pieces, 2 threads)
  ...t=1.292e+10 tail sweep 99% (6000 pieces, 2 threads)
  ...t=1.292e+10 tail sweep 99% (6000 pieces, 2 threads)
  ...t=1.292e+10 tail sweep 99% (6000 pieces, 2 threads)
  pt win=1 k=+12 x=1.292e+10 t=12915818251.69007 mnew=1.0000 mcert=1.0000 bexp=1.37e-03
  pt win=1 k=+10 x=1.292e+10 t=12915818250.69007 mnew=1.0000 mcert=1.0000 bexp=1.42e-03
  pt win=1 k=+11 x=1.292e+10 t=12915818251.19007 mnew=1.0000 mcert=1.0000 bexp=1.54e-03
  pt win=1 k=+9 x=1.292e+10 t=12915818250.19007 mnew=1.0000 mcert=1.0000 bexp=1.37e-03
  ...t=1.395e+10 tail sweep 8% (500 pieces, 2 threads)
  ...t=1.395e+10 tail sweep 8% (500 pieces, 2 threads)
  ...t=1.395e+10 tail sweep 8% (500 pieces, 2 threads)
  ...t=1.395e+10 tail sweep 8% (500 pieces, 2 threads)
  ...t=1.395e+10 tail sweep 17% (1000 pieces, 2 threads)
  ...t=1.395e+10 tail sweep 17% (1000 pieces, 2 threads)
  ...t=1.395e+10 tail sweep 17% (1000 pieces, 2 threads)
  ...t=1.395e+10 tail sweep 17% (1000 pieces, 2 threads)
  ...t=1.395e+10 tail sweep 25% (1500 pieces, 2 threads)
  ...t=1.395e+10 tail sweep 25% (1500 pieces, 2 threads)
  ...t=1.395e+10 tail sweep 25% (1500 pieces, 2 threads)
  ...t=1.395e+10 tail sweep 25% (1500 pieces, 2 threads)
  ...t=1.395e+10 tail sweep 33% (2000 pieces, 2 threads)
  ...t=1.395e+10 tail sweep 33% (2000 pieces, 2 threads)
  ...t=1.395e+10 tail sweep 33% (2000 pieces, 2 threads)
  ...t=1.395e+10 tail sweep 33% (2000 pieces, 2 threads)
  ...t=1.395e+10 tail sweep 41% (2500 pieces, 2 threads)
  ...t=1.395e+10 tail sweep 41% (2500 pieces, 2 threads)
  ...t=1.395e+10 tail sweep 41% (2500 pieces, 2 threads)
  ...t=1.395e+10 tail sweep 41% (2500 pieces, 2 threads)
  ...t=1.395e+10 tail sweep 50% (3000 pieces, 2 threads)
  ...t=1.395e+10 tail sweep 50% (3000 pieces, 2 threads)
  ...t=1.395e+10 tail sweep 50% (3000 pieces, 2 threads)
  ...t=1.395e+10 tail sweep 50% (3000 pieces, 2 threads)
  ...t=1.395e+10 tail sweep 58% (3500 pieces, 2 threads)
  ...t=1.395e+10 tail sweep 58% (3500 pieces, 2 threads)
  ...t=1.395e+10 tail sweep 58% (3500 pieces, 2 threads)
  ...t=1.395e+10 tail sweep 58% (3500 pieces, 2 threads)
  ...t=1.395e+10 tail sweep 66% (4000 pieces, 2 threads)
  ...t=1.395e+10 tail sweep 66% (4000 pieces, 2 threads)
  ...t=1.395e+10 tail sweep 66% (4000 pieces, 2 threads)
  ...t=1.395e+10 tail sweep 66% (4000 pieces, 2 threads)
  ...t=1.395e+10 tail sweep 74% (4500 pieces, 2 threads)
  ...t=1.395e+10 tail sweep 74% (4500 pieces, 2 threads)
  ...t=1.395e+10 tail sweep 74% (4500 pieces, 2 threads)
  ...t=1.395e+10 tail sweep 74% (4500 pieces, 2 threads)
  ...t=1.395e+10 tail sweep 83% (5000 pieces, 2 threads)
  ...t=1.395e+10 tail sweep 83% (5000 pieces, 2 threads)
  ...t=1.395e+10 tail sweep 83% (5000 pieces, 2 threads)
  ...t=1.395e+10 tail sweep 83% (5000 pieces, 2 threads)
  ...t=1.395e+10 tail sweep 91% (5500 pieces, 2 threads)
  ...t=1.395e+10 tail sweep 91% (5500 pieces, 2 threads)
  ...t=1.395e+10 tail sweep 91% (5500 pieces, 2 threads)
  ...t=1.395e+10 tail sweep 91% (5500 pieces, 2 threads)
  ...t=1.395e+10 tail sweep 99% (6000 pieces, 2 threads)
  ...t=1.395e+10 tail sweep 99% (6000 pieces, 2 threads)
  ...t=1.395e+10 tail sweep 99% (6000 pieces, 2 threads)
  ...t=1.395e+10 tail sweep 99% (6000 pieces, 2 threads)
  pt win=2 k=-11 x=1.395e+10 t=13949083699.74275 mnew=1.0000 mcert=1.0000 bexp=1.45e-03
  pt win=2 k=-10 x=1.395e+10 t=13949083700.24275 mnew=1.0000 mcert=1.0000 bexp=1.44e-03
  pt win=2 k=-9 x=1.395e+10 t=13949083700.74275 mnew=1.0000 mcert=1.0000 bexp=1.52e-03
  pt win=2 k=-12 x=1.395e+10 t=13949083699.24275 mnew=1.0000 mcert=1.0000 bexp=1.43e-03
  ...t=1.395e+10 tail sweep 8% (500 pieces, 2 threads)
  ...t=1.395e+10 tail sweep 8% (500 pieces, 2 threads)
  ...t=1.395e+10 tail sweep 8% (500 pieces, 2 threads)
  ...t=1.395e+10 tail sweep 8% (500 pieces, 2 threads)
  ...t=1.395e+10 tail sweep 17% (1000 pieces, 2 threads)
  ...t=1.395e+10 tail sweep 17% (1000 pieces, 2 threads)
  ...t=1.395e+10 tail sweep 17% (1000 pieces, 2 threads)
  ...t=1.395e+10 tail sweep 17% (1000 pieces, 2 threads)
  ...t=1.395e+10 tail sweep 25% (1500 pieces, 2 threads)
  ...t=1.395e+10 tail sweep 25% (1500 pieces, 2 threads)
  ...t=1.395e+10 tail sweep 25% (1500 pieces, 2 threads)
  ...t=1.395e+10 tail sweep 25% (1500 pieces, 2 threads)
  ...t=1.395e+10 tail sweep 33% (2000 pieces, 2 threads)
  ...t=1.395e+10 tail sweep 33% (2000 pieces, 2 threads)
  ...t=1.395e+10 tail sweep 33% (2000 pieces, 2 threads)
  ...t=1.395e+10 tail sweep 33% (2000 pieces, 2 threads)
  ...t=1.395e+10 tail sweep 41% (2500 pieces, 2 threads)
  ...t=1.395e+10 tail sweep 41% (2500 pieces, 2 threads)
  ...t=1.395e+10 tail sweep 41% (2500 pieces, 2 threads)
  ...t=1.395e+10 tail sweep 41% (2500 pieces, 2 threads)
  ...t=1.395e+10 tail sweep 50% (3000 pieces, 2 threads)
  ...t=1.395e+10 tail sweep 50% (3000 pieces, 2 threads)
  ...t=1.395e+10 tail sweep 50% (3000 pieces, 2 threads)
  ...t=1.395e+10 tail sweep 50% (3000 pieces, 2 threads)
  ...t=1.395e+10 tail sweep 58% (3500 pieces, 2 threads)
  ...t=1.395e+10 tail sweep 58% (3500 pieces, 2 threads)
  ...t=1.395e+10 tail sweep 58% (3500 pieces, 2 threads)
  ...t=1.395e+10 tail sweep 58% (3500 pieces, 2 threads)
  ...t=1.395e+10 tail sweep 66% (4000 pieces, 2 threads)
  ...t=1.395e+10 tail sweep 66% (4000 pieces, 2 threads)
  ...t=1.395e+10 tail sweep 66% (4000 pieces, 2 threads)
  ...t=1.395e+10 tail sweep 66% (4000 pieces, 2 threads)
  ...t=1.395e+10 tail sweep 74% (4500 pieces, 2 threads)
  ...t=1.395e+10 tail sweep 74% (4500 pieces, 2 threads)
  ...t=1.395e+10 tail sweep 74% (4500 pieces, 2 threads)
  ...t=1.395e+10 tail sweep 74% (4500 pieces, 2 threads)
  ...t=1.395e+10 tail sweep 83% (5000 pieces, 2 threads)
  ...t=1.395e+10 tail sweep 83% (5000 pieces, 2 threads)
  ...t=1.395e+10 tail sweep 83% (5000 pieces, 2 threads)
  ...t=1.395e+10 tail sweep 83% (5000 pieces, 2 threads)
  ...t=1.395e+10 tail sweep 91% (5500 pieces, 2 threads)
  ...t=1.395e+10 tail sweep 91% (5500 pieces, 2 threads)
  ...t=1.395e+10 tail sweep 91% (5500 pieces, 2 threads)
  ...t=1.395e+10 tail sweep 91% (5500 pieces, 2 threads)
  ...t=1.395e+10 tail sweep 99% (6000 pieces, 2 threads)
  ...t=1.395e+10 tail sweep 99% (6000 pieces, 2 threads)
  ...t=1.395e+10 tail sweep 99% (6000 pieces, 2 threads)
  ...t=1.395e+10 tail sweep 99% (6000 pieces, 2 threads)
  pt win=2 k=-6 x=1.395e+10 t=13949083702.24275 mnew=1.0000 mcert=1.0000 bexp=1.43e-03
  pt win=2 k=-8 x=1.395e+10 t=13949083701.24275 mnew=1.0000 mcert=1.0000 bexp=1.43e-03
  pt win=2 k=-7 x=1.395e+10 t=13949083701.74275 mnew=1.0000 mcert=1.0000 bexp=1.43e-03
  pt win=2 k=-5 x=1.395e+10 t=13949083702.74275 mnew=1.0000 mcert=1.0000 bexp=1.43e-03
  ...t=1.395e+10 tail sweep 8% (500 pieces, 2 threads)
  ...t=1.395e+10 tail sweep 8% (500 pieces, 2 threads)
  ...t=1.395e+10 tail sweep 8% (500 pieces, 2 threads)
  ...t=1.395e+10 tail sweep 8% (500 pieces, 2 threads)
  ...t=1.395e+10 tail sweep 17% (1000 pieces, 2 threads)
  ...t=1.395e+10 tail sweep 17% (1000 pieces, 2 threads)
  ...t=1.395e+10 tail sweep 17% (1000 pieces, 2 threads)
  ...t=1.395e+10 tail sweep 17% (1000 pieces, 2 threads)
  ...t=1.395e+10 tail sweep 25% (1500 pieces, 2 threads)
  ...t=1.395e+10 tail sweep 25% (1500 pieces, 2 threads)
  ...t=1.395e+10 tail sweep 25% (1500 pieces, 2 threads)
  ...t=1.395e+10 tail sweep 25% (1500 pieces, 2 threads)
  ...t=1.395e+10 tail sweep 33% (2000 pieces, 2 threads)
  ...t=1.395e+10 tail sweep 33% (2000 pieces, 2 threads)
  ...t=1.395e+10 tail sweep 33% (2000 pieces, 2 threads)
  ...t=1.395e+10 tail sweep 33% (2000 pieces, 2 threads)
  ...t=1.395e+10 tail sweep 41% (2500 pieces, 2 threads)
  ...t=1.395e+10 tail sweep 41% (2500 pieces, 2 threads)
  ...t=1.395e+10 tail sweep 41% (2500 pieces, 2 threads)
  ...t=1.395e+10 tail sweep 41% (2500 pieces, 2 threads)
  ...t=1.395e+10 tail sweep 50% (3000 pieces, 2 threads)
  ...t=1.395e+10 tail sweep 50% (3000 pieces, 2 threads)
  ...t=1.395e+10 tail sweep 50% (3000 pieces, 2 threads)
  ...t=1.395e+10 tail sweep 50% (3000 pieces, 2 threads)
  ...t=1.395e+10 tail sweep 58% (3500 pieces, 2 threads)
  ...t=1.395e+10 tail sweep 58% (3500 pieces, 2 threads)
  ...t=1.395e+10 tail sweep 58% (3500 pieces, 2 threads)
  ...t=1.395e+10 tail sweep 58% (3500 pieces, 2 threads)
  ...t=1.395e+10 tail sweep 66% (4000 pieces, 2 threads)
  ...t=1.395e+10 tail sweep 66% (4000 pieces, 2 threads)
  ...t=1.395e+10 tail sweep 66% (4000 pieces, 2 threads)
  ...t=1.395e+10 tail sweep 66% (4000 pieces, 2 threads)
  ...t=1.395e+10 tail sweep 74% (4500 pieces, 2 threads)
  ...t=1.395e+10 tail sweep 74% (4500 pieces, 2 threads)
  ...t=1.395e+10 tail sweep 74% (4500 pieces, 2 threads)
  ...t=1.395e+10 tail sweep 74% (4500 pieces, 2 threads)
  ...t=1.395e+10 tail sweep 83% (5000 pieces, 2 threads)
  ...t=1.395e+10 tail sweep 83% (5000 pieces, 2 threads)
  ...t=1.395e+10 tail sweep 83% (5000 pieces, 2 threads)
  ...t=1.395e+10 tail sweep 83% (5000 pieces, 2 threads)
  ...t=1.395e+10 tail sweep 91% (5500 pieces, 2 threads)
  ...t=1.395e+10 tail sweep 91% (5500 pieces, 2 threads)
  ...t=1.395e+10 tail sweep 91% (5500 pieces, 2 threads)
  ...t=1.395e+10 tail sweep 91% (5500 pieces, 2 threads)
  ...t=1.395e+10 tail sweep 99% (6000 pieces, 2 threads)
  ...t=1.395e+10 tail sweep 99% (6000 pieces, 2 threads)
  ...t=1.395e+10 tail sweep 99% (6000 pieces, 2 threads)
  ...t=1.395e+10 tail sweep 99% (6000 pieces, 2 threads)
  pt win=2 k=-1 x=1.395e+10 t=13949083704.74275 mnew=1.0000 mcert=1.0000 bexp=1.45e-03
  pt win=2 k=-4 x=1.395e+10 t=13949083703.24275 mnew=1.0000 mcert=1.0000 bexp=1.47e-03
  pt win=2 k=-2 x=1.395e+10 t=13949083704.24275 mnew=1.0000 mcert=1.0000 bexp=1.43e-03
  pt win=2 k=-3 x=1.395e+10 t=13949083703.74275 mnew=1.0000 mcert=1.0000 bexp=1.44e-03
  ...t=1.395e+10 tail sweep 8% (500 pieces, 2 threads)
  ...t=1.395e+10 tail sweep 8% (500 pieces, 2 threads)
  ...t=1.395e+10 tail sweep 8% (500 pieces, 2 threads)
  ...t=1.395e+10 tail sweep 8% (500 pieces, 2 threads)
  ...t=1.395e+10 tail sweep 17% (1000 pieces, 2 threads)
  ...t=1.395e+10 tail sweep 17% (1000 pieces, 2 threads)
  ...t=1.395e+10 tail sweep 17% (1000 pieces, 2 threads)
  ...t=1.395e+10 tail sweep 17% (1000 pieces, 2 threads)
  ...t=1.395e+10 tail sweep 25% (1500 pieces, 2 threads)
  ...t=1.395e+10 tail sweep 25% (1500 pieces, 2 threads)
  ...t=1.395e+10 tail sweep 25% (1500 pieces, 2 threads)
  ...t=1.395e+10 tail sweep 25% (1500 pieces, 2 threads)
  ...t=1.395e+10 tail sweep 33% (2000 pieces, 2 threads)
  ...t=1.395e+10 tail sweep 33% (2000 pieces, 2 threads)
  ...t=1.395e+10 tail sweep 33% (2000 pieces, 2 threads)
  ...t=1.395e+10 tail sweep 33% (2000 pieces, 2 threads)
  ...t=1.395e+10 tail sweep 41% (2500 pieces, 2 threads)
  ...t=1.395e+10 tail sweep 41% (2500 pieces, 2 threads)
  ...t=1.395e+10 tail sweep 41% (2500 pieces, 2 threads)
  ...t=1.395e+10 tail sweep 41% (2500 pieces, 2 threads)
  ...t=1.395e+10 tail sweep 50% (3000 pieces, 2 threads)
  ...t=1.395e+10 tail sweep 50% (3000 pieces, 2 threads)
  ...t=1.395e+10 tail sweep 50% (3000 pieces, 2 threads)
  ...t=1.395e+10 tail sweep 50% (3000 pieces, 2 threads)
  ...t=1.395e+10 tail sweep 58% (3500 pieces, 2 threads)
  ...t=1.395e+10 tail sweep 58% (3500 pieces, 2 threads)
  ...t=1.395e+10 tail sweep 58% (3500 pieces, 2 threads)
  ...t=1.395e+10 tail sweep 58% (3500 pieces, 2 threads)
  ...t=1.395e+10 tail sweep 66% (4000 pieces, 2 threads)
  ...t=1.395e+10 tail sweep 66% (4000 pieces, 2 threads)  ...t=1.395e+10 tail sweep 66% (4000 pieces, 2 threads)

  ...t=1.395e+10 tail sweep 66% (4000 pieces, 2 threads)
  ...t=1.395e+10 tail sweep 74% (4500 pieces, 2 threads)
  ...t=1.395e+10 tail sweep 74% (4500 pieces, 2 threads)
  ...t=1.395e+10 tail sweep 74% (4500 pieces, 2 threads)
  ...t=1.395e+10 tail sweep 74% (4500 pieces, 2 threads)
  ...t=1.395e+10 tail sweep 83% (5000 pieces, 2 threads)
  ...t=1.395e+10 tail sweep 83% (5000 pieces, 2 threads)
  ...t=1.395e+10 tail sweep 83% (5000 pieces, 2 threads)
  ...t=1.395e+10 tail sweep 83% (5000 pieces, 2 threads)
  ...t=1.395e+10 tail sweep 91% (5500 pieces, 2 threads)
  ...t=1.395e+10 tail sweep 91% (5500 pieces, 2 threads)
  ...t=1.395e+10 tail sweep 91% (5500 pieces, 2 threads)
  ...t=1.395e+10 tail sweep 91% (5500 pieces, 2 threads)
  ...t=1.395e+10 tail sweep 99% (6000 pieces, 2 threads)
  ...t=1.395e+10 tail sweep 99% (6000 pieces, 2 threads)
  ...t=1.395e+10 tail sweep 99% (6000 pieces, 2 threads)
  ...t=1.395e+10 tail sweep 99% (6000 pieces, 2 threads)
  pt win=2 k=+4 x=1.395e+10 t=13949083707.24275 mnew=1.0000 mcert=1.0000 bexp=1.44e-03
  pt win=2 k=+2 x=1.395e+10 t=13949083706.24275 mnew=1.0000 mcert=1.0000 bexp=1.43e-03
  pt win=2 k=+1 x=1.395e+10 t=13949083705.74275 mnew=1.0000 mcert=1.0000 bexp=1.44e-03
  pt win=2 k=+3 x=1.395e+10 t=13949083706.74275 mnew=1.0000 mcert=1.0000 bexp=1.44e-03
  ...t=1.395e+10 tail sweep 8% (500 pieces, 2 threads)
  ...t=1.395e+10 tail sweep 8% (500 pieces, 2 threads)
  ...t=1.395e+10 tail sweep 8% (500 pieces, 2 threads)
  ...t=1.395e+10 tail sweep 8% (500 pieces, 2 threads)
  ...t=1.395e+10 tail sweep 17% (1000 pieces, 2 threads)  ...t=1.395e+10 tail sweep 17% (1000 pieces, 2 threads)

  ...t=1.395e+10 tail sweep 17% (1000 pieces, 2 threads)
  ...t=1.395e+10 tail sweep 17% (1000 pieces, 2 threads)
  ...t=1.395e+10 tail sweep 25% (1500 pieces, 2 threads)
  ...t=1.395e+10 tail sweep 25% (1500 pieces, 2 threads)
  ...t=1.395e+10 tail sweep 25% (1500 pieces, 2 threads)
  ...t=1.395e+10 tail sweep 25% (1500 pieces, 2 threads)
  ...t=1.395e+10 tail sweep 33% (2000 pieces, 2 threads)
  ...t=1.395e+10 tail sweep 33% (2000 pieces, 2 threads)  ...t=1.395e+10 tail sweep 33% (2000 pieces, 2 threads)

  ...t=1.395e+10 tail sweep 33% (2000 pieces, 2 threads)
  ...t=1.395e+10 tail sweep 41% (2500 pieces, 2 threads)
  ...t=1.395e+10 tail sweep 41% (2500 pieces, 2 threads)
  ...t=1.395e+10 tail sweep 41% (2500 pieces, 2 threads)
  ...t=1.395e+10 tail sweep 41% (2500 pieces, 2 threads)
  ...t=1.395e+10 tail sweep 50% (3000 pieces, 2 threads)
  ...t=1.395e+10 tail sweep 50% (3000 pieces, 2 threads)
  ...t=1.395e+10 tail sweep 50% (3000 pieces, 2 threads)
  ...t=1.395e+10 tail sweep 50% (3000 pieces, 2 threads)
  ...t=1.395e+10 tail sweep 58% (3500 pieces, 2 threads)
  ...t=1.395e+10 tail sweep 58% (3500 pieces, 2 threads)
  ...t=1.395e+10 tail sweep 58% (3500 pieces, 2 threads)
  ...t=1.395e+10 tail sweep 58% (3500 pieces, 2 threads)
  ...t=1.395e+10 tail sweep 66% (4000 pieces, 2 threads)
  ...t=1.395e+10 tail sweep 66% (4000 pieces, 2 threads)
  ...t=1.395e+10 tail sweep 66% (4000 pieces, 2 threads)
  ...t=1.395e+10 tail sweep 66% (4000 pieces, 2 threads)
  ...t=1.395e+10 tail sweep 74% (4500 pieces, 2 threads)
  ...t=1.395e+10 tail sweep 74% (4500 pieces, 2 threads)
  ...t=1.395e+10 tail sweep 74% (4500 pieces, 2 threads)
  ...t=1.395e+10 tail sweep 74% (4500 pieces, 2 threads)
  ...t=1.395e+10 tail sweep 83% (5000 pieces, 2 threads)
  ...t=1.395e+10 tail sweep 83% (5000 pieces, 2 threads)
  ...t=1.395e+10 tail sweep 83% (5000 pieces, 2 threads)
  ...t=1.395e+10 tail sweep 83% (5000 pieces, 2 threads)
  ...t=1.395e+10 tail sweep 91% (5500 pieces, 2 threads)
  ...t=1.395e+10 tail sweep 91% (5500 pieces, 2 threads)
  ...t=1.395e+10 tail sweep 91% (5500 pieces, 2 threads)
  ...t=1.395e+10 tail sweep 91% (5500 pieces, 2 threads)
  ...t=1.395e+10 tail sweep 99% (6000 pieces, 2 threads)
  ...t=1.395e+10 tail sweep 99% (6000 pieces, 2 threads)
  ...t=1.395e+10 tail sweep 99% (6000 pieces, 2 threads)
  ...t=1.395e+10 tail sweep 99% (6000 pieces, 2 threads)
  pt win=2 k=+5 x=1.395e+10 t=13949083707.74275 mnew=1.0000 mcert=1.0000 bexp=1.44e-03
  pt win=2 k=+7 x=1.395e+10 t=13949083708.74275 mnew=1.0000 mcert=1.0000 bexp=1.50e-03
  pt win=2 k=+8 x=1.395e+10 t=13949083709.24275 mnew=1.0000 mcert=1.0000 bexp=1.43e-03
  pt win=2 k=+6 x=1.395e+10 t=13949083708.24275 mnew=1.0000 mcert=1.0000 bexp=1.43e-03
  ...t=1.395e+10 tail sweep 8% (500 pieces, 2 threads)
  ...t=1.395e+10 tail sweep 8% (500 pieces, 2 threads)
  ...t=1.395e+10 tail sweep 8% (500 pieces, 2 threads)
  ...t=1.395e+10 tail sweep 8% (500 pieces, 2 threads)
  ...t=1.395e+10 tail sweep 17% (1000 pieces, 2 threads)
  ...t=1.395e+10 tail sweep 17% (1000 pieces, 2 threads)
  ...t=1.395e+10 tail sweep 17% (1000 pieces, 2 threads)
  ...t=1.395e+10 tail sweep 17% (1000 pieces, 2 threads)
  ...t=1.395e+10 tail sweep 25% (1500 pieces, 2 threads)
  ...t=1.395e+10 tail sweep 25% (1500 pieces, 2 threads)
  ...t=1.395e+10 tail sweep 25% (1500 pieces, 2 threads)
  ...t=1.395e+10 tail sweep 25% (1500 pieces, 2 threads)
  ...t=1.395e+10 tail sweep 33% (2000 pieces, 2 threads)
  ...t=1.395e+10 tail sweep 33% (2000 pieces, 2 threads)
  ...t=1.395e+10 tail sweep 33% (2000 pieces, 2 threads)
  ...t=1.395e+10 tail sweep 33% (2000 pieces, 2 threads)
  ...t=1.395e+10 tail sweep 41% (2500 pieces, 2 threads)
  ...t=1.395e+10 tail sweep 41% (2500 pieces, 2 threads)
  ...t=1.395e+10 tail sweep 41% (2500 pieces, 2 threads)
  ...t=1.395e+10 tail sweep 41% (2500 pieces, 2 threads)
  ...t=1.395e+10 tail sweep 50% (3000 pieces, 2 threads)
  ...t=1.395e+10 tail sweep 50% (3000 pieces, 2 threads)
  ...t=1.395e+10 tail sweep 50% (3000 pieces, 2 threads)
  ...t=1.395e+10 tail sweep 50% (3000 pieces, 2 threads)
  ...t=1.395e+10 tail sweep 58% (3500 pieces, 2 threads)
  ...t=1.395e+10 tail sweep 58% (3500 pieces, 2 threads)
  ...t=1.395e+10 tail sweep 58% (3500 pieces, 2 threads)
  ...t=1.395e+10 tail sweep 58% (3500 pieces, 2 threads)
  ...t=1.395e+10 tail sweep 66% (4000 pieces, 2 threads)
  ...t=1.395e+10 tail sweep 66% (4000 pieces, 2 threads)
  ...t=1.395e+10 tail sweep 66% (4000 pieces, 2 threads)
  ...t=1.395e+10 tail sweep 66% (4000 pieces, 2 threads)
  ...t=1.395e+10 tail sweep 74% (4500 pieces, 2 threads)
  ...t=1.395e+10 tail sweep 74% (4500 pieces, 2 threads)
  ...t=1.395e+10 tail sweep 74% (4500 pieces, 2 threads)
  ...t=1.395e+10 tail sweep 74% (4500 pieces, 2 threads)
  ...t=1.395e+10 tail sweep 83% (5000 pieces, 2 threads)
  ...t=1.395e+10 tail sweep 83% (5000 pieces, 2 threads)
  ...t=1.395e+10 tail sweep 83% (5000 pieces, 2 threads)
  ...t=1.395e+10 tail sweep 83% (5000 pieces, 2 threads)
  ...t=1.395e+10 tail sweep 91% (5500 pieces, 2 threads)
  ...t=1.395e+10 tail sweep 91% (5500 pieces, 2 threads)
  ...t=1.395e+10 tail sweep 91% (5500 pieces, 2 threads)
  ...t=1.395e+10 tail sweep 91% (5500 pieces, 2 threads)
  ...t=1.395e+10 tail sweep 99% (6000 pieces, 2 threads)
  ...t=1.395e+10 tail sweep 99% (6000 pieces, 2 threads)
  ...t=1.395e+10 tail sweep 99% (6000 pieces, 2 threads)
  ...t=1.395e+10 tail sweep 99% (6000 pieces, 2 threads)
  pt win=2 k=+9 x=1.395e+10 t=13949083709.74275 mnew=1.0000 mcert=1.0000 bexp=1.46e-03
  pt win=2 k=+11 x=1.395e+10 t=13949083710.74275 mnew=1.0000 mcert=1.0000 bexp=1.54e-03
  pt win=2 k=+12 x=1.395e+10 t=13949083711.24275 mnew=1.0000 mcert=1.0000 bexp=1.44e-03
  pt win=2 k=+10 x=1.395e+10 t=13949083710.24275 mnew=1.0000 mcert=1.0000 bexp=1.43e-03
  ...t=1.507e+10 tail sweep 8% (500 pieces, 2 threads)
  ...t=1.507e+10 tail sweep 8% (500 pieces, 2 threads)
  ...t=1.507e+10 tail sweep 8% (500 pieces, 2 threads)
  ...t=1.507e+10 tail sweep 8% (500 pieces, 2 threads)
  ...t=1.507e+10 tail sweep 17% (1000 pieces, 2 threads)
  ...t=1.507e+10 tail sweep 17% (1000 pieces, 2 threads)
  ...t=1.507e+10 tail sweep 17% (1000 pieces, 2 threads)
  ...t=1.507e+10 tail sweep 17% (1000 pieces, 2 threads)
  ...t=1.507e+10 tail sweep 25% (1500 pieces, 2 threads)
  ...t=1.507e+10 tail sweep 25% (1500 pieces, 2 threads)
  ...t=1.507e+10 tail sweep 25% (1500 pieces, 2 threads)
  ...t=1.507e+10 tail sweep 25% (1500 pieces, 2 threads)
  ...t=1.507e+10 tail sweep 33% (2000 pieces, 2 threads)
  ...t=1.507e+10 tail sweep 33% (2000 pieces, 2 threads)
  ...t=1.507e+10 tail sweep 33% (2000 pieces, 2 threads)
  ...t=1.507e+10 tail sweep 33% (2000 pieces, 2 threads)
  ...t=1.507e+10 tail sweep 41% (2500 pieces, 2 threads)
  ...t=1.507e+10 tail sweep 41% (2500 pieces, 2 threads)
  ...t=1.507e+10 tail sweep 41% (2500 pieces, 2 threads)
  ...t=1.507e+10 tail sweep 41% (2500 pieces, 2 threads)
  ...t=1.507e+10 tail sweep 50% (3000 pieces, 2 threads)  ...t=1.507e+10 tail sweep 50% (3000 pieces, 2 threads)

  ...t=1.507e+10 tail sweep 50% (3000 pieces, 2 threads)
  ...t=1.507e+10 tail sweep 50% (3000 pieces, 2 threads)
  ...t=1.507e+10 tail sweep 58% (3500 pieces, 2 threads)
  ...t=1.507e+10 tail sweep 58% (3500 pieces, 2 threads)
  ...t=1.507e+10 tail sweep 58% (3500 pieces, 2 threads)
  ...t=1.507e+10 tail sweep 58% (3500 pieces, 2 threads)
  ...t=1.507e+10 tail sweep 66% (4000 pieces, 2 threads)
  ...t=1.507e+10 tail sweep 66% (4000 pieces, 2 threads)
  ...t=1.507e+10 tail sweep 66% (4000 pieces, 2 threads)
  ...t=1.507e+10 tail sweep 66% (4000 pieces, 2 threads)
  ...t=1.507e+10 tail sweep 74% (4500 pieces, 2 threads)
  ...t=1.507e+10 tail sweep 74% (4500 pieces, 2 threads)
  ...t=1.507e+10 tail sweep 74% (4500 pieces, 2 threads)
  ...t=1.507e+10 tail sweep 74% (4500 pieces, 2 threads)
  ...t=1.507e+10 tail sweep 83% (5000 pieces, 2 threads)
  ...t=1.507e+10 tail sweep 83% (5000 pieces, 2 threads)
  ...t=1.507e+10 tail sweep 83% (5000 pieces, 2 threads)
  ...t=1.507e+10 tail sweep 83% (5000 pieces, 2 threads)
  ...t=1.507e+10 tail sweep 91% (5500 pieces, 2 threads)
  ...t=1.507e+10 tail sweep 91% (5500 pieces, 2 threads)
  ...t=1.507e+10 tail sweep 91% (5500 pieces, 2 threads)
  ...t=1.507e+10 tail sweep 91% (5500 pieces, 2 threads)
  ...t=1.507e+10 tail sweep 99% (6000 pieces, 2 threads)
  ...t=1.507e+10 tail sweep 99% (6000 pieces, 2 threads)
  ...t=1.507e+10 tail sweep 99% (6000 pieces, 2 threads)
  ...t=1.507e+10 tail sweep 99% (6000 pieces, 2 threads)
  pt win=3 k=-11 x=1.507e+10 t=15065010396.27052 mnew=1.0000 mcert=1.0000 bexp=1.54e-03
  pt win=3 k=-10 x=1.507e+10 t=15065010396.77052 mnew=1.0000 mcert=1.0000 bexp=1.54e-03
  pt win=3 k=-9 x=1.507e+10 t=15065010397.27052 mnew=1.0000 mcert=1.0000 bexp=1.59e-03
  ...t=1.507e+10 tail sweep 8% (500 pieces, 2 threads)
  ...t=1.507e+10 tail sweep 8% (500 pieces, 2 threads)
  pt win=3 k=-12 x=1.507e+10 t=15065010395.77052 mnew=1.0000 mcert=1.0000 bexp=1.55e-03
  ...t=1.507e+10 tail sweep 8% (500 pieces, 2 threads)
  ...t=1.507e+10 tail sweep 8% (500 pieces, 2 threads)
  ...t=1.507e+10 tail sweep 17% (1000 pieces, 2 threads)
  ...t=1.507e+10 tail sweep 17% (1000 pieces, 2 threads)
  ...t=1.507e+10 tail sweep 17% (1000 pieces, 2 threads)
  ...t=1.507e+10 tail sweep 17% (1000 pieces, 2 threads)
  ...t=1.507e+10 tail sweep 25% (1500 pieces, 2 threads)
  ...t=1.507e+10 tail sweep 25% (1500 pieces, 2 threads)
  ...t=1.507e+10 tail sweep 25% (1500 pieces, 2 threads)
  ...t=1.507e+10 tail sweep 25% (1500 pieces, 2 threads)
  ...t=1.507e+10 tail sweep 33% (2000 pieces, 2 threads)
  ...t=1.507e+10 tail sweep 33% (2000 pieces, 2 threads)
  ...t=1.507e+10 tail sweep 33% (2000 pieces, 2 threads)
  ...t=1.507e+10 tail sweep 33% (2000 pieces, 2 threads)
  ...t=1.507e+10 tail sweep 41% (2500 pieces, 2 threads)
  ...t=1.507e+10 tail sweep 41% (2500 pieces, 2 threads)
  ...t=1.507e+10 tail sweep 41% (2500 pieces, 2 threads)
  ...t=1.507e+10 tail sweep 41% (2500 pieces, 2 threads)
  ...t=1.507e+10 tail sweep 50% (3000 pieces, 2 threads)
  ...t=1.507e+10 tail sweep 50% (3000 pieces, 2 threads)
  ...t=1.507e+10 tail sweep 50% (3000 pieces, 2 threads)
  ...t=1.507e+10 tail sweep 50% (3000 pieces, 2 threads)
  ...t=1.507e+10 tail sweep 58% (3500 pieces, 2 threads)
  ...t=1.507e+10 tail sweep 58% (3500 pieces, 2 threads)
  ...t=1.507e+10 tail sweep 58% (3500 pieces, 2 threads)
  ...t=1.507e+10 tail sweep 58% (3500 pieces, 2 threads)
  ...t=1.507e+10 tail sweep 66% (4000 pieces, 2 threads)
  ...t=1.507e+10 tail sweep 66% (4000 pieces, 2 threads)
  ...t=1.507e+10 tail sweep 66% (4000 pieces, 2 threads)
  ...t=1.507e+10 tail sweep 66% (4000 pieces, 2 threads)
  ...t=1.507e+10 tail sweep 74% (4500 pieces, 2 threads)
  ...t=1.507e+10 tail sweep 74% (4500 pieces, 2 threads)
  ...t=1.507e+10 tail sweep 74% (4500 pieces, 2 threads)
  ...t=1.507e+10 tail sweep 74% (4500 pieces, 2 threads)
  ...t=1.507e+10 tail sweep 83% (5000 pieces, 2 threads)
  ...t=1.507e+10 tail sweep 83% (5000 pieces, 2 threads)
  ...t=1.507e+10 tail sweep 83% (5000 pieces, 2 threads)
  ...t=1.507e+10 tail sweep 83% (5000 pieces, 2 threads)
  ...t=1.507e+10 tail sweep 91% (5500 pieces, 2 threads)
  ...t=1.507e+10 tail sweep 91% (5500 pieces, 2 threads)
  ...t=1.507e+10 tail sweep 91% (5500 pieces, 2 threads)
  ...t=1.507e+10 tail sweep 91% (5500 pieces, 2 threads)
  ...t=1.507e+10 tail sweep 99% (6000 pieces, 2 threads)
  ...t=1.507e+10 tail sweep 99% (6000 pieces, 2 threads)
  ...t=1.507e+10 tail sweep 99% (6000 pieces, 2 threads)
  ...t=1.507e+10 tail sweep 99% (6000 pieces, 2 threads)
  pt win=3 k=-8 x=1.507e+10 t=15065010397.77052 mnew=1.0000 mcert=1.0000 bexp=1.52e-03
  pt win=3 k=-7 x=1.507e+10 t=15065010398.27052 mnew=1.0000 mcert=1.0000 bexp=1.67e-03
  pt win=3 k=-6 x=1.507e+10 t=15065010398.77052 mnew=1.0000 mcert=1.0000 bexp=1.53e-03
  pt win=3 k=-5 x=1.507e+10 t=15065010399.27052 mnew=1.0000 mcert=1.0000 bexp=1.53e-03
  ...t=1.507e+10 tail sweep 8% (500 pieces, 2 threads)
  ...t=1.507e+10 tail sweep 8% (500 pieces, 2 threads)
  ...t=1.507e+10 tail sweep 8% (500 pieces, 2 threads)
  ...t=1.507e+10 tail sweep 8% (500 pieces, 2 threads)
  ...t=1.507e+10 tail sweep 17% (1000 pieces, 2 threads)
  ...t=1.507e+10 tail sweep 17% (1000 pieces, 2 threads)
  ...t=1.507e+10 tail sweep 17% (1000 pieces, 2 threads)
  ...t=1.507e+10 tail sweep 17% (1000 pieces, 2 threads)
  ...t=1.507e+10 tail sweep 25% (1500 pieces, 2 threads)
  ...t=1.507e+10 tail sweep 25% (1500 pieces, 2 threads)
  ...t=1.507e+10 tail sweep 25% (1500 pieces, 2 threads)
  ...t=1.507e+10 tail sweep 25% (1500 pieces, 2 threads)
  ...t=1.507e+10 tail sweep 33% (2000 pieces, 2 threads)
  ...t=1.507e+10 tail sweep 33% (2000 pieces, 2 threads)
  ...t=1.507e+10 tail sweep 33% (2000 pieces, 2 threads)
  ...t=1.507e+10 tail sweep 33% (2000 pieces, 2 threads)
  ...t=1.507e+10 tail sweep 41% (2500 pieces, 2 threads)
  ...t=1.507e+10 tail sweep 41% (2500 pieces, 2 threads)  ...t=1.507e+10 tail sweep 41% (2500 pieces, 2 threads)

  ...t=1.507e+10 tail sweep 41% (2500 pieces, 2 threads)
  ...t=1.507e+10 tail sweep 50% (3000 pieces, 2 threads)
  ...t=1.507e+10 tail sweep 50% (3000 pieces, 2 threads)
  ...t=1.507e+10 tail sweep 50% (3000 pieces, 2 threads)
  ...t=1.507e+10 tail sweep 50% (3000 pieces, 2 threads)
  ...t=1.507e+10 tail sweep 58% (3500 pieces, 2 threads)
  ...t=1.507e+10 tail sweep 58% (3500 pieces, 2 threads)
  ...t=1.507e+10 tail sweep 58% (3500 pieces, 2 threads)
  ...t=1.507e+10 tail sweep 58% (3500 pieces, 2 threads)
  ...t=1.507e+10 tail sweep 66% (4000 pieces, 2 threads)
  ...t=1.507e+10 tail sweep 66% (4000 pieces, 2 threads)
  ...t=1.507e+10 tail sweep 66% (4000 pieces, 2 threads)
  ...t=1.507e+10 tail sweep 66% (4000 pieces, 2 threads)
  ...t=1.507e+10 tail sweep 74% (4500 pieces, 2 threads)
  ...t=1.507e+10 tail sweep 74% (4500 pieces, 2 threads)
  ...t=1.507e+10 tail sweep 74% (4500 pieces, 2 threads)
  ...t=1.507e+10 tail sweep 74% (4500 pieces, 2 threads)
  ...t=1.507e+10 tail sweep 83% (5000 pieces, 2 threads)
  ...t=1.507e+10 tail sweep 83% (5000 pieces, 2 threads)
  ...t=1.507e+10 tail sweep 83% (5000 pieces, 2 threads)
  ...t=1.507e+10 tail sweep 83% (5000 pieces, 2 threads)
  ...t=1.507e+10 tail sweep 91% (5500 pieces, 2 threads)
  ...t=1.507e+10 tail sweep 91% (5500 pieces, 2 threads)
  ...t=1.507e+10 tail sweep 91% (5500 pieces, 2 threads)
  ...t=1.507e+10 tail sweep 91% (5500 pieces, 2 threads)
  ...t=1.507e+10 tail sweep 99% (6000 pieces, 2 threads)
  ...t=1.507e+10 tail sweep 99% (6000 pieces, 2 threads)
  ...t=1.507e+10 tail sweep 99% (6000 pieces, 2 threads)
  ...t=1.507e+10 tail sweep 99% (6000 pieces, 2 threads)
  pt win=3 k=-2 x=1.507e+10 t=15065010400.77052 mnew=1.0000 mcert=1.0000 bexp=1.53e-03
  pt win=3 k=-4 x=1.507e+10 t=15065010399.77052 mnew=1.0000 mcert=1.0000 bexp=1.56e-03
  pt win=3 k=-3 x=1.507e+10 t=15065010400.27052 mnew=1.0000 mcert=1.0000 bexp=1.53e-03
  pt win=3 k=-1 x=1.507e+10 t=15065010401.27052 mnew=1.0000 mcert=1.0000 bexp=1.64e-03
  ...t=1.507e+10 tail sweep 8% (500 pieces, 2 threads)
  ...t=1.507e+10 tail sweep 8% (500 pieces, 2 threads)
  ...t=1.507e+10 tail sweep 8% (500 pieces, 2 threads)
  ...t=1.507e+10 tail sweep 8% (500 pieces, 2 threads)
  ...t=1.507e+10 tail sweep 17% (1000 pieces, 2 threads)
  ...t=1.507e+10 tail sweep 17% (1000 pieces, 2 threads)
  ...t=1.507e+10 tail sweep 17% (1000 pieces, 2 threads)
  ...t=1.507e+10 tail sweep 17% (1000 pieces, 2 threads)
  ...t=1.507e+10 tail sweep 25% (1500 pieces, 2 threads)
  ...t=1.507e+10 tail sweep 25% (1500 pieces, 2 threads)
  ...t=1.507e+10 tail sweep 25% (1500 pieces, 2 threads)
  ...t=1.507e+10 tail sweep 25% (1500 pieces, 2 threads)
  ...t=1.507e+10 tail sweep 33% (2000 pieces, 2 threads)
  ...t=1.507e+10 tail sweep 33% (2000 pieces, 2 threads)
  ...t=1.507e+10 tail sweep 33% (2000 pieces, 2 threads)
  ...t=1.507e+10 tail sweep 33% (2000 pieces, 2 threads)
  ...t=1.507e+10 tail sweep 41% (2500 pieces, 2 threads)
  ...t=1.507e+10 tail sweep 41% (2500 pieces, 2 threads)
  ...t=1.507e+10 tail sweep 41% (2500 pieces, 2 threads)
  ...t=1.507e+10 tail sweep 41% (2500 pieces, 2 threads)
  ...t=1.507e+10 tail sweep 50% (3000 pieces, 2 threads)
  ...t=1.507e+10 tail sweep 50% (3000 pieces, 2 threads)
  ...t=1.507e+10 tail sweep 50% (3000 pieces, 2 threads)
  ...t=1.507e+10 tail sweep 50% (3000 pieces, 2 threads)
  ...t=1.507e+10 tail sweep 58% (3500 pieces, 2 threads)
  ...t=1.507e+10 tail sweep 58% (3500 pieces, 2 threads)
  ...t=1.507e+10 tail sweep 58% (3500 pieces, 2 threads)
  ...t=1.507e+10 tail sweep 58% (3500 pieces, 2 threads)
  ...t=1.507e+10 tail sweep 66% (4000 pieces, 2 threads)
  ...t=1.507e+10 tail sweep 66% (4000 pieces, 2 threads)
  ...t=1.507e+10 tail sweep 66% (4000 pieces, 2 threads)  ...t=1.507e+10 tail sweep 66% (4000 pieces, 2 threads)

  ...t=1.507e+10 tail sweep 74% (4500 pieces, 2 threads)
  ...t=1.507e+10 tail sweep 74% (4500 pieces, 2 threads)
  ...t=1.507e+10 tail sweep 74% (4500 pieces, 2 threads)
  ...t=1.507e+10 tail sweep 74% (4500 pieces, 2 threads)
  ...t=1.507e+10 tail sweep 83% (5000 pieces, 2 threads)
  ...t=1.507e+10 tail sweep 83% (5000 pieces, 2 threads)
  ...t=1.507e+10 tail sweep 83% (5000 pieces, 2 threads)
  ...t=1.507e+10 tail sweep 83% (5000 pieces, 2 threads)
  ...t=1.507e+10 tail sweep 91% (5500 pieces, 2 threads)
  ...t=1.507e+10 tail sweep 91% (5500 pieces, 2 threads)
  ...t=1.507e+10 tail sweep 91% (5500 pieces, 2 threads)
  ...t=1.507e+10 tail sweep 91% (5500 pieces, 2 threads)
  ...t=1.507e+10 tail sweep 99% (6000 pieces, 2 threads)
  ...t=1.507e+10 tail sweep 99% (6000 pieces, 2 threads)
  ...t=1.507e+10 tail sweep 99% (6000 pieces, 2 threads)  ...t=1.507e+10 tail sweep 99% (6000 pieces, 2 threads)

  pt win=3 k=+1 x=1.507e+10 t=15065010402.27052 mnew=1.0000 mcert=1.0000 bexp=1.54e-03
  pt win=3 k=+4 x=1.507e+10 t=15065010403.77052 mnew=1.0000 mcert=1.0000 bexp=1.55e-03
  pt win=3 k=+3 x=1.507e+10 t=15065010403.27052 mnew=1.0000 mcert=1.0000 bexp=1.56e-03
  pt win=3 k=+2 x=1.507e+10 t=15065010402.77052 mnew=1.0000 mcert=1.0000 bexp=1.52e-03
  ...t=1.507e+10 tail sweep 8% (500 pieces, 2 threads)
  ...t=1.507e+10 tail sweep 8% (500 pieces, 2 threads)
  ...t=1.507e+10 tail sweep 8% (500 pieces, 2 threads)
  ...t=1.507e+10 tail sweep 8% (500 pieces, 2 threads)
  ...t=1.507e+10 tail sweep 17% (1000 pieces, 2 threads)
  ...t=1.507e+10 tail sweep 17% (1000 pieces, 2 threads)
  ...t=1.507e+10 tail sweep 17% (1000 pieces, 2 threads)
  ...t=1.507e+10 tail sweep 17% (1000 pieces, 2 threads)
  ...t=1.507e+10 tail sweep 25% (1500 pieces, 2 threads)  ...t=1.507e+10 tail sweep 25% (1500 pieces, 2 threads)

  ...t=1.507e+10 tail sweep 25% (1500 pieces, 2 threads)
  ...t=1.507e+10 tail sweep 25% (1500 pieces, 2 threads)
  ...t=1.507e+10 tail sweep 33% (2000 pieces, 2 threads)
  ...t=1.507e+10 tail sweep 33% (2000 pieces, 2 threads)
  ...t=1.507e+10 tail sweep 33% (2000 pieces, 2 threads)
  ...t=1.507e+10 tail sweep 33% (2000 pieces, 2 threads)
  ...t=1.507e+10 tail sweep 41% (2500 pieces, 2 threads)
  ...t=1.507e+10 tail sweep 41% (2500 pieces, 2 threads)
  ...t=1.507e+10 tail sweep 41% (2500 pieces, 2 threads)
  ...t=1.507e+10 tail sweep 41% (2500 pieces, 2 threads)
  ...t=1.507e+10 tail sweep 50% (3000 pieces, 2 threads)
  ...t=1.507e+10 tail sweep 50% (3000 pieces, 2 threads)
  ...t=1.507e+10 tail sweep 50% (3000 pieces, 2 threads)
  ...t=1.507e+10 tail sweep 50% (3000 pieces, 2 threads)
  ...t=1.507e+10 tail sweep 58% (3500 pieces, 2 threads)
  ...t=1.507e+10 tail sweep 58% (3500 pieces, 2 threads)
  ...t=1.507e+10 tail sweep 58% (3500 pieces, 2 threads)
  ...t=1.507e+10 tail sweep 58% (3500 pieces, 2 threads)
  ...t=1.507e+10 tail sweep 66% (4000 pieces, 2 threads)
  ...t=1.507e+10 tail sweep 66% (4000 pieces, 2 threads)
  ...t=1.507e+10 tail sweep 66% (4000 pieces, 2 threads)
  ...t=1.507e+10 tail sweep 66% (4000 pieces, 2 threads)
  ...t=1.507e+10 tail sweep 74% (4500 pieces, 2 threads)
  ...t=1.507e+10 tail sweep 74% (4500 pieces, 2 threads)
  ...t=1.507e+10 tail sweep 74% (4500 pieces, 2 threads)
  ...t=1.507e+10 tail sweep 74% (4500 pieces, 2 threads)
  ...t=1.507e+10 tail sweep 83% (5000 pieces, 2 threads)
  ...t=1.507e+10 tail sweep 83% (5000 pieces, 2 threads)
  ...t=1.507e+10 tail sweep 83% (5000 pieces, 2 threads)
  ...t=1.507e+10 tail sweep 83% (5000 pieces, 2 threads)
  ...t=1.507e+10 tail sweep 91% (5500 pieces, 2 threads)
  ...t=1.507e+10 tail sweep 91% (5500 pieces, 2 threads)
  ...t=1.507e+10 tail sweep 91% (5500 pieces, 2 threads)
  ...t=1.507e+10 tail sweep 91% (5500 pieces, 2 threads)
  ...t=1.507e+10 tail sweep 99% (6000 pieces, 2 threads)
  ...t=1.507e+10 tail sweep 99% (6000 pieces, 2 threads)
  ...t=1.507e+10 tail sweep 99% (6000 pieces, 2 threads)
  ...t=1.507e+10 tail sweep 99% (6000 pieces, 2 threads)
  pt win=3 k=+5 x=1.507e+10 t=15065010404.27052 mnew=1.0000 mcert=1.0000 bexp=1.53e-03
  pt win=3 k=+8 x=1.507e+10 t=15065010405.77052 mnew=1.0000 mcert=1.0000 bexp=1.55e-03
  pt win=3 k=+7 x=1.507e+10 t=15065010405.27052 mnew=1.0000 mcert=1.0000 bexp=1.53e-03
  pt win=3 k=+6 x=1.507e+10 t=15065010404.77052 mnew=1.0000 mcert=1.0000 bexp=1.54e-03
  ...t=1.507e+10 tail sweep 8% (500 pieces, 2 threads)
  ...t=1.507e+10 tail sweep 8% (500 pieces, 2 threads)
  ...t=1.507e+10 tail sweep 8% (500 pieces, 2 threads)
  ...t=1.507e+10 tail sweep 8% (500 pieces, 2 threads)
  ...t=1.507e+10 tail sweep 17% (1000 pieces, 2 threads)
  ...t=1.507e+10 tail sweep 17% (1000 pieces, 2 threads)
  ...t=1.507e+10 tail sweep 17% (1000 pieces, 2 threads)
  ...t=1.507e+10 tail sweep 17% (1000 pieces, 2 threads)
  ...t=1.507e+10 tail sweep 25% (1500 pieces, 2 threads)
  ...t=1.507e+10 tail sweep 25% (1500 pieces, 2 threads)
  ...t=1.507e+10 tail sweep 25% (1500 pieces, 2 threads)
  ...t=1.507e+10 tail sweep 25% (1500 pieces, 2 threads)
  ...t=1.507e+10 tail sweep 33% (2000 pieces, 2 threads)
  ...t=1.507e+10 tail sweep 33% (2000 pieces, 2 threads)
  ...t=1.507e+10 tail sweep 33% (2000 pieces, 2 threads)
  ...t=1.507e+10 tail sweep 33% (2000 pieces, 2 threads)
  ...t=1.507e+10 tail sweep 41% (2500 pieces, 2 threads)
  ...t=1.507e+10 tail sweep 41% (2500 pieces, 2 threads)
  ...t=1.507e+10 tail sweep 41% (2500 pieces, 2 threads)  ...t=1.507e+10 tail sweep 41% (2500 pieces, 2 threads)

  ...t=1.507e+10 tail sweep 50% (3000 pieces, 2 threads)
  ...t=1.507e+10 tail sweep 50% (3000 pieces, 2 threads)
  ...t=1.507e+10 tail sweep 50% (3000 pieces, 2 threads)
  ...t=1.507e+10 tail sweep 50% (3000 pieces, 2 threads)
  ...t=1.507e+10 tail sweep 58% (3500 pieces, 2 threads)
  ...t=1.507e+10 tail sweep 58% (3500 pieces, 2 threads)
  ...t=1.507e+10 tail sweep 58% (3500 pieces, 2 threads)
  ...t=1.507e+10 tail sweep 58% (3500 pieces, 2 threads)
  ...t=1.507e+10 tail sweep 66% (4000 pieces, 2 threads)
  ...t=1.507e+10 tail sweep 66% (4000 pieces, 2 threads)
  ...t=1.507e+10 tail sweep 66% (4000 pieces, 2 threads)
  ...t=1.507e+10 tail sweep 66% (4000 pieces, 2 threads)
  ...t=1.507e+10 tail sweep 74% (4500 pieces, 2 threads)
  ...t=1.507e+10 tail sweep 74% (4500 pieces, 2 threads)
  ...t=1.507e+10 tail sweep 74% (4500 pieces, 2 threads)
  ...t=1.507e+10 tail sweep 74% (4500 pieces, 2 threads)
  ...t=1.507e+10 tail sweep 83% (5000 pieces, 2 threads)
  ...t=1.507e+10 tail sweep 83% (5000 pieces, 2 threads)
  ...t=1.507e+10 tail sweep 83% (5000 pieces, 2 threads)
  ...t=1.507e+10 tail sweep 83% (5000 pieces, 2 threads)
  ...t=1.507e+10 tail sweep 91% (5500 pieces, 2 threads)  ...t=1.507e+10 tail sweep 91% (5500 pieces, 2 threads)

  ...t=1.507e+10 tail sweep 91% (5500 pieces, 2 threads)
  ...t=1.507e+10 tail sweep 91% (5500 pieces, 2 threads)
  ...t=1.507e+10 tail sweep 99% (6000 pieces, 2 threads)
  ...t=1.507e+10 tail sweep 99% (6000 pieces, 2 threads)
  ...t=1.507e+10 tail sweep 99% (6000 pieces, 2 threads)
  ...t=1.507e+10 tail sweep 99% (6000 pieces, 2 threads)
  pt win=3 k=+9 x=1.507e+10 t=15065010406.27052 mnew=1.0000 mcert=1.0000 bexp=1.55e-03
  pt win=3 k=+11 x=1.507e+10 t=15065010407.27052 mnew=1.0000 mcert=1.0000 bexp=1.55e-03
  pt win=3 k=+10 x=1.507e+10 t=15065010406.77052 mnew=1.0000 mcert=1.0000 bexp=1.54e-03
  pt win=3 k=+12 x=1.507e+10 t=15065010407.77052 mnew=1.0000 mcert=1.0000 bexp=1.53e-03
window   1:  22/24  points  after  this  instance
H1  INCOMPLETE:  1  window(s)  not  at  24/24  --  checkpoints  intact,  supervisor  resumes
