H1_WINDOWS:  running  windows  0-3  (4  of  29)
resume:  window   0  (x=3232170976)  0/24  points  on disk
resume:  window   1  (x=3490744654)  0/24  points  on disk
resume:  window   2  (x=3770004227)  0/24  points  on disk
resume:  window   3  (x=4071604565)  0/24  points  on disk
memguard:  MemAvailable  489.4  GiB,  reserve  28  GiB,  ~2.5  GiB/thread  x  2  threads  ->  allow  <=  10  contexts  (=  20  slab  threads;  11  GPU  clients  incl.  Xorg  vs  budget  11)
day038  gpu  H1-3e10:  FULL,  96  point  jobs  remaining (4  windows,  4  contexts  x  2  threads)
pids: parent=5977 workers=4 written to ckpt_h1_3e10/run.pids
overlap: 152/12626784 zeros differ by <=1.00 ulp (last byte,  rounding-level) --  those indices certified with dg x3
stitch: B from element 12626784 (first zero 1006346000.166784); overlap cross-check 12626632/12626784 byte-equal
tail3e10: L 52290633 + A 2792198664 + B' 3053546936 + C 3142622346 + D 92577877714 = 101618536293 zeros (812.9 GB); G_LAST = 30001045999.981976
overlap: 152/12626784 zeros differ by <=1.00 ulp (last byte,  rounding-level) --  those indices certified with dg x3
stitch: B from element 12626784 (first zero 1006346000.166784); overlap cross-check 12626632/12626784 byte-equal
tail3e10: L 52290633 + A 2792198664 + B' 3053546936 + C 3142622346 + D 92577877714 = 101618536293 zeros (812.9 GB); G_LAST = 30001045999.981976
overlap: 152/12626784 zeros differ by <=1.00 ulp (last byte,  rounding-level) --  those indices certified with dg x3
stitch: B from element 12626784 (first zero 1006346000.166784); overlap cross-check 12626632/12626784 byte-equal
tail3e10: L 52290633 + A 2792198664 + B' 3053546936 + C 3142622346 + D 92577877714 = 101618536293 zeros (812.9 GB); G_LAST = 30001045999.981976
overlap: 152/12626784 zeros differ by <=1.00 ulp (last byte,  rounding-level) --  those indices certified with dg x3
stitch: B from element 12626784 (first zero 1006346000.166784); overlap cross-check 12626632/12626784 byte-equal
tail3e10: L 52290633 + A 2792198664 + B' 3053546936 + C 3142622346 + D 92577877714 = 101618536293 zeros (812.9 GB); G_LAST = 30001045999.981976
  ...t=3.232e+09 tail sweep 8% (500 pieces, 2 threads)
  ...t=3.232e+09 tail sweep 8% (500 pieces, 2 threads)
  ...t=3.232e+09 tail sweep 8% (500 pieces, 2 threads)
  ...t=3.232e+09 tail sweep 8% (500 pieces, 2 threads)
  ...t=3.232e+09 tail sweep 17% (1000 pieces, 2 threads)
  ...t=3.232e+09 tail sweep 17% (1000 pieces, 2 threads)
  ...t=3.232e+09 tail sweep 17% (1000 pieces, 2 threads)
  ...t=3.232e+09 tail sweep 17% (1000 pieces, 2 threads)
  ...t=3.232e+09 tail sweep 25% (1500 pieces, 2 threads)
  ...t=3.232e+09 tail sweep 25% (1500 pieces, 2 threads)
  ...t=3.232e+09 tail sweep 25% (1500 pieces, 2 threads)
  ...t=3.232e+09 tail sweep 25% (1500 pieces, 2 threads)
  ...t=3.232e+09 tail sweep 33% (2000 pieces, 2 threads)
  ...t=3.232e+09 tail sweep 33% (2000 pieces, 2 threads)
  ...t=3.232e+09 tail sweep 33% (2000 pieces, 2 threads)
  ...t=3.232e+09 tail sweep 33% (2000 pieces, 2 threads)
  ...t=3.232e+09 tail sweep 41% (2500 pieces, 2 threads)
  ...t=3.232e+09 tail sweep 41% (2500 pieces, 2 threads)
  ...t=3.232e+09 tail sweep 41% (2500 pieces, 2 threads)
  ...t=3.232e+09 tail sweep 41% (2500 pieces, 2 threads)
  ...t=3.232e+09 tail sweep 50% (3000 pieces, 2 threads)
  ...t=3.232e+09 tail sweep 50% (3000 pieces, 2 threads)
  ...t=3.232e+09 tail sweep 50% (3000 pieces, 2 threads)
  ...t=3.232e+09 tail sweep 50% (3000 pieces, 2 threads)
  ...t=3.232e+09 tail sweep 58% (3500 pieces, 2 threads)
  ...t=3.232e+09 tail sweep 58% (3500 pieces, 2 threads)
  ...t=3.232e+09 tail sweep 58% (3500 pieces, 2 threads)
  ...t=3.232e+09 tail sweep 58% (3500 pieces, 2 threads)
  ...t=3.232e+09 tail sweep 66% (4000 pieces, 2 threads)
  ...t=3.232e+09 tail sweep 66% (4000 pieces, 2 threads)
  ...t=3.232e+09 tail sweep 66% (4000 pieces, 2 threads)  ...t=3.232e+09 tail sweep 66% (4000 pieces, 2 threads)

  ...t=3.232e+09 tail sweep 74% (4500 pieces, 2 threads)
  ...t=3.232e+09 tail sweep 74% (4500 pieces, 2 threads)
  ...t=3.232e+09 tail sweep 74% (4500 pieces, 2 threads)
  ...t=3.232e+09 tail sweep 74% (4500 pieces, 2 threads)
  ...t=3.232e+09 tail sweep 83% (5000 pieces, 2 threads)
  ...t=3.232e+09 tail sweep 83% (5000 pieces, 2 threads)
  ...t=3.232e+09 tail sweep 83% (5000 pieces, 2 threads)
  ...t=3.232e+09 tail sweep 83% (5000 pieces, 2 threads)
  ...t=3.232e+09 tail sweep 91% (5500 pieces, 2 threads)
  ...t=3.232e+09 tail sweep 91% (5500 pieces, 2 threads)
  ...t=3.232e+09 tail sweep 91% (5500 pieces, 2 threads)
  ...t=3.232e+09 tail sweep 91% (5500 pieces, 2 threads)
  ...t=3.232e+09 tail sweep 99% (6000 pieces, 2 threads)
  ...t=3.232e+09 tail sweep 99% (6000 pieces, 2 threads)
  ...t=3.232e+09 tail sweep 99% (6000 pieces, 2 threads)
  ...t=3.232e+09 tail sweep 99% (6000 pieces, 2 threads)
  pt win=0 k=-11 x=3.232e+09 t=3232170970.61219 mnew=1.0000 mcert=1.0000 bexp=3.78e-04
  pt win=0 k=-9 x=3.232e+09 t=3232170971.61219 mnew=1.0000 mcert=1.0000 bexp=3.77e-04
  pt win=0 k=-10 x=3.232e+09 t=3232170971.11219 mnew=1.0000 mcert=1.0000 bexp=3.76e-04
  pt win=0 k=-12 x=3.232e+09 t=3232170970.11219 mnew=1.0000 mcert=1.0000 bexp=3.81e-04
  ...t=3.232e+09 tail sweep 8% (500 pieces, 2 threads)
  ...t=3.232e+09 tail sweep 8% (500 pieces, 2 threads)
  ...t=3.232e+09 tail sweep 8% (500 pieces, 2 threads)
  ...t=3.232e+09 tail sweep 8% (500 pieces, 2 threads)
  ...t=3.232e+09 tail sweep 17% (1000 pieces, 2 threads)
  ...t=3.232e+09 tail sweep 17% (1000 pieces, 2 threads)
  ...t=3.232e+09 tail sweep 17% (1000 pieces, 2 threads)
  ...t=3.232e+09 tail sweep 17% (1000 pieces, 2 threads)
  ...t=3.232e+09 tail sweep 25% (1500 pieces, 2 threads)
  ...t=3.232e+09 tail sweep 25% (1500 pieces, 2 threads)
  ...t=3.232e+09 tail sweep 25% (1500 pieces, 2 threads)
  ...t=3.232e+09 tail sweep 25% (1500 pieces, 2 threads)
  ...t=3.232e+09 tail sweep 33% (2000 pieces, 2 threads)
  ...t=3.232e+09 tail sweep 33% (2000 pieces, 2 threads)
  ...t=3.232e+09 tail sweep 33% (2000 pieces, 2 threads)
  ...t=3.232e+09 tail sweep 33% (2000 pieces, 2 threads)
  ...t=3.232e+09 tail sweep 41% (2500 pieces, 2 threads)
  ...t=3.232e+09 tail sweep 41% (2500 pieces, 2 threads)
  ...t=3.232e+09 tail sweep 41% (2500 pieces, 2 threads)
  ...t=3.232e+09 tail sweep 41% (2500 pieces, 2 threads)
  ...t=3.232e+09 tail sweep 50% (3000 pieces, 2 threads)
  ...t=3.232e+09 tail sweep 50% (3000 pieces, 2 threads)
  ...t=3.232e+09 tail sweep 50% (3000 pieces, 2 threads)
  ...t=3.232e+09 tail sweep 50% (3000 pieces, 2 threads)
  ...t=3.232e+09 tail sweep 58% (3500 pieces, 2 threads)
  ...t=3.232e+09 tail sweep 58% (3500 pieces, 2 threads)
  ...t=3.232e+09 tail sweep 58% (3500 pieces, 2 threads)
  ...t=3.232e+09 tail sweep 58% (3500 pieces, 2 threads)
  ...t=3.232e+09 tail sweep 66% (4000 pieces, 2 threads)
  ...t=3.232e+09 tail sweep 66% (4000 pieces, 2 threads)
  ...t=3.232e+09 tail sweep 66% (4000 pieces, 2 threads)
  ...t=3.232e+09 tail sweep 66% (4000 pieces, 2 threads)
  ...t=3.232e+09 tail sweep 74% (4500 pieces, 2 threads)
  ...t=3.232e+09 tail sweep 74% (4500 pieces, 2 threads)
  ...t=3.232e+09 tail sweep 74% (4500 pieces, 2 threads)
  ...t=3.232e+09 tail sweep 74% (4500 pieces, 2 threads)
  ...t=3.232e+09 tail sweep 83% (5000 pieces, 2 threads)
  ...t=3.232e+09 tail sweep 83% (5000 pieces, 2 threads)
  ...t=3.232e+09 tail sweep 83% (5000 pieces, 2 threads)
  ...t=3.232e+09 tail sweep 83% (5000 pieces, 2 threads)
  ...t=3.232e+09 tail sweep 91% (5500 pieces, 2 threads)
  ...t=3.232e+09 tail sweep 91% (5500 pieces, 2 threads)
  ...t=3.232e+09 tail sweep 91% (5500 pieces, 2 threads)
  ...t=3.232e+09 tail sweep 91% (5500 pieces, 2 threads)
  ...t=3.232e+09 tail sweep 99% (6000 pieces, 2 threads)
  ...t=3.232e+09 tail sweep 99% (6000 pieces, 2 threads)
  ...t=3.232e+09 tail sweep 99% (6000 pieces, 2 threads)
  ...t=3.232e+09 tail sweep 99% (6000 pieces, 2 threads)
  pt win=0 k=-8 x=3.232e+09 t=3232170972.11219 mnew=1.0000 mcert=1.0000 bexp=3.75e-04
  pt win=0 k=-5 x=3.232e+09 t=3232170973.61219 mnew=1.0000 mcert=1.0000 bexp=3.76e-04
  pt win=0 k=-7 x=3.232e+09 t=3232170972.61219 mnew=1.0000 mcert=1.0000 bexp=3.81e-04
  pt win=0 k=-6 x=3.232e+09 t=3232170973.11219 mnew=1.0000 mcert=1.0000 bexp=3.76e-04
  ...t=3.232e+09 tail sweep 8% (500 pieces, 2 threads)
  ...t=3.232e+09 tail sweep 8% (500 pieces, 2 threads)
  ...t=3.232e+09 tail sweep 8% (500 pieces, 2 threads)
  ...t=3.232e+09 tail sweep 8% (500 pieces, 2 threads)
  ...t=3.232e+09 tail sweep 17% (1000 pieces, 2 threads)
  ...t=3.232e+09 tail sweep 17% (1000 pieces, 2 threads)
  ...t=3.232e+09 tail sweep 17% (1000 pieces, 2 threads)
  ...t=3.232e+09 tail sweep 17% (1000 pieces, 2 threads)
  ...t=3.232e+09 tail sweep 25% (1500 pieces, 2 threads)
  ...t=3.232e+09 tail sweep 25% (1500 pieces, 2 threads)
  ...t=3.232e+09 tail sweep 25% (1500 pieces, 2 threads)  ...t=3.232e+09 tail sweep 25% (1500 pieces, 2 threads)

  ...t=3.232e+09 tail sweep 33% (2000 pieces, 2 threads)
  ...t=3.232e+09 tail sweep 33% (2000 pieces, 2 threads)
  ...t=3.232e+09 tail sweep 33% (2000 pieces, 2 threads)
  ...t=3.232e+09 tail sweep 33% (2000 pieces, 2 threads)
  ...t=3.232e+09 tail sweep 41% (2500 pieces, 2 threads)
  ...t=3.232e+09 tail sweep 41% (2500 pieces, 2 threads)
  ...t=3.232e+09 tail sweep 41% (2500 pieces, 2 threads)
  ...t=3.232e+09 tail sweep 41% (2500 pieces, 2 threads)
  ...t=3.232e+09 tail sweep 50% (3000 pieces, 2 threads)
  ...t=3.232e+09 tail sweep 50% (3000 pieces, 2 threads)
  ...t=3.232e+09 tail sweep 50% (3000 pieces, 2 threads)
  ...t=3.232e+09 tail sweep 50% (3000 pieces, 2 threads)
  ...t=3.232e+09 tail sweep 58% (3500 pieces, 2 threads)
  ...t=3.232e+09 tail sweep 58% (3500 pieces, 2 threads)
  ...t=3.232e+09 tail sweep 58% (3500 pieces, 2 threads)
  ...t=3.232e+09 tail sweep 58% (3500 pieces, 2 threads)
  ...t=3.232e+09 tail sweep 66% (4000 pieces, 2 threads)
  ...t=3.232e+09 tail sweep 66% (4000 pieces, 2 threads)
  ...t=3.232e+09 tail sweep 66% (4000 pieces, 2 threads)
  ...t=3.232e+09 tail sweep 66% (4000 pieces, 2 threads)
  ...t=3.232e+09 tail sweep 74% (4500 pieces, 2 threads)
  ...t=3.232e+09 tail sweep 74% (4500 pieces, 2 threads)
  ...t=3.232e+09 tail sweep 74% (4500 pieces, 2 threads)
  ...t=3.232e+09 tail sweep 74% (4500 pieces, 2 threads)
  ...t=3.232e+09 tail sweep 83% (5000 pieces, 2 threads)
  ...t=3.232e+09 tail sweep 83% (5000 pieces, 2 threads)
  ...t=3.232e+09 tail sweep 83% (5000 pieces, 2 threads)
  ...t=3.232e+09 tail sweep 83% (5000 pieces, 2 threads)
  ...t=3.232e+09 tail sweep 91% (5500 pieces, 2 threads)
  ...t=3.232e+09 tail sweep 91% (5500 pieces, 2 threads)
  ...t=3.232e+09 tail sweep 91% (5500 pieces, 2 threads)
  ...t=3.232e+09 tail sweep 91% (5500 pieces, 2 threads)
  ...t=3.232e+09 tail sweep 99% (6000 pieces, 2 threads)
  ...t=3.232e+09 tail sweep 99% (6000 pieces, 2 threads)
  ...t=3.232e+09 tail sweep 99% (6000 pieces, 2 threads)
  ...t=3.232e+09 tail sweep 99% (6000 pieces, 2 threads)
  pt win=0 k=-4 x=3.232e+09 t=3232170974.11219 mnew=1.0000 mcert=1.0000 bexp=3.79e-04
  pt win=0 k=-2 x=3.232e+09 t=3232170975.11219 mnew=1.0000 mcert=1.0000 bexp=3.75e-04
  pt win=0 k=-1 x=3.232e+09 t=3232170975.61219 mnew=1.0000 mcert=1.0000 bexp=3.97e-04
  pt win=0 k=-3 x=3.232e+09 t=3232170974.61219 mnew=1.0000 mcert=1.0000 bexp=3.78e-04
  ...t=3.232e+09 tail sweep 8% (500 pieces, 2 threads)
  ...t=3.232e+09 tail sweep 8% (500 pieces, 2 threads)
  ...t=3.232e+09 tail sweep 8% (500 pieces, 2 threads)  ...t=3.232e+09 tail sweep 8% (500 pieces, 2 threads)

  ...t=3.232e+09 tail sweep 17% (1000 pieces, 2 threads)
  ...t=3.232e+09 tail sweep 17% (1000 pieces, 2 threads)
  ...t=3.232e+09 tail sweep 17% (1000 pieces, 2 threads)
  ...t=3.232e+09 tail sweep 17% (1000 pieces, 2 threads)
  ...t=3.232e+09 tail sweep 25% (1500 pieces, 2 threads)
  ...t=3.232e+09 tail sweep 25% (1500 pieces, 2 threads)
  ...t=3.232e+09 tail sweep 25% (1500 pieces, 2 threads)
  ...t=3.232e+09 tail sweep 25% (1500 pieces, 2 threads)
  ...t=3.232e+09 tail sweep 33% (2000 pieces, 2 threads)
  ...t=3.232e+09 tail sweep 33% (2000 pieces, 2 threads)
  ...t=3.232e+09 tail sweep 33% (2000 pieces, 2 threads)
  ...t=3.232e+09 tail sweep 33% (2000 pieces, 2 threads)
  ...t=3.232e+09 tail sweep 41% (2500 pieces, 2 threads)
  ...t=3.232e+09 tail sweep 41% (2500 pieces, 2 threads)
  ...t=3.232e+09 tail sweep 41% (2500 pieces, 2 threads)
  ...t=3.232e+09 tail sweep 41% (2500 pieces, 2 threads)
  ...t=3.232e+09 tail sweep 50% (3000 pieces, 2 threads)
  ...t=3.232e+09 tail sweep 50% (3000 pieces, 2 threads)
  ...t=3.232e+09 tail sweep 50% (3000 pieces, 2 threads)
  ...t=3.232e+09 tail sweep 50% (3000 pieces, 2 threads)
  ...t=3.232e+09 tail sweep 58% (3500 pieces, 2 threads)
  ...t=3.232e+09 tail sweep 58% (3500 pieces, 2 threads)
  ...t=3.232e+09 tail sweep 58% (3500 pieces, 2 threads)
  ...t=3.232e+09 tail sweep 58% (3500 pieces, 2 threads)
  ...t=3.232e+09 tail sweep 66% (4000 pieces, 2 threads)
  ...t=3.232e+09 tail sweep 66% (4000 pieces, 2 threads)
  ...t=3.232e+09 tail sweep 66% (4000 pieces, 2 threads)
  ...t=3.232e+09 tail sweep 66% (4000 pieces, 2 threads)
  ...t=3.232e+09 tail sweep 74% (4500 pieces, 2 threads)
  ...t=3.232e+09 tail sweep 74% (4500 pieces, 2 threads)
  ...t=3.232e+09 tail sweep 74% (4500 pieces, 2 threads)
  ...t=3.232e+09 tail sweep 74% (4500 pieces, 2 threads)
  ...t=3.232e+09 tail sweep 83% (5000 pieces, 2 threads)
  ...t=3.232e+09 tail sweep 83% (5000 pieces, 2 threads)
  ...t=3.232e+09 tail sweep 83% (5000 pieces, 2 threads)
  ...t=3.232e+09 tail sweep 83% (5000 pieces, 2 threads)
  ...t=3.232e+09 tail sweep 91% (5500 pieces, 2 threads)
  ...t=3.232e+09 tail sweep 91% (5500 pieces, 2 threads)
  ...t=3.232e+09 tail sweep 91% (5500 pieces, 2 threads)
  ...t=3.232e+09 tail sweep 91% (5500 pieces, 2 threads)
  ...t=3.232e+09 tail sweep 99% (6000 pieces, 2 threads)
  ...t=3.232e+09 tail sweep 99% (6000 pieces, 2 threads)
  ...t=3.232e+09 tail sweep 99% (6000 pieces, 2 threads)
  ...t=3.232e+09 tail sweep 99% (6000 pieces, 2 threads)
  pt win=0 k=+3 x=3.232e+09 t=3232170977.61219 mnew=1.0000 mcert=1.0000 bexp=3.76e-04
  pt win=0 k=+1 x=3.232e+09 t=3232170976.61219 mnew=1.0000 mcert=1.0000 bexp=3.75e-04
  pt win=0 k=+4 x=3.232e+09 t=3232170978.11219 mnew=1.0000 mcert=1.0000 bexp=3.72e-04
  pt win=0 k=+2 x=3.232e+09 t=3232170977.11219 mnew=1.0000 mcert=1.0000 bexp=3.80e-04
  ...t=3.232e+09 tail sweep 8% (500 pieces, 2 threads)
  ...t=3.232e+09 tail sweep 8% (500 pieces, 2 threads)
  ...t=3.232e+09 tail sweep 8% (500 pieces, 2 threads)
  ...t=3.232e+09 tail sweep 8% (500 pieces, 2 threads)
  ...t=3.232e+09 tail sweep 17% (1000 pieces, 2 threads)
  ...t=3.232e+09 tail sweep 17% (1000 pieces, 2 threads)
  ...t=3.232e+09 tail sweep 17% (1000 pieces, 2 threads)
  ...t=3.232e+09 tail sweep 17% (1000 pieces, 2 threads)
  ...t=3.232e+09 tail sweep 25% (1500 pieces, 2 threads)
  ...t=3.232e+09 tail sweep 25% (1500 pieces, 2 threads)
  ...t=3.232e+09 tail sweep 25% (1500 pieces, 2 threads)
  ...t=3.232e+09 tail sweep 25% (1500 pieces, 2 threads)
  ...t=3.232e+09 tail sweep 33% (2000 pieces, 2 threads)
  ...t=3.232e+09 tail sweep 33% (2000 pieces, 2 threads)
  ...t=3.232e+09 tail sweep 33% (2000 pieces, 2 threads)
  ...t=3.232e+09 tail sweep 33% (2000 pieces, 2 threads)
  ...t=3.232e+09 tail sweep 41% (2500 pieces, 2 threads)
  ...t=3.232e+09 tail sweep 41% (2500 pieces, 2 threads)
  ...t=3.232e+09 tail sweep 41% (2500 pieces, 2 threads)
  ...t=3.232e+09 tail sweep 41% (2500 pieces, 2 threads)
H1_WINDOWS:  running  windows  0-3  (4  of  29)
resume:  window   0  (x=3232170976)  16/24  points  on disk
resume:  window   1  (x=3490744654)  0/24  points  on disk
resume:  window   2  (x=3770004227)  0/24  points  on disk
resume:  window   3  (x=4071604565)  0/24  points  on disk
memguard:  MemAvailable  489.6  GiB,  reserve  28  GiB,  ~2.5  GiB/thread  x  2  threads  ->  allow  <=  10  contexts  (=  20  slab  threads;  11  GPU  clients  incl.  Xorg  vs  budget  11)
day038  gpu  H1-3e10:  FULL,  80  point  jobs  remaining (4  windows,  4  contexts  x  2  threads)
pids: parent=2946 workers=4 written to ckpt_h1_3e10/run.pids
overlap: 152/12626784 zeros differ by <=1.00 ulp (last byte,  rounding-level) --  those indices certified with dg x3
stitch: B from element 12626784 (first zero 1006346000.166784); overlap cross-check 12626632/12626784 byte-equal
tail3e10: L 52290633 + A 2792198664 + B' 3053546936 + C 3142622346 + D 92577877714 = 101618536293 zeros (812.9 GB); G_LAST = 30001045999.981976
overlap: 152/12626784 zeros differ by <=1.00 ulp (last byte,  rounding-level) --  those indices certified with dg x3
stitch: B from element 12626784 (first zero 1006346000.166784); overlap cross-check 12626632/12626784 byte-equal
tail3e10: L 52290633 + A 2792198664 + B' 3053546936 + C 3142622346 + D 92577877714 = 101618536293 zeros (812.9 GB); G_LAST = 30001045999.981976
overlap: 152/12626784 zeros differ by <=1.00 ulp (last byte,  rounding-level) --  those indices certified with dg x3
stitch: B from element 12626784 (first zero 1006346000.166784); overlap cross-check 12626632/12626784 byte-equal
tail3e10: L 52290633 + A 2792198664 + B' 3053546936 + C 3142622346 + D 92577877714 = 101618536293 zeros (812.9 GB); G_LAST = 30001045999.981976
overlap: 152/12626784 zeros differ by <=1.00 ulp (last byte,  rounding-level) --  those indices certified with dg x3
stitch: B from element 12626784 (first zero 1006346000.166784); overlap cross-check 12626632/12626784 byte-equal
tail3e10: L 52290633 + A 2792198664 + B' 3053546936 + C 3142622346 + D 92577877714 = 101618536293 zeros (812.9 GB); G_LAST = 30001045999.981976
  ...t=3.232e+09 tail sweep 8% (500 pieces, 2 threads)
  ...t=3.232e+09 tail sweep 8% (500 pieces, 2 threads)
  ...t=3.232e+09 tail sweep 8% (500 pieces, 2 threads)
  ...t=3.232e+09 tail sweep 8% (500 pieces, 2 threads)
  ...t=3.232e+09 tail sweep 17% (1000 pieces, 2 threads)
  ...t=3.232e+09 tail sweep 17% (1000 pieces, 2 threads)
  ...t=3.232e+09 tail sweep 17% (1000 pieces, 2 threads)
  ...t=3.232e+09 tail sweep 17% (1000 pieces, 2 threads)
  ...t=3.232e+09 tail sweep 25% (1500 pieces, 2 threads)
  ...t=3.232e+09 tail sweep 25% (1500 pieces, 2 threads)
  ...t=3.232e+09 tail sweep 25% (1500 pieces, 2 threads)
  ...t=3.232e+09 tail sweep 25% (1500 pieces, 2 threads)
  ...t=3.232e+09 tail sweep 33% (2000 pieces, 2 threads)
  ...t=3.232e+09 tail sweep 33% (2000 pieces, 2 threads)
  ...t=3.232e+09 tail sweep 33% (2000 pieces, 2 threads)
  ...t=3.232e+09 tail sweep 33% (2000 pieces, 2 threads)
  ...t=3.232e+09 tail sweep 41% (2500 pieces, 2 threads)
  ...t=3.232e+09 tail sweep 41% (2500 pieces, 2 threads)
  ...t=3.232e+09 tail sweep 41% (2500 pieces, 2 threads)
  ...t=3.232e+09 tail sweep 41% (2500 pieces, 2 threads)
  ...t=3.232e+09 tail sweep 50% (3000 pieces, 2 threads)
  ...t=3.232e+09 tail sweep 50% (3000 pieces, 2 threads)
  ...t=3.232e+09 tail sweep 50% (3000 pieces, 2 threads)
  ...t=3.232e+09 tail sweep 50% (3000 pieces, 2 threads)
  ...t=3.232e+09 tail sweep 58% (3500 pieces, 2 threads)
  ...t=3.232e+09 tail sweep 58% (3500 pieces, 2 threads)
  ...t=3.232e+09 tail sweep 58% (3500 pieces, 2 threads)
  ...t=3.232e+09 tail sweep 58% (3500 pieces, 2 threads)
  ...t=3.232e+09 tail sweep 66% (4000 pieces, 2 threads)
  ...t=3.232e+09 tail sweep 66% (4000 pieces, 2 threads)
  ...t=3.232e+09 tail sweep 66% (4000 pieces, 2 threads)
  ...t=3.232e+09 tail sweep 66% (4000 pieces, 2 threads)
  ...t=3.232e+09 tail sweep 74% (4500 pieces, 2 threads)
  ...t=3.232e+09 tail sweep 74% (4500 pieces, 2 threads)
  ...t=3.232e+09 tail sweep 74% (4500 pieces, 2 threads)
  ...t=3.232e+09 tail sweep 74% (4500 pieces, 2 threads)
  ...t=3.232e+09 tail sweep 83% (5000 pieces, 2 threads)
  ...t=3.232e+09 tail sweep 83% (5000 pieces, 2 threads)
  ...t=3.232e+09 tail sweep 83% (5000 pieces, 2 threads)
  ...t=3.232e+09 tail sweep 83% (5000 pieces, 2 threads)
  ...t=3.232e+09 tail sweep 91% (5500 pieces, 2 threads)
  ...t=3.232e+09 tail sweep 91% (5500 pieces, 2 threads)
  ...t=3.232e+09 tail sweep 91% (5500 pieces, 2 threads)
  ...t=3.232e+09 tail sweep 91% (5500 pieces, 2 threads)
  ...t=3.232e+09 tail sweep 99% (6000 pieces, 2 threads)
  ...t=3.232e+09 tail sweep 99% (6000 pieces, 2 threads)
  ...t=3.232e+09 tail sweep 99% (6000 pieces, 2 threads)
  ...t=3.232e+09 tail sweep 99% (6000 pieces, 2 threads)
  pt win=0 k=+5 x=3.232e+09 t=3232170978.61219 mnew=1.0000 mcert=1.0000 bexp=3.79e-04
  pt win=0 k=+6 x=3.232e+09 t=3232170979.11219 mnew=1.0000 mcert=1.0000 bexp=3.91e-04
  pt win=0 k=+8 x=3.232e+09 t=3232170980.11219 mnew=1.0000 mcert=1.0000 bexp=3.73e-04
  pt win=0 k=+7 x=3.232e+09 t=3232170979.61219 mnew=1.0000 mcert=1.0000 bexp=3.79e-04
  ...t=3.232e+09 tail sweep 8% (500 pieces, 2 threads)
  ...t=3.232e+09 tail sweep 8% (500 pieces, 2 threads)
  ...t=3.232e+09 tail sweep 8% (500 pieces, 2 threads)
  ...t=3.232e+09 tail sweep 8% (500 pieces, 2 threads)
  ...t=3.232e+09 tail sweep 17% (1000 pieces, 2 threads)
  ...t=3.232e+09 tail sweep 17% (1000 pieces, 2 threads)
  ...t=3.232e+09 tail sweep 17% (1000 pieces, 2 threads)
  ...t=3.232e+09 tail sweep 17% (1000 pieces, 2 threads)
  ...t=3.232e+09 tail sweep 25% (1500 pieces, 2 threads)
  ...t=3.232e+09 tail sweep 25% (1500 pieces, 2 threads)
  ...t=3.232e+09 tail sweep 25% (1500 pieces, 2 threads)
  ...t=3.232e+09 tail sweep 25% (1500 pieces, 2 threads)
  ...t=3.232e+09 tail sweep 33% (2000 pieces, 2 threads)
  ...t=3.232e+09 tail sweep 33% (2000 pieces, 2 threads)
  ...t=3.232e+09 tail sweep 33% (2000 pieces, 2 threads)
  ...t=3.232e+09 tail sweep 33% (2000 pieces, 2 threads)
  ...t=3.232e+09 tail sweep 41% (2500 pieces, 2 threads)
  ...t=3.232e+09 tail sweep 41% (2500 pieces, 2 threads)
  ...t=3.232e+09 tail sweep 41% (2500 pieces, 2 threads)
  ...t=3.232e+09 tail sweep 41% (2500 pieces, 2 threads)
  ...t=3.232e+09 tail sweep 50% (3000 pieces, 2 threads)
  ...t=3.232e+09 tail sweep 50% (3000 pieces, 2 threads)
  ...t=3.232e+09 tail sweep 50% (3000 pieces, 2 threads)
  ...t=3.232e+09 tail sweep 50% (3000 pieces, 2 threads)
  ...t=3.232e+09 tail sweep 58% (3500 pieces, 2 threads)
  ...t=3.232e+09 tail sweep 58% (3500 pieces, 2 threads)  ...t=3.232e+09 tail sweep 58% (3500 pieces, 2 threads)

  ...t=3.232e+09 tail sweep 58% (3500 pieces, 2 threads)
  ...t=3.232e+09 tail sweep 66% (4000 pieces, 2 threads)
  ...t=3.232e+09 tail sweep 66% (4000 pieces, 2 threads)
  ...t=3.232e+09 tail sweep 66% (4000 pieces, 2 threads)
  ...t=3.232e+09 tail sweep 66% (4000 pieces, 2 threads)
  ...t=3.232e+09 tail sweep 74% (4500 pieces, 2 threads)
  ...t=3.232e+09 tail sweep 74% (4500 pieces, 2 threads)
  ...t=3.232e+09 tail sweep 74% (4500 pieces, 2 threads)
  ...t=3.232e+09 tail sweep 74% (4500 pieces, 2 threads)
  ...t=3.232e+09 tail sweep 83% (5000 pieces, 2 threads)
  ...t=3.232e+09 tail sweep 83% (5000 pieces, 2 threads)
  ...t=3.232e+09 tail sweep 83% (5000 pieces, 2 threads)
  ...t=3.232e+09 tail sweep 83% (5000 pieces, 2 threads)
  ...t=3.232e+09 tail sweep 91% (5500 pieces, 2 threads)
  ...t=3.232e+09 tail sweep 91% (5500 pieces, 2 threads)
  ...t=3.232e+09 tail sweep 91% (5500 pieces, 2 threads)
  ...t=3.232e+09 tail sweep 91% (5500 pieces, 2 threads)
  ...t=3.232e+09 tail sweep 99% (6000 pieces, 2 threads)
  ...t=3.232e+09 tail sweep 99% (6000 pieces, 2 threads)
  ...t=3.232e+09 tail sweep 99% (6000 pieces, 2 threads)
  ...t=3.232e+09 tail sweep 99% (6000 pieces, 2 threads)
  pt win=0 k=+9 x=3.232e+09 t=3232170980.61219 mnew=1.0000 mcert=1.0000 bexp=3.78e-04
  pt win=0 k=+10 x=3.232e+09 t=3232170981.11219 mnew=1.0000 mcert=1.0000 bexp=3.75e-04
  pt win=0 k=+12 x=3.232e+09 t=3232170982.11219 mnew=1.0000 mcert=1.0000 bexp=3.76e-04
  pt win=0 k=+11 x=3.232e+09 t=3232170981.61219 mnew=1.0000 mcert=1.0000 bexp=3.80e-04
  ...t=3.491e+09 tail sweep 8% (500 pieces, 2 threads)
  ...t=3.491e+09 tail sweep 8% (500 pieces, 2 threads)
  ...t=3.491e+09 tail sweep 8% (500 pieces, 2 threads)
  ...t=3.491e+09 tail sweep 8% (500 pieces, 2 threads)
Exception in thread Thread-5 (_chunk):
Traceback (most recent call last):
  File "/usr/lib/python3.12/threading.py", line 1073, in _bootstrap_inner
    self.run()
  File "/usr/lib/python3.12/threading.py", line 1010, in run
    self._target(*self._args, **self._kwargs)
  File "/workspace/h1/RH/scripts/rh/day038_h1_3e10_gpu.py", line 569, in _chunk
    sr, si, br, bi, s_ar, dm = slabfn(
                               ^^^^^^^
  File "/workspace/h1/RH/scripts/rh/day038_h1_3e10_gpu.py", line 457, in slab_budget_gpu
    dimdg = tf * 2.0 * cc / (A * A)                # > 0
            ~~~~~~~~~~~~~~^~~~~~~~~
  File "cupy/_core/core.pyx", line 1606, in cupy._core.core._ndarray_base.__truediv__
  File "cupy/_core/_kernel.pyx", line 1374, in cupy._core._kernel.ufunc.__call__
  File "cupy/_core/_kernel.pyx", line 657, in cupy._core._kernel._get_out_args_from_optionals
  File "cupy/_core/core.pyx", line 3342, in cupy._core.core._ndarray_init
  File "cupy/_core/core.pyx", line 300, in cupy._core.core._ndarray_base._init_fast
  File "cupy/cuda/memory.pyx", line 904, in cupy.cuda.memory.alloc
  File "cupy/cuda/memory.pyx", line 1614, in cupy.cuda.memory.MemoryPool.malloc
  File "cupy/cuda/memory.pyx", line 1635, in cupy.cuda.memory.MemoryPool.malloc
  File "cupy/cuda/memory.pyx", line 1350, in cupy.cuda.memory.SingleDeviceMemoryPool.malloc
  File "cupy/cuda/memory.pyx", line 1376, in cupy.cuda.memory.SingleDeviceMemoryPool._malloc
  File "cupy/cuda/memory.pyx", line 1560, in cupy.cuda.memory.SingleDeviceMemoryPool._try_malloc
cupy.cuda.memory.OutOfMemoryError: Out of memory allocating 134,217,728 bytes (allocated so far: 2,818,572,288 bytes).
  ...t=3.491e+09 tail sweep 17% (1000 pieces, 2 threads)
  ...t=3.491e+09 tail sweep 17% (1000 pieces, 2 threads)
  ...t=3.491e+09 tail sweep 17% (1000 pieces, 2 threads)
  ...t=3.491e+09 tail sweep 17% (1000 pieces, 2 threads)
  ...t=3.491e+09 tail sweep 25% (1500 pieces, 2 threads)
  ...t=3.491e+09 tail sweep 25% (1500 pieces, 2 threads)
  ...t=3.491e+09 tail sweep 25% (1500 pieces, 2 threads)
  ...t=3.491e+09 tail sweep 33% (2000 pieces, 2 threads)
  ...t=3.491e+09 tail sweep 33% (2000 pieces, 2 threads)
  ...t=3.491e+09 tail sweep 33% (2000 pieces, 2 threads)
  ...t=3.491e+09 tail sweep 25% (1500 pieces, 2 threads)
  ...t=3.491e+09 tail sweep 41% (2500 pieces, 2 threads)
  ...t=3.491e+09 tail sweep 41% (2500 pieces, 2 threads)
  ...t=3.491e+09 tail sweep 41% (2500 pieces, 2 threads)
  ...t=3.491e+09 tail sweep 50% (3000 pieces, 2 threads)
  ...t=3.491e+09 tail sweep 50% (3000 pieces, 2 threads)
  ...t=3.491e+09 tail sweep 50% (3000 pieces, 2 threads)
  ...t=3.491e+09 tail sweep 33% (2000 pieces, 2 threads)
  ...t=3.491e+09 tail sweep 58% (3500 pieces, 2 threads)
  ...t=3.491e+09 tail sweep 58% (3500 pieces, 2 threads)
  ...t=3.491e+09 tail sweep 58% (3500 pieces, 2 threads)
  ...t=3.491e+09 tail sweep 66% (4000 pieces, 2 threads)
  ...t=3.491e+09 tail sweep 66% (4000 pieces, 2 threads)
  ...t=3.491e+09 tail sweep 66% (4000 pieces, 2 threads)
  ...t=3.491e+09 tail sweep 41% (2500 pieces, 2 threads)
  ...t=3.491e+09 tail sweep 74% (4500 pieces, 2 threads)
  ...t=3.491e+09 tail sweep 74% (4500 pieces, 2 threads)
  ...t=3.491e+09 tail sweep 74% (4500 pieces, 2 threads)
  ...t=3.491e+09 tail sweep 83% (5000 pieces, 2 threads)
  ...t=3.491e+09 tail sweep 83% (5000 pieces, 2 threads)
  ...t=3.491e+09 tail sweep 83% (5000 pieces, 2 threads)
  ...t=3.491e+09 tail sweep 50% (3000 pieces, 2 threads)
  ...t=3.491e+09 tail sweep 91% (5500 pieces, 2 threads)
  ...t=3.491e+09 tail sweep 91% (5500 pieces, 2 threads)
  ...t=3.491e+09 tail sweep 91% (5500 pieces, 2 threads)
  ...t=3.491e+09 tail sweep 99% (6000 pieces, 2 threads)
  ...t=3.491e+09 tail sweep 99% (6000 pieces, 2 threads)
  ...t=3.491e+09 tail sweep 99% (6000 pieces, 2 threads)
point  job  (win  1,  k  -11,  x=3490744654)  WORKER  FAILED:  TypeError('cannot unpack non-iterable NoneType object')  --  done  points  are  checkpointed;  supervisor  resumes
  pt win=1 k=-10 x=3.491e+09 t=3490744649.31855 mnew=1.0000 mcert=1.0000 bexp=4.12e-04
  pt win=1 k=-9 x=3.491e+09 t=3490744649.81855 mnew=1.0000 mcert=1.0000 bexp=4.01e-04
  pt win=1 k=-12 x=3.491e+09 t=3490744648.31855 mnew=1.0000 mcert=1.0000 bexp=4.02e-04
  ...t=3.491e+09 tail sweep 8% (500 pieces, 2 threads)
  ...t=3.491e+09 tail sweep 8% (500 pieces, 2 threads)
  ...t=3.491e+09 tail sweep 8% (500 pieces, 2 threads)
  ...t=3.491e+09 tail sweep 8% (500 pieces, 2 threads)
  ...t=3.491e+09 tail sweep 17% (1000 pieces, 2 threads)
  ...t=3.491e+09 tail sweep 17% (1000 pieces, 2 threads)
  ...t=3.491e+09 tail sweep 17% (1000 pieces, 2 threads)
  ...t=3.491e+09 tail sweep 17% (1000 pieces, 2 threads)
  ...t=3.491e+09 tail sweep 25% (1500 pieces, 2 threads)
  ...t=3.491e+09 tail sweep 25% (1500 pieces, 2 threads)
  ...t=3.491e+09 tail sweep 25% (1500 pieces, 2 threads)
  ...t=3.491e+09 tail sweep 25% (1500 pieces, 2 threads)
  ...t=3.491e+09 tail sweep 33% (2000 pieces, 2 threads)
  ...t=3.491e+09 tail sweep 33% (2000 pieces, 2 threads)
  ...t=3.491e+09 tail sweep 33% (2000 pieces, 2 threads)
  ...t=3.491e+09 tail sweep 33% (2000 pieces, 2 threads)
  ...t=3.491e+09 tail sweep 41% (2500 pieces, 2 threads)
  ...t=3.491e+09 tail sweep 41% (2500 pieces, 2 threads)
  ...t=3.491e+09 tail sweep 41% (2500 pieces, 2 threads)
  ...t=3.491e+09 tail sweep 41% (2500 pieces, 2 threads)
  ...t=3.491e+09 tail sweep 50% (3000 pieces, 2 threads)
  ...t=3.491e+09 tail sweep 50% (3000 pieces, 2 threads)
  ...t=3.491e+09 tail sweep 50% (3000 pieces, 2 threads)
  ...t=3.491e+09 tail sweep 50% (3000 pieces, 2 threads)
  ...t=3.491e+09 tail sweep 58% (3500 pieces, 2 threads)
  ...t=3.491e+09 tail sweep 58% (3500 pieces, 2 threads)
  ...t=3.491e+09 tail sweep 58% (3500 pieces, 2 threads)
  ...t=3.491e+09 tail sweep 58% (3500 pieces, 2 threads)
  ...t=3.491e+09 tail sweep 66% (4000 pieces, 2 threads)
  ...t=3.491e+09 tail sweep 66% (4000 pieces, 2 threads)
  ...t=3.491e+09 tail sweep 66% (4000 pieces, 2 threads)
  ...t=3.491e+09 tail sweep 66% (4000 pieces, 2 threads)
  ...t=3.491e+09 tail sweep 74% (4500 pieces, 2 threads)
  ...t=3.491e+09 tail sweep 74% (4500 pieces, 2 threads)
  ...t=3.491e+09 tail sweep 74% (4500 pieces, 2 threads)
  ...t=3.491e+09 tail sweep 74% (4500 pieces, 2 threads)
  ...t=3.491e+09 tail sweep 83% (5000 pieces, 2 threads)
  ...t=3.491e+09 tail sweep 83% (5000 pieces, 2 threads)
  ...t=3.491e+09 tail sweep 83% (5000 pieces, 2 threads)
  ...t=3.491e+09 tail sweep 83% (5000 pieces, 2 threads)
  ...t=3.491e+09 tail sweep 91% (5500 pieces, 2 threads)
  ...t=3.491e+09 tail sweep 91% (5500 pieces, 2 threads)
  ...t=3.491e+09 tail sweep 91% (5500 pieces, 2 threads)
  ...t=3.491e+09 tail sweep 91% (5500 pieces, 2 threads)
  ...t=3.491e+09 tail sweep 99% (6000 pieces, 2 threads)
  ...t=3.491e+09 tail sweep 99% (6000 pieces, 2 threads)
  ...t=3.491e+09 tail sweep 99% (6000 pieces, 2 threads)
  ...t=3.491e+09 tail sweep 99% (6000 pieces, 2 threads)
  pt win=1 k=-8 x=3.491e+09 t=3490744650.31855 mnew=1.0000 mcert=1.0000 bexp=4.00e-04
  pt win=1 k=-6 x=3.491e+09 t=3490744651.31855 mnew=1.0000 mcert=1.0000 bexp=4.18e-04
  pt win=1 k=-5 x=3.491e+09 t=3490744651.81855 mnew=1.0000 mcert=1.0000 bexp=4.02e-04
  pt win=1 k=-7 x=3.491e+09 t=3490744650.81855 mnew=1.0000 mcert=1.0000 bexp=4.09e-04
  ...t=3.491e+09 tail sweep 8% (500 pieces, 2 threads)
  ...t=3.491e+09 tail sweep 8% (500 pieces, 2 threads)
  ...t=3.491e+09 tail sweep 8% (500 pieces, 2 threads)
  ...t=3.491e+09 tail sweep 8% (500 pieces, 2 threads)
  ...t=3.491e+09 tail sweep 17% (1000 pieces, 2 threads)
  ...t=3.491e+09 tail sweep 17% (1000 pieces, 2 threads)
  ...t=3.491e+09 tail sweep 17% (1000 pieces, 2 threads)
  ...t=3.491e+09 tail sweep 17% (1000 pieces, 2 threads)
  ...t=3.491e+09 tail sweep 25% (1500 pieces, 2 threads)
  ...t=3.491e+09 tail sweep 25% (1500 pieces, 2 threads)
  ...t=3.491e+09 tail sweep 25% (1500 pieces, 2 threads)
  ...t=3.491e+09 tail sweep 25% (1500 pieces, 2 threads)
  ...t=3.491e+09 tail sweep 33% (2000 pieces, 2 threads)
  ...t=3.491e+09 tail sweep 33% (2000 pieces, 2 threads)
  ...t=3.491e+09 tail sweep 33% (2000 pieces, 2 threads)
  ...t=3.491e+09 tail sweep 33% (2000 pieces, 2 threads)
  ...t=3.491e+09 tail sweep 41% (2500 pieces, 2 threads)
  ...t=3.491e+09 tail sweep 41% (2500 pieces, 2 threads)
  ...t=3.491e+09 tail sweep 41% (2500 pieces, 2 threads)
  ...t=3.491e+09 tail sweep 41% (2500 pieces, 2 threads)
  ...t=3.491e+09 tail sweep 50% (3000 pieces, 2 threads)
  ...t=3.491e+09 tail sweep 50% (3000 pieces, 2 threads)
  ...t=3.491e+09 tail sweep 50% (3000 pieces, 2 threads)
  ...t=3.491e+09 tail sweep 50% (3000 pieces, 2 threads)
  ...t=3.491e+09 tail sweep 58% (3500 pieces, 2 threads)
  ...t=3.491e+09 tail sweep 58% (3500 pieces, 2 threads)
  ...t=3.491e+09 tail sweep 58% (3500 pieces, 2 threads)
  ...t=3.491e+09 tail sweep 58% (3500 pieces, 2 threads)
  ...t=3.491e+09 tail sweep 66% (4000 pieces, 2 threads)
  ...t=3.491e+09 tail sweep 66% (4000 pieces, 2 threads)
  ...t=3.491e+09 tail sweep 66% (4000 pieces, 2 threads)
  ...t=3.491e+09 tail sweep 66% (4000 pieces, 2 threads)
  ...t=3.491e+09 tail sweep 74% (4500 pieces, 2 threads)
  ...t=3.491e+09 tail sweep 74% (4500 pieces, 2 threads)
  ...t=3.491e+09 tail sweep 74% (4500 pieces, 2 threads)
  ...t=3.491e+09 tail sweep 74% (4500 pieces, 2 threads)
  ...t=3.491e+09 tail sweep 83% (5000 pieces, 2 threads)
  ...t=3.491e+09 tail sweep 83% (5000 pieces, 2 threads)
  ...t=3.491e+09 tail sweep 83% (5000 pieces, 2 threads)
  ...t=3.491e+09 tail sweep 83% (5000 pieces, 2 threads)
  ...t=3.491e+09 tail sweep 91% (5500 pieces, 2 threads)
  ...t=3.491e+09 tail sweep 91% (5500 pieces, 2 threads)
  ...t=3.491e+09 tail sweep 91% (5500 pieces, 2 threads)
  ...t=3.491e+09 tail sweep 91% (5500 pieces, 2 threads)
  ...t=3.491e+09 tail sweep 99% (6000 pieces, 2 threads)
  ...t=3.491e+09 tail sweep 99% (6000 pieces, 2 threads)
  ...t=3.491e+09 tail sweep 99% (6000 pieces, 2 threads)
  ...t=3.491e+09 tail sweep 99% (6000 pieces, 2 threads)
  pt win=1 k=-3 x=3.491e+09 t=3490744652.81855 mnew=1.0000 mcert=1.0000 bexp=4.04e-04
  pt win=1 k=-1 x=3.491e+09 t=3490744653.81855 mnew=1.0000 mcert=1.0000 bexp=4.09e-04
  pt win=1 k=-4 x=3.491e+09 t=3490744652.31855 mnew=1.0000 mcert=1.0000 bexp=4.04e-04
  pt win=1 k=-2 x=3.491e+09 t=3490744653.31855 mnew=1.0000 mcert=1.0000 bexp=4.02e-04
  ...t=3.491e+09 tail sweep 8% (500 pieces, 2 threads)
  ...t=3.491e+09 tail sweep 8% (500 pieces, 2 threads)
  ...t=3.491e+09 tail sweep 8% (500 pieces, 2 threads)
  ...t=3.491e+09 tail sweep 8% (500 pieces, 2 threads)
  ...t=3.491e+09 tail sweep 17% (1000 pieces, 2 threads)
  ...t=3.491e+09 tail sweep 17% (1000 pieces, 2 threads)
  ...t=3.491e+09 tail sweep 17% (1000 pieces, 2 threads)
  ...t=3.491e+09 tail sweep 17% (1000 pieces, 2 threads)
  ...t=3.491e+09 tail sweep 25% (1500 pieces, 2 threads)
  ...t=3.491e+09 tail sweep 25% (1500 pieces, 2 threads)
  ...t=3.491e+09 tail sweep 25% (1500 pieces, 2 threads)  ...t=3.491e+09 tail sweep 25% (1500 pieces, 2 threads)

  ...t=3.491e+09 tail sweep 33% (2000 pieces, 2 threads)
  ...t=3.491e+09 tail sweep 33% (2000 pieces, 2 threads)
  ...t=3.491e+09 tail sweep 33% (2000 pieces, 2 threads)
  ...t=3.491e+09 tail sweep 33% (2000 pieces, 2 threads)
  ...t=3.491e+09 tail sweep 41% (2500 pieces, 2 threads)
  ...t=3.491e+09 tail sweep 41% (2500 pieces, 2 threads)
  ...t=3.491e+09 tail sweep 41% (2500 pieces, 2 threads)
  ...t=3.491e+09 tail sweep 41% (2500 pieces, 2 threads)
  ...t=3.491e+09 tail sweep 50% (3000 pieces, 2 threads)
  ...t=3.491e+09 tail sweep 50% (3000 pieces, 2 threads)
  ...t=3.491e+09 tail sweep 50% (3000 pieces, 2 threads)
  ...t=3.491e+09 tail sweep 50% (3000 pieces, 2 threads)
  ...t=3.491e+09 tail sweep 58% (3500 pieces, 2 threads)
  ...t=3.491e+09 tail sweep 58% (3500 pieces, 2 threads)
  ...t=3.491e+09 tail sweep 58% (3500 pieces, 2 threads)
  ...t=3.491e+09 tail sweep 58% (3500 pieces, 2 threads)
  ...t=3.491e+09 tail sweep 66% (4000 pieces, 2 threads)
  ...t=3.491e+09 tail sweep 66% (4000 pieces, 2 threads)
  ...t=3.491e+09 tail sweep 66% (4000 pieces, 2 threads)
  ...t=3.491e+09 tail sweep 66% (4000 pieces, 2 threads)
  ...t=3.491e+09 tail sweep 74% (4500 pieces, 2 threads)
  ...t=3.491e+09 tail sweep 74% (4500 pieces, 2 threads)
  ...t=3.491e+09 tail sweep 74% (4500 pieces, 2 threads)
  ...t=3.491e+09 tail sweep 74% (4500 pieces, 2 threads)
  ...t=3.491e+09 tail sweep 83% (5000 pieces, 2 threads)
  ...t=3.491e+09 tail sweep 83% (5000 pieces, 2 threads)
  ...t=3.491e+09 tail sweep 83% (5000 pieces, 2 threads)
  ...t=3.491e+09 tail sweep 83% (5000 pieces, 2 threads)
  ...t=3.491e+09 tail sweep 91% (5500 pieces, 2 threads)
  ...t=3.491e+09 tail sweep 91% (5500 pieces, 2 threads)
  ...t=3.491e+09 tail sweep 91% (5500 pieces, 2 threads)  ...t=3.491e+09 tail sweep 91% (5500 pieces, 2 threads)

  ...t=3.491e+09 tail sweep 99% (6000 pieces, 2 threads)  ...t=3.491e+09 tail sweep 99% (6000 pieces, 2 threads)

  ...t=3.491e+09 tail sweep 99% (6000 pieces, 2 threads)
  ...t=3.491e+09 tail sweep 99% (6000 pieces, 2 threads)
  pt win=1 k=+1 x=3.491e+09 t=3490744654.81855 mnew=1.0000 mcert=1.0000 bexp=4.01e-04
  pt win=1 k=+4 x=3.491e+09 t=3490744656.31855 mnew=1.0000 mcert=1.0000 bexp=4.03e-04
  pt win=1 k=+3 x=3.491e+09 t=3490744655.81855 mnew=1.0000 mcert=1.0000 bexp=4.01e-04
  pt win=1 k=+2 x=3.491e+09 t=3490744655.31855 mnew=1.0000 mcert=1.0000 bexp=4.00e-04
  ...t=3.491e+09 tail sweep 8% (500 pieces, 2 threads)
  ...t=3.491e+09 tail sweep 8% (500 pieces, 2 threads)
  ...t=3.491e+09 tail sweep 8% (500 pieces, 2 threads)
  ...t=3.491e+09 tail sweep 8% (500 pieces, 2 threads)
  ...t=3.491e+09 tail sweep 17% (1000 pieces, 2 threads)
  ...t=3.491e+09 tail sweep 17% (1000 pieces, 2 threads)
  ...t=3.491e+09 tail sweep 17% (1000 pieces, 2 threads)
  ...t=3.491e+09 tail sweep 17% (1000 pieces, 2 threads)
  ...t=3.491e+09 tail sweep 25% (1500 pieces, 2 threads)
  ...t=3.491e+09 tail sweep 25% (1500 pieces, 2 threads)
  ...t=3.491e+09 tail sweep 25% (1500 pieces, 2 threads)
  ...t=3.491e+09 tail sweep 25% (1500 pieces, 2 threads)
  ...t=3.491e+09 tail sweep 33% (2000 pieces, 2 threads)
  ...t=3.491e+09 tail sweep 33% (2000 pieces, 2 threads)
  ...t=3.491e+09 tail sweep 33% (2000 pieces, 2 threads)
  ...t=3.491e+09 tail sweep 33% (2000 pieces, 2 threads)
  ...t=3.491e+09 tail sweep 41% (2500 pieces, 2 threads)
  ...t=3.491e+09 tail sweep 41% (2500 pieces, 2 threads)
  ...t=3.491e+09 tail sweep 41% (2500 pieces, 2 threads)  ...t=3.491e+09 tail sweep 41% (2500 pieces, 2 threads)

  ...t=3.491e+09 tail sweep 50% (3000 pieces, 2 threads)
  ...t=3.491e+09 tail sweep 50% (3000 pieces, 2 threads)
  ...t=3.491e+09 tail sweep 50% (3000 pieces, 2 threads)
  ...t=3.491e+09 tail sweep 50% (3000 pieces, 2 threads)
  ...t=3.491e+09 tail sweep 58% (3500 pieces, 2 threads)
  ...t=3.491e+09 tail sweep 58% (3500 pieces, 2 threads)  ...t=3.491e+09 tail sweep 58% (3500 pieces, 2 threads)

  ...t=3.491e+09 tail sweep 58% (3500 pieces, 2 threads)
  ...t=3.491e+09 tail sweep 66% (4000 pieces, 2 threads)
  ...t=3.491e+09 tail sweep 66% (4000 pieces, 2 threads)
  ...t=3.491e+09 tail sweep 66% (4000 pieces, 2 threads)
  ...t=3.491e+09 tail sweep 66% (4000 pieces, 2 threads)
  ...t=3.491e+09 tail sweep 74% (4500 pieces, 2 threads)
  ...t=3.491e+09 tail sweep 74% (4500 pieces, 2 threads)
  ...t=3.491e+09 tail sweep 74% (4500 pieces, 2 threads)
  ...t=3.491e+09 tail sweep 74% (4500 pieces, 2 threads)
  ...t=3.491e+09 tail sweep 83% (5000 pieces, 2 threads)
  ...t=3.491e+09 tail sweep 83% (5000 pieces, 2 threads)
  ...t=3.491e+09 tail sweep 83% (5000 pieces, 2 threads)
  ...t=3.491e+09 tail sweep 83% (5000 pieces, 2 threads)
  ...t=3.491e+09 tail sweep 91% (5500 pieces, 2 threads)
  ...t=3.491e+09 tail sweep 91% (5500 pieces, 2 threads)
  ...t=3.491e+09 tail sweep 91% (5500 pieces, 2 threads)
  ...t=3.491e+09 tail sweep 91% (5500 pieces, 2 threads)
  ...t=3.491e+09 tail sweep 99% (6000 pieces, 2 threads)
  ...t=3.491e+09 tail sweep 99% (6000 pieces, 2 threads)
  ...t=3.491e+09 tail sweep 99% (6000 pieces, 2 threads)
  ...t=3.491e+09 tail sweep 99% (6000 pieces, 2 threads)
  pt win=1 k=+6 x=3.491e+09 t=3490744657.31855 mnew=1.0000 mcert=1.0000 bexp=4.11e-04
  pt win=1 k=+5 x=3.491e+09 t=3490744656.81855 mnew=1.0000 mcert=1.0000 bexp=4.04e-04
  pt win=1 k=+7 x=3.491e+09 t=3490744657.81855 mnew=1.0000 mcert=1.0000 bexp=4.10e-04
  pt win=1 k=+8 x=3.491e+09 t=3490744658.31855 mnew=1.0000 mcert=1.0000 bexp=4.03e-04
  ...t=3.491e+09 tail sweep 8% (500 pieces, 2 threads)
  ...t=3.491e+09 tail sweep 8% (500 pieces, 2 threads)
  ...t=3.491e+09 tail sweep 8% (500 pieces, 2 threads)
  ...t=3.491e+09 tail sweep 8% (500 pieces, 2 threads)
  ...t=3.491e+09 tail sweep 17% (1000 pieces, 2 threads)
  ...t=3.491e+09 tail sweep 17% (1000 pieces, 2 threads)
  ...t=3.491e+09 tail sweep 17% (1000 pieces, 2 threads)
  ...t=3.491e+09 tail sweep 17% (1000 pieces, 2 threads)
  ...t=3.491e+09 tail sweep 25% (1500 pieces, 2 threads)
  ...t=3.491e+09 tail sweep 25% (1500 pieces, 2 threads)
  ...t=3.491e+09 tail sweep 25% (1500 pieces, 2 threads)
  ...t=3.491e+09 tail sweep 25% (1500 pieces, 2 threads)
  ...t=3.491e+09 tail sweep 33% (2000 pieces, 2 threads)
  ...t=3.491e+09 tail sweep 33% (2000 pieces, 2 threads)
  ...t=3.491e+09 tail sweep 33% (2000 pieces, 2 threads)
  ...t=3.491e+09 tail sweep 33% (2000 pieces, 2 threads)
  ...t=3.491e+09 tail sweep 41% (2500 pieces, 2 threads)
  ...t=3.491e+09 tail sweep 41% (2500 pieces, 2 threads)
  ...t=3.491e+09 tail sweep 41% (2500 pieces, 2 threads)
  ...t=3.491e+09 tail sweep 41% (2500 pieces, 2 threads)
  ...t=3.491e+09 tail sweep 50% (3000 pieces, 2 threads)
  ...t=3.491e+09 tail sweep 50% (3000 pieces, 2 threads)
  ...t=3.491e+09 tail sweep 50% (3000 pieces, 2 threads)
  ...t=3.491e+09 tail sweep 50% (3000 pieces, 2 threads)
  ...t=3.491e+09 tail sweep 58% (3500 pieces, 2 threads)
  ...t=3.491e+09 tail sweep 58% (3500 pieces, 2 threads)
  ...t=3.491e+09 tail sweep 58% (3500 pieces, 2 threads)
  ...t=3.491e+09 tail sweep 58% (3500 pieces, 2 threads)
  ...t=3.491e+09 tail sweep 66% (4000 pieces, 2 threads)
  ...t=3.491e+09 tail sweep 66% (4000 pieces, 2 threads)
  ...t=3.491e+09 tail sweep 66% (4000 pieces, 2 threads)
  ...t=3.491e+09 tail sweep 66% (4000 pieces, 2 threads)
  ...t=3.491e+09 tail sweep 74% (4500 pieces, 2 threads)
  ...t=3.491e+09 tail sweep 74% (4500 pieces, 2 threads)
  ...t=3.491e+09 tail sweep 74% (4500 pieces, 2 threads)
  ...t=3.491e+09 tail sweep 74% (4500 pieces, 2 threads)
  ...t=3.491e+09 tail sweep 83% (5000 pieces, 2 threads)
  ...t=3.491e+09 tail sweep 83% (5000 pieces, 2 threads)
  ...t=3.491e+09 tail sweep 83% (5000 pieces, 2 threads)
  ...t=3.491e+09 tail sweep 83% (5000 pieces, 2 threads)
  ...t=3.491e+09 tail sweep 91% (5500 pieces, 2 threads)
  ...t=3.491e+09 tail sweep 91% (5500 pieces, 2 threads)
  ...t=3.491e+09 tail sweep 91% (5500 pieces, 2 threads)
  ...t=3.491e+09 tail sweep 91% (5500 pieces, 2 threads)
  ...t=3.491e+09 tail sweep 99% (6000 pieces, 2 threads)
  ...t=3.491e+09 tail sweep 99% (6000 pieces, 2 threads)
  ...t=3.491e+09 tail sweep 99% (6000 pieces, 2 threads)
  ...t=3.491e+09 tail sweep 99% (6000 pieces, 2 threads)
  pt win=1 k=+12 x=3.491e+09 t=3490744660.31855 mnew=1.0000 mcert=1.0000 bexp=4.03e-04
  pt win=1 k=+9 x=3.491e+09 t=3490744658.81855 mnew=1.0000 mcert=1.0000 bexp=4.01e-04
  pt win=1 k=+11 x=3.491e+09 t=3490744659.81855 mnew=1.0000 mcert=1.0000 bexp=4.07e-04
  pt win=1 k=+10 x=3.491e+09 t=3490744659.31855 mnew=1.0000 mcert=1.0000 bexp=4.08e-04
  ...t=3.77e+09 tail sweep 8% (500 pieces, 2 threads)
  ...t=3.77e+09 tail sweep 8% (500 pieces, 2 threads)
  ...t=3.77e+09 tail sweep 8% (500 pieces, 2 threads)
  ...t=3.77e+09 tail sweep 8% (500 pieces, 2 threads)
  ...t=3.77e+09 tail sweep 17% (1000 pieces, 2 threads)
  ...t=3.77e+09 tail sweep 17% (1000 pieces, 2 threads)
  ...t=3.77e+09 tail sweep 17% (1000 pieces, 2 threads)
  ...t=3.77e+09 tail sweep 17% (1000 pieces, 2 threads)
  ...t=3.77e+09 tail sweep 25% (1500 pieces, 2 threads)
  ...t=3.77e+09 tail sweep 25% (1500 pieces, 2 threads)
  ...t=3.77e+09 tail sweep 25% (1500 pieces, 2 threads)
  ...t=3.77e+09 tail sweep 25% (1500 pieces, 2 threads)
  ...t=3.77e+09 tail sweep 33% (2000 pieces, 2 threads)
  ...t=3.77e+09 tail sweep 33% (2000 pieces, 2 threads)
  ...t=3.77e+09 tail sweep 33% (2000 pieces, 2 threads)
  ...t=3.77e+09 tail sweep 33% (2000 pieces, 2 threads)
  ...t=3.77e+09 tail sweep 41% (2500 pieces, 2 threads)
  ...t=3.77e+09 tail sweep 41% (2500 pieces, 2 threads)
  ...t=3.77e+09 tail sweep 41% (2500 pieces, 2 threads)
  ...t=3.77e+09 tail sweep 41% (2500 pieces, 2 threads)
  ...t=3.77e+09 tail sweep 50% (3000 pieces, 2 threads)
  ...t=3.77e+09 tail sweep 50% (3000 pieces, 2 threads)
  ...t=3.77e+09 tail sweep 50% (3000 pieces, 2 threads)
  ...t=3.77e+09 tail sweep 50% (3000 pieces, 2 threads)
  ...t=3.77e+09 tail sweep 58% (3500 pieces, 2 threads)
  ...t=3.77e+09 tail sweep 58% (3500 pieces, 2 threads)
  ...t=3.77e+09 tail sweep 58% (3500 pieces, 2 threads)
  ...t=3.77e+09 tail sweep 58% (3500 pieces, 2 threads)
  ...t=3.77e+09 tail sweep 66% (4000 pieces, 2 threads)
  ...t=3.77e+09 tail sweep 66% (4000 pieces, 2 threads)
  ...t=3.77e+09 tail sweep 66% (4000 pieces, 2 threads)
  ...t=3.77e+09 tail sweep 66% (4000 pieces, 2 threads)
  ...t=3.77e+09 tail sweep 74% (4500 pieces, 2 threads)
  ...t=3.77e+09 tail sweep 74% (4500 pieces, 2 threads)
  ...t=3.77e+09 tail sweep 74% (4500 pieces, 2 threads)
  ...t=3.77e+09 tail sweep 74% (4500 pieces, 2 threads)
  ...t=3.77e+09 tail sweep 83% (5000 pieces, 2 threads)
  ...t=3.77e+09 tail sweep 83% (5000 pieces, 2 threads)
  ...t=3.77e+09 tail sweep 83% (5000 pieces, 2 threads)
  ...t=3.77e+09 tail sweep 83% (5000 pieces, 2 threads)
  ...t=3.77e+09 tail sweep 91% (5500 pieces, 2 threads)
  ...t=3.77e+09 tail sweep 91% (5500 pieces, 2 threads)
  ...t=3.77e+09 tail sweep 91% (5500 pieces, 2 threads)
  ...t=3.77e+09 tail sweep 91% (5500 pieces, 2 threads)
  ...t=3.77e+09 tail sweep 99% (6000 pieces, 2 threads)
  ...t=3.77e+09 tail sweep 99% (6000 pieces, 2 threads)
  ...t=3.77e+09 tail sweep 99% (6000 pieces, 2 threads)
  ...t=3.77e+09 tail sweep 99% (6000 pieces, 2 threads)
  pt win=2 k=-9 x=3.77e+09 t=3770004222.16975 mnew=1.0000 mcert=1.0000 bexp=4.29e-04
  pt win=2 k=-11 x=3.77e+09 t=3770004221.16975 mnew=1.0000 mcert=1.0000 bexp=5.06e-04
  pt win=2 k=-10 x=3.77e+09 t=3770004221.66975 mnew=1.0000 mcert=1.0000 bexp=4.29e-04
  pt win=2 k=-12 x=3.77e+09 t=3770004220.66975 mnew=1.0000 mcert=1.0000 bexp=4.30e-04
  ...t=3.77e+09 tail sweep 8% (500 pieces, 2 threads)
  ...t=3.77e+09 tail sweep 8% (500 pieces, 2 threads)
  ...t=3.77e+09 tail sweep 8% (500 pieces, 2 threads)
  ...t=3.77e+09 tail sweep 8% (500 pieces, 2 threads)
  ...t=3.77e+09 tail sweep 17% (1000 pieces, 2 threads)
  ...t=3.77e+09 tail sweep 17% (1000 pieces, 2 threads)
  ...t=3.77e+09 tail sweep 17% (1000 pieces, 2 threads)
  ...t=3.77e+09 tail sweep 17% (1000 pieces, 2 threads)
  ...t=3.77e+09 tail sweep 25% (1500 pieces, 2 threads)
  ...t=3.77e+09 tail sweep 25% (1500 pieces, 2 threads)
  ...t=3.77e+09 tail sweep 25% (1500 pieces, 2 threads)
  ...t=3.77e+09 tail sweep 25% (1500 pieces, 2 threads)
  ...t=3.77e+09 tail sweep 33% (2000 pieces, 2 threads)
  ...t=3.77e+09 tail sweep 33% (2000 pieces, 2 threads)
  ...t=3.77e+09 tail sweep 33% (2000 pieces, 2 threads)
  ...t=3.77e+09 tail sweep 33% (2000 pieces, 2 threads)
  ...t=3.77e+09 tail sweep 41% (2500 pieces, 2 threads)
  ...t=3.77e+09 tail sweep 41% (2500 pieces, 2 threads)
  ...t=3.77e+09 tail sweep 41% (2500 pieces, 2 threads)
  ...t=3.77e+09 tail sweep 41% (2500 pieces, 2 threads)
  ...t=3.77e+09 tail sweep 50% (3000 pieces, 2 threads)
  ...t=3.77e+09 tail sweep 50% (3000 pieces, 2 threads)
  ...t=3.77e+09 tail sweep 50% (3000 pieces, 2 threads)
  ...t=3.77e+09 tail sweep 50% (3000 pieces, 2 threads)
  ...t=3.77e+09 tail sweep 58% (3500 pieces, 2 threads)
  ...t=3.77e+09 tail sweep 58% (3500 pieces, 2 threads)
  ...t=3.77e+09 tail sweep 58% (3500 pieces, 2 threads)
  ...t=3.77e+09 tail sweep 58% (3500 pieces, 2 threads)
  ...t=3.77e+09 tail sweep 66% (4000 pieces, 2 threads)
  ...t=3.77e+09 tail sweep 66% (4000 pieces, 2 threads)
  ...t=3.77e+09 tail sweep 66% (4000 pieces, 2 threads)
  ...t=3.77e+09 tail sweep 66% (4000 pieces, 2 threads)
  ...t=3.77e+09 tail sweep 74% (4500 pieces, 2 threads)
  ...t=3.77e+09 tail sweep 74% (4500 pieces, 2 threads)
  ...t=3.77e+09 tail sweep 74% (4500 pieces, 2 threads)
  ...t=3.77e+09 tail sweep 74% (4500 pieces, 2 threads)
  ...t=3.77e+09 tail sweep 83% (5000 pieces, 2 threads)
  ...t=3.77e+09 tail sweep 83% (5000 pieces, 2 threads)
  ...t=3.77e+09 tail sweep 83% (5000 pieces, 2 threads)
  ...t=3.77e+09 tail sweep 83% (5000 pieces, 2 threads)
  ...t=3.77e+09 tail sweep 91% (5500 pieces, 2 threads)
  ...t=3.77e+09 tail sweep 91% (5500 pieces, 2 threads)
  ...t=3.77e+09 tail sweep 91% (5500 pieces, 2 threads)
  ...t=3.77e+09 tail sweep 91% (5500 pieces, 2 threads)
  ...t=3.77e+09 tail sweep 99% (6000 pieces, 2 threads)
  ...t=3.77e+09 tail sweep 99% (6000 pieces, 2 threads)
  ...t=3.77e+09 tail sweep 99% (6000 pieces, 2 threads)
  ...t=3.77e+09 tail sweep 99% (6000 pieces, 2 threads)
  pt win=2 k=-6 x=3.77e+09 t=3770004223.66975 mnew=1.0000 mcert=1.0000 bexp=4.30e-04
  pt win=2 k=-8 x=3.77e+09 t=3770004222.66975 mnew=1.0000 mcert=1.0000 bexp=4.36e-04
  pt win=2 k=-5 x=3.77e+09 t=3770004224.16975 mnew=1.0000 mcert=1.0000 bexp=4.71e-04
  pt win=2 k=-7 x=3.77e+09 t=3770004223.16975 mnew=1.0000 mcert=1.0000 bexp=4.36e-04
  ...t=3.77e+09 tail sweep 8% (500 pieces, 2 threads)
  ...t=3.77e+09 tail sweep 8% (500 pieces, 2 threads)
  ...t=3.77e+09 tail sweep 8% (500 pieces, 2 threads)
  ...t=3.77e+09 tail sweep 8% (500 pieces, 2 threads)
  ...t=3.77e+09 tail sweep 17% (1000 pieces, 2 threads)
  ...t=3.77e+09 tail sweep 17% (1000 pieces, 2 threads)
  ...t=3.77e+09 tail sweep 17% (1000 pieces, 2 threads)
  ...t=3.77e+09 tail sweep 17% (1000 pieces, 2 threads)
  ...t=3.77e+09 tail sweep 25% (1500 pieces, 2 threads)
  ...t=3.77e+09 tail sweep 25% (1500 pieces, 2 threads)
  ...t=3.77e+09 tail sweep 25% (1500 pieces, 2 threads)
  ...t=3.77e+09 tail sweep 25% (1500 pieces, 2 threads)
  ...t=3.77e+09 tail sweep 33% (2000 pieces, 2 threads)
  ...t=3.77e+09 tail sweep 33% (2000 pieces, 2 threads)
  ...t=3.77e+09 tail sweep 33% (2000 pieces, 2 threads)
  ...t=3.77e+09 tail sweep 33% (2000 pieces, 2 threads)
  ...t=3.77e+09 tail sweep 41% (2500 pieces, 2 threads)
  ...t=3.77e+09 tail sweep 41% (2500 pieces, 2 threads)
  ...t=3.77e+09 tail sweep 41% (2500 pieces, 2 threads)
  ...t=3.77e+09 tail sweep 41% (2500 pieces, 2 threads)
  ...t=3.77e+09 tail sweep 50% (3000 pieces, 2 threads)
  ...t=3.77e+09 tail sweep 50% (3000 pieces, 2 threads)
  ...t=3.77e+09 tail sweep 50% (3000 pieces, 2 threads)
  ...t=3.77e+09 tail sweep 50% (3000 pieces, 2 threads)
  ...t=3.77e+09 tail sweep 58% (3500 pieces, 2 threads)
  ...t=3.77e+09 tail sweep 58% (3500 pieces, 2 threads)
  ...t=3.77e+09 tail sweep 58% (3500 pieces, 2 threads)
  ...t=3.77e+09 tail sweep 58% (3500 pieces, 2 threads)
  ...t=3.77e+09 tail sweep 66% (4000 pieces, 2 threads)
  ...t=3.77e+09 tail sweep 66% (4000 pieces, 2 threads)
  ...t=3.77e+09 tail sweep 66% (4000 pieces, 2 threads)
  ...t=3.77e+09 tail sweep 66% (4000 pieces, 2 threads)
  ...t=3.77e+09 tail sweep 74% (4500 pieces, 2 threads)
  ...t=3.77e+09 tail sweep 74% (4500 pieces, 2 threads)
  ...t=3.77e+09 tail sweep 74% (4500 pieces, 2 threads)
  ...t=3.77e+09 tail sweep 74% (4500 pieces, 2 threads)
  ...t=3.77e+09 tail sweep 83% (5000 pieces, 2 threads)
  ...t=3.77e+09 tail sweep 83% (5000 pieces, 2 threads)
  ...t=3.77e+09 tail sweep 83% (5000 pieces, 2 threads)
  ...t=3.77e+09 tail sweep 83% (5000 pieces, 2 threads)
  ...t=3.77e+09 tail sweep 91% (5500 pieces, 2 threads)
  ...t=3.77e+09 tail sweep 91% (5500 pieces, 2 threads)
  ...t=3.77e+09 tail sweep 91% (5500 pieces, 2 threads)
  ...t=3.77e+09 tail sweep 91% (5500 pieces, 2 threads)
  ...t=3.77e+09 tail sweep 99% (6000 pieces, 2 threads)
  ...t=3.77e+09 tail sweep 99% (6000 pieces, 2 threads)
  ...t=3.77e+09 tail sweep 99% (6000 pieces, 2 threads)
  ...t=3.77e+09 tail sweep 99% (6000 pieces, 2 threads)
  pt win=2 k=-1 x=3.77e+09 t=3770004226.16975 mnew=1.0000 mcert=1.0000 bexp=4.35e-04
  pt win=2 k=-3 x=3.77e+09 t=3770004225.16975 mnew=1.0000 mcert=1.0000 bexp=4.34e-04
  pt win=2 k=-4 x=3.77e+09 t=3770004224.66975 mnew=1.0000 mcert=1.0000 bexp=4.40e-04
  pt win=2 k=-2 x=3.77e+09 t=3770004225.66975 mnew=1.0000 mcert=1.0000 bexp=4.32e-04
  ...t=3.77e+09 tail sweep 8% (500 pieces, 2 threads)
  ...t=3.77e+09 tail sweep 8% (500 pieces, 2 threads)
  ...t=3.77e+09 tail sweep 8% (500 pieces, 2 threads)
  ...t=3.77e+09 tail sweep 8% (500 pieces, 2 threads)
  ...t=3.77e+09 tail sweep 17% (1000 pieces, 2 threads)
  ...t=3.77e+09 tail sweep 17% (1000 pieces, 2 threads)
  ...t=3.77e+09 tail sweep 17% (1000 pieces, 2 threads)
  ...t=3.77e+09 tail sweep 17% (1000 pieces, 2 threads)
  ...t=3.77e+09 tail sweep 25% (1500 pieces, 2 threads)
  ...t=3.77e+09 tail sweep 25% (1500 pieces, 2 threads)
  ...t=3.77e+09 tail sweep 25% (1500 pieces, 2 threads)
  ...t=3.77e+09 tail sweep 25% (1500 pieces, 2 threads)
  ...t=3.77e+09 tail sweep 33% (2000 pieces, 2 threads)
  ...t=3.77e+09 tail sweep 33% (2000 pieces, 2 threads)
  ...t=3.77e+09 tail sweep 33% (2000 pieces, 2 threads)
  ...t=3.77e+09 tail sweep 33% (2000 pieces, 2 threads)
  ...t=3.77e+09 tail sweep 41% (2500 pieces, 2 threads)
  ...t=3.77e+09 tail sweep 41% (2500 pieces, 2 threads)
  ...t=3.77e+09 tail sweep 41% (2500 pieces, 2 threads)
  ...t=3.77e+09 tail sweep 41% (2500 pieces, 2 threads)
  ...t=3.77e+09 tail sweep 50% (3000 pieces, 2 threads)
  ...t=3.77e+09 tail sweep 50% (3000 pieces, 2 threads)
  ...t=3.77e+09 tail sweep 50% (3000 pieces, 2 threads)
  ...t=3.77e+09 tail sweep 50% (3000 pieces, 2 threads)
  ...t=3.77e+09 tail sweep 58% (3500 pieces, 2 threads)
  ...t=3.77e+09 tail sweep 58% (3500 pieces, 2 threads)
  ...t=3.77e+09 tail sweep 58% (3500 pieces, 2 threads)
  ...t=3.77e+09 tail sweep 58% (3500 pieces, 2 threads)
  ...t=3.77e+09 tail sweep 66% (4000 pieces, 2 threads)
  ...t=3.77e+09 tail sweep 66% (4000 pieces, 2 threads)
  ...t=3.77e+09 tail sweep 66% (4000 pieces, 2 threads)
  ...t=3.77e+09 tail sweep 66% (4000 pieces, 2 threads)
  ...t=3.77e+09 tail sweep 74% (4500 pieces, 2 threads)
  ...t=3.77e+09 tail sweep 74% (4500 pieces, 2 threads)
  ...t=3.77e+09 tail sweep 74% (4500 pieces, 2 threads)
  ...t=3.77e+09 tail sweep 74% (4500 pieces, 2 threads)
  ...t=3.77e+09 tail sweep 83% (5000 pieces, 2 threads)
  ...t=3.77e+09 tail sweep 83% (5000 pieces, 2 threads)
  ...t=3.77e+09 tail sweep 83% (5000 pieces, 2 threads)
  ...t=3.77e+09 tail sweep 83% (5000 pieces, 2 threads)
  ...t=3.77e+09 tail sweep 91% (5500 pieces, 2 threads)
  ...t=3.77e+09 tail sweep 91% (5500 pieces, 2 threads)
  ...t=3.77e+09 tail sweep 91% (5500 pieces, 2 threads)
  ...t=3.77e+09 tail sweep 91% (5500 pieces, 2 threads)
  ...t=3.77e+09 tail sweep 99% (6000 pieces, 2 threads)
  ...t=3.77e+09 tail sweep 99% (6000 pieces, 2 threads)
  ...t=3.77e+09 tail sweep 99% (6000 pieces, 2 threads)
  ...t=3.77e+09 tail sweep 99% (6000 pieces, 2 threads)
  pt win=2 k=+2 x=3.77e+09 t=3770004227.66975 mnew=1.0000 mcert=1.0000 bexp=4.32e-04
  pt win=2 k=+3 x=3.77e+09 t=3770004228.16975 mnew=1.0000 mcert=1.0000 bexp=4.32e-04
  pt win=2 k=+1 x=3.77e+09 t=3770004227.16975 mnew=1.0000 mcert=1.0000 bexp=4.49e-04
  pt win=2 k=+4 x=3.77e+09 t=3770004228.66975 mnew=1.0000 mcert=1.0000 bexp=4.30e-04
  ...t=3.77e+09 tail sweep 8% (500 pieces, 2 threads)
  ...t=3.77e+09 tail sweep 8% (500 pieces, 2 threads)
  ...t=3.77e+09 tail sweep 8% (500 pieces, 2 threads)
  ...t=3.77e+09 tail sweep 8% (500 pieces, 2 threads)
  ...t=3.77e+09 tail sweep 17% (1000 pieces, 2 threads)
  ...t=3.77e+09 tail sweep 17% (1000 pieces, 2 threads)
  ...t=3.77e+09 tail sweep 17% (1000 pieces, 2 threads)
  ...t=3.77e+09 tail sweep 17% (1000 pieces, 2 threads)
  ...t=3.77e+09 tail sweep 25% (1500 pieces, 2 threads)
  ...t=3.77e+09 tail sweep 25% (1500 pieces, 2 threads)
  ...t=3.77e+09 tail sweep 25% (1500 pieces, 2 threads)
  ...t=3.77e+09 tail sweep 25% (1500 pieces, 2 threads)
  ...t=3.77e+09 tail sweep 33% (2000 pieces, 2 threads)
  ...t=3.77e+09 tail sweep 33% (2000 pieces, 2 threads)
  ...t=3.77e+09 tail sweep 33% (2000 pieces, 2 threads)
  ...t=3.77e+09 tail sweep 33% (2000 pieces, 2 threads)
  ...t=3.77e+09 tail sweep 41% (2500 pieces, 2 threads)
  ...t=3.77e+09 tail sweep 41% (2500 pieces, 2 threads)
  ...t=3.77e+09 tail sweep 41% (2500 pieces, 2 threads)
  ...t=3.77e+09 tail sweep 41% (2500 pieces, 2 threads)
  ...t=3.77e+09 tail sweep 50% (3000 pieces, 2 threads)
  ...t=3.77e+09 tail sweep 50% (3000 pieces, 2 threads)
  ...t=3.77e+09 tail sweep 50% (3000 pieces, 2 threads)
  ...t=3.77e+09 tail sweep 50% (3000 pieces, 2 threads)
  ...t=3.77e+09 tail sweep 58% (3500 pieces, 2 threads)
  ...t=3.77e+09 tail sweep 58% (3500 pieces, 2 threads)
  ...t=3.77e+09 tail sweep 58% (3500 pieces, 2 threads)
  ...t=3.77e+09 tail sweep 58% (3500 pieces, 2 threads)
  ...t=3.77e+09 tail sweep 66% (4000 pieces, 2 threads)
  ...t=3.77e+09 tail sweep 66% (4000 pieces, 2 threads)
  ...t=3.77e+09 tail sweep 66% (4000 pieces, 2 threads)
  ...t=3.77e+09 tail sweep 66% (4000 pieces, 2 threads)
  ...t=3.77e+09 tail sweep 74% (4500 pieces, 2 threads)
  ...t=3.77e+09 tail sweep 74% (4500 pieces, 2 threads)
  ...t=3.77e+09 tail sweep 74% (4500 pieces, 2 threads)
  ...t=3.77e+09 tail sweep 74% (4500 pieces, 2 threads)
  ...t=3.77e+09 tail sweep 83% (5000 pieces, 2 threads)
  ...t=3.77e+09 tail sweep 83% (5000 pieces, 2 threads)
  ...t=3.77e+09 tail sweep 83% (5000 pieces, 2 threads)
  ...t=3.77e+09 tail sweep 83% (5000 pieces, 2 threads)
  ...t=3.77e+09 tail sweep 91% (5500 pieces, 2 threads)
  ...t=3.77e+09 tail sweep 91% (5500 pieces, 2 threads)
  ...t=3.77e+09 tail sweep 91% (5500 pieces, 2 threads)
  ...t=3.77e+09 tail sweep 91% (5500 pieces, 2 threads)
  ...t=3.77e+09 tail sweep 99% (6000 pieces, 2 threads)
  ...t=3.77e+09 tail sweep 99% (6000 pieces, 2 threads)
  ...t=3.77e+09 tail sweep 99% (6000 pieces, 2 threads)
  ...t=3.77e+09 tail sweep 99% (6000 pieces, 2 threads)
  pt win=2 k=+8 x=3.77e+09 t=3770004230.66975 mnew=1.0000 mcert=1.0000 bexp=4.50e-04
  pt win=2 k=+7 x=3.77e+09 t=3770004230.16975 mnew=1.0000 mcert=1.0000 bexp=4.29e-04
  pt win=2 k=+6 x=3.77e+09 t=3770004229.66975 mnew=1.0000 mcert=1.0000 bexp=4.33e-04
  pt win=2 k=+5 x=3.77e+09 t=3770004229.16975 mnew=1.0000 mcert=1.0000 bexp=4.33e-04
  ...t=3.77e+09 tail sweep 8% (500 pieces, 2 threads)
  ...t=3.77e+09 tail sweep 8% (500 pieces, 2 threads)
  ...t=3.77e+09 tail sweep 8% (500 pieces, 2 threads)
  ...t=3.77e+09 tail sweep 8% (500 pieces, 2 threads)
  ...t=3.77e+09 tail sweep 17% (1000 pieces, 2 threads)
  ...t=3.77e+09 tail sweep 17% (1000 pieces, 2 threads)
  ...t=3.77e+09 tail sweep 17% (1000 pieces, 2 threads)
  ...t=3.77e+09 tail sweep 17% (1000 pieces, 2 threads)
  ...t=3.77e+09 tail sweep 25% (1500 pieces, 2 threads)
  ...t=3.77e+09 tail sweep 25% (1500 pieces, 2 threads)
  ...t=3.77e+09 tail sweep 25% (1500 pieces, 2 threads)
  ...t=3.77e+09 tail sweep 25% (1500 pieces, 2 threads)
  ...t=3.77e+09 tail sweep 33% (2000 pieces, 2 threads)
  ...t=3.77e+09 tail sweep 33% (2000 pieces, 2 threads)
  ...t=3.77e+09 tail sweep 33% (2000 pieces, 2 threads)
  ...t=3.77e+09 tail sweep 33% (2000 pieces, 2 threads)
  ...t=3.77e+09 tail sweep 41% (2500 pieces, 2 threads)
  ...t=3.77e+09 tail sweep 41% (2500 pieces, 2 threads)
  ...t=3.77e+09 tail sweep 41% (2500 pieces, 2 threads)
  ...t=3.77e+09 tail sweep 41% (2500 pieces, 2 threads)
  ...t=3.77e+09 tail sweep 50% (3000 pieces, 2 threads)
  ...t=3.77e+09 tail sweep 50% (3000 pieces, 2 threads)
  ...t=3.77e+09 tail sweep 50% (3000 pieces, 2 threads)
  ...t=3.77e+09 tail sweep 50% (3000 pieces, 2 threads)
  ...t=3.77e+09 tail sweep 58% (3500 pieces, 2 threads)
  ...t=3.77e+09 tail sweep 58% (3500 pieces, 2 threads)
  ...t=3.77e+09 tail sweep 58% (3500 pieces, 2 threads)
  ...t=3.77e+09 tail sweep 58% (3500 pieces, 2 threads)
  ...t=3.77e+09 tail sweep 66% (4000 pieces, 2 threads)
  ...t=3.77e+09 tail sweep 66% (4000 pieces, 2 threads)
  ...t=3.77e+09 tail sweep 66% (4000 pieces, 2 threads)
  ...t=3.77e+09 tail sweep 66% (4000 pieces, 2 threads)
  ...t=3.77e+09 tail sweep 74% (4500 pieces, 2 threads)
  ...t=3.77e+09 tail sweep 74% (4500 pieces, 2 threads)
  ...t=3.77e+09 tail sweep 74% (4500 pieces, 2 threads)
  ...t=3.77e+09 tail sweep 74% (4500 pieces, 2 threads)
  ...t=3.77e+09 tail sweep 83% (5000 pieces, 2 threads)
  ...t=3.77e+09 tail sweep 83% (5000 pieces, 2 threads)
  ...t=3.77e+09 tail sweep 83% (5000 pieces, 2 threads)
  ...t=3.77e+09 tail sweep 83% (5000 pieces, 2 threads)
  ...t=3.77e+09 tail sweep 91% (5500 pieces, 2 threads)
  ...t=3.77e+09 tail sweep 91% (5500 pieces, 2 threads)
  ...t=3.77e+09 tail sweep 91% (5500 pieces, 2 threads)
  ...t=3.77e+09 tail sweep 91% (5500 pieces, 2 threads)
  ...t=3.77e+09 tail sweep 99% (6000 pieces, 2 threads)
  ...t=3.77e+09 tail sweep 99% (6000 pieces, 2 threads)
  ...t=3.77e+09 tail sweep 99% (6000 pieces, 2 threads)
  ...t=3.77e+09 tail sweep 99% (6000 pieces, 2 threads)
  pt win=2 k=+12 x=3.77e+09 t=3770004232.66975 mnew=1.0000 mcert=1.0000 bexp=4.34e-04
  pt win=2 k=+11 x=3.77e+09 t=3770004232.16975 mnew=1.0000 mcert=1.0000 bexp=4.37e-04
  pt win=2 k=+9 x=3.77e+09 t=3770004231.16975 mnew=1.0000 mcert=1.0000 bexp=4.31e-04
  pt win=2 k=+10 x=3.77e+09 t=3770004231.66975 mnew=1.0000 mcert=1.0000 bexp=4.34e-04
  ...t=4.072e+09 tail sweep 8% (500 pieces, 2 threads)
  ...t=4.072e+09 tail sweep 8% (500 pieces, 2 threads)
  ...t=4.072e+09 tail sweep 8% (500 pieces, 2 threads)
  ...t=4.072e+09 tail sweep 8% (500 pieces, 2 threads)
  ...t=4.072e+09 tail sweep 17% (1000 pieces, 2 threads)
  ...t=4.072e+09 tail sweep 17% (1000 pieces, 2 threads)
  ...t=4.072e+09 tail sweep 17% (1000 pieces, 2 threads)
  ...t=4.072e+09 tail sweep 17% (1000 pieces, 2 threads)
  ...t=4.072e+09 tail sweep 25% (1500 pieces, 2 threads)
  ...t=4.072e+09 tail sweep 25% (1500 pieces, 2 threads)
  ...t=4.072e+09 tail sweep 25% (1500 pieces, 2 threads)
  ...t=4.072e+09 tail sweep 25% (1500 pieces, 2 threads)
  ...t=4.072e+09 tail sweep 33% (2000 pieces, 2 threads)
  ...t=4.072e+09 tail sweep 33% (2000 pieces, 2 threads)
  ...t=4.072e+09 tail sweep 33% (2000 pieces, 2 threads)
  ...t=4.072e+09 tail sweep 33% (2000 pieces, 2 threads)
  ...t=4.072e+09 tail sweep 41% (2500 pieces, 2 threads)
  ...t=4.072e+09 tail sweep 41% (2500 pieces, 2 threads)
  ...t=4.072e+09 tail sweep 41% (2500 pieces, 2 threads)
  ...t=4.072e+09 tail sweep 41% (2500 pieces, 2 threads)
  ...t=4.072e+09 tail sweep 50% (3000 pieces, 2 threads)
  ...t=4.072e+09 tail sweep 50% (3000 pieces, 2 threads)
  ...t=4.072e+09 tail sweep 50% (3000 pieces, 2 threads)
  ...t=4.072e+09 tail sweep 50% (3000 pieces, 2 threads)
  ...t=4.072e+09 tail sweep 58% (3500 pieces, 2 threads)  ...t=4.072e+09 tail sweep 58% (3500 pieces, 2 threads)

  ...t=4.072e+09 tail sweep 58% (3500 pieces, 2 threads)
  ...t=4.072e+09 tail sweep 58% (3500 pieces, 2 threads)
  ...t=4.072e+09 tail sweep 66% (4000 pieces, 2 threads)
  ...t=4.072e+09 tail sweep 66% (4000 pieces, 2 threads)
  ...t=4.072e+09 tail sweep 66% (4000 pieces, 2 threads)
  ...t=4.072e+09 tail sweep 66% (4000 pieces, 2 threads)
  ...t=4.072e+09 tail sweep 74% (4500 pieces, 2 threads)
  ...t=4.072e+09 tail sweep 74% (4500 pieces, 2 threads)
  ...t=4.072e+09 tail sweep 74% (4500 pieces, 2 threads)
  ...t=4.072e+09 tail sweep 74% (4500 pieces, 2 threads)
  ...t=4.072e+09 tail sweep 83% (5000 pieces, 2 threads)
  ...t=4.072e+09 tail sweep 83% (5000 pieces, 2 threads)
  ...t=4.072e+09 tail sweep 83% (5000 pieces, 2 threads)
  ...t=4.072e+09 tail sweep 83% (5000 pieces, 2 threads)
  ...t=4.072e+09 tail sweep 91% (5500 pieces, 2 threads)
  ...t=4.072e+09 tail sweep 91% (5500 pieces, 2 threads)
  ...t=4.072e+09 tail sweep 91% (5500 pieces, 2 threads)
  ...t=4.072e+09 tail sweep 91% (5500 pieces, 2 threads)
  ...t=4.072e+09 tail sweep 99% (6000 pieces, 2 threads)
  ...t=4.072e+09 tail sweep 99% (6000 pieces, 2 threads)
  ...t=4.072e+09 tail sweep 99% (6000 pieces, 2 threads)
  ...t=4.072e+09 tail sweep 99% (6000 pieces, 2 threads)
  pt win=3 k=-9 x=4.072e+09 t=4071604560.44571 mnew=1.0000 mcert=1.0000 bexp=4.65e-04
  pt win=3 k=-11 x=4.072e+09 t=4071604559.44571 mnew=1.0000 mcert=1.0000 bexp=4.88e-04
  pt win=3 k=-10 x=4.072e+09 t=4071604559.94571 mnew=1.0000 mcert=1.0000 bexp=4.61e-04
  ...t=4.072e+09 tail sweep 8% (500 pieces, 2 threads)
  ...t=4.072e+09 tail sweep 8% (500 pieces, 2 threads)
  ...t=4.072e+09 tail sweep 8% (500 pieces, 2 threads)
  pt win=3 k=-12 x=4.072e+09 t=4071604558.94571 mnew=1.0000 mcert=1.0000 bexp=4.63e-04
  ...t=4.072e+09 tail sweep 8% (500 pieces, 2 threads)
  ...t=4.072e+09 tail sweep 17% (1000 pieces, 2 threads)
  ...t=4.072e+09 tail sweep 17% (1000 pieces, 2 threads)
  ...t=4.072e+09 tail sweep 17% (1000 pieces, 2 threads)
  ...t=4.072e+09 tail sweep 17% (1000 pieces, 2 threads)
  ...t=4.072e+09 tail sweep 25% (1500 pieces, 2 threads)
  ...t=4.072e+09 tail sweep 25% (1500 pieces, 2 threads)
  ...t=4.072e+09 tail sweep 25% (1500 pieces, 2 threads)
  ...t=4.072e+09 tail sweep 25% (1500 pieces, 2 threads)
  ...t=4.072e+09 tail sweep 33% (2000 pieces, 2 threads)
  ...t=4.072e+09 tail sweep 33% (2000 pieces, 2 threads)
  ...t=4.072e+09 tail sweep 33% (2000 pieces, 2 threads)
  ...t=4.072e+09 tail sweep 33% (2000 pieces, 2 threads)
  ...t=4.072e+09 tail sweep 41% (2500 pieces, 2 threads)
  ...t=4.072e+09 tail sweep 41% (2500 pieces, 2 threads)
  ...t=4.072e+09 tail sweep 41% (2500 pieces, 2 threads)
  ...t=4.072e+09 tail sweep 41% (2500 pieces, 2 threads)
  ...t=4.072e+09 tail sweep 50% (3000 pieces, 2 threads)
  ...t=4.072e+09 tail sweep 50% (3000 pieces, 2 threads)  ...t=4.072e+09 tail sweep 50% (3000 pieces, 2 threads)
  ...t=4.072e+09 tail sweep 50% (3000 pieces, 2 threads)

  ...t=4.072e+09 tail sweep 58% (3500 pieces, 2 threads)
  ...t=4.072e+09 tail sweep 58% (3500 pieces, 2 threads)
  ...t=4.072e+09 tail sweep 58% (3500 pieces, 2 threads)
  ...t=4.072e+09 tail sweep 58% (3500 pieces, 2 threads)
  ...t=4.072e+09 tail sweep 66% (4000 pieces, 2 threads)
  ...t=4.072e+09 tail sweep 66% (4000 pieces, 2 threads)
  ...t=4.072e+09 tail sweep 66% (4000 pieces, 2 threads)
  ...t=4.072e+09 tail sweep 66% (4000 pieces, 2 threads)
  ...t=4.072e+09 tail sweep 74% (4500 pieces, 2 threads)
  ...t=4.072e+09 tail sweep 74% (4500 pieces, 2 threads)
  ...t=4.072e+09 tail sweep 74% (4500 pieces, 2 threads)
  ...t=4.072e+09 tail sweep 74% (4500 pieces, 2 threads)
  ...t=4.072e+09 tail sweep 83% (5000 pieces, 2 threads)
  ...t=4.072e+09 tail sweep 83% (5000 pieces, 2 threads)
  ...t=4.072e+09 tail sweep 83% (5000 pieces, 2 threads)
  ...t=4.072e+09 tail sweep 83% (5000 pieces, 2 threads)
  ...t=4.072e+09 tail sweep 91% (5500 pieces, 2 threads)
  ...t=4.072e+09 tail sweep 91% (5500 pieces, 2 threads)
  ...t=4.072e+09 tail sweep 91% (5500 pieces, 2 threads)
  ...t=4.072e+09 tail sweep 91% (5500 pieces, 2 threads)
  ...t=4.072e+09 tail sweep 99% (6000 pieces, 2 threads)
  ...t=4.072e+09 tail sweep 99% (6000 pieces, 2 threads)
  ...t=4.072e+09 tail sweep 99% (6000 pieces, 2 threads)
  ...t=4.072e+09 tail sweep 99% (6000 pieces, 2 threads)
  pt win=3 k=-7 x=4.072e+09 t=4071604561.44571 mnew=1.0000 mcert=1.0000 bexp=4.66e-04
  pt win=3 k=-8 x=4.072e+09 t=4071604560.94571 mnew=1.0000 mcert=1.0000 bexp=4.63e-04
  pt win=3 k=-6 x=4.072e+09 t=4071604561.94571 mnew=1.0000 mcert=1.0000 bexp=4.67e-04
  pt win=3 k=-5 x=4.072e+09 t=4071604562.44571 mnew=1.0000 mcert=1.0000 bexp=4.75e-04
  ...t=4.072e+09 tail sweep 8% (500 pieces, 2 threads)
  ...t=4.072e+09 tail sweep 8% (500 pieces, 2 threads)
  ...t=4.072e+09 tail sweep 8% (500 pieces, 2 threads)
  ...t=4.072e+09 tail sweep 8% (500 pieces, 2 threads)
  ...t=4.072e+09 tail sweep 17% (1000 pieces, 2 threads)
  ...t=4.072e+09 tail sweep 17% (1000 pieces, 2 threads)
  ...t=4.072e+09 tail sweep 17% (1000 pieces, 2 threads)
  ...t=4.072e+09 tail sweep 17% (1000 pieces, 2 threads)
  ...t=4.072e+09 tail sweep 25% (1500 pieces, 2 threads)
  ...t=4.072e+09 tail sweep 25% (1500 pieces, 2 threads)
  ...t=4.072e+09 tail sweep 25% (1500 pieces, 2 threads)
  ...t=4.072e+09 tail sweep 25% (1500 pieces, 2 threads)
  ...t=4.072e+09 tail sweep 33% (2000 pieces, 2 threads)
  ...t=4.072e+09 tail sweep 33% (2000 pieces, 2 threads)
  ...t=4.072e+09 tail sweep 33% (2000 pieces, 2 threads)
  ...t=4.072e+09 tail sweep 33% (2000 pieces, 2 threads)
  ...t=4.072e+09 tail sweep 41% (2500 pieces, 2 threads)
  ...t=4.072e+09 tail sweep 41% (2500 pieces, 2 threads)
  ...t=4.072e+09 tail sweep 41% (2500 pieces, 2 threads)
  ...t=4.072e+09 tail sweep 41% (2500 pieces, 2 threads)
  ...t=4.072e+09 tail sweep 50% (3000 pieces, 2 threads)
  ...t=4.072e+09 tail sweep 50% (3000 pieces, 2 threads)
  ...t=4.072e+09 tail sweep 50% (3000 pieces, 2 threads)
  ...t=4.072e+09 tail sweep 50% (3000 pieces, 2 threads)
  ...t=4.072e+09 tail sweep 58% (3500 pieces, 2 threads)
  ...t=4.072e+09 tail sweep 58% (3500 pieces, 2 threads)
  ...t=4.072e+09 tail sweep 58% (3500 pieces, 2 threads)
  ...t=4.072e+09 tail sweep 58% (3500 pieces, 2 threads)
  ...t=4.072e+09 tail sweep 66% (4000 pieces, 2 threads)
  ...t=4.072e+09 tail sweep 66% (4000 pieces, 2 threads)
  ...t=4.072e+09 tail sweep 66% (4000 pieces, 2 threads)
  ...t=4.072e+09 tail sweep 66% (4000 pieces, 2 threads)
  ...t=4.072e+09 tail sweep 74% (4500 pieces, 2 threads)
  ...t=4.072e+09 tail sweep 74% (4500 pieces, 2 threads)
  ...t=4.072e+09 tail sweep 74% (4500 pieces, 2 threads)
  ...t=4.072e+09 tail sweep 74% (4500 pieces, 2 threads)
  ...t=4.072e+09 tail sweep 83% (5000 pieces, 2 threads)
  ...t=4.072e+09 tail sweep 83% (5000 pieces, 2 threads)
  ...t=4.072e+09 tail sweep 83% (5000 pieces, 2 threads)
  ...t=4.072e+09 tail sweep 83% (5000 pieces, 2 threads)
  ...t=4.072e+09 tail sweep 91% (5500 pieces, 2 threads)
  ...t=4.072e+09 tail sweep 91% (5500 pieces, 2 threads)
  ...t=4.072e+09 tail sweep 91% (5500 pieces, 2 threads)
  ...t=4.072e+09 tail sweep 91% (5500 pieces, 2 threads)
  ...t=4.072e+09 tail sweep 99% (6000 pieces, 2 threads)
  ...t=4.072e+09 tail sweep 99% (6000 pieces, 2 threads)
  ...t=4.072e+09 tail sweep 99% (6000 pieces, 2 threads)
  ...t=4.072e+09 tail sweep 99% (6000 pieces, 2 threads)
  pt win=3 k=-4 x=4.072e+09 t=4071604562.94571 mnew=1.0000 mcert=1.0000 bexp=4.62e-04
  pt win=3 k=-2 x=4.072e+09 t=4071604563.94571 mnew=1.0000 mcert=1.0000 bexp=4.61e-04
  pt win=3 k=-3 x=4.072e+09 t=4071604563.44571 mnew=1.0000 mcert=1.0000 bexp=4.84e-04
  pt win=3 k=-1 x=4.072e+09 t=4071604564.44571 mnew=1.0000 mcert=1.0000 bexp=4.65e-04
  ...t=4.072e+09 tail sweep 8% (500 pieces, 2 threads)
  ...t=4.072e+09 tail sweep 8% (500 pieces, 2 threads)
  ...t=4.072e+09 tail sweep 8% (500 pieces, 2 threads)
  ...t=4.072e+09 tail sweep 8% (500 pieces, 2 threads)
  ...t=4.072e+09 tail sweep 17% (1000 pieces, 2 threads)
  ...t=4.072e+09 tail sweep 17% (1000 pieces, 2 threads)
  ...t=4.072e+09 tail sweep 17% (1000 pieces, 2 threads)
  ...t=4.072e+09 tail sweep 17% (1000 pieces, 2 threads)
  ...t=4.072e+09 tail sweep 25% (1500 pieces, 2 threads)
  ...t=4.072e+09 tail sweep 25% (1500 pieces, 2 threads)
  ...t=4.072e+09 tail sweep 25% (1500 pieces, 2 threads)
  ...t=4.072e+09 tail sweep 25% (1500 pieces, 2 threads)
  ...t=4.072e+09 tail sweep 33% (2000 pieces, 2 threads)
  ...t=4.072e+09 tail sweep 33% (2000 pieces, 2 threads)
  ...t=4.072e+09 tail sweep 33% (2000 pieces, 2 threads)
  ...t=4.072e+09 tail sweep 33% (2000 pieces, 2 threads)
  ...t=4.072e+09 tail sweep 41% (2500 pieces, 2 threads)
  ...t=4.072e+09 tail sweep 41% (2500 pieces, 2 threads)
  ...t=4.072e+09 tail sweep 41% (2500 pieces, 2 threads)
  ...t=4.072e+09 tail sweep 41% (2500 pieces, 2 threads)
  ...t=4.072e+09 tail sweep 50% (3000 pieces, 2 threads)
  ...t=4.072e+09 tail sweep 50% (3000 pieces, 2 threads)
  ...t=4.072e+09 tail sweep 50% (3000 pieces, 2 threads)
  ...t=4.072e+09 tail sweep 50% (3000 pieces, 2 threads)
  ...t=4.072e+09 tail sweep 58% (3500 pieces, 2 threads)
  ...t=4.072e+09 tail sweep 58% (3500 pieces, 2 threads)
  ...t=4.072e+09 tail sweep 58% (3500 pieces, 2 threads)
  ...t=4.072e+09 tail sweep 58% (3500 pieces, 2 threads)
  ...t=4.072e+09 tail sweep 66% (4000 pieces, 2 threads)
  ...t=4.072e+09 tail sweep 66% (4000 pieces, 2 threads)
  ...t=4.072e+09 tail sweep 66% (4000 pieces, 2 threads)
  ...t=4.072e+09 tail sweep 66% (4000 pieces, 2 threads)
  ...t=4.072e+09 tail sweep 74% (4500 pieces, 2 threads)
  ...t=4.072e+09 tail sweep 74% (4500 pieces, 2 threads)
  ...t=4.072e+09 tail sweep 74% (4500 pieces, 2 threads)
  ...t=4.072e+09 tail sweep 74% (4500 pieces, 2 threads)
  ...t=4.072e+09 tail sweep 83% (5000 pieces, 2 threads)
  ...t=4.072e+09 tail sweep 83% (5000 pieces, 2 threads)
  ...t=4.072e+09 tail sweep 83% (5000 pieces, 2 threads)
  ...t=4.072e+09 tail sweep 83% (5000 pieces, 2 threads)
  ...t=4.072e+09 tail sweep 91% (5500 pieces, 2 threads)
  ...t=4.072e+09 tail sweep 91% (5500 pieces, 2 threads)
  ...t=4.072e+09 tail sweep 91% (5500 pieces, 2 threads)
  ...t=4.072e+09 tail sweep 91% (5500 pieces, 2 threads)
  ...t=4.072e+09 tail sweep 99% (6000 pieces, 2 threads)
  ...t=4.072e+09 tail sweep 99% (6000 pieces, 2 threads)
  ...t=4.072e+09 tail sweep 99% (6000 pieces, 2 threads)
  ...t=4.072e+09 tail sweep 99% (6000 pieces, 2 threads)
  pt win=3 k=+4 x=4.072e+09 t=4071604566.94571 mnew=1.0000 mcert=1.0000 bexp=4.70e-04
  pt win=3 k=+1 x=4.072e+09 t=4071604565.44571 mnew=1.0000 mcert=1.0000 bexp=4.68e-04
  pt win=3 k=+3 x=4.072e+09 t=4071604566.44571 mnew=1.0000 mcert=1.0000 bexp=4.64e-04
  pt win=3 k=+2 x=4.072e+09 t=4071604565.94571 mnew=1.0000 mcert=1.0000 bexp=4.65e-04
  ...t=4.072e+09 tail sweep 8% (500 pieces, 2 threads)
  ...t=4.072e+09 tail sweep 8% (500 pieces, 2 threads)
  ...t=4.072e+09 tail sweep 8% (500 pieces, 2 threads)
  ...t=4.072e+09 tail sweep 8% (500 pieces, 2 threads)
  ...t=4.072e+09 tail sweep 17% (1000 pieces, 2 threads)
  ...t=4.072e+09 tail sweep 17% (1000 pieces, 2 threads)
  ...t=4.072e+09 tail sweep 17% (1000 pieces, 2 threads)
  ...t=4.072e+09 tail sweep 17% (1000 pieces, 2 threads)
  ...t=4.072e+09 tail sweep 25% (1500 pieces, 2 threads)
  ...t=4.072e+09 tail sweep 25% (1500 pieces, 2 threads)
  ...t=4.072e+09 tail sweep 25% (1500 pieces, 2 threads)
  ...t=4.072e+09 tail sweep 25% (1500 pieces, 2 threads)
  ...t=4.072e+09 tail sweep 33% (2000 pieces, 2 threads)
  ...t=4.072e+09 tail sweep 33% (2000 pieces, 2 threads)
  ...t=4.072e+09 tail sweep 33% (2000 pieces, 2 threads)
  ...t=4.072e+09 tail sweep 33% (2000 pieces, 2 threads)
  ...t=4.072e+09 tail sweep 41% (2500 pieces, 2 threads)
  ...t=4.072e+09 tail sweep 41% (2500 pieces, 2 threads)
  ...t=4.072e+09 tail sweep 41% (2500 pieces, 2 threads)
  ...t=4.072e+09 tail sweep 41% (2500 pieces, 2 threads)
  ...t=4.072e+09 tail sweep 50% (3000 pieces, 2 threads)
  ...t=4.072e+09 tail sweep 50% (3000 pieces, 2 threads)
  ...t=4.072e+09 tail sweep 50% (3000 pieces, 2 threads)
  ...t=4.072e+09 tail sweep 50% (3000 pieces, 2 threads)
  ...t=4.072e+09 tail sweep 58% (3500 pieces, 2 threads)
  ...t=4.072e+09 tail sweep 58% (3500 pieces, 2 threads)
  ...t=4.072e+09 tail sweep 58% (3500 pieces, 2 threads)
  ...t=4.072e+09 tail sweep 58% (3500 pieces, 2 threads)
  ...t=4.072e+09 tail sweep 66% (4000 pieces, 2 threads)
  ...t=4.072e+09 tail sweep 66% (4000 pieces, 2 threads)
  ...t=4.072e+09 tail sweep 66% (4000 pieces, 2 threads)
  ...t=4.072e+09 tail sweep 66% (4000 pieces, 2 threads)
  ...t=4.072e+09 tail sweep 74% (4500 pieces, 2 threads)
  ...t=4.072e+09 tail sweep 74% (4500 pieces, 2 threads)
  ...t=4.072e+09 tail sweep 74% (4500 pieces, 2 threads)
  ...t=4.072e+09 tail sweep 74% (4500 pieces, 2 threads)
  ...t=4.072e+09 tail sweep 83% (5000 pieces, 2 threads)
  ...t=4.072e+09 tail sweep 83% (5000 pieces, 2 threads)
  ...t=4.072e+09 tail sweep 83% (5000 pieces, 2 threads)
  ...t=4.072e+09 tail sweep 83% (5000 pieces, 2 threads)
  ...t=4.072e+09 tail sweep 91% (5500 pieces, 2 threads)
  ...t=4.072e+09 tail sweep 91% (5500 pieces, 2 threads)
  ...t=4.072e+09 tail sweep 91% (5500 pieces, 2 threads)
  ...t=4.072e+09 tail sweep 91% (5500 pieces, 2 threads)
  ...t=4.072e+09 tail sweep 99% (6000 pieces, 2 threads)
  ...t=4.072e+09 tail sweep 99% (6000 pieces, 2 threads)
  ...t=4.072e+09 tail sweep 99% (6000 pieces, 2 threads)
  ...t=4.072e+09 tail sweep 99% (6000 pieces, 2 threads)
  pt win=3 k=+6 x=4.072e+09 t=4071604567.94571 mnew=1.0000 mcert=1.0000 bexp=4.66e-04
  pt win=3 k=+7 x=4.072e+09 t=4071604568.44571 mnew=1.0000 mcert=1.0000 bexp=5.02e-04
  pt win=3 k=+8 x=4.072e+09 t=4071604568.94571 mnew=1.0000 mcert=1.0000 bexp=4.65e-04
  pt win=3 k=+5 x=4.072e+09 t=4071604567.44571 mnew=1.0000 mcert=1.0000 bexp=4.64e-04
  ...t=4.072e+09 tail sweep 8% (500 pieces, 2 threads)
  ...t=4.072e+09 tail sweep 8% (500 pieces, 2 threads)
  ...t=4.072e+09 tail sweep 8% (500 pieces, 2 threads)
  ...t=4.072e+09 tail sweep 8% (500 pieces, 2 threads)
  ...t=4.072e+09 tail sweep 17% (1000 pieces, 2 threads)
  ...t=4.072e+09 tail sweep 17% (1000 pieces, 2 threads)
  ...t=4.072e+09 tail sweep 17% (1000 pieces, 2 threads)
  ...t=4.072e+09 tail sweep 17% (1000 pieces, 2 threads)
  ...t=4.072e+09 tail sweep 25% (1500 pieces, 2 threads)
  ...t=4.072e+09 tail sweep 25% (1500 pieces, 2 threads)
  ...t=4.072e+09 tail sweep 25% (1500 pieces, 2 threads)
  ...t=4.072e+09 tail sweep 25% (1500 pieces, 2 threads)
  ...t=4.072e+09 tail sweep 33% (2000 pieces, 2 threads)
  ...t=4.072e+09 tail sweep 33% (2000 pieces, 2 threads)
  ...t=4.072e+09 tail sweep 33% (2000 pieces, 2 threads)
  ...t=4.072e+09 tail sweep 33% (2000 pieces, 2 threads)
  ...t=4.072e+09 tail sweep 41% (2500 pieces, 2 threads)
  ...t=4.072e+09 tail sweep 41% (2500 pieces, 2 threads)
  ...t=4.072e+09 tail sweep 41% (2500 pieces, 2 threads)
  ...t=4.072e+09 tail sweep 41% (2500 pieces, 2 threads)
  ...t=4.072e+09 tail sweep 50% (3000 pieces, 2 threads)
  ...t=4.072e+09 tail sweep 50% (3000 pieces, 2 threads)
  ...t=4.072e+09 tail sweep 50% (3000 pieces, 2 threads)
  ...t=4.072e+09 tail sweep 50% (3000 pieces, 2 threads)
  ...t=4.072e+09 tail sweep 58% (3500 pieces, 2 threads)
  ...t=4.072e+09 tail sweep 58% (3500 pieces, 2 threads)
  ...t=4.072e+09 tail sweep 58% (3500 pieces, 2 threads)
  ...t=4.072e+09 tail sweep 58% (3500 pieces, 2 threads)
  ...t=4.072e+09 tail sweep 66% (4000 pieces, 2 threads)
  ...t=4.072e+09 tail sweep 66% (4000 pieces, 2 threads)
  ...t=4.072e+09 tail sweep 66% (4000 pieces, 2 threads)
  ...t=4.072e+09 tail sweep 66% (4000 pieces, 2 threads)
  ...t=4.072e+09 tail sweep 74% (4500 pieces, 2 threads)
  ...t=4.072e+09 tail sweep 74% (4500 pieces, 2 threads)
  ...t=4.072e+09 tail sweep 74% (4500 pieces, 2 threads)
  ...t=4.072e+09 tail sweep 74% (4500 pieces, 2 threads)
  ...t=4.072e+09 tail sweep 83% (5000 pieces, 2 threads)
  ...t=4.072e+09 tail sweep 83% (5000 pieces, 2 threads)
  ...t=4.072e+09 tail sweep 83% (5000 pieces, 2 threads)
  ...t=4.072e+09 tail sweep 83% (5000 pieces, 2 threads)
  ...t=4.072e+09 tail sweep 91% (5500 pieces, 2 threads)
  ...t=4.072e+09 tail sweep 91% (5500 pieces, 2 threads)
  ...t=4.072e+09 tail sweep 91% (5500 pieces, 2 threads)
  ...t=4.072e+09 tail sweep 91% (5500 pieces, 2 threads)
  ...t=4.072e+09 tail sweep 99% (6000 pieces, 2 threads)
  ...t=4.072e+09 tail sweep 99% (6000 pieces, 2 threads)
  ...t=4.072e+09 tail sweep 99% (6000 pieces, 2 threads)
  ...t=4.072e+09 tail sweep 99% (6000 pieces, 2 threads)
  pt win=3 k=+10 x=4.072e+09 t=4071604569.94571 mnew=1.0000 mcert=1.0000 bexp=4.63e-04
  pt win=3 k=+9 x=4.072e+09 t=4071604569.44571 mnew=1.0000 mcert=1.0000 bexp=4.64e-04
  pt win=3 k=+11 x=4.072e+09 t=4071604570.44571 mnew=1.0000 mcert=1.0000 bexp=4.61e-04
  pt win=3 k=+12 x=4.072e+09 t=4071604570.94571 mnew=1.0000 mcert=1.0000 bexp=4.63e-04
window   1:  23/24  points  after  this  instance
H1  INCOMPLETE:  1  window(s)  not  at  24/24  --  checkpoints  intact,  supervisor  resumes
