H1_WINDOWS:  running  windows  4-6  (3  of  29)
resume:  window   0  (x=4397332930)  0/24  points  on disk
resume:  window   1  (x=4749119564)  0/24  points  on disk
resume:  window   2  (x=5129049129)  0/24  points  on disk
memguard:  MemAvailable  488.7  GiB,  reserve  28  GiB,  ~2.5  GiB/thread  x  2  threads  ->  allow  <=  10  contexts  (=  20  slab  threads;  11  GPU  clients  incl.  Xorg  vs  budget  11)
day038  gpu  H1-3e10:  FULL,  72  point  jobs  remaining (3  windows,  4  contexts  x  2  threads)
pids: parent=6023 workers=4 written to ckpt_h1_3e10/run.pids
overlap: 152/12626784 zeros differ by <=1.00 ulp (last byte,  rounding-level) --  those indices certified with dg x3
stitch: B from element 12626784 (first zero 1006346000.166784); overlap cross-check 12626632/12626784 byte-equal
tail3e10: L 52290633 + A 2792198664 + B' 3053546936 + C 3142622346 + D 92577877714 = 101618536293 zeros (812.9 GB); G_LAST = 30001045999.981976
overlap: 152/12626784 zeros differ by <=1.00 ulp (last byte,  rounding-level) --  those indices certified with dg x3
stitch: B from element 12626784 (first zero 1006346000.166784); overlap cross-check 12626632/12626784 byte-equal
tail3e10: L 52290633 + A 2792198664 + B' 3053546936 + C 3142622346 + D 92577877714 = 101618536293 zeros (812.9 GB); G_LAST = 30001045999.981976
overlap: 152/12626784 zeros differ by <=1.00 ulp (last byte,  rounding-level) --  those indices certified with dg x3
stitch: B from element 12626784 (first zero 1006346000.166784); overlap cross-check 12626632/12626784 byte-equal
tail3e10: L 52290633 + A 2792198664 + B' 3053546936 + C 3142622346 + D 92577877714 = 101618536293 zeros (812.9 GB); G_LAST = 30001045999.981976
overlap: 152/12626784 zeros differ by <=1.00 ulp (last byte,  rounding-level) --  those indices certified with dg x3
stitch: B from element 12626784 (first zero 1006346000.166784); overlap cross-check 12626632/12626784 byte-equal
tail3e10: L 52290633 + A 2792198664 + B' 3053546936 + C 3142622346 + D 92577877714 = 101618536293 zeros (812.9 GB); G_LAST = 30001045999.981976
  ...t=4.397e+09 tail sweep 8% (500 pieces, 2 threads)
  ...t=4.397e+09 tail sweep 8% (500 pieces, 2 threads)
  ...t=4.397e+09 tail sweep 8% (500 pieces, 2 threads)
  ...t=4.397e+09 tail sweep 8% (500 pieces, 2 threads)
  ...t=4.397e+09 tail sweep 17% (1000 pieces, 2 threads)
  ...t=4.397e+09 tail sweep 17% (1000 pieces, 2 threads)
  ...t=4.397e+09 tail sweep 17% (1000 pieces, 2 threads)
  ...t=4.397e+09 tail sweep 17% (1000 pieces, 2 threads)
  ...t=4.397e+09 tail sweep 25% (1500 pieces, 2 threads)
  ...t=4.397e+09 tail sweep 25% (1500 pieces, 2 threads)
  ...t=4.397e+09 tail sweep 25% (1500 pieces, 2 threads)
  ...t=4.397e+09 tail sweep 25% (1500 pieces, 2 threads)
  ...t=4.397e+09 tail sweep 33% (2000 pieces, 2 threads)
  ...t=4.397e+09 tail sweep 33% (2000 pieces, 2 threads)
  ...t=4.397e+09 tail sweep 33% (2000 pieces, 2 threads)
  ...t=4.397e+09 tail sweep 33% (2000 pieces, 2 threads)
  ...t=4.397e+09 tail sweep 41% (2500 pieces, 2 threads)
  ...t=4.397e+09 tail sweep 41% (2500 pieces, 2 threads)
  ...t=4.397e+09 tail sweep 41% (2500 pieces, 2 threads)
  ...t=4.397e+09 tail sweep 41% (2500 pieces, 2 threads)
  ...t=4.397e+09 tail sweep 50% (3000 pieces, 2 threads)
  ...t=4.397e+09 tail sweep 50% (3000 pieces, 2 threads)
  ...t=4.397e+09 tail sweep 50% (3000 pieces, 2 threads)
  ...t=4.397e+09 tail sweep 50% (3000 pieces, 2 threads)
  ...t=4.397e+09 tail sweep 58% (3500 pieces, 2 threads)
  ...t=4.397e+09 tail sweep 58% (3500 pieces, 2 threads)
  ...t=4.397e+09 tail sweep 58% (3500 pieces, 2 threads)
  ...t=4.397e+09 tail sweep 58% (3500 pieces, 2 threads)
  ...t=4.397e+09 tail sweep 66% (4000 pieces, 2 threads)
  ...t=4.397e+09 tail sweep 66% (4000 pieces, 2 threads)
  ...t=4.397e+09 tail sweep 66% (4000 pieces, 2 threads)
  ...t=4.397e+09 tail sweep 66% (4000 pieces, 2 threads)
  ...t=4.397e+09 tail sweep 74% (4500 pieces, 2 threads)
  ...t=4.397e+09 tail sweep 74% (4500 pieces, 2 threads)
  ...t=4.397e+09 tail sweep 74% (4500 pieces, 2 threads)
  ...t=4.397e+09 tail sweep 74% (4500 pieces, 2 threads)
  ...t=4.397e+09 tail sweep 83% (5000 pieces, 2 threads)
  ...t=4.397e+09 tail sweep 83% (5000 pieces, 2 threads)
  ...t=4.397e+09 tail sweep 83% (5000 pieces, 2 threads)
  ...t=4.397e+09 tail sweep 83% (5000 pieces, 2 threads)
  ...t=4.397e+09 tail sweep 91% (5500 pieces, 2 threads)
  ...t=4.397e+09 tail sweep 91% (5500 pieces, 2 threads)
  ...t=4.397e+09 tail sweep 91% (5500 pieces, 2 threads)
  ...t=4.397e+09 tail sweep 91% (5500 pieces, 2 threads)
  ...t=4.397e+09 tail sweep 99% (6000 pieces, 2 threads)
  ...t=4.397e+09 tail sweep 99% (6000 pieces, 2 threads)
  ...t=4.397e+09 tail sweep 99% (6000 pieces, 2 threads)
  ...t=4.397e+09 tail sweep 99% (6000 pieces, 2 threads)
  pt win=0 k=-9 x=4.397e+09 t=4397332925.54375 mnew=1.0000 mcert=1.0000 bexp=4.96e-04
  pt win=0 k=-11 x=4.397e+09 t=4397332924.54375 mnew=1.0000 mcert=1.0000 bexp=5.49e-04
  pt win=0 k=-10 x=4.397e+09 t=4397332925.04375 mnew=1.0000 mcert=1.0000 bexp=5.06e-04
  pt win=0 k=-12 x=4.397e+09 t=4397332924.04375 mnew=1.0000 mcert=1.0000 bexp=4.98e-04
  ...t=4.397e+09 tail sweep 8% (500 pieces, 2 threads)
  ...t=4.397e+09 tail sweep 8% (500 pieces, 2 threads)
  ...t=4.397e+09 tail sweep 8% (500 pieces, 2 threads)
  ...t=4.397e+09 tail sweep 8% (500 pieces, 2 threads)
  ...t=4.397e+09 tail sweep 17% (1000 pieces, 2 threads)
  ...t=4.397e+09 tail sweep 17% (1000 pieces, 2 threads)
  ...t=4.397e+09 tail sweep 17% (1000 pieces, 2 threads)
  ...t=4.397e+09 tail sweep 17% (1000 pieces, 2 threads)
  ...t=4.397e+09 tail sweep 25% (1500 pieces, 2 threads)
  ...t=4.397e+09 tail sweep 25% (1500 pieces, 2 threads)
  ...t=4.397e+09 tail sweep 25% (1500 pieces, 2 threads)
  ...t=4.397e+09 tail sweep 25% (1500 pieces, 2 threads)
  ...t=4.397e+09 tail sweep 33% (2000 pieces, 2 threads)
  ...t=4.397e+09 tail sweep 33% (2000 pieces, 2 threads)
  ...t=4.397e+09 tail sweep 33% (2000 pieces, 2 threads)
  ...t=4.397e+09 tail sweep 33% (2000 pieces, 2 threads)
  ...t=4.397e+09 tail sweep 41% (2500 pieces, 2 threads)
  ...t=4.397e+09 tail sweep 41% (2500 pieces, 2 threads)
  ...t=4.397e+09 tail sweep 41% (2500 pieces, 2 threads)
  ...t=4.397e+09 tail sweep 41% (2500 pieces, 2 threads)
  ...t=4.397e+09 tail sweep 50% (3000 pieces, 2 threads)
  ...t=4.397e+09 tail sweep 50% (3000 pieces, 2 threads)
  ...t=4.397e+09 tail sweep 50% (3000 pieces, 2 threads)
  ...t=4.397e+09 tail sweep 50% (3000 pieces, 2 threads)
  ...t=4.397e+09 tail sweep 58% (3500 pieces, 2 threads)
  ...t=4.397e+09 tail sweep 58% (3500 pieces, 2 threads)
  ...t=4.397e+09 tail sweep 58% (3500 pieces, 2 threads)
  ...t=4.397e+09 tail sweep 58% (3500 pieces, 2 threads)
  ...t=4.397e+09 tail sweep 66% (4000 pieces, 2 threads)
  ...t=4.397e+09 tail sweep 66% (4000 pieces, 2 threads)
  ...t=4.397e+09 tail sweep 66% (4000 pieces, 2 threads)
  ...t=4.397e+09 tail sweep 66% (4000 pieces, 2 threads)
  ...t=4.397e+09 tail sweep 74% (4500 pieces, 2 threads)
  ...t=4.397e+09 tail sweep 74% (4500 pieces, 2 threads)
  ...t=4.397e+09 tail sweep 74% (4500 pieces, 2 threads)  ...t=4.397e+09 tail sweep 74% (4500 pieces, 2 threads)

  ...t=4.397e+09 tail sweep 83% (5000 pieces, 2 threads)
  ...t=4.397e+09 tail sweep 83% (5000 pieces, 2 threads)
  ...t=4.397e+09 tail sweep 83% (5000 pieces, 2 threads)
  ...t=4.397e+09 tail sweep 83% (5000 pieces, 2 threads)
  ...t=4.397e+09 tail sweep 91% (5500 pieces, 2 threads)  ...t=4.397e+09 tail sweep 91% (5500 pieces, 2 threads)

  ...t=4.397e+09 tail sweep 91% (5500 pieces, 2 threads)
  ...t=4.397e+09 tail sweep 91% (5500 pieces, 2 threads)
  ...t=4.397e+09 tail sweep 99% (6000 pieces, 2 threads)
  ...t=4.397e+09 tail sweep 99% (6000 pieces, 2 threads)
  ...t=4.397e+09 tail sweep 99% (6000 pieces, 2 threads)
  ...t=4.397e+09 tail sweep 99% (6000 pieces, 2 threads)
  pt win=0 k=-8 x=4.397e+09 t=4397332926.04375 mnew=1.0000 mcert=1.0000 bexp=5.10e-04
  pt win=0 k=-6 x=4.397e+09 t=4397332927.04375 mnew=1.0000 mcert=1.0000 bexp=6.31e-04
  pt win=0 k=-7 x=4.397e+09 t=4397332926.54375 mnew=1.0000 mcert=1.0000 bexp=1.30e-03
  pt win=0 k=-5 x=4.397e+09 t=4397332927.54375 mnew=1.0000 mcert=1.0000 bexp=5.02e-04
  ...t=4.397e+09 tail sweep 8% (500 pieces, 2 threads)
  ...t=4.397e+09 tail sweep 8% (500 pieces, 2 threads)
  ...t=4.397e+09 tail sweep 8% (500 pieces, 2 threads)
  ...t=4.397e+09 tail sweep 8% (500 pieces, 2 threads)
  ...t=4.397e+09 tail sweep 17% (1000 pieces, 2 threads)
  ...t=4.397e+09 tail sweep 17% (1000 pieces, 2 threads)
  ...t=4.397e+09 tail sweep 17% (1000 pieces, 2 threads)
  ...t=4.397e+09 tail sweep 17% (1000 pieces, 2 threads)
  ...t=4.397e+09 tail sweep 25% (1500 pieces, 2 threads)
  ...t=4.397e+09 tail sweep 25% (1500 pieces, 2 threads)
  ...t=4.397e+09 tail sweep 25% (1500 pieces, 2 threads)
  ...t=4.397e+09 tail sweep 25% (1500 pieces, 2 threads)
  ...t=4.397e+09 tail sweep 33% (2000 pieces, 2 threads)
  ...t=4.397e+09 tail sweep 33% (2000 pieces, 2 threads)
  ...t=4.397e+09 tail sweep 33% (2000 pieces, 2 threads)
  ...t=4.397e+09 tail sweep 33% (2000 pieces, 2 threads)
  ...t=4.397e+09 tail sweep 41% (2500 pieces, 2 threads)
  ...t=4.397e+09 tail sweep 41% (2500 pieces, 2 threads)
  ...t=4.397e+09 tail sweep 41% (2500 pieces, 2 threads)
  ...t=4.397e+09 tail sweep 41% (2500 pieces, 2 threads)
  ...t=4.397e+09 tail sweep 50% (3000 pieces, 2 threads)
  ...t=4.397e+09 tail sweep 50% (3000 pieces, 2 threads)
  ...t=4.397e+09 tail sweep 50% (3000 pieces, 2 threads)
  ...t=4.397e+09 tail sweep 50% (3000 pieces, 2 threads)
  ...t=4.397e+09 tail sweep 58% (3500 pieces, 2 threads)
  ...t=4.397e+09 tail sweep 58% (3500 pieces, 2 threads)
  ...t=4.397e+09 tail sweep 58% (3500 pieces, 2 threads)
  ...t=4.397e+09 tail sweep 58% (3500 pieces, 2 threads)
  ...t=4.397e+09 tail sweep 66% (4000 pieces, 2 threads)
  ...t=4.397e+09 tail sweep 66% (4000 pieces, 2 threads)
  ...t=4.397e+09 tail sweep 66% (4000 pieces, 2 threads)
  ...t=4.397e+09 tail sweep 66% (4000 pieces, 2 threads)
  ...t=4.397e+09 tail sweep 74% (4500 pieces, 2 threads)
  ...t=4.397e+09 tail sweep 74% (4500 pieces, 2 threads)
  ...t=4.397e+09 tail sweep 74% (4500 pieces, 2 threads)
  ...t=4.397e+09 tail sweep 74% (4500 pieces, 2 threads)
  ...t=4.397e+09 tail sweep 83% (5000 pieces, 2 threads)
  ...t=4.397e+09 tail sweep 83% (5000 pieces, 2 threads)
  ...t=4.397e+09 tail sweep 83% (5000 pieces, 2 threads)
  ...t=4.397e+09 tail sweep 83% (5000 pieces, 2 threads)
  ...t=4.397e+09 tail sweep 91% (5500 pieces, 2 threads)
  ...t=4.397e+09 tail sweep 91% (5500 pieces, 2 threads)
  ...t=4.397e+09 tail sweep 91% (5500 pieces, 2 threads)
  ...t=4.397e+09 tail sweep 91% (5500 pieces, 2 threads)
  ...t=4.397e+09 tail sweep 99% (6000 pieces, 2 threads)
  ...t=4.397e+09 tail sweep 99% (6000 pieces, 2 threads)
  ...t=4.397e+09 tail sweep 99% (6000 pieces, 2 threads)
  ...t=4.397e+09 tail sweep 99% (6000 pieces, 2 threads)
  pt win=0 k=-1 x=4.397e+09 t=4397332929.54375 mnew=1.0000 mcert=1.0000 bexp=5.01e-04
  pt win=0 k=-3 x=4.397e+09 t=4397332928.54375 mnew=1.0000 mcert=1.0000 bexp=5.07e-04
  pt win=0 k=-2 x=4.397e+09 t=4397332929.04375 mnew=1.0000 mcert=1.0000 bexp=5.38e-04
  pt win=0 k=-4 x=4.397e+09 t=4397332928.04375 mnew=1.0000 mcert=1.0000 bexp=5.03e-04
  ...t=4.397e+09 tail sweep 8% (500 pieces, 2 threads)
  ...t=4.397e+09 tail sweep 8% (500 pieces, 2 threads)
  ...t=4.397e+09 tail sweep 8% (500 pieces, 2 threads)
  ...t=4.397e+09 tail sweep 8% (500 pieces, 2 threads)
  ...t=4.397e+09 tail sweep 17% (1000 pieces, 2 threads)
  ...t=4.397e+09 tail sweep 17% (1000 pieces, 2 threads)
  ...t=4.397e+09 tail sweep 17% (1000 pieces, 2 threads)
  ...t=4.397e+09 tail sweep 17% (1000 pieces, 2 threads)
  ...t=4.397e+09 tail sweep 25% (1500 pieces, 2 threads)
  ...t=4.397e+09 tail sweep 25% (1500 pieces, 2 threads)
  ...t=4.397e+09 tail sweep 25% (1500 pieces, 2 threads)
  ...t=4.397e+09 tail sweep 25% (1500 pieces, 2 threads)
  ...t=4.397e+09 tail sweep 33% (2000 pieces, 2 threads)
  ...t=4.397e+09 tail sweep 33% (2000 pieces, 2 threads)
  ...t=4.397e+09 tail sweep 33% (2000 pieces, 2 threads)
  ...t=4.397e+09 tail sweep 33% (2000 pieces, 2 threads)
  ...t=4.397e+09 tail sweep 41% (2500 pieces, 2 threads)  ...t=4.397e+09 tail sweep 41% (2500 pieces, 2 threads)

  ...t=4.397e+09 tail sweep 41% (2500 pieces, 2 threads)
  ...t=4.397e+09 tail sweep 41% (2500 pieces, 2 threads)
  ...t=4.397e+09 tail sweep 50% (3000 pieces, 2 threads)
  ...t=4.397e+09 tail sweep 50% (3000 pieces, 2 threads)
  ...t=4.397e+09 tail sweep 50% (3000 pieces, 2 threads)
  ...t=4.397e+09 tail sweep 50% (3000 pieces, 2 threads)
  ...t=4.397e+09 tail sweep 58% (3500 pieces, 2 threads)
  ...t=4.397e+09 tail sweep 58% (3500 pieces, 2 threads)
  ...t=4.397e+09 tail sweep 58% (3500 pieces, 2 threads)
  ...t=4.397e+09 tail sweep 58% (3500 pieces, 2 threads)
  ...t=4.397e+09 tail sweep 66% (4000 pieces, 2 threads)
  ...t=4.397e+09 tail sweep 66% (4000 pieces, 2 threads)
  ...t=4.397e+09 tail sweep 66% (4000 pieces, 2 threads)
  ...t=4.397e+09 tail sweep 66% (4000 pieces, 2 threads)
  ...t=4.397e+09 tail sweep 74% (4500 pieces, 2 threads)
  ...t=4.397e+09 tail sweep 74% (4500 pieces, 2 threads)
  ...t=4.397e+09 tail sweep 74% (4500 pieces, 2 threads)
  ...t=4.397e+09 tail sweep 74% (4500 pieces, 2 threads)
  ...t=4.397e+09 tail sweep 83% (5000 pieces, 2 threads)
  ...t=4.397e+09 tail sweep 83% (5000 pieces, 2 threads)
  ...t=4.397e+09 tail sweep 83% (5000 pieces, 2 threads)
  ...t=4.397e+09 tail sweep 83% (5000 pieces, 2 threads)
  ...t=4.397e+09 tail sweep 91% (5500 pieces, 2 threads)
  ...t=4.397e+09 tail sweep 91% (5500 pieces, 2 threads)
  ...t=4.397e+09 tail sweep 91% (5500 pieces, 2 threads)
  ...t=4.397e+09 tail sweep 91% (5500 pieces, 2 threads)
  ...t=4.397e+09 tail sweep 99% (6000 pieces, 2 threads)
  ...t=4.397e+09 tail sweep 99% (6000 pieces, 2 threads)
  ...t=4.397e+09 tail sweep 99% (6000 pieces, 2 threads)
  ...t=4.397e+09 tail sweep 99% (6000 pieces, 2 threads)
  pt win=0 k=+4 x=4.397e+09 t=4397332932.04375 mnew=1.0000 mcert=1.0000 bexp=5.00e-04
  pt win=0 k=+2 x=4.397e+09 t=4397332931.04375 mnew=1.0000 mcert=1.0000 bexp=4.97e-04
  pt win=0 k=+1 x=4.397e+09 t=4397332930.54375 mnew=1.0000 mcert=1.0000 bexp=5.08e-04
  pt win=0 k=+3 x=4.397e+09 t=4397332931.54375 mnew=1.0000 mcert=1.0000 bexp=5.03e-04
  ...t=4.397e+09 tail sweep 8% (500 pieces, 2 threads)
  ...t=4.397e+09 tail sweep 8% (500 pieces, 2 threads)
  ...t=4.397e+09 tail sweep 8% (500 pieces, 2 threads)
  ...t=4.397e+09 tail sweep 8% (500 pieces, 2 threads)
  ...t=4.397e+09 tail sweep 17% (1000 pieces, 2 threads)
  ...t=4.397e+09 tail sweep 17% (1000 pieces, 2 threads)
  ...t=4.397e+09 tail sweep 17% (1000 pieces, 2 threads)
  ...t=4.397e+09 tail sweep 17% (1000 pieces, 2 threads)
  ...t=4.397e+09 tail sweep 25% (1500 pieces, 2 threads)
  ...t=4.397e+09 tail sweep 25% (1500 pieces, 2 threads)
  ...t=4.397e+09 tail sweep 25% (1500 pieces, 2 threads)
  ...t=4.397e+09 tail sweep 25% (1500 pieces, 2 threads)
  ...t=4.397e+09 tail sweep 33% (2000 pieces, 2 threads)
  ...t=4.397e+09 tail sweep 33% (2000 pieces, 2 threads)
  ...t=4.397e+09 tail sweep 33% (2000 pieces, 2 threads)
  ...t=4.397e+09 tail sweep 33% (2000 pieces, 2 threads)
  ...t=4.397e+09 tail sweep 41% (2500 pieces, 2 threads)
  ...t=4.397e+09 tail sweep 41% (2500 pieces, 2 threads)
  ...t=4.397e+09 tail sweep 41% (2500 pieces, 2 threads)
  ...t=4.397e+09 tail sweep 41% (2500 pieces, 2 threads)
H1_WINDOWS:  running  windows  4-6  (3  of  29)
resume:  window   0  (x=4397332930)  16/24  points  on disk
resume:  window   1  (x=4749119564)  0/24  points  on disk
resume:  window   2  (x=5129049129)  0/24  points  on disk
memguard:  MemAvailable  489.2  GiB,  reserve  28  GiB,  ~2.5  GiB/thread  x  2  threads  ->  allow  <=  10  contexts  (=  20  slab  threads;  11  GPU  clients  incl.  Xorg  vs  budget  11)
day038  gpu  H1-3e10:  FULL,  56  point  jobs  remaining (3  windows,  4  contexts  x  2  threads)
pids: parent=2985 workers=4 written to ckpt_h1_3e10/run.pids
overlap: 152/12626784 zeros differ by <=1.00 ulp (last byte,  rounding-level) --  those indices certified with dg x3
stitch: B from element 12626784 (first zero 1006346000.166784); overlap cross-check 12626632/12626784 byte-equal
tail3e10: L 52290633 + A 2792198664 + B' 3053546936 + C 3142622346 + D 92577877714 = 101618536293 zeros (812.9 GB); G_LAST = 30001045999.981976
overlap: 152/12626784 zeros differ by <=1.00 ulp (last byte,  rounding-level) --  those indices certified with dg x3
stitch: B from element 12626784 (first zero 1006346000.166784); overlap cross-check 12626632/12626784 byte-equal
tail3e10: L 52290633 + A 2792198664 + B' 3053546936 + C 3142622346 + D 92577877714 = 101618536293 zeros (812.9 GB); G_LAST = 30001045999.981976
overlap: 152/12626784 zeros differ by <=1.00 ulp (last byte,  rounding-level) --  those indices certified with dg x3
stitch: B from element 12626784 (first zero 1006346000.166784); overlap cross-check 12626632/12626784 byte-equal
tail3e10: L 52290633 + A 2792198664 + B' 3053546936 + C 3142622346 + D 92577877714 = 101618536293 zeros (812.9 GB); G_LAST = 30001045999.981976
overlap: 152/12626784 zeros differ by <=1.00 ulp (last byte,  rounding-level) --  those indices certified with dg x3
stitch: B from element 12626784 (first zero 1006346000.166784); overlap cross-check 12626632/12626784 byte-equal
tail3e10: L 52290633 + A 2792198664 + B' 3053546936 + C 3142622346 + D 92577877714 = 101618536293 zeros (812.9 GB); G_LAST = 30001045999.981976
  ...t=4.397e+09 tail sweep 8% (500 pieces, 2 threads)
  ...t=4.397e+09 tail sweep 8% (500 pieces, 2 threads)
  ...t=4.397e+09 tail sweep 8% (500 pieces, 2 threads)
  ...t=4.397e+09 tail sweep 8% (500 pieces, 2 threads)
  ...t=4.397e+09 tail sweep 17% (1000 pieces, 2 threads)
  ...t=4.397e+09 tail sweep 17% (1000 pieces, 2 threads)
  ...t=4.397e+09 tail sweep 17% (1000 pieces, 2 threads)
  ...t=4.397e+09 tail sweep 17% (1000 pieces, 2 threads)
  ...t=4.397e+09 tail sweep 25% (1500 pieces, 2 threads)
  ...t=4.397e+09 tail sweep 25% (1500 pieces, 2 threads)
  ...t=4.397e+09 tail sweep 25% (1500 pieces, 2 threads)
  ...t=4.397e+09 tail sweep 25% (1500 pieces, 2 threads)
  ...t=4.397e+09 tail sweep 33% (2000 pieces, 2 threads)
  ...t=4.397e+09 tail sweep 33% (2000 pieces, 2 threads)
  ...t=4.397e+09 tail sweep 33% (2000 pieces, 2 threads)
  ...t=4.397e+09 tail sweep 33% (2000 pieces, 2 threads)
  ...t=4.397e+09 tail sweep 41% (2500 pieces, 2 threads)
  ...t=4.397e+09 tail sweep 41% (2500 pieces, 2 threads)
  ...t=4.397e+09 tail sweep 41% (2500 pieces, 2 threads)
  ...t=4.397e+09 tail sweep 41% (2500 pieces, 2 threads)
  ...t=4.397e+09 tail sweep 50% (3000 pieces, 2 threads)
  ...t=4.397e+09 tail sweep 50% (3000 pieces, 2 threads)
  ...t=4.397e+09 tail sweep 50% (3000 pieces, 2 threads)
  ...t=4.397e+09 tail sweep 50% (3000 pieces, 2 threads)
  ...t=4.397e+09 tail sweep 58% (3500 pieces, 2 threads)
  ...t=4.397e+09 tail sweep 58% (3500 pieces, 2 threads)
  ...t=4.397e+09 tail sweep 58% (3500 pieces, 2 threads)
  ...t=4.397e+09 tail sweep 58% (3500 pieces, 2 threads)
  ...t=4.397e+09 tail sweep 66% (4000 pieces, 2 threads)
  ...t=4.397e+09 tail sweep 66% (4000 pieces, 2 threads)
  ...t=4.397e+09 tail sweep 66% (4000 pieces, 2 threads)
  ...t=4.397e+09 tail sweep 66% (4000 pieces, 2 threads)
  ...t=4.397e+09 tail sweep 74% (4500 pieces, 2 threads)
  ...t=4.397e+09 tail sweep 74% (4500 pieces, 2 threads)
  ...t=4.397e+09 tail sweep 74% (4500 pieces, 2 threads)
  ...t=4.397e+09 tail sweep 74% (4500 pieces, 2 threads)
  ...t=4.397e+09 tail sweep 83% (5000 pieces, 2 threads)
  ...t=4.397e+09 tail sweep 83% (5000 pieces, 2 threads)
  ...t=4.397e+09 tail sweep 83% (5000 pieces, 2 threads)
  ...t=4.397e+09 tail sweep 83% (5000 pieces, 2 threads)
  ...t=4.397e+09 tail sweep 91% (5500 pieces, 2 threads)
  ...t=4.397e+09 tail sweep 91% (5500 pieces, 2 threads)
  ...t=4.397e+09 tail sweep 91% (5500 pieces, 2 threads)
  ...t=4.397e+09 tail sweep 91% (5500 pieces, 2 threads)
  ...t=4.397e+09 tail sweep 99% (6000 pieces, 2 threads)
  ...t=4.397e+09 tail sweep 99% (6000 pieces, 2 threads)
  ...t=4.397e+09 tail sweep 99% (6000 pieces, 2 threads)
  ...t=4.397e+09 tail sweep 99% (6000 pieces, 2 threads)
  pt win=0 k=+6 x=4.397e+09 t=4397332933.04375 mnew=1.0000 mcert=1.0000 bexp=4.94e-04
  pt win=0 k=+8 x=4.397e+09 t=4397332934.04375 mnew=1.0000 mcert=1.0000 bexp=4.99e-04
  pt win=0 k=+7 x=4.397e+09 t=4397332933.54375 mnew=1.0000 mcert=1.0000 bexp=5.00e-04
  pt win=0 k=+5 x=4.397e+09 t=4397332932.54375 mnew=1.0000 mcert=1.0000 bexp=5.01e-04
  ...t=4.397e+09 tail sweep 8% (500 pieces, 2 threads)
  ...t=4.397e+09 tail sweep 8% (500 pieces, 2 threads)
  ...t=4.397e+09 tail sweep 8% (500 pieces, 2 threads)
  ...t=4.397e+09 tail sweep 8% (500 pieces, 2 threads)
  ...t=4.397e+09 tail sweep 17% (1000 pieces, 2 threads)
  ...t=4.397e+09 tail sweep 17% (1000 pieces, 2 threads)
  ...t=4.397e+09 tail sweep 17% (1000 pieces, 2 threads)
  ...t=4.397e+09 tail sweep 17% (1000 pieces, 2 threads)
  ...t=4.397e+09 tail sweep 25% (1500 pieces, 2 threads)
  ...t=4.397e+09 tail sweep 25% (1500 pieces, 2 threads)
  ...t=4.397e+09 tail sweep 25% (1500 pieces, 2 threads)
  ...t=4.397e+09 tail sweep 25% (1500 pieces, 2 threads)
  ...t=4.397e+09 tail sweep 33% (2000 pieces, 2 threads)
  ...t=4.397e+09 tail sweep 33% (2000 pieces, 2 threads)
  ...t=4.397e+09 tail sweep 33% (2000 pieces, 2 threads)
  ...t=4.397e+09 tail sweep 33% (2000 pieces, 2 threads)
  ...t=4.397e+09 tail sweep 41% (2500 pieces, 2 threads)
  ...t=4.397e+09 tail sweep 41% (2500 pieces, 2 threads)
  ...t=4.397e+09 tail sweep 41% (2500 pieces, 2 threads)
  ...t=4.397e+09 tail sweep 41% (2500 pieces, 2 threads)
  ...t=4.397e+09 tail sweep 50% (3000 pieces, 2 threads)
  ...t=4.397e+09 tail sweep 50% (3000 pieces, 2 threads)
  ...t=4.397e+09 tail sweep 50% (3000 pieces, 2 threads)
  ...t=4.397e+09 tail sweep 50% (3000 pieces, 2 threads)
  ...t=4.397e+09 tail sweep 58% (3500 pieces, 2 threads)  ...t=4.397e+09 tail sweep 58% (3500 pieces, 2 threads)

  ...t=4.397e+09 tail sweep 58% (3500 pieces, 2 threads)
  ...t=4.397e+09 tail sweep 58% (3500 pieces, 2 threads)
  ...t=4.397e+09 tail sweep 66% (4000 pieces, 2 threads)
  ...t=4.397e+09 tail sweep 66% (4000 pieces, 2 threads)
  ...t=4.397e+09 tail sweep 66% (4000 pieces, 2 threads)
  ...t=4.397e+09 tail sweep 66% (4000 pieces, 2 threads)
  ...t=4.397e+09 tail sweep 74% (4500 pieces, 2 threads)
  ...t=4.397e+09 tail sweep 74% (4500 pieces, 2 threads)
  ...t=4.397e+09 tail sweep 74% (4500 pieces, 2 threads)
  ...t=4.397e+09 tail sweep 74% (4500 pieces, 2 threads)
  ...t=4.397e+09 tail sweep 83% (5000 pieces, 2 threads)
  ...t=4.397e+09 tail sweep 83% (5000 pieces, 2 threads)
  ...t=4.397e+09 tail sweep 83% (5000 pieces, 2 threads)
  ...t=4.397e+09 tail sweep 83% (5000 pieces, 2 threads)
  ...t=4.397e+09 tail sweep 91% (5500 pieces, 2 threads)
  ...t=4.397e+09 tail sweep 91% (5500 pieces, 2 threads)
  ...t=4.397e+09 tail sweep 91% (5500 pieces, 2 threads)
  ...t=4.397e+09 tail sweep 91% (5500 pieces, 2 threads)
  ...t=4.397e+09 tail sweep 99% (6000 pieces, 2 threads)
  ...t=4.397e+09 tail sweep 99% (6000 pieces, 2 threads)
  ...t=4.397e+09 tail sweep 99% (6000 pieces, 2 threads)
  ...t=4.397e+09 tail sweep 99% (6000 pieces, 2 threads)
  pt win=0 k=+12 x=4.397e+09 t=4397332936.04375 mnew=1.0000 mcert=1.0000 bexp=4.98e-04
  pt win=0 k=+11 x=4.397e+09 t=4397332935.54375 mnew=1.0000 mcert=1.0000 bexp=4.96e-04
  pt win=0 k=+10 x=4.397e+09 t=4397332935.04375 mnew=1.0000 mcert=1.0000 bexp=5.01e-04
  pt win=0 k=+9 x=4.397e+09 t=4397332934.54375 mnew=1.0000 mcert=1.0000 bexp=5.01e-04
  ...t=4.749e+09 tail sweep 8% (500 pieces, 2 threads)
  ...t=4.749e+09 tail sweep 8% (500 pieces, 2 threads)
  ...t=4.749e+09 tail sweep 8% (500 pieces, 2 threads)
  ...t=4.749e+09 tail sweep 8% (500 pieces, 2 threads)
  ...t=4.749e+09 tail sweep 17% (1000 pieces, 2 threads)
  ...t=4.749e+09 tail sweep 17% (1000 pieces, 2 threads)
  ...t=4.749e+09 tail sweep 17% (1000 pieces, 2 threads)
  ...t=4.749e+09 tail sweep 17% (1000 pieces, 2 threads)
  ...t=4.749e+09 tail sweep 25% (1500 pieces, 2 threads)
  ...t=4.749e+09 tail sweep 25% (1500 pieces, 2 threads)
  ...t=4.749e+09 tail sweep 25% (1500 pieces, 2 threads)
  ...t=4.749e+09 tail sweep 25% (1500 pieces, 2 threads)
  ...t=4.749e+09 tail sweep 33% (2000 pieces, 2 threads)
  ...t=4.749e+09 tail sweep 33% (2000 pieces, 2 threads)
  ...t=4.749e+09 tail sweep 33% (2000 pieces, 2 threads)
  ...t=4.749e+09 tail sweep 33% (2000 pieces, 2 threads)
  ...t=4.749e+09 tail sweep 41% (2500 pieces, 2 threads)
  ...t=4.749e+09 tail sweep 41% (2500 pieces, 2 threads)
  ...t=4.749e+09 tail sweep 41% (2500 pieces, 2 threads)
  ...t=4.749e+09 tail sweep 41% (2500 pieces, 2 threads)
  ...t=4.749e+09 tail sweep 50% (3000 pieces, 2 threads)
  ...t=4.749e+09 tail sweep 50% (3000 pieces, 2 threads)
  ...t=4.749e+09 tail sweep 50% (3000 pieces, 2 threads)
  ...t=4.749e+09 tail sweep 50% (3000 pieces, 2 threads)
  ...t=4.749e+09 tail sweep 58% (3500 pieces, 2 threads)
  ...t=4.749e+09 tail sweep 58% (3500 pieces, 2 threads)
  ...t=4.749e+09 tail sweep 58% (3500 pieces, 2 threads)
  ...t=4.749e+09 tail sweep 58% (3500 pieces, 2 threads)
  ...t=4.749e+09 tail sweep 66% (4000 pieces, 2 threads)
  ...t=4.749e+09 tail sweep 66% (4000 pieces, 2 threads)
  ...t=4.749e+09 tail sweep 66% (4000 pieces, 2 threads)
  ...t=4.749e+09 tail sweep 66% (4000 pieces, 2 threads)
  ...t=4.749e+09 tail sweep 74% (4500 pieces, 2 threads)
  ...t=4.749e+09 tail sweep 74% (4500 pieces, 2 threads)
  ...t=4.749e+09 tail sweep 74% (4500 pieces, 2 threads)
  ...t=4.749e+09 tail sweep 74% (4500 pieces, 2 threads)
  ...t=4.749e+09 tail sweep 83% (5000 pieces, 2 threads)
  ...t=4.749e+09 tail sweep 83% (5000 pieces, 2 threads)
  ...t=4.749e+09 tail sweep 83% (5000 pieces, 2 threads)
  ...t=4.749e+09 tail sweep 83% (5000 pieces, 2 threads)
  ...t=4.749e+09 tail sweep 91% (5500 pieces, 2 threads)
  ...t=4.749e+09 tail sweep 91% (5500 pieces, 2 threads)
  ...t=4.749e+09 tail sweep 91% (5500 pieces, 2 threads)
  ...t=4.749e+09 tail sweep 91% (5500 pieces, 2 threads)
  ...t=4.749e+09 tail sweep 99% (6000 pieces, 2 threads)
  ...t=4.749e+09 tail sweep 99% (6000 pieces, 2 threads)
  ...t=4.749e+09 tail sweep 99% (6000 pieces, 2 threads)
  ...t=4.749e+09 tail sweep 99% (6000 pieces, 2 threads)
  pt win=1 k=-9 x=4.749e+09 t=4749119559.80838 mnew=1.0000 mcert=1.0000 bexp=5.40e-04
  pt win=1 k=-10 x=4.749e+09 t=4749119559.30838 mnew=1.0000 mcert=1.0000 bexp=5.38e-04
  pt win=1 k=-11 x=4.749e+09 t=4749119558.80838 mnew=1.0000 mcert=1.0000 bexp=5.35e-04
  pt win=1 k=-12 x=4.749e+09 t=4749119558.30838 mnew=1.0000 mcert=1.0000 bexp=5.32e-04
  ...t=4.749e+09 tail sweep 8% (500 pieces, 2 threads)
  ...t=4.749e+09 tail sweep 8% (500 pieces, 2 threads)
  ...t=4.749e+09 tail sweep 8% (500 pieces, 2 threads)
  ...t=4.749e+09 tail sweep 8% (500 pieces, 2 threads)
  ...t=4.749e+09 tail sweep 17% (1000 pieces, 2 threads)
  ...t=4.749e+09 tail sweep 17% (1000 pieces, 2 threads)
  ...t=4.749e+09 tail sweep 17% (1000 pieces, 2 threads)
  ...t=4.749e+09 tail sweep 17% (1000 pieces, 2 threads)
  ...t=4.749e+09 tail sweep 25% (1500 pieces, 2 threads)
  ...t=4.749e+09 tail sweep 25% (1500 pieces, 2 threads)
  ...t=4.749e+09 tail sweep 25% (1500 pieces, 2 threads)
  ...t=4.749e+09 tail sweep 25% (1500 pieces, 2 threads)
  ...t=4.749e+09 tail sweep 33% (2000 pieces, 2 threads)
  ...t=4.749e+09 tail sweep 33% (2000 pieces, 2 threads)
  ...t=4.749e+09 tail sweep 33% (2000 pieces, 2 threads)
  ...t=4.749e+09 tail sweep 33% (2000 pieces, 2 threads)
  ...t=4.749e+09 tail sweep 41% (2500 pieces, 2 threads)
  ...t=4.749e+09 tail sweep 41% (2500 pieces, 2 threads)
  ...t=4.749e+09 tail sweep 41% (2500 pieces, 2 threads)
  ...t=4.749e+09 tail sweep 41% (2500 pieces, 2 threads)
  ...t=4.749e+09 tail sweep 50% (3000 pieces, 2 threads)
  ...t=4.749e+09 tail sweep 50% (3000 pieces, 2 threads)
  ...t=4.749e+09 tail sweep 50% (3000 pieces, 2 threads)
  ...t=4.749e+09 tail sweep 50% (3000 pieces, 2 threads)
  ...t=4.749e+09 tail sweep 58% (3500 pieces, 2 threads)
  ...t=4.749e+09 tail sweep 58% (3500 pieces, 2 threads)
  ...t=4.749e+09 tail sweep 58% (3500 pieces, 2 threads)
  ...t=4.749e+09 tail sweep 58% (3500 pieces, 2 threads)
  ...t=4.749e+09 tail sweep 66% (4000 pieces, 2 threads)
  ...t=4.749e+09 tail sweep 66% (4000 pieces, 2 threads)
  ...t=4.749e+09 tail sweep 66% (4000 pieces, 2 threads)
  ...t=4.749e+09 tail sweep 66% (4000 pieces, 2 threads)
  ...t=4.749e+09 tail sweep 74% (4500 pieces, 2 threads)
  ...t=4.749e+09 tail sweep 74% (4500 pieces, 2 threads)
  ...t=4.749e+09 tail sweep 74% (4500 pieces, 2 threads)
  ...t=4.749e+09 tail sweep 74% (4500 pieces, 2 threads)
  ...t=4.749e+09 tail sweep 83% (5000 pieces, 2 threads)
  ...t=4.749e+09 tail sweep 83% (5000 pieces, 2 threads)
  ...t=4.749e+09 tail sweep 83% (5000 pieces, 2 threads)
  ...t=4.749e+09 tail sweep 83% (5000 pieces, 2 threads)
  ...t=4.749e+09 tail sweep 91% (5500 pieces, 2 threads)
  ...t=4.749e+09 tail sweep 91% (5500 pieces, 2 threads)
  ...t=4.749e+09 tail sweep 91% (5500 pieces, 2 threads)
  ...t=4.749e+09 tail sweep 91% (5500 pieces, 2 threads)
  ...t=4.749e+09 tail sweep 99% (6000 pieces, 2 threads)
  ...t=4.749e+09 tail sweep 99% (6000 pieces, 2 threads)
  ...t=4.749e+09 tail sweep 99% (6000 pieces, 2 threads)
  ...t=4.749e+09 tail sweep 99% (6000 pieces, 2 threads)
  pt win=1 k=-6 x=4.749e+09 t=4749119561.30838 mnew=1.0000 mcert=1.0000 bexp=5.37e-04
  pt win=1 k=-8 x=4.749e+09 t=4749119560.30838 mnew=1.0000 mcert=1.0000 bexp=5.31e-04
  pt win=1 k=-7 x=4.749e+09 t=4749119560.80838 mnew=1.0000 mcert=1.0000 bexp=5.33e-04
  pt win=1 k=-5 x=4.749e+09 t=4749119561.80838 mnew=1.0000 mcert=1.0000 bexp=5.55e-04
  ...t=4.749e+09 tail sweep 8% (500 pieces, 2 threads)
  ...t=4.749e+09 tail sweep 8% (500 pieces, 2 threads)
  ...t=4.749e+09 tail sweep 8% (500 pieces, 2 threads)
  ...t=4.749e+09 tail sweep 8% (500 pieces, 2 threads)
  ...t=4.749e+09 tail sweep 17% (1000 pieces, 2 threads)
  ...t=4.749e+09 tail sweep 17% (1000 pieces, 2 threads)
  ...t=4.749e+09 tail sweep 17% (1000 pieces, 2 threads)
  ...t=4.749e+09 tail sweep 17% (1000 pieces, 2 threads)
  ...t=4.749e+09 tail sweep 25% (1500 pieces, 2 threads)
  ...t=4.749e+09 tail sweep 25% (1500 pieces, 2 threads)
  ...t=4.749e+09 tail sweep 25% (1500 pieces, 2 threads)
  ...t=4.749e+09 tail sweep 25% (1500 pieces, 2 threads)
  ...t=4.749e+09 tail sweep 33% (2000 pieces, 2 threads)
  ...t=4.749e+09 tail sweep 33% (2000 pieces, 2 threads)
  ...t=4.749e+09 tail sweep 33% (2000 pieces, 2 threads)
  ...t=4.749e+09 tail sweep 33% (2000 pieces, 2 threads)
  ...t=4.749e+09 tail sweep 41% (2500 pieces, 2 threads)
  ...t=4.749e+09 tail sweep 41% (2500 pieces, 2 threads)
  ...t=4.749e+09 tail sweep 41% (2500 pieces, 2 threads)
  ...t=4.749e+09 tail sweep 41% (2500 pieces, 2 threads)
  ...t=4.749e+09 tail sweep 50% (3000 pieces, 2 threads)
  ...t=4.749e+09 tail sweep 50% (3000 pieces, 2 threads)
  ...t=4.749e+09 tail sweep 50% (3000 pieces, 2 threads)
  ...t=4.749e+09 tail sweep 50% (3000 pieces, 2 threads)
  ...t=4.749e+09 tail sweep 58% (3500 pieces, 2 threads)
  ...t=4.749e+09 tail sweep 58% (3500 pieces, 2 threads)
  ...t=4.749e+09 tail sweep 58% (3500 pieces, 2 threads)
  ...t=4.749e+09 tail sweep 58% (3500 pieces, 2 threads)
  ...t=4.749e+09 tail sweep 66% (4000 pieces, 2 threads)
  ...t=4.749e+09 tail sweep 66% (4000 pieces, 2 threads)
  ...t=4.749e+09 tail sweep 66% (4000 pieces, 2 threads)
  ...t=4.749e+09 tail sweep 66% (4000 pieces, 2 threads)
  ...t=4.749e+09 tail sweep 74% (4500 pieces, 2 threads)
  ...t=4.749e+09 tail sweep 74% (4500 pieces, 2 threads)
  ...t=4.749e+09 tail sweep 74% (4500 pieces, 2 threads)
  ...t=4.749e+09 tail sweep 74% (4500 pieces, 2 threads)
  ...t=4.749e+09 tail sweep 83% (5000 pieces, 2 threads)
  ...t=4.749e+09 tail sweep 83% (5000 pieces, 2 threads)
  ...t=4.749e+09 tail sweep 83% (5000 pieces, 2 threads)  ...t=4.749e+09 tail sweep 83% (5000 pieces, 2 threads)

  ...t=4.749e+09 tail sweep 91% (5500 pieces, 2 threads)
  ...t=4.749e+09 tail sweep 91% (5500 pieces, 2 threads)
  ...t=4.749e+09 tail sweep 91% (5500 pieces, 2 threads)
  ...t=4.749e+09 tail sweep 91% (5500 pieces, 2 threads)
  ...t=4.749e+09 tail sweep 99% (6000 pieces, 2 threads)
  ...t=4.749e+09 tail sweep 99% (6000 pieces, 2 threads)
  ...t=4.749e+09 tail sweep 99% (6000 pieces, 2 threads)
  ...t=4.749e+09 tail sweep 99% (6000 pieces, 2 threads)
  pt win=1 k=-4 x=4.749e+09 t=4749119562.30838 mnew=1.0000 mcert=1.0000 bexp=5.42e-04
  pt win=1 k=-3 x=4.749e+09 t=4749119562.80838 mnew=1.0000 mcert=1.0000 bexp=5.31e-04
  pt win=1 k=-2 x=4.749e+09 t=4749119563.30838 mnew=1.0000 mcert=1.0000 bexp=8.66e-04
  pt win=1 k=-1 x=4.749e+09 t=4749119563.80838 mnew=1.0000 mcert=1.0000 bexp=5.33e-04
  ...t=4.749e+09 tail sweep 8% (500 pieces, 2 threads)
  ...t=4.749e+09 tail sweep 8% (500 pieces, 2 threads)
  ...t=4.749e+09 tail sweep 8% (500 pieces, 2 threads)
  ...t=4.749e+09 tail sweep 8% (500 pieces, 2 threads)
  ...t=4.749e+09 tail sweep 17% (1000 pieces, 2 threads)
  ...t=4.749e+09 tail sweep 17% (1000 pieces, 2 threads)
  ...t=4.749e+09 tail sweep 17% (1000 pieces, 2 threads)
  ...t=4.749e+09 tail sweep 17% (1000 pieces, 2 threads)
  ...t=4.749e+09 tail sweep 25% (1500 pieces, 2 threads)
  ...t=4.749e+09 tail sweep 25% (1500 pieces, 2 threads)
  ...t=4.749e+09 tail sweep 25% (1500 pieces, 2 threads)
  ...t=4.749e+09 tail sweep 25% (1500 pieces, 2 threads)
  ...t=4.749e+09 tail sweep 33% (2000 pieces, 2 threads)
  ...t=4.749e+09 tail sweep 33% (2000 pieces, 2 threads)
  ...t=4.749e+09 tail sweep 33% (2000 pieces, 2 threads)
  ...t=4.749e+09 tail sweep 33% (2000 pieces, 2 threads)
  ...t=4.749e+09 tail sweep 41% (2500 pieces, 2 threads)
  ...t=4.749e+09 tail sweep 41% (2500 pieces, 2 threads)
  ...t=4.749e+09 tail sweep 41% (2500 pieces, 2 threads)
  ...t=4.749e+09 tail sweep 41% (2500 pieces, 2 threads)
  ...t=4.749e+09 tail sweep 50% (3000 pieces, 2 threads)
  ...t=4.749e+09 tail sweep 50% (3000 pieces, 2 threads)
  ...t=4.749e+09 tail sweep 50% (3000 pieces, 2 threads)
  ...t=4.749e+09 tail sweep 50% (3000 pieces, 2 threads)
  ...t=4.749e+09 tail sweep 58% (3500 pieces, 2 threads)
  ...t=4.749e+09 tail sweep 58% (3500 pieces, 2 threads)
  ...t=4.749e+09 tail sweep 58% (3500 pieces, 2 threads)
  ...t=4.749e+09 tail sweep 58% (3500 pieces, 2 threads)
  ...t=4.749e+09 tail sweep 66% (4000 pieces, 2 threads)
  ...t=4.749e+09 tail sweep 66% (4000 pieces, 2 threads)
  ...t=4.749e+09 tail sweep 66% (4000 pieces, 2 threads)
  ...t=4.749e+09 tail sweep 66% (4000 pieces, 2 threads)
  ...t=4.749e+09 tail sweep 74% (4500 pieces, 2 threads)
  ...t=4.749e+09 tail sweep 74% (4500 pieces, 2 threads)
  ...t=4.749e+09 tail sweep 74% (4500 pieces, 2 threads)  ...t=4.749e+09 tail sweep 74% (4500 pieces, 2 threads)

  ...t=4.749e+09 tail sweep 83% (5000 pieces, 2 threads)
  ...t=4.749e+09 tail sweep 83% (5000 pieces, 2 threads)
  ...t=4.749e+09 tail sweep 83% (5000 pieces, 2 threads)
  ...t=4.749e+09 tail sweep 83% (5000 pieces, 2 threads)
  ...t=4.749e+09 tail sweep 91% (5500 pieces, 2 threads)
  ...t=4.749e+09 tail sweep 91% (5500 pieces, 2 threads)
  ...t=4.749e+09 tail sweep 91% (5500 pieces, 2 threads)
  ...t=4.749e+09 tail sweep 91% (5500 pieces, 2 threads)
  ...t=4.749e+09 tail sweep 99% (6000 pieces, 2 threads)
  ...t=4.749e+09 tail sweep 99% (6000 pieces, 2 threads)  ...t=4.749e+09 tail sweep 99% (6000 pieces, 2 threads)

  ...t=4.749e+09 tail sweep 99% (6000 pieces, 2 threads)
  pt win=1 k=+3 x=4.749e+09 t=4749119565.80838 mnew=1.0000 mcert=1.0000 bexp=5.32e-04
  pt win=1 k=+1 x=4.749e+09 t=4749119564.80838 mnew=1.0000 mcert=1.0000 bexp=5.41e-04
  pt win=1 k=+4 x=4.749e+09 t=4749119566.30838 mnew=1.0000 mcert=1.0000 bexp=5.33e-04
  pt win=1 k=+2 x=4.749e+09 t=4749119565.30838 mnew=1.0000 mcert=1.0000 bexp=5.35e-04
  ...t=4.749e+09 tail sweep 8% (500 pieces, 2 threads)
  ...t=4.749e+09 tail sweep 8% (500 pieces, 2 threads)
  ...t=4.749e+09 tail sweep 8% (500 pieces, 2 threads)
  ...t=4.749e+09 tail sweep 8% (500 pieces, 2 threads)
  ...t=4.749e+09 tail sweep 17% (1000 pieces, 2 threads)
  ...t=4.749e+09 tail sweep 17% (1000 pieces, 2 threads)
  ...t=4.749e+09 tail sweep 17% (1000 pieces, 2 threads)
  ...t=4.749e+09 tail sweep 17% (1000 pieces, 2 threads)
  ...t=4.749e+09 tail sweep 25% (1500 pieces, 2 threads)
  ...t=4.749e+09 tail sweep 25% (1500 pieces, 2 threads)
  ...t=4.749e+09 tail sweep 25% (1500 pieces, 2 threads)
  ...t=4.749e+09 tail sweep 25% (1500 pieces, 2 threads)
  ...t=4.749e+09 tail sweep 33% (2000 pieces, 2 threads)
  ...t=4.749e+09 tail sweep 33% (2000 pieces, 2 threads)
  ...t=4.749e+09 tail sweep 33% (2000 pieces, 2 threads)
  ...t=4.749e+09 tail sweep 33% (2000 pieces, 2 threads)
  ...t=4.749e+09 tail sweep 41% (2500 pieces, 2 threads)
  ...t=4.749e+09 tail sweep 41% (2500 pieces, 2 threads)
  ...t=4.749e+09 tail sweep 41% (2500 pieces, 2 threads)
  ...t=4.749e+09 tail sweep 41% (2500 pieces, 2 threads)
  ...t=4.749e+09 tail sweep 50% (3000 pieces, 2 threads)
  ...t=4.749e+09 tail sweep 50% (3000 pieces, 2 threads)
  ...t=4.749e+09 tail sweep 50% (3000 pieces, 2 threads)
  ...t=4.749e+09 tail sweep 50% (3000 pieces, 2 threads)
  ...t=4.749e+09 tail sweep 58% (3500 pieces, 2 threads)
  ...t=4.749e+09 tail sweep 58% (3500 pieces, 2 threads)
  ...t=4.749e+09 tail sweep 58% (3500 pieces, 2 threads)
  ...t=4.749e+09 tail sweep 58% (3500 pieces, 2 threads)
  ...t=4.749e+09 tail sweep 66% (4000 pieces, 2 threads)
  ...t=4.749e+09 tail sweep 66% (4000 pieces, 2 threads)
  ...t=4.749e+09 tail sweep 66% (4000 pieces, 2 threads)
  ...t=4.749e+09 tail sweep 66% (4000 pieces, 2 threads)
  ...t=4.749e+09 tail sweep 74% (4500 pieces, 2 threads)
  ...t=4.749e+09 tail sweep 74% (4500 pieces, 2 threads)
  ...t=4.749e+09 tail sweep 74% (4500 pieces, 2 threads)
  ...t=4.749e+09 tail sweep 74% (4500 pieces, 2 threads)
  ...t=4.749e+09 tail sweep 83% (5000 pieces, 2 threads)
  ...t=4.749e+09 tail sweep 83% (5000 pieces, 2 threads)
  ...t=4.749e+09 tail sweep 83% (5000 pieces, 2 threads)
  ...t=4.749e+09 tail sweep 83% (5000 pieces, 2 threads)
  ...t=4.749e+09 tail sweep 91% (5500 pieces, 2 threads)
  ...t=4.749e+09 tail sweep 91% (5500 pieces, 2 threads)
  ...t=4.749e+09 tail sweep 91% (5500 pieces, 2 threads)
  ...t=4.749e+09 tail sweep 91% (5500 pieces, 2 threads)
  ...t=4.749e+09 tail sweep 99% (6000 pieces, 2 threads)
  ...t=4.749e+09 tail sweep 99% (6000 pieces, 2 threads)
  ...t=4.749e+09 tail sweep 99% (6000 pieces, 2 threads)
  ...t=4.749e+09 tail sweep 99% (6000 pieces, 2 threads)
  pt win=1 k=+7 x=4.749e+09 t=4749119567.80838 mnew=1.0000 mcert=1.0000 bexp=5.32e-04
  pt win=1 k=+6 x=4.749e+09 t=4749119567.30838 mnew=1.0000 mcert=1.0000 bexp=5.39e-04
  pt win=1 k=+8 x=4.749e+09 t=4749119568.30838 mnew=1.0000 mcert=1.0000 bexp=5.37e-04
  pt win=1 k=+5 x=4.749e+09 t=4749119566.80838 mnew=1.0000 mcert=1.0000 bexp=5.34e-04
  ...t=4.749e+09 tail sweep 8% (500 pieces, 2 threads)
  ...t=4.749e+09 tail sweep 8% (500 pieces, 2 threads)
  ...t=4.749e+09 tail sweep 8% (500 pieces, 2 threads)
  ...t=4.749e+09 tail sweep 8% (500 pieces, 2 threads)
  ...t=4.749e+09 tail sweep 17% (1000 pieces, 2 threads)
  ...t=4.749e+09 tail sweep 17% (1000 pieces, 2 threads)
  ...t=4.749e+09 tail sweep 17% (1000 pieces, 2 threads)
  ...t=4.749e+09 tail sweep 17% (1000 pieces, 2 threads)
  ...t=4.749e+09 tail sweep 25% (1500 pieces, 2 threads)
  ...t=4.749e+09 tail sweep 25% (1500 pieces, 2 threads)
  ...t=4.749e+09 tail sweep 25% (1500 pieces, 2 threads)
  ...t=4.749e+09 tail sweep 25% (1500 pieces, 2 threads)
  ...t=4.749e+09 tail sweep 33% (2000 pieces, 2 threads)
  ...t=4.749e+09 tail sweep 33% (2000 pieces, 2 threads)
  ...t=4.749e+09 tail sweep 33% (2000 pieces, 2 threads)
  ...t=4.749e+09 tail sweep 33% (2000 pieces, 2 threads)
  ...t=4.749e+09 tail sweep 41% (2500 pieces, 2 threads)
  ...t=4.749e+09 tail sweep 41% (2500 pieces, 2 threads)
  ...t=4.749e+09 tail sweep 41% (2500 pieces, 2 threads)
  ...t=4.749e+09 tail sweep 41% (2500 pieces, 2 threads)
  ...t=4.749e+09 tail sweep 50% (3000 pieces, 2 threads)
  ...t=4.749e+09 tail sweep 50% (3000 pieces, 2 threads)
  ...t=4.749e+09 tail sweep 50% (3000 pieces, 2 threads)
  ...t=4.749e+09 tail sweep 50% (3000 pieces, 2 threads)
  ...t=4.749e+09 tail sweep 58% (3500 pieces, 2 threads)
  ...t=4.749e+09 tail sweep 58% (3500 pieces, 2 threads)
  ...t=4.749e+09 tail sweep 58% (3500 pieces, 2 threads)
  ...t=4.749e+09 tail sweep 58% (3500 pieces, 2 threads)
  ...t=4.749e+09 tail sweep 66% (4000 pieces, 2 threads)
  ...t=4.749e+09 tail sweep 66% (4000 pieces, 2 threads)  ...t=4.749e+09 tail sweep 66% (4000 pieces, 2 threads)
  ...t=4.749e+09 tail sweep 66% (4000 pieces, 2 threads)

  ...t=4.749e+09 tail sweep 74% (4500 pieces, 2 threads)
  ...t=4.749e+09 tail sweep 74% (4500 pieces, 2 threads)
  ...t=4.749e+09 tail sweep 74% (4500 pieces, 2 threads)
  ...t=4.749e+09 tail sweep 74% (4500 pieces, 2 threads)
  ...t=4.749e+09 tail sweep 83% (5000 pieces, 2 threads)
  ...t=4.749e+09 tail sweep 83% (5000 pieces, 2 threads)
  ...t=4.749e+09 tail sweep 83% (5000 pieces, 2 threads)
  ...t=4.749e+09 tail sweep 83% (5000 pieces, 2 threads)
  ...t=4.749e+09 tail sweep 91% (5500 pieces, 2 threads)
  ...t=4.749e+09 tail sweep 91% (5500 pieces, 2 threads)
  ...t=4.749e+09 tail sweep 91% (5500 pieces, 2 threads)
  ...t=4.749e+09 tail sweep 91% (5500 pieces, 2 threads)
  ...t=4.749e+09 tail sweep 99% (6000 pieces, 2 threads)
  ...t=4.749e+09 tail sweep 99% (6000 pieces, 2 threads)
  ...t=4.749e+09 tail sweep 99% (6000 pieces, 2 threads)
  ...t=4.749e+09 tail sweep 99% (6000 pieces, 2 threads)
  pt win=1 k=+11 x=4.749e+09 t=4749119569.80838 mnew=1.0000 mcert=1.0000 bexp=5.34e-04
  pt win=1 k=+9 x=4.749e+09 t=4749119568.80838 mnew=1.0000 mcert=1.0000 bexp=5.55e-04
  pt win=1 k=+10 x=4.749e+09 t=4749119569.30838 mnew=1.0000 mcert=1.0000 bexp=5.32e-04
  pt win=1 k=+12 x=4.749e+09 t=4749119570.30838 mnew=1.0000 mcert=1.0000 bexp=5.45e-04
  ...t=5.129e+09 tail sweep 8% (500 pieces, 2 threads)
  ...t=5.129e+09 tail sweep 8% (500 pieces, 2 threads)
  ...t=5.129e+09 tail sweep 8% (500 pieces, 2 threads)
  ...t=5.129e+09 tail sweep 8% (500 pieces, 2 threads)
  ...t=5.129e+09 tail sweep 17% (1000 pieces, 2 threads)
  ...t=5.129e+09 tail sweep 17% (1000 pieces, 2 threads)
  ...t=5.129e+09 tail sweep 17% (1000 pieces, 2 threads)
  ...t=5.129e+09 tail sweep 17% (1000 pieces, 2 threads)
  ...t=5.129e+09 tail sweep 25% (1500 pieces, 2 threads)
  ...t=5.129e+09 tail sweep 25% (1500 pieces, 2 threads)
  ...t=5.129e+09 tail sweep 25% (1500 pieces, 2 threads)
  ...t=5.129e+09 tail sweep 25% (1500 pieces, 2 threads)
  ...t=5.129e+09 tail sweep 33% (2000 pieces, 2 threads)
  ...t=5.129e+09 tail sweep 33% (2000 pieces, 2 threads)
  ...t=5.129e+09 tail sweep 33% (2000 pieces, 2 threads)
  ...t=5.129e+09 tail sweep 33% (2000 pieces, 2 threads)
  ...t=5.129e+09 tail sweep 41% (2500 pieces, 2 threads)
  ...t=5.129e+09 tail sweep 41% (2500 pieces, 2 threads)
  ...t=5.129e+09 tail sweep 41% (2500 pieces, 2 threads)
  ...t=5.129e+09 tail sweep 41% (2500 pieces, 2 threads)
  ...t=5.129e+09 tail sweep 50% (3000 pieces, 2 threads)
  ...t=5.129e+09 tail sweep 50% (3000 pieces, 2 threads)
  ...t=5.129e+09 tail sweep 50% (3000 pieces, 2 threads)
  ...t=5.129e+09 tail sweep 50% (3000 pieces, 2 threads)
  ...t=5.129e+09 tail sweep 58% (3500 pieces, 2 threads)
  ...t=5.129e+09 tail sweep 58% (3500 pieces, 2 threads)
  ...t=5.129e+09 tail sweep 58% (3500 pieces, 2 threads)
  ...t=5.129e+09 tail sweep 58% (3500 pieces, 2 threads)
  ...t=5.129e+09 tail sweep 66% (4000 pieces, 2 threads)
  ...t=5.129e+09 tail sweep 66% (4000 pieces, 2 threads)
  ...t=5.129e+09 tail sweep 66% (4000 pieces, 2 threads)
  ...t=5.129e+09 tail sweep 66% (4000 pieces, 2 threads)
  ...t=5.129e+09 tail sweep 74% (4500 pieces, 2 threads)
  ...t=5.129e+09 tail sweep 74% (4500 pieces, 2 threads)
  ...t=5.129e+09 tail sweep 74% (4500 pieces, 2 threads)
  ...t=5.129e+09 tail sweep 74% (4500 pieces, 2 threads)
  ...t=5.129e+09 tail sweep 83% (5000 pieces, 2 threads)
  ...t=5.129e+09 tail sweep 83% (5000 pieces, 2 threads)
  ...t=5.129e+09 tail sweep 83% (5000 pieces, 2 threads)
  ...t=5.129e+09 tail sweep 83% (5000 pieces, 2 threads)
  ...t=5.129e+09 tail sweep 91% (5500 pieces, 2 threads)
  ...t=5.129e+09 tail sweep 91% (5500 pieces, 2 threads)
  ...t=5.129e+09 tail sweep 91% (5500 pieces, 2 threads)
  ...t=5.129e+09 tail sweep 91% (5500 pieces, 2 threads)
  ...t=5.129e+09 tail sweep 99% (6000 pieces, 2 threads)
  ...t=5.129e+09 tail sweep 99% (6000 pieces, 2 threads)
  ...t=5.129e+09 tail sweep 99% (6000 pieces, 2 threads)
  ...t=5.129e+09 tail sweep 99% (6000 pieces, 2 threads)
  pt win=2 k=-10 x=5.129e+09 t=5129049124.72840 mnew=1.0000 mcert=1.0000 bexp=5.72e-04
  pt win=2 k=-9 x=5.129e+09 t=5129049125.22840 mnew=1.0000 mcert=1.0000 bexp=6.21e-04
  pt win=2 k=-11 x=5.129e+09 t=5129049124.22840 mnew=1.0000 mcert=1.0000 bexp=5.73e-04
  pt win=2 k=-12 x=5.129e+09 t=5129049123.72840 mnew=1.0000 mcert=1.0000 bexp=5.72e-04
  ...t=5.129e+09 tail sweep 8% (500 pieces, 2 threads)
  ...t=5.129e+09 tail sweep 8% (500 pieces, 2 threads)
  ...t=5.129e+09 tail sweep 8% (500 pieces, 2 threads)
  ...t=5.129e+09 tail sweep 8% (500 pieces, 2 threads)
  ...t=5.129e+09 tail sweep 17% (1000 pieces, 2 threads)
  ...t=5.129e+09 tail sweep 17% (1000 pieces, 2 threads)
  ...t=5.129e+09 tail sweep 17% (1000 pieces, 2 threads)
  ...t=5.129e+09 tail sweep 17% (1000 pieces, 2 threads)
  ...t=5.129e+09 tail sweep 25% (1500 pieces, 2 threads)
  ...t=5.129e+09 tail sweep 25% (1500 pieces, 2 threads)
  ...t=5.129e+09 tail sweep 25% (1500 pieces, 2 threads)
  ...t=5.129e+09 tail sweep 25% (1500 pieces, 2 threads)
  ...t=5.129e+09 tail sweep 33% (2000 pieces, 2 threads)
  ...t=5.129e+09 tail sweep 33% (2000 pieces, 2 threads)
  ...t=5.129e+09 tail sweep 33% (2000 pieces, 2 threads)
  ...t=5.129e+09 tail sweep 33% (2000 pieces, 2 threads)
  ...t=5.129e+09 tail sweep 41% (2500 pieces, 2 threads)
  ...t=5.129e+09 tail sweep 41% (2500 pieces, 2 threads)
  ...t=5.129e+09 tail sweep 41% (2500 pieces, 2 threads)
  ...t=5.129e+09 tail sweep 41% (2500 pieces, 2 threads)
  ...t=5.129e+09 tail sweep 50% (3000 pieces, 2 threads)
  ...t=5.129e+09 tail sweep 50% (3000 pieces, 2 threads)
  ...t=5.129e+09 tail sweep 50% (3000 pieces, 2 threads)  ...t=5.129e+09 tail sweep 50% (3000 pieces, 2 threads)

  ...t=5.129e+09 tail sweep 58% (3500 pieces, 2 threads)
  ...t=5.129e+09 tail sweep 58% (3500 pieces, 2 threads)
  ...t=5.129e+09 tail sweep 58% (3500 pieces, 2 threads)
  ...t=5.129e+09 tail sweep 58% (3500 pieces, 2 threads)
  ...t=5.129e+09 tail sweep 66% (4000 pieces, 2 threads)
  ...t=5.129e+09 tail sweep 66% (4000 pieces, 2 threads)
  ...t=5.129e+09 tail sweep 66% (4000 pieces, 2 threads)
  ...t=5.129e+09 tail sweep 66% (4000 pieces, 2 threads)
  ...t=5.129e+09 tail sweep 74% (4500 pieces, 2 threads)
  ...t=5.129e+09 tail sweep 74% (4500 pieces, 2 threads)
  ...t=5.129e+09 tail sweep 74% (4500 pieces, 2 threads)
  ...t=5.129e+09 tail sweep 74% (4500 pieces, 2 threads)
  ...t=5.129e+09 tail sweep 83% (5000 pieces, 2 threads)
  ...t=5.129e+09 tail sweep 83% (5000 pieces, 2 threads)  ...t=5.129e+09 tail sweep 83% (5000 pieces, 2 threads)

  ...t=5.129e+09 tail sweep 83% (5000 pieces, 2 threads)
  ...t=5.129e+09 tail sweep 91% (5500 pieces, 2 threads)
  ...t=5.129e+09 tail sweep 91% (5500 pieces, 2 threads)
  ...t=5.129e+09 tail sweep 91% (5500 pieces, 2 threads)
  ...t=5.129e+09 tail sweep 91% (5500 pieces, 2 threads)
  ...t=5.129e+09 tail sweep 99% (6000 pieces, 2 threads)
  ...t=5.129e+09 tail sweep 99% (6000 pieces, 2 threads)
  ...t=5.129e+09 tail sweep 99% (6000 pieces, 2 threads)
  ...t=5.129e+09 tail sweep 99% (6000 pieces, 2 threads)
  pt win=2 k=-6 x=5.129e+09 t=5129049126.72840 mnew=1.0000 mcert=1.0000 bexp=5.72e-04
  pt win=2 k=-5 x=5.129e+09 t=5129049127.22840 mnew=1.0000 mcert=1.0000 bexp=5.75e-04
  pt win=2 k=-8 x=5.129e+09 t=5129049125.72840 mnew=1.0000 mcert=1.0000 bexp=5.71e-04
  pt win=2 k=-7 x=5.129e+09 t=5129049126.22840 mnew=1.0000 mcert=1.0000 bexp=5.73e-04
  ...t=5.129e+09 tail sweep 8% (500 pieces, 2 threads)
  ...t=5.129e+09 tail sweep 8% (500 pieces, 2 threads)
  ...t=5.129e+09 tail sweep 8% (500 pieces, 2 threads)
  ...t=5.129e+09 tail sweep 8% (500 pieces, 2 threads)
  ...t=5.129e+09 tail sweep 17% (1000 pieces, 2 threads)
  ...t=5.129e+09 tail sweep 17% (1000 pieces, 2 threads)
  ...t=5.129e+09 tail sweep 17% (1000 pieces, 2 threads)
  ...t=5.129e+09 tail sweep 17% (1000 pieces, 2 threads)
  ...t=5.129e+09 tail sweep 25% (1500 pieces, 2 threads)
  ...t=5.129e+09 tail sweep 25% (1500 pieces, 2 threads)
  ...t=5.129e+09 tail sweep 25% (1500 pieces, 2 threads)
  ...t=5.129e+09 tail sweep 25% (1500 pieces, 2 threads)
  ...t=5.129e+09 tail sweep 33% (2000 pieces, 2 threads)
  ...t=5.129e+09 tail sweep 33% (2000 pieces, 2 threads)
  ...t=5.129e+09 tail sweep 33% (2000 pieces, 2 threads)
  ...t=5.129e+09 tail sweep 33% (2000 pieces, 2 threads)
  ...t=5.129e+09 tail sweep 41% (2500 pieces, 2 threads)
  ...t=5.129e+09 tail sweep 41% (2500 pieces, 2 threads)
  ...t=5.129e+09 tail sweep 41% (2500 pieces, 2 threads)
  ...t=5.129e+09 tail sweep 41% (2500 pieces, 2 threads)
  ...t=5.129e+09 tail sweep 50% (3000 pieces, 2 threads)
  ...t=5.129e+09 tail sweep 50% (3000 pieces, 2 threads)
  ...t=5.129e+09 tail sweep 50% (3000 pieces, 2 threads)
  ...t=5.129e+09 tail sweep 50% (3000 pieces, 2 threads)
  ...t=5.129e+09 tail sweep 58% (3500 pieces, 2 threads)
  ...t=5.129e+09 tail sweep 58% (3500 pieces, 2 threads)
  ...t=5.129e+09 tail sweep 58% (3500 pieces, 2 threads)
  ...t=5.129e+09 tail sweep 58% (3500 pieces, 2 threads)
  ...t=5.129e+09 tail sweep 66% (4000 pieces, 2 threads)
  ...t=5.129e+09 tail sweep 66% (4000 pieces, 2 threads)
  ...t=5.129e+09 tail sweep 66% (4000 pieces, 2 threads)
  ...t=5.129e+09 tail sweep 66% (4000 pieces, 2 threads)
  ...t=5.129e+09 tail sweep 74% (4500 pieces, 2 threads)
  ...t=5.129e+09 tail sweep 74% (4500 pieces, 2 threads)
  ...t=5.129e+09 tail sweep 74% (4500 pieces, 2 threads)
  ...t=5.129e+09 tail sweep 74% (4500 pieces, 2 threads)
  ...t=5.129e+09 tail sweep 83% (5000 pieces, 2 threads)
  ...t=5.129e+09 tail sweep 83% (5000 pieces, 2 threads)
  ...t=5.129e+09 tail sweep 83% (5000 pieces, 2 threads)
  ...t=5.129e+09 tail sweep 83% (5000 pieces, 2 threads)
  ...t=5.129e+09 tail sweep 91% (5500 pieces, 2 threads)
  ...t=5.129e+09 tail sweep 91% (5500 pieces, 2 threads)
  ...t=5.129e+09 tail sweep 91% (5500 pieces, 2 threads)
  ...t=5.129e+09 tail sweep 91% (5500 pieces, 2 threads)
  ...t=5.129e+09 tail sweep 99% (6000 pieces, 2 threads)
  ...t=5.129e+09 tail sweep 99% (6000 pieces, 2 threads)
  ...t=5.129e+09 tail sweep 99% (6000 pieces, 2 threads)
  ...t=5.129e+09 tail sweep 99% (6000 pieces, 2 threads)
  pt win=2 k=-2 x=5.129e+09 t=5129049128.72840 mnew=1.0000 mcert=1.0000 bexp=5.76e-04
  pt win=2 k=-4 x=5.129e+09 t=5129049127.72840 mnew=1.0000 mcert=1.0000 bexp=5.95e-04
  pt win=2 k=-1 x=5.129e+09 t=5129049129.22840 mnew=1.0000 mcert=1.0000 bexp=6.02e-04
  pt win=2 k=-3 x=5.129e+09 t=5129049128.22840 mnew=1.0000 mcert=1.0000 bexp=5.94e-04
  ...t=5.129e+09 tail sweep 8% (500 pieces, 2 threads)
  ...t=5.129e+09 tail sweep 8% (500 pieces, 2 threads)
  ...t=5.129e+09 tail sweep 8% (500 pieces, 2 threads)
  ...t=5.129e+09 tail sweep 8% (500 pieces, 2 threads)
  ...t=5.129e+09 tail sweep 17% (1000 pieces, 2 threads)
  ...t=5.129e+09 tail sweep 17% (1000 pieces, 2 threads)
  ...t=5.129e+09 tail sweep 17% (1000 pieces, 2 threads)
  ...t=5.129e+09 tail sweep 17% (1000 pieces, 2 threads)
  ...t=5.129e+09 tail sweep 25% (1500 pieces, 2 threads)
  ...t=5.129e+09 tail sweep 25% (1500 pieces, 2 threads)
  ...t=5.129e+09 tail sweep 25% (1500 pieces, 2 threads)
  ...t=5.129e+09 tail sweep 25% (1500 pieces, 2 threads)
  ...t=5.129e+09 tail sweep 33% (2000 pieces, 2 threads)
  ...t=5.129e+09 tail sweep 33% (2000 pieces, 2 threads)  ...t=5.129e+09 tail sweep 33% (2000 pieces, 2 threads)

  ...t=5.129e+09 tail sweep 33% (2000 pieces, 2 threads)
  ...t=5.129e+09 tail sweep 41% (2500 pieces, 2 threads)
  ...t=5.129e+09 tail sweep 41% (2500 pieces, 2 threads)
  ...t=5.129e+09 tail sweep 41% (2500 pieces, 2 threads)
  ...t=5.129e+09 tail sweep 41% (2500 pieces, 2 threads)
  ...t=5.129e+09 tail sweep 50% (3000 pieces, 2 threads)
  ...t=5.129e+09 tail sweep 50% (3000 pieces, 2 threads)
  ...t=5.129e+09 tail sweep 50% (3000 pieces, 2 threads)
  ...t=5.129e+09 tail sweep 50% (3000 pieces, 2 threads)
  ...t=5.129e+09 tail sweep 58% (3500 pieces, 2 threads)
  ...t=5.129e+09 tail sweep 58% (3500 pieces, 2 threads)
  ...t=5.129e+09 tail sweep 58% (3500 pieces, 2 threads)
  ...t=5.129e+09 tail sweep 58% (3500 pieces, 2 threads)
  ...t=5.129e+09 tail sweep 66% (4000 pieces, 2 threads)
  ...t=5.129e+09 tail sweep 66% (4000 pieces, 2 threads)
  ...t=5.129e+09 tail sweep 66% (4000 pieces, 2 threads)
  ...t=5.129e+09 tail sweep 66% (4000 pieces, 2 threads)
  ...t=5.129e+09 tail sweep 74% (4500 pieces, 2 threads)
  ...t=5.129e+09 tail sweep 74% (4500 pieces, 2 threads)
  ...t=5.129e+09 tail sweep 74% (4500 pieces, 2 threads)
  ...t=5.129e+09 tail sweep 74% (4500 pieces, 2 threads)
  ...t=5.129e+09 tail sweep 83% (5000 pieces, 2 threads)
  ...t=5.129e+09 tail sweep 83% (5000 pieces, 2 threads)
  ...t=5.129e+09 tail sweep 83% (5000 pieces, 2 threads)
  ...t=5.129e+09 tail sweep 83% (5000 pieces, 2 threads)
  ...t=5.129e+09 tail sweep 91% (5500 pieces, 2 threads)
  ...t=5.129e+09 tail sweep 91% (5500 pieces, 2 threads)
  ...t=5.129e+09 tail sweep 91% (5500 pieces, 2 threads)
  ...t=5.129e+09 tail sweep 91% (5500 pieces, 2 threads)
  ...t=5.129e+09 tail sweep 99% (6000 pieces, 2 threads)
  ...t=5.129e+09 tail sweep 99% (6000 pieces, 2 threads)
  ...t=5.129e+09 tail sweep 99% (6000 pieces, 2 threads)
  ...t=5.129e+09 tail sweep 99% (6000 pieces, 2 threads)
  pt win=2 k=+1 x=5.129e+09 t=5129049130.22840 mnew=1.0000 mcert=1.0000 bexp=5.72e-04
  pt win=2 k=+2 x=5.129e+09 t=5129049130.72840 mnew=1.0000 mcert=1.0000 bexp=5.73e-04
  pt win=2 k=+4 x=5.129e+09 t=5129049131.72840 mnew=1.0000 mcert=1.0000 bexp=6.12e-04
  pt win=2 k=+3 x=5.129e+09 t=5129049131.22840 mnew=1.0000 mcert=1.0000 bexp=5.78e-04
  ...t=5.129e+09 tail sweep 8% (500 pieces, 2 threads)
  ...t=5.129e+09 tail sweep 8% (500 pieces, 2 threads)
  ...t=5.129e+09 tail sweep 8% (500 pieces, 2 threads)
  ...t=5.129e+09 tail sweep 8% (500 pieces, 2 threads)
  ...t=5.129e+09 tail sweep 17% (1000 pieces, 2 threads)
  ...t=5.129e+09 tail sweep 17% (1000 pieces, 2 threads)
  ...t=5.129e+09 tail sweep 17% (1000 pieces, 2 threads)
  ...t=5.129e+09 tail sweep 17% (1000 pieces, 2 threads)
  ...t=5.129e+09 tail sweep 25% (1500 pieces, 2 threads)
  ...t=5.129e+09 tail sweep 25% (1500 pieces, 2 threads)
  ...t=5.129e+09 tail sweep 25% (1500 pieces, 2 threads)
  ...t=5.129e+09 tail sweep 25% (1500 pieces, 2 threads)
  ...t=5.129e+09 tail sweep 33% (2000 pieces, 2 threads)
  ...t=5.129e+09 tail sweep 33% (2000 pieces, 2 threads)
  ...t=5.129e+09 tail sweep 33% (2000 pieces, 2 threads)
  ...t=5.129e+09 tail sweep 33% (2000 pieces, 2 threads)
  ...t=5.129e+09 tail sweep 41% (2500 pieces, 2 threads)
  ...t=5.129e+09 tail sweep 41% (2500 pieces, 2 threads)
  ...t=5.129e+09 tail sweep 41% (2500 pieces, 2 threads)
  ...t=5.129e+09 tail sweep 41% (2500 pieces, 2 threads)
  ...t=5.129e+09 tail sweep 50% (3000 pieces, 2 threads)
  ...t=5.129e+09 tail sweep 50% (3000 pieces, 2 threads)
  ...t=5.129e+09 tail sweep 50% (3000 pieces, 2 threads)
  ...t=5.129e+09 tail sweep 50% (3000 pieces, 2 threads)
  ...t=5.129e+09 tail sweep 58% (3500 pieces, 2 threads)
  ...t=5.129e+09 tail sweep 58% (3500 pieces, 2 threads)
  ...t=5.129e+09 tail sweep 58% (3500 pieces, 2 threads)
  ...t=5.129e+09 tail sweep 58% (3500 pieces, 2 threads)
  ...t=5.129e+09 tail sweep 66% (4000 pieces, 2 threads)
  ...t=5.129e+09 tail sweep 66% (4000 pieces, 2 threads)
  ...t=5.129e+09 tail sweep 66% (4000 pieces, 2 threads)
  ...t=5.129e+09 tail sweep 66% (4000 pieces, 2 threads)
  ...t=5.129e+09 tail sweep 74% (4500 pieces, 2 threads)
  ...t=5.129e+09 tail sweep 74% (4500 pieces, 2 threads)
  ...t=5.129e+09 tail sweep 74% (4500 pieces, 2 threads)
  ...t=5.129e+09 tail sweep 74% (4500 pieces, 2 threads)
  ...t=5.129e+09 tail sweep 83% (5000 pieces, 2 threads)
  ...t=5.129e+09 tail sweep 83% (5000 pieces, 2 threads)
  ...t=5.129e+09 tail sweep 83% (5000 pieces, 2 threads)
  ...t=5.129e+09 tail sweep 83% (5000 pieces, 2 threads)
  ...t=5.129e+09 tail sweep 91% (5500 pieces, 2 threads)
  ...t=5.129e+09 tail sweep 91% (5500 pieces, 2 threads)
  ...t=5.129e+09 tail sweep 91% (5500 pieces, 2 threads)
  ...t=5.129e+09 tail sweep 91% (5500 pieces, 2 threads)
  ...t=5.129e+09 tail sweep 99% (6000 pieces, 2 threads)
  ...t=5.129e+09 tail sweep 99% (6000 pieces, 2 threads)
  ...t=5.129e+09 tail sweep 99% (6000 pieces, 2 threads)
  ...t=5.129e+09 tail sweep 99% (6000 pieces, 2 threads)
  pt win=2 k=+5 x=5.129e+09 t=5129049132.22840 mnew=1.0000 mcert=1.0000 bexp=5.89e-04
  pt win=2 k=+7 x=5.129e+09 t=5129049133.22840 mnew=1.0000 mcert=1.0000 bexp=5.75e-04
  pt win=2 k=+6 x=5.129e+09 t=5129049132.72840 mnew=1.0000 mcert=1.0000 bexp=5.78e-04
  pt win=2 k=+8 x=5.129e+09 t=5129049133.72840 mnew=1.0000 mcert=1.0000 bexp=5.88e-04
  ...t=5.129e+09 tail sweep 8% (500 pieces, 2 threads)
  ...t=5.129e+09 tail sweep 8% (500 pieces, 2 threads)
  ...t=5.129e+09 tail sweep 8% (500 pieces, 2 threads)
  ...t=5.129e+09 tail sweep 8% (500 pieces, 2 threads)
  ...t=5.129e+09 tail sweep 17% (1000 pieces, 2 threads)
  ...t=5.129e+09 tail sweep 17% (1000 pieces, 2 threads)
  ...t=5.129e+09 tail sweep 17% (1000 pieces, 2 threads)
  ...t=5.129e+09 tail sweep 17% (1000 pieces, 2 threads)
  ...t=5.129e+09 tail sweep 25% (1500 pieces, 2 threads)
  ...t=5.129e+09 tail sweep 25% (1500 pieces, 2 threads)
  ...t=5.129e+09 tail sweep 25% (1500 pieces, 2 threads)
  ...t=5.129e+09 tail sweep 25% (1500 pieces, 2 threads)
  ...t=5.129e+09 tail sweep 33% (2000 pieces, 2 threads)
  ...t=5.129e+09 tail sweep 33% (2000 pieces, 2 threads)
  ...t=5.129e+09 tail sweep 33% (2000 pieces, 2 threads)
  ...t=5.129e+09 tail sweep 33% (2000 pieces, 2 threads)
  ...t=5.129e+09 tail sweep 41% (2500 pieces, 2 threads)
  ...t=5.129e+09 tail sweep 41% (2500 pieces, 2 threads)
  ...t=5.129e+09 tail sweep 41% (2500 pieces, 2 threads)
  ...t=5.129e+09 tail sweep 41% (2500 pieces, 2 threads)
  ...t=5.129e+09 tail sweep 50% (3000 pieces, 2 threads)
  ...t=5.129e+09 tail sweep 50% (3000 pieces, 2 threads)
  ...t=5.129e+09 tail sweep 50% (3000 pieces, 2 threads)
  ...t=5.129e+09 tail sweep 50% (3000 pieces, 2 threads)
  ...t=5.129e+09 tail sweep 58% (3500 pieces, 2 threads)
  ...t=5.129e+09 tail sweep 58% (3500 pieces, 2 threads)
  ...t=5.129e+09 tail sweep 58% (3500 pieces, 2 threads)
  ...t=5.129e+09 tail sweep 58% (3500 pieces, 2 threads)
  ...t=5.129e+09 tail sweep 66% (4000 pieces, 2 threads)
  ...t=5.129e+09 tail sweep 66% (4000 pieces, 2 threads)
  ...t=5.129e+09 tail sweep 66% (4000 pieces, 2 threads)
  ...t=5.129e+09 tail sweep 66% (4000 pieces, 2 threads)
  ...t=5.129e+09 tail sweep 74% (4500 pieces, 2 threads)
  ...t=5.129e+09 tail sweep 74% (4500 pieces, 2 threads)
  ...t=5.129e+09 tail sweep 74% (4500 pieces, 2 threads)
  ...t=5.129e+09 tail sweep 74% (4500 pieces, 2 threads)
  ...t=5.129e+09 tail sweep 83% (5000 pieces, 2 threads)
  ...t=5.129e+09 tail sweep 83% (5000 pieces, 2 threads)
  ...t=5.129e+09 tail sweep 83% (5000 pieces, 2 threads)
  ...t=5.129e+09 tail sweep 83% (5000 pieces, 2 threads)
  ...t=5.129e+09 tail sweep 91% (5500 pieces, 2 threads)
  ...t=5.129e+09 tail sweep 91% (5500 pieces, 2 threads)
  ...t=5.129e+09 tail sweep 91% (5500 pieces, 2 threads)
  ...t=5.129e+09 tail sweep 91% (5500 pieces, 2 threads)
  ...t=5.129e+09 tail sweep 99% (6000 pieces, 2 threads)
  ...t=5.129e+09 tail sweep 99% (6000 pieces, 2 threads)
  ...t=5.129e+09 tail sweep 99% (6000 pieces, 2 threads)
  ...t=5.129e+09 tail sweep 99% (6000 pieces, 2 threads)
  pt win=2 k=+10 x=5.129e+09 t=5129049134.72840 mnew=1.0000 mcert=1.0000 bexp=6.00e-04
  pt win=2 k=+12 x=5.129e+09 t=5129049135.72840 mnew=1.0000 mcert=1.0000 bexp=6.04e-04
  pt win=2 k=+9 x=5.129e+09 t=5129049134.22840 mnew=1.0000 mcert=1.0000 bexp=5.70e-04
  pt win=2 k=+11 x=5.129e+09 t=5129049135.22840 mnew=1.0000 mcert=1.0000 bexp=5.73e-04
           x            g best_mnew worst_mcert      btot      flag
 4.39733e+09 4397332930.0438  1.000000   1.000000  6.24e-04 -
 4.74912e+09 4749119564.3084  1.000000   1.000000  6.69e-04 -
 5.12905e+09 5129049129.7284  1.000000   1.000000  7.20e-04 -
worst certified margin = 1.000000 at t = 4397332924.04375 (computed 1.000000)
margin_cert < 1: [4397332925.544, 4397332924.544, 4397332925.044, 4397332924.044, 4397332926.044, 4397332927.044, 4397332926.544, 4397332927.544, 4397332929.544, 4397332928.544, 4397332929.044, 4397332928.044, 4749119559.808, 4749119559.308, 4749119558.808, 4749119558.308, 4749119561.308, 4749119560.308, 4749119560.808, 4749119561.808, 4749119562.308, 4749119562.808, 4749119563.308, 4749119563.808, 5129049124.728, 5129049125.228, 5129049124.228, 5129049123.728, 5129049126.728, 5129049127.228, 5129049125.728, 5129049126.228, 5129049128.728, 5129049127.728, 5129049129.228, 5129049128.228]
margin_new  < 1: [4397332925.544, 4397332924.544, 4397332925.044, 4397332924.044, 4397332926.044, 4397332927.044, 4397332926.544, 4397332927.544, 4397332929.544, 4397332928.544, 4397332929.044, 4397332928.044, 4749119559.808, 4749119559.308, 4749119558.808, 4749119558.308, 4749119561.308, 4749119560.308, 4749119560.808, 4749119561.808, 4749119562.308, 4749119562.808, 4749119563.308, 4749119563.808, 5129049124.728, 5129049125.228, 5129049124.228, 5129049123.728, 5129049126.728, 5129049127.228, 5129049125.728, 5129049126.228, 5129049128.728, 5129049127.728, 5129049129.228, 5129049128.228]
wall = 65060.5 s
STATUS: see the pre-registered reading C-2/C-3
H1  FULL-DONE:  3  windows,  72  points,  assembled  to  /workspace/h1/RH/scripts/rh/out_day038_full_pts.txt;  instance  wall  18.1  h
