H1_WINDOWS:  running  windows  11-13  (3  of  29)
resume:  window   0  (x=7536255893)  0/24  points  on disk
resume:  window   1  (x=8139156365)  0/24  points  on disk
resume:  window   2  (x=8790288874)  0/24  points  on disk
memguard:  MemAvailable  486.8  GiB,  reserve  28  GiB,  ~2.5  GiB/thread  x  2  threads  ->  allow  <=  10  contexts  (=  20  slab  threads;  11  GPU  clients  incl.  Xorg  vs  budget  11)
day038  gpu  H1-3e10:  FULL,  72  point  jobs  remaining (3  windows,  4  contexts  x  2  threads)
pids: parent=6122 workers=4 written to ckpt_h1_3e10/run.pids
overlap: 152/12626784 zeros differ by <=1.00 ulp (last byte,  rounding-level) --  those indices certified with dg x3
stitch: B from element 12626784 (first zero 1006346000.166784); overlap cross-check 12626632/12626784 byte-equal
tail3e10: L 52290633 + A 2792198664 + B' 3053546936 + C 3142622346 + D 92577877714 = 101618536293 zeros (812.9 GB); G_LAST = 30001045999.981976
overlap: 152/12626784 zeros differ by <=1.00 ulp (last byte,  rounding-level) --  those indices certified with dg x3
stitch: B from element 12626784 (first zero 1006346000.166784); overlap cross-check 12626632/12626784 byte-equal
tail3e10: L 52290633 + A 2792198664 + B' 3053546936 + C 3142622346 + D 92577877714 = 101618536293 zeros (812.9 GB); G_LAST = 30001045999.981976
overlap: 152/12626784 zeros differ by <=1.00 ulp (last byte,  rounding-level) --  those indices certified with dg x3
stitch: B from element 12626784 (first zero 1006346000.166784); overlap cross-check 12626632/12626784 byte-equal
tail3e10: L 52290633 + A 2792198664 + B' 3053546936 + C 3142622346 + D 92577877714 = 101618536293 zeros (812.9 GB); G_LAST = 30001045999.981976
overlap: 152/12626784 zeros differ by <=1.00 ulp (last byte,  rounding-level) --  those indices certified with dg x3
stitch: B from element 12626784 (first zero 1006346000.166784); overlap cross-check 12626632/12626784 byte-equal
tail3e10: L 52290633 + A 2792198664 + B' 3053546936 + C 3142622346 + D 92577877714 = 101618536293 zeros (812.9 GB); G_LAST = 30001045999.981976
  ...t=7.536e+09 tail sweep 8% (500 pieces, 2 threads)
  ...t=7.536e+09 tail sweep 8% (500 pieces, 2 threads)
  ...t=7.536e+09 tail sweep 8% (500 pieces, 2 threads)
  ...t=7.536e+09 tail sweep 8% (500 pieces, 2 threads)
  ...t=7.536e+09 tail sweep 17% (1000 pieces, 2 threads)
  ...t=7.536e+09 tail sweep 17% (1000 pieces, 2 threads)
  ...t=7.536e+09 tail sweep 17% (1000 pieces, 2 threads)
  ...t=7.536e+09 tail sweep 17% (1000 pieces, 2 threads)
  ...t=7.536e+09 tail sweep 25% (1500 pieces, 2 threads)
  ...t=7.536e+09 tail sweep 25% (1500 pieces, 2 threads)
  ...t=7.536e+09 tail sweep 25% (1500 pieces, 2 threads)
  ...t=7.536e+09 tail sweep 25% (1500 pieces, 2 threads)
  ...t=7.536e+09 tail sweep 33% (2000 pieces, 2 threads)
  ...t=7.536e+09 tail sweep 33% (2000 pieces, 2 threads)
  ...t=7.536e+09 tail sweep 33% (2000 pieces, 2 threads)
  ...t=7.536e+09 tail sweep 33% (2000 pieces, 2 threads)
  ...t=7.536e+09 tail sweep 41% (2500 pieces, 2 threads)
  ...t=7.536e+09 tail sweep 41% (2500 pieces, 2 threads)
  ...t=7.536e+09 tail sweep 41% (2500 pieces, 2 threads)
  ...t=7.536e+09 tail sweep 41% (2500 pieces, 2 threads)
  ...t=7.536e+09 tail sweep 50% (3000 pieces, 2 threads)
  ...t=7.536e+09 tail sweep 50% (3000 pieces, 2 threads)
  ...t=7.536e+09 tail sweep 50% (3000 pieces, 2 threads)
  ...t=7.536e+09 tail sweep 50% (3000 pieces, 2 threads)
  ...t=7.536e+09 tail sweep 58% (3500 pieces, 2 threads)
  ...t=7.536e+09 tail sweep 58% (3500 pieces, 2 threads)
  ...t=7.536e+09 tail sweep 58% (3500 pieces, 2 threads)
  ...t=7.536e+09 tail sweep 58% (3500 pieces, 2 threads)
  ...t=7.536e+09 tail sweep 66% (4000 pieces, 2 threads)
  ...t=7.536e+09 tail sweep 66% (4000 pieces, 2 threads)
  ...t=7.536e+09 tail sweep 66% (4000 pieces, 2 threads)
  ...t=7.536e+09 tail sweep 66% (4000 pieces, 2 threads)
  ...t=7.536e+09 tail sweep 74% (4500 pieces, 2 threads)
  ...t=7.536e+09 tail sweep 74% (4500 pieces, 2 threads)
  ...t=7.536e+09 tail sweep 74% (4500 pieces, 2 threads)
  ...t=7.536e+09 tail sweep 74% (4500 pieces, 2 threads)
  ...t=7.536e+09 tail sweep 83% (5000 pieces, 2 threads)
  ...t=7.536e+09 tail sweep 83% (5000 pieces, 2 threads)
  ...t=7.536e+09 tail sweep 83% (5000 pieces, 2 threads)
  ...t=7.536e+09 tail sweep 83% (5000 pieces, 2 threads)
  ...t=7.536e+09 tail sweep 91% (5500 pieces, 2 threads)
  ...t=7.536e+09 tail sweep 91% (5500 pieces, 2 threads)
  ...t=7.536e+09 tail sweep 91% (5500 pieces, 2 threads)
  ...t=7.536e+09 tail sweep 91% (5500 pieces, 2 threads)
  ...t=7.536e+09 tail sweep 99% (6000 pieces, 2 threads)
  ...t=7.536e+09 tail sweep 99% (6000 pieces, 2 threads)
  ...t=7.536e+09 tail sweep 99% (6000 pieces, 2 threads)
  ...t=7.536e+09 tail sweep 99% (6000 pieces, 2 threads)
  pt win=0 k=-10 x=7.536e+09 t=7536255888.28363 mnew=1.0000 mcert=1.0000 bexp=8.28e-04
  pt win=0 k=-9 x=7.536e+09 t=7536255888.78363 mnew=1.0000 mcert=1.0000 bexp=8.27e-04
  ...t=7.536e+09 tail sweep 8% (500 pieces, 2 threads)
  pt win=0 k=-11 x=7.536e+09 t=7536255887.78363 mnew=1.0000 mcert=1.0000 bexp=8.55e-04
  pt win=0 k=-12 x=7.536e+09 t=7536255887.28363 mnew=1.0000 mcert=1.0000 bexp=8.26e-04
  ...t=7.536e+09 tail sweep 8% (500 pieces, 2 threads)
  ...t=7.536e+09 tail sweep 8% (500 pieces, 2 threads)
  ...t=7.536e+09 tail sweep 8% (500 pieces, 2 threads)
  ...t=7.536e+09 tail sweep 17% (1000 pieces, 2 threads)
  ...t=7.536e+09 tail sweep 17% (1000 pieces, 2 threads)
  ...t=7.536e+09 tail sweep 17% (1000 pieces, 2 threads)
  ...t=7.536e+09 tail sweep 17% (1000 pieces, 2 threads)
  ...t=7.536e+09 tail sweep 25% (1500 pieces, 2 threads)
  ...t=7.536e+09 tail sweep 25% (1500 pieces, 2 threads)
  ...t=7.536e+09 tail sweep 25% (1500 pieces, 2 threads)
  ...t=7.536e+09 tail sweep 25% (1500 pieces, 2 threads)
  ...t=7.536e+09 tail sweep 33% (2000 pieces, 2 threads)
  ...t=7.536e+09 tail sweep 33% (2000 pieces, 2 threads)
  ...t=7.536e+09 tail sweep 33% (2000 pieces, 2 threads)
  ...t=7.536e+09 tail sweep 33% (2000 pieces, 2 threads)
  ...t=7.536e+09 tail sweep 41% (2500 pieces, 2 threads)
  ...t=7.536e+09 tail sweep 41% (2500 pieces, 2 threads)
  ...t=7.536e+09 tail sweep 41% (2500 pieces, 2 threads)
  ...t=7.536e+09 tail sweep 41% (2500 pieces, 2 threads)
  ...t=7.536e+09 tail sweep 50% (3000 pieces, 2 threads)
  ...t=7.536e+09 tail sweep 50% (3000 pieces, 2 threads)
  ...t=7.536e+09 tail sweep 50% (3000 pieces, 2 threads)
  ...t=7.536e+09 tail sweep 50% (3000 pieces, 2 threads)
  ...t=7.536e+09 tail sweep 58% (3500 pieces, 2 threads)
  ...t=7.536e+09 tail sweep 58% (3500 pieces, 2 threads)
  ...t=7.536e+09 tail sweep 58% (3500 pieces, 2 threads)
  ...t=7.536e+09 tail sweep 58% (3500 pieces, 2 threads)
  ...t=7.536e+09 tail sweep 66% (4000 pieces, 2 threads)
  ...t=7.536e+09 tail sweep 66% (4000 pieces, 2 threads)
  ...t=7.536e+09 tail sweep 66% (4000 pieces, 2 threads)
  ...t=7.536e+09 tail sweep 66% (4000 pieces, 2 threads)
  ...t=7.536e+09 tail sweep 74% (4500 pieces, 2 threads)
  ...t=7.536e+09 tail sweep 74% (4500 pieces, 2 threads)
  ...t=7.536e+09 tail sweep 74% (4500 pieces, 2 threads)
  ...t=7.536e+09 tail sweep 74% (4500 pieces, 2 threads)
  ...t=7.536e+09 tail sweep 83% (5000 pieces, 2 threads)
  ...t=7.536e+09 tail sweep 83% (5000 pieces, 2 threads)
  ...t=7.536e+09 tail sweep 83% (5000 pieces, 2 threads)
  ...t=7.536e+09 tail sweep 83% (5000 pieces, 2 threads)
  ...t=7.536e+09 tail sweep 91% (5500 pieces, 2 threads)
  ...t=7.536e+09 tail sweep 91% (5500 pieces, 2 threads)
  ...t=7.536e+09 tail sweep 91% (5500 pieces, 2 threads)
  ...t=7.536e+09 tail sweep 91% (5500 pieces, 2 threads)
  ...t=7.536e+09 tail sweep 99% (6000 pieces, 2 threads)
  ...t=7.536e+09 tail sweep 99% (6000 pieces, 2 threads)
  ...t=7.536e+09 tail sweep 99% (6000 pieces, 2 threads)
  ...t=7.536e+09 tail sweep 99% (6000 pieces, 2 threads)
  pt win=0 k=-7 x=7.536e+09 t=7536255889.78363 mnew=1.0000 mcert=1.0000 bexp=8.19e-04
  pt win=0 k=-8 x=7.536e+09 t=7536255889.28363 mnew=1.0000 mcert=1.0000 bexp=8.27e-04
  pt win=0 k=-6 x=7.536e+09 t=7536255890.28363 mnew=1.0000 mcert=1.0000 bexp=9.29e-04
  pt win=0 k=-5 x=7.536e+09 t=7536255890.78363 mnew=1.0000 mcert=1.0000 bexp=8.18e-04
  ...t=7.536e+09 tail sweep 8% (500 pieces, 2 threads)
  ...t=7.536e+09 tail sweep 8% (500 pieces, 2 threads)
  ...t=7.536e+09 tail sweep 8% (500 pieces, 2 threads)
  ...t=7.536e+09 tail sweep 8% (500 pieces, 2 threads)
  ...t=7.536e+09 tail sweep 17% (1000 pieces, 2 threads)
  ...t=7.536e+09 tail sweep 17% (1000 pieces, 2 threads)
  ...t=7.536e+09 tail sweep 17% (1000 pieces, 2 threads)
  ...t=7.536e+09 tail sweep 17% (1000 pieces, 2 threads)
  ...t=7.536e+09 tail sweep 25% (1500 pieces, 2 threads)
  ...t=7.536e+09 tail sweep 25% (1500 pieces, 2 threads)
  ...t=7.536e+09 tail sweep 25% (1500 pieces, 2 threads)
  ...t=7.536e+09 tail sweep 25% (1500 pieces, 2 threads)
  ...t=7.536e+09 tail sweep 33% (2000 pieces, 2 threads)
  ...t=7.536e+09 tail sweep 33% (2000 pieces, 2 threads)
  ...t=7.536e+09 tail sweep 33% (2000 pieces, 2 threads)
  ...t=7.536e+09 tail sweep 33% (2000 pieces, 2 threads)
  ...t=7.536e+09 tail sweep 41% (2500 pieces, 2 threads)
  ...t=7.536e+09 tail sweep 41% (2500 pieces, 2 threads)
  ...t=7.536e+09 tail sweep 41% (2500 pieces, 2 threads)
  ...t=7.536e+09 tail sweep 41% (2500 pieces, 2 threads)
  ...t=7.536e+09 tail sweep 50% (3000 pieces, 2 threads)
  ...t=7.536e+09 tail sweep 50% (3000 pieces, 2 threads)
  ...t=7.536e+09 tail sweep 50% (3000 pieces, 2 threads)
  ...t=7.536e+09 tail sweep 50% (3000 pieces, 2 threads)
  ...t=7.536e+09 tail sweep 58% (3500 pieces, 2 threads)
  ...t=7.536e+09 tail sweep 58% (3500 pieces, 2 threads)
  ...t=7.536e+09 tail sweep 58% (3500 pieces, 2 threads)
  ...t=7.536e+09 tail sweep 58% (3500 pieces, 2 threads)
  ...t=7.536e+09 tail sweep 66% (4000 pieces, 2 threads)
  ...t=7.536e+09 tail sweep 66% (4000 pieces, 2 threads)
  ...t=7.536e+09 tail sweep 66% (4000 pieces, 2 threads)
  ...t=7.536e+09 tail sweep 66% (4000 pieces, 2 threads)
  ...t=7.536e+09 tail sweep 74% (4500 pieces, 2 threads)
  ...t=7.536e+09 tail sweep 74% (4500 pieces, 2 threads)
  ...t=7.536e+09 tail sweep 74% (4500 pieces, 2 threads)
  ...t=7.536e+09 tail sweep 74% (4500 pieces, 2 threads)
  ...t=7.536e+09 tail sweep 83% (5000 pieces, 2 threads)
  ...t=7.536e+09 tail sweep 83% (5000 pieces, 2 threads)
  ...t=7.536e+09 tail sweep 83% (5000 pieces, 2 threads)
  ...t=7.536e+09 tail sweep 83% (5000 pieces, 2 threads)
  ...t=7.536e+09 tail sweep 91% (5500 pieces, 2 threads)
  ...t=7.536e+09 tail sweep 91% (5500 pieces, 2 threads)
  ...t=7.536e+09 tail sweep 91% (5500 pieces, 2 threads)
  ...t=7.536e+09 tail sweep 91% (5500 pieces, 2 threads)
  ...t=7.536e+09 tail sweep 99% (6000 pieces, 2 threads)
  ...t=7.536e+09 tail sweep 99% (6000 pieces, 2 threads)
  ...t=7.536e+09 tail sweep 99% (6000 pieces, 2 threads)
  ...t=7.536e+09 tail sweep 99% (6000 pieces, 2 threads)
  pt win=0 k=-3 x=7.536e+09 t=7536255891.78363 mnew=1.0000 mcert=1.0000 bexp=8.26e-04
  pt win=0 k=-2 x=7.536e+09 t=7536255892.28363 mnew=1.0000 mcert=1.0000 bexp=8.30e-04
  pt win=0 k=-4 x=7.536e+09 t=7536255891.28363 mnew=1.0000 mcert=1.0000 bexp=8.19e-04
  pt win=0 k=-1 x=7.536e+09 t=7536255892.78363 mnew=1.0000 mcert=1.0000 bexp=8.19e-04
  ...t=7.536e+09 tail sweep 8% (500 pieces, 2 threads)
  ...t=7.536e+09 tail sweep 8% (500 pieces, 2 threads)
  ...t=7.536e+09 tail sweep 8% (500 pieces, 2 threads)
  ...t=7.536e+09 tail sweep 8% (500 pieces, 2 threads)
  ...t=7.536e+09 tail sweep 17% (1000 pieces, 2 threads)
  ...t=7.536e+09 tail sweep 17% (1000 pieces, 2 threads)
  ...t=7.536e+09 tail sweep 17% (1000 pieces, 2 threads)
  ...t=7.536e+09 tail sweep 17% (1000 pieces, 2 threads)
  ...t=7.536e+09 tail sweep 25% (1500 pieces, 2 threads)
  ...t=7.536e+09 tail sweep 25% (1500 pieces, 2 threads)
  ...t=7.536e+09 tail sweep 25% (1500 pieces, 2 threads)
  ...t=7.536e+09 tail sweep 25% (1500 pieces, 2 threads)
  ...t=7.536e+09 tail sweep 33% (2000 pieces, 2 threads)
  ...t=7.536e+09 tail sweep 33% (2000 pieces, 2 threads)
  ...t=7.536e+09 tail sweep 33% (2000 pieces, 2 threads)
  ...t=7.536e+09 tail sweep 33% (2000 pieces, 2 threads)
  ...t=7.536e+09 tail sweep 41% (2500 pieces, 2 threads)
  ...t=7.536e+09 tail sweep 41% (2500 pieces, 2 threads)
  ...t=7.536e+09 tail sweep 41% (2500 pieces, 2 threads)
  ...t=7.536e+09 tail sweep 41% (2500 pieces, 2 threads)
  ...t=7.536e+09 tail sweep 50% (3000 pieces, 2 threads)
  ...t=7.536e+09 tail sweep 50% (3000 pieces, 2 threads)
  ...t=7.536e+09 tail sweep 50% (3000 pieces, 2 threads)
  ...t=7.536e+09 tail sweep 50% (3000 pieces, 2 threads)
  ...t=7.536e+09 tail sweep 58% (3500 pieces, 2 threads)
  ...t=7.536e+09 tail sweep 58% (3500 pieces, 2 threads)
  ...t=7.536e+09 tail sweep 58% (3500 pieces, 2 threads)
  ...t=7.536e+09 tail sweep 58% (3500 pieces, 2 threads)
  ...t=7.536e+09 tail sweep 66% (4000 pieces, 2 threads)
  ...t=7.536e+09 tail sweep 66% (4000 pieces, 2 threads)
  ...t=7.536e+09 tail sweep 66% (4000 pieces, 2 threads)
  ...t=7.536e+09 tail sweep 66% (4000 pieces, 2 threads)
  ...t=7.536e+09 tail sweep 74% (4500 pieces, 2 threads)
  ...t=7.536e+09 tail sweep 74% (4500 pieces, 2 threads)
  ...t=7.536e+09 tail sweep 74% (4500 pieces, 2 threads)
  ...t=7.536e+09 tail sweep 74% (4500 pieces, 2 threads)
  ...t=7.536e+09 tail sweep 83% (5000 pieces, 2 threads)
  ...t=7.536e+09 tail sweep 83% (5000 pieces, 2 threads)
  ...t=7.536e+09 tail sweep 83% (5000 pieces, 2 threads)
  ...t=7.536e+09 tail sweep 83% (5000 pieces, 2 threads)
  ...t=7.536e+09 tail sweep 91% (5500 pieces, 2 threads)
  ...t=7.536e+09 tail sweep 91% (5500 pieces, 2 threads)
  ...t=7.536e+09 tail sweep 91% (5500 pieces, 2 threads)
  ...t=7.536e+09 tail sweep 91% (5500 pieces, 2 threads)
  ...t=7.536e+09 tail sweep 99% (6000 pieces, 2 threads)
  ...t=7.536e+09 tail sweep 99% (6000 pieces, 2 threads)
  ...t=7.536e+09 tail sweep 99% (6000 pieces, 2 threads)
  ...t=7.536e+09 tail sweep 99% (6000 pieces, 2 threads)
  pt win=0 k=+1 x=7.536e+09 t=7536255893.78363 mnew=1.0000 mcert=1.0000 bexp=8.25e-04
  pt win=0 k=+3 x=7.536e+09 t=7536255894.78363 mnew=1.0000 mcert=1.0000 bexp=8.18e-04
  pt win=0 k=+4 x=7.536e+09 t=7536255895.28363 mnew=1.0000 mcert=1.0000 bexp=8.17e-04
H1_WINDOWS:  running  windows  11-13  (3  of  29)
resume:  window   0  (x=7536255893)  15/24  points  on disk
resume:  window   1  (x=8139156365)  0/24  points  on disk
resume:  window   2  (x=8790288874)  0/24  points  on disk
memguard:  MemAvailable  487.4  GiB,  reserve  28  GiB,  ~2.5  GiB/thread  x  2  threads  ->  allow  <=  10  contexts  (=  20  slab  threads;  11  GPU  clients  incl.  Xorg  vs  budget  11)
day038  gpu  H1-3e10:  FULL,  57  point  jobs  remaining (3  windows,  4  contexts  x  2  threads)
pids: parent=3078 workers=4 written to ckpt_h1_3e10/run.pids
overlap: 152/12626784 zeros differ by <=1.00 ulp (last byte,  rounding-level) --  those indices certified with dg x3
stitch: B from element 12626784 (first zero 1006346000.166784); overlap cross-check 12626632/12626784 byte-equal
tail3e10: L 52290633 + A 2792198664 + B' 3053546936 + C 3142622346 + D 92577877714 = 101618536293 zeros (812.9 GB); G_LAST = 30001045999.981976
overlap: 152/12626784 zeros differ by <=1.00 ulp (last byte,  rounding-level) --  those indices certified with dg x3
stitch: B from element 12626784 (first zero 1006346000.166784); overlap cross-check 12626632/12626784 byte-equal
tail3e10: L 52290633 + A 2792198664 + B' 3053546936 + C 3142622346 + D 92577877714 = 101618536293 zeros (812.9 GB); G_LAST = 30001045999.981976
overlap: 152/12626784 zeros differ by <=1.00 ulp (last byte,  rounding-level) --  those indices certified with dg x3
stitch: B from element 12626784 (first zero 1006346000.166784); overlap cross-check 12626632/12626784 byte-equal
tail3e10: L 52290633 + A 2792198664 + B' 3053546936 + C 3142622346 + D 92577877714 = 101618536293 zeros (812.9 GB); G_LAST = 30001045999.981976
overlap: 152/12626784 zeros differ by <=1.00 ulp (last byte,  rounding-level) --  those indices certified with dg x3
stitch: B from element 12626784 (first zero 1006346000.166784); overlap cross-check 12626632/12626784 byte-equal
tail3e10: L 52290633 + A 2792198664 + B' 3053546936 + C 3142622346 + D 92577877714 = 101618536293 zeros (812.9 GB); G_LAST = 30001045999.981976
  ...t=7.536e+09 tail sweep 8% (500 pieces, 2 threads)
  ...t=7.536e+09 tail sweep 8% (500 pieces, 2 threads)
  ...t=7.536e+09 tail sweep 8% (500 pieces, 2 threads)
  ...t=7.536e+09 tail sweep 8% (500 pieces, 2 threads)
  ...t=7.536e+09 tail sweep 17% (1000 pieces, 2 threads)
  ...t=7.536e+09 tail sweep 17% (1000 pieces, 2 threads)
  ...t=7.536e+09 tail sweep 17% (1000 pieces, 2 threads)
  ...t=7.536e+09 tail sweep 17% (1000 pieces, 2 threads)
  ...t=7.536e+09 tail sweep 25% (1500 pieces, 2 threads)
  ...t=7.536e+09 tail sweep 25% (1500 pieces, 2 threads)
  ...t=7.536e+09 tail sweep 25% (1500 pieces, 2 threads)
  ...t=7.536e+09 tail sweep 25% (1500 pieces, 2 threads)
  ...t=7.536e+09 tail sweep 33% (2000 pieces, 2 threads)
  ...t=7.536e+09 tail sweep 33% (2000 pieces, 2 threads)
  ...t=7.536e+09 tail sweep 33% (2000 pieces, 2 threads)
  ...t=7.536e+09 tail sweep 33% (2000 pieces, 2 threads)
  ...t=7.536e+09 tail sweep 41% (2500 pieces, 2 threads)
  ...t=7.536e+09 tail sweep 41% (2500 pieces, 2 threads)
  ...t=7.536e+09 tail sweep 41% (2500 pieces, 2 threads)
  ...t=7.536e+09 tail sweep 41% (2500 pieces, 2 threads)
  ...t=7.536e+09 tail sweep 50% (3000 pieces, 2 threads)
  ...t=7.536e+09 tail sweep 50% (3000 pieces, 2 threads)
  ...t=7.536e+09 tail sweep 50% (3000 pieces, 2 threads)
  ...t=7.536e+09 tail sweep 50% (3000 pieces, 2 threads)
  ...t=7.536e+09 tail sweep 58% (3500 pieces, 2 threads)
  ...t=7.536e+09 tail sweep 58% (3500 pieces, 2 threads)
  ...t=7.536e+09 tail sweep 58% (3500 pieces, 2 threads)
  ...t=7.536e+09 tail sweep 58% (3500 pieces, 2 threads)
  ...t=7.536e+09 tail sweep 66% (4000 pieces, 2 threads)
  ...t=7.536e+09 tail sweep 66% (4000 pieces, 2 threads)
  ...t=7.536e+09 tail sweep 66% (4000 pieces, 2 threads)
  ...t=7.536e+09 tail sweep 66% (4000 pieces, 2 threads)
  ...t=7.536e+09 tail sweep 74% (4500 pieces, 2 threads)
  ...t=7.536e+09 tail sweep 74% (4500 pieces, 2 threads)
  ...t=7.536e+09 tail sweep 74% (4500 pieces, 2 threads)
  ...t=7.536e+09 tail sweep 74% (4500 pieces, 2 threads)
  ...t=7.536e+09 tail sweep 83% (5000 pieces, 2 threads)
  ...t=7.536e+09 tail sweep 83% (5000 pieces, 2 threads)
  ...t=7.536e+09 tail sweep 83% (5000 pieces, 2 threads)
  ...t=7.536e+09 tail sweep 83% (5000 pieces, 2 threads)
  ...t=7.536e+09 tail sweep 91% (5500 pieces, 2 threads)
  ...t=7.536e+09 tail sweep 91% (5500 pieces, 2 threads)
  ...t=7.536e+09 tail sweep 91% (5500 pieces, 2 threads)
  ...t=7.536e+09 tail sweep 91% (5500 pieces, 2 threads)
  ...t=7.536e+09 tail sweep 99% (6000 pieces, 2 threads)
  ...t=7.536e+09 tail sweep 99% (6000 pieces, 2 threads)
  ...t=7.536e+09 tail sweep 99% (6000 pieces, 2 threads)
  ...t=7.536e+09 tail sweep 99% (6000 pieces, 2 threads)
  pt win=0 k=+7 x=7.536e+09 t=7536255896.78363 mnew=1.0000 mcert=1.0000 bexp=8.61e-04
  pt win=0 k=+2 x=7.536e+09 t=7536255894.28363 mnew=1.0000 mcert=1.0000 bexp=8.20e-04
  pt win=0 k=+6 x=7.536e+09 t=7536255896.28363 mnew=1.0000 mcert=1.0000 bexp=8.50e-04
  pt win=0 k=+5 x=7.536e+09 t=7536255895.78363 mnew=1.0000 mcert=1.0000 bexp=8.24e-04
  ...t=7.536e+09 tail sweep 8% (500 pieces, 2 threads)
  ...t=7.536e+09 tail sweep 8% (500 pieces, 2 threads)
  ...t=7.536e+09 tail sweep 8% (500 pieces, 2 threads)
  ...t=7.536e+09 tail sweep 8% (500 pieces, 2 threads)
  ...t=7.536e+09 tail sweep 17% (1000 pieces, 2 threads)
  ...t=7.536e+09 tail sweep 17% (1000 pieces, 2 threads)
  ...t=7.536e+09 tail sweep 17% (1000 pieces, 2 threads)
  ...t=7.536e+09 tail sweep 17% (1000 pieces, 2 threads)
  ...t=7.536e+09 tail sweep 25% (1500 pieces, 2 threads)
  ...t=7.536e+09 tail sweep 25% (1500 pieces, 2 threads)
  ...t=7.536e+09 tail sweep 25% (1500 pieces, 2 threads)
  ...t=7.536e+09 tail sweep 25% (1500 pieces, 2 threads)
  ...t=7.536e+09 tail sweep 33% (2000 pieces, 2 threads)
  ...t=7.536e+09 tail sweep 33% (2000 pieces, 2 threads)
  ...t=7.536e+09 tail sweep 33% (2000 pieces, 2 threads)
  ...t=7.536e+09 tail sweep 33% (2000 pieces, 2 threads)
  ...t=7.536e+09 tail sweep 41% (2500 pieces, 2 threads)
  ...t=7.536e+09 tail sweep 41% (2500 pieces, 2 threads)
  ...t=7.536e+09 tail sweep 41% (2500 pieces, 2 threads)
  ...t=7.536e+09 tail sweep 41% (2500 pieces, 2 threads)
  ...t=7.536e+09 tail sweep 50% (3000 pieces, 2 threads)
  ...t=7.536e+09 tail sweep 50% (3000 pieces, 2 threads)
  ...t=7.536e+09 tail sweep 50% (3000 pieces, 2 threads)
  ...t=7.536e+09 tail sweep 50% (3000 pieces, 2 threads)
  ...t=7.536e+09 tail sweep 58% (3500 pieces, 2 threads)
  ...t=7.536e+09 tail sweep 58% (3500 pieces, 2 threads)
  ...t=7.536e+09 tail sweep 58% (3500 pieces, 2 threads)
  ...t=7.536e+09 tail sweep 58% (3500 pieces, 2 threads)
  ...t=7.536e+09 tail sweep 66% (4000 pieces, 2 threads)
  ...t=7.536e+09 tail sweep 66% (4000 pieces, 2 threads)
  ...t=7.536e+09 tail sweep 66% (4000 pieces, 2 threads)
  ...t=7.536e+09 tail sweep 66% (4000 pieces, 2 threads)
  ...t=7.536e+09 tail sweep 74% (4500 pieces, 2 threads)
  ...t=7.536e+09 tail sweep 74% (4500 pieces, 2 threads)
  ...t=7.536e+09 tail sweep 74% (4500 pieces, 2 threads)
  ...t=7.536e+09 tail sweep 74% (4500 pieces, 2 threads)
  ...t=7.536e+09 tail sweep 83% (5000 pieces, 2 threads)
  ...t=7.536e+09 tail sweep 83% (5000 pieces, 2 threads)
  ...t=7.536e+09 tail sweep 83% (5000 pieces, 2 threads)
  ...t=7.536e+09 tail sweep 83% (5000 pieces, 2 threads)
  ...t=7.536e+09 tail sweep 91% (5500 pieces, 2 threads)
  ...t=7.536e+09 tail sweep 91% (5500 pieces, 2 threads)
  ...t=7.536e+09 tail sweep 91% (5500 pieces, 2 threads)
  ...t=7.536e+09 tail sweep 91% (5500 pieces, 2 threads)
  ...t=7.536e+09 tail sweep 99% (6000 pieces, 2 threads)
  ...t=7.536e+09 tail sweep 99% (6000 pieces, 2 threads)
  ...t=7.536e+09 tail sweep 99% (6000 pieces, 2 threads)
  ...t=7.536e+09 tail sweep 99% (6000 pieces, 2 threads)
  pt win=0 k=+8 x=7.536e+09 t=7536255897.28363 mnew=1.0000 mcert=1.0000 bexp=8.48e-04
  pt win=0 k=+9 x=7.536e+09 t=7536255897.78363 mnew=1.0000 mcert=1.0000 bexp=8.24e-04
  pt win=0 k=+11 x=7.536e+09 t=7536255898.78363 mnew=1.0000 mcert=1.0000 bexp=8.19e-04
  pt win=0 k=+10 x=7.536e+09 t=7536255898.28363 mnew=1.0000 mcert=1.0000 bexp=8.19e-04
  ...t=8.139e+09 tail sweep 8% (500 pieces, 2 threads)
  ...t=7.536e+09 tail sweep 8% (500 pieces, 2 threads)
  ...t=8.139e+09 tail sweep 8% (500 pieces, 2 threads)
  ...t=8.139e+09 tail sweep 8% (500 pieces, 2 threads)
  ...t=8.139e+09 tail sweep 17% (1000 pieces, 2 threads)
  ...t=8.139e+09 tail sweep 17% (1000 pieces, 2 threads)
  ...t=8.139e+09 tail sweep 17% (1000 pieces, 2 threads)
  ...t=7.536e+09 tail sweep 17% (1000 pieces, 2 threads)
  ...t=8.139e+09 tail sweep 25% (1500 pieces, 2 threads)
  ...t=8.139e+09 tail sweep 25% (1500 pieces, 2 threads)
  ...t=8.139e+09 tail sweep 25% (1500 pieces, 2 threads)
  ...t=7.536e+09 tail sweep 25% (1500 pieces, 2 threads)
  ...t=8.139e+09 tail sweep 33% (2000 pieces, 2 threads)
  ...t=7.536e+09 tail sweep 33% (2000 pieces, 2 threads)
  ...t=8.139e+09 tail sweep 33% (2000 pieces, 2 threads)
  ...t=8.139e+09 tail sweep 33% (2000 pieces, 2 threads)
  ...t=8.139e+09 tail sweep 41% (2500 pieces, 2 threads)
  ...t=7.536e+09 tail sweep 41% (2500 pieces, 2 threads)
  ...t=8.139e+09 tail sweep 41% (2500 pieces, 2 threads)
  ...t=8.139e+09 tail sweep 41% (2500 pieces, 2 threads)
  ...t=8.139e+09 tail sweep 50% (3000 pieces, 2 threads)
  ...t=8.139e+09 tail sweep 50% (3000 pieces, 2 threads)
  ...t=7.536e+09 tail sweep 50% (3000 pieces, 2 threads)
  ...t=8.139e+09 tail sweep 50% (3000 pieces, 2 threads)
  ...t=8.139e+09 tail sweep 58% (3500 pieces, 2 threads)
  ...t=8.139e+09 tail sweep 58% (3500 pieces, 2 threads)
  ...t=8.139e+09 tail sweep 58% (3500 pieces, 2 threads)
  ...t=7.536e+09 tail sweep 58% (3500 pieces, 2 threads)
  ...t=8.139e+09 tail sweep 66% (4000 pieces, 2 threads)
  ...t=8.139e+09 tail sweep 66% (4000 pieces, 2 threads)
  ...t=8.139e+09 tail sweep 66% (4000 pieces, 2 threads)
  ...t=7.536e+09 tail sweep 66% (4000 pieces, 2 threads)
  ...t=8.139e+09 tail sweep 74% (4500 pieces, 2 threads)
  ...t=8.139e+09 tail sweep 74% (4500 pieces, 2 threads)
  ...t=7.536e+09 tail sweep 74% (4500 pieces, 2 threads)
  ...t=8.139e+09 tail sweep 74% (4500 pieces, 2 threads)
  ...t=8.139e+09 tail sweep 83% (5000 pieces, 2 threads)
  ...t=8.139e+09 tail sweep 83% (5000 pieces, 2 threads)
  ...t=7.536e+09 tail sweep 83% (5000 pieces, 2 threads)  ...t=8.139e+09 tail sweep 83% (5000 pieces, 2 threads)

  ...t=8.139e+09 tail sweep 91% (5500 pieces, 2 threads)
  ...t=7.536e+09 tail sweep 91% (5500 pieces, 2 threads)
  ...t=8.139e+09 tail sweep 91% (5500 pieces, 2 threads)
  ...t=8.139e+09 tail sweep 91% (5500 pieces, 2 threads)
  ...t=8.139e+09 tail sweep 99% (6000 pieces, 2 threads)
  ...t=7.536e+09 tail sweep 99% (6000 pieces, 2 threads)
  ...t=8.139e+09 tail sweep 99% (6000 pieces, 2 threads)
  ...t=8.139e+09 tail sweep 99% (6000 pieces, 2 threads)
  pt win=0 k=+12 x=7.536e+09 t=7536255899.28363 mnew=1.0000 mcert=1.0000 bexp=8.21e-04
  pt win=1 k=-10 x=8.139e+09 t=8139156359.58026 mnew=1.0000 mcert=1.0000 bexp=8.85e-04
  pt win=1 k=-11 x=8.139e+09 t=8139156359.08026 mnew=1.0000 mcert=1.0000 bexp=8.73e-04
  pt win=1 k=-12 x=8.139e+09 t=8139156358.58026 mnew=1.0000 mcert=1.0000 bexp=9.02e-04
  ...t=8.139e+09 tail sweep 8% (500 pieces, 2 threads)
  ...t=8.139e+09 tail sweep 8% (500 pieces, 2 threads)
  ...t=8.139e+09 tail sweep 8% (500 pieces, 2 threads)
  ...t=8.139e+09 tail sweep 8% (500 pieces, 2 threads)
  ...t=8.139e+09 tail sweep 17% (1000 pieces, 2 threads)
  ...t=8.139e+09 tail sweep 17% (1000 pieces, 2 threads)
  ...t=8.139e+09 tail sweep 17% (1000 pieces, 2 threads)
  ...t=8.139e+09 tail sweep 17% (1000 pieces, 2 threads)
  ...t=8.139e+09 tail sweep 25% (1500 pieces, 2 threads)
  ...t=8.139e+09 tail sweep 25% (1500 pieces, 2 threads)
  ...t=8.139e+09 tail sweep 25% (1500 pieces, 2 threads)
  ...t=8.139e+09 tail sweep 25% (1500 pieces, 2 threads)
  ...t=8.139e+09 tail sweep 33% (2000 pieces, 2 threads)
  ...t=8.139e+09 tail sweep 33% (2000 pieces, 2 threads)
  ...t=8.139e+09 tail sweep 33% (2000 pieces, 2 threads)
  ...t=8.139e+09 tail sweep 33% (2000 pieces, 2 threads)
  ...t=8.139e+09 tail sweep 41% (2500 pieces, 2 threads)
  ...t=8.139e+09 tail sweep 41% (2500 pieces, 2 threads)
  ...t=8.139e+09 tail sweep 41% (2500 pieces, 2 threads)
  ...t=8.139e+09 tail sweep 41% (2500 pieces, 2 threads)
  ...t=8.139e+09 tail sweep 50% (3000 pieces, 2 threads)
  ...t=8.139e+09 tail sweep 50% (3000 pieces, 2 threads)
  ...t=8.139e+09 tail sweep 50% (3000 pieces, 2 threads)
  ...t=8.139e+09 tail sweep 50% (3000 pieces, 2 threads)
  ...t=8.139e+09 tail sweep 58% (3500 pieces, 2 threads)
  ...t=8.139e+09 tail sweep 58% (3500 pieces, 2 threads)
  ...t=8.139e+09 tail sweep 58% (3500 pieces, 2 threads)
  ...t=8.139e+09 tail sweep 58% (3500 pieces, 2 threads)
  ...t=8.139e+09 tail sweep 66% (4000 pieces, 2 threads)
  ...t=8.139e+09 tail sweep 66% (4000 pieces, 2 threads)
  ...t=8.139e+09 tail sweep 66% (4000 pieces, 2 threads)
  ...t=8.139e+09 tail sweep 66% (4000 pieces, 2 threads)
  ...t=8.139e+09 tail sweep 74% (4500 pieces, 2 threads)
  ...t=8.139e+09 tail sweep 74% (4500 pieces, 2 threads)
  ...t=8.139e+09 tail sweep 74% (4500 pieces, 2 threads)
  ...t=8.139e+09 tail sweep 74% (4500 pieces, 2 threads)
  ...t=8.139e+09 tail sweep 83% (5000 pieces, 2 threads)
  ...t=8.139e+09 tail sweep 83% (5000 pieces, 2 threads)
  ...t=8.139e+09 tail sweep 83% (5000 pieces, 2 threads)
  ...t=8.139e+09 tail sweep 83% (5000 pieces, 2 threads)
  ...t=8.139e+09 tail sweep 91% (5500 pieces, 2 threads)
  ...t=8.139e+09 tail sweep 91% (5500 pieces, 2 threads)
  ...t=8.139e+09 tail sweep 91% (5500 pieces, 2 threads)
  ...t=8.139e+09 tail sweep 91% (5500 pieces, 2 threads)
  ...t=8.139e+09 tail sweep 99% (6000 pieces, 2 threads)
  ...t=8.139e+09 tail sweep 99% (6000 pieces, 2 threads)
  ...t=8.139e+09 tail sweep 99% (6000 pieces, 2 threads)
  ...t=8.139e+09 tail sweep 99% (6000 pieces, 2 threads)
  pt win=1 k=-8 x=8.139e+09 t=8139156360.58026 mnew=1.0000 mcert=1.0000 bexp=8.89e-04
  pt win=1 k=-6 x=8.139e+09 t=8139156361.58026 mnew=1.0000 mcert=1.0000 bexp=8.79e-04
  pt win=1 k=-7 x=8.139e+09 t=8139156361.08026 mnew=1.0000 mcert=1.0000 bexp=8.77e-04
  pt win=1 k=-9 x=8.139e+09 t=8139156360.08026 mnew=1.0000 mcert=1.0000 bexp=3.55e-03
  ...t=8.139e+09 tail sweep 8% (500 pieces, 2 threads)
  ...t=8.139e+09 tail sweep 8% (500 pieces, 2 threads)
  ...t=8.139e+09 tail sweep 8% (500 pieces, 2 threads)
  ...t=8.139e+09 tail sweep 8% (500 pieces, 2 threads)
  ...t=8.139e+09 tail sweep 17% (1000 pieces, 2 threads)
  ...t=8.139e+09 tail sweep 17% (1000 pieces, 2 threads)
  ...t=8.139e+09 tail sweep 17% (1000 pieces, 2 threads)
  ...t=8.139e+09 tail sweep 17% (1000 pieces, 2 threads)
  ...t=8.139e+09 tail sweep 25% (1500 pieces, 2 threads)
  ...t=8.139e+09 tail sweep 25% (1500 pieces, 2 threads)
  ...t=8.139e+09 tail sweep 25% (1500 pieces, 2 threads)
  ...t=8.139e+09 tail sweep 25% (1500 pieces, 2 threads)
  ...t=8.139e+09 tail sweep 33% (2000 pieces, 2 threads)
  ...t=8.139e+09 tail sweep 33% (2000 pieces, 2 threads)
  ...t=8.139e+09 tail sweep 33% (2000 pieces, 2 threads)
  ...t=8.139e+09 tail sweep 33% (2000 pieces, 2 threads)
  ...t=8.139e+09 tail sweep 41% (2500 pieces, 2 threads)
  ...t=8.139e+09 tail sweep 41% (2500 pieces, 2 threads)
  ...t=8.139e+09 tail sweep 41% (2500 pieces, 2 threads)
  ...t=8.139e+09 tail sweep 41% (2500 pieces, 2 threads)
  ...t=8.139e+09 tail sweep 50% (3000 pieces, 2 threads)
  ...t=8.139e+09 tail sweep 50% (3000 pieces, 2 threads)
  ...t=8.139e+09 tail sweep 50% (3000 pieces, 2 threads)
  ...t=8.139e+09 tail sweep 50% (3000 pieces, 2 threads)
  ...t=8.139e+09 tail sweep 58% (3500 pieces, 2 threads)
  ...t=8.139e+09 tail sweep 58% (3500 pieces, 2 threads)
  ...t=8.139e+09 tail sweep 58% (3500 pieces, 2 threads)
  ...t=8.139e+09 tail sweep 58% (3500 pieces, 2 threads)
  ...t=8.139e+09 tail sweep 66% (4000 pieces, 2 threads)
  ...t=8.139e+09 tail sweep 66% (4000 pieces, 2 threads)
  ...t=8.139e+09 tail sweep 66% (4000 pieces, 2 threads)
  ...t=8.139e+09 tail sweep 66% (4000 pieces, 2 threads)
  ...t=8.139e+09 tail sweep 74% (4500 pieces, 2 threads)
  ...t=8.139e+09 tail sweep 74% (4500 pieces, 2 threads)
  ...t=8.139e+09 tail sweep 74% (4500 pieces, 2 threads)
  ...t=8.139e+09 tail sweep 74% (4500 pieces, 2 threads)
  ...t=8.139e+09 tail sweep 83% (5000 pieces, 2 threads)
  ...t=8.139e+09 tail sweep 83% (5000 pieces, 2 threads)
  ...t=8.139e+09 tail sweep 83% (5000 pieces, 2 threads)
  ...t=8.139e+09 tail sweep 83% (5000 pieces, 2 threads)
  ...t=8.139e+09 tail sweep 91% (5500 pieces, 2 threads)
  ...t=8.139e+09 tail sweep 91% (5500 pieces, 2 threads)
  ...t=8.139e+09 tail sweep 91% (5500 pieces, 2 threads)
  ...t=8.139e+09 tail sweep 91% (5500 pieces, 2 threads)
  ...t=8.139e+09 tail sweep 99% (6000 pieces, 2 threads)
  ...t=8.139e+09 tail sweep 99% (6000 pieces, 2 threads)
  ...t=8.139e+09 tail sweep 99% (6000 pieces, 2 threads)
  ...t=8.139e+09 tail sweep 99% (6000 pieces, 2 threads)
  pt win=1 k=-3 x=8.139e+09 t=8139156363.08026 mnew=1.0000 mcert=1.0000 bexp=8.84e-04
  pt win=1 k=-2 x=8.139e+09 t=8139156363.58026 mnew=1.0000 mcert=1.0000 bexp=8.79e-04
  pt win=1 k=-4 x=8.139e+09 t=8139156362.58026 mnew=1.0000 mcert=1.0000 bexp=9.05e-04
  pt win=1 k=-5 x=8.139e+09 t=8139156362.08026 mnew=1.0000 mcert=1.0000 bexp=8.82e-04
  ...t=8.139e+09 tail sweep 8% (500 pieces, 2 threads)
  ...t=8.139e+09 tail sweep 8% (500 pieces, 2 threads)
  ...t=8.139e+09 tail sweep 8% (500 pieces, 2 threads)
  ...t=8.139e+09 tail sweep 8% (500 pieces, 2 threads)
  ...t=8.139e+09 tail sweep 17% (1000 pieces, 2 threads)
  ...t=8.139e+09 tail sweep 17% (1000 pieces, 2 threads)
  ...t=8.139e+09 tail sweep 17% (1000 pieces, 2 threads)
  ...t=8.139e+09 tail sweep 17% (1000 pieces, 2 threads)
  ...t=8.139e+09 tail sweep 25% (1500 pieces, 2 threads)
  ...t=8.139e+09 tail sweep 25% (1500 pieces, 2 threads)
  ...t=8.139e+09 tail sweep 25% (1500 pieces, 2 threads)
  ...t=8.139e+09 tail sweep 25% (1500 pieces, 2 threads)
  ...t=8.139e+09 tail sweep 33% (2000 pieces, 2 threads)
  ...t=8.139e+09 tail sweep 33% (2000 pieces, 2 threads)
  ...t=8.139e+09 tail sweep 33% (2000 pieces, 2 threads)
  ...t=8.139e+09 tail sweep 33% (2000 pieces, 2 threads)
  ...t=8.139e+09 tail sweep 41% (2500 pieces, 2 threads)
  ...t=8.139e+09 tail sweep 41% (2500 pieces, 2 threads)
  ...t=8.139e+09 tail sweep 41% (2500 pieces, 2 threads)
  ...t=8.139e+09 tail sweep 41% (2500 pieces, 2 threads)
  ...t=8.139e+09 tail sweep 50% (3000 pieces, 2 threads)
  ...t=8.139e+09 tail sweep 50% (3000 pieces, 2 threads)
  ...t=8.139e+09 tail sweep 50% (3000 pieces, 2 threads)
  ...t=8.139e+09 tail sweep 50% (3000 pieces, 2 threads)
  ...t=8.139e+09 tail sweep 58% (3500 pieces, 2 threads)
  ...t=8.139e+09 tail sweep 58% (3500 pieces, 2 threads)
  ...t=8.139e+09 tail sweep 58% (3500 pieces, 2 threads)
  ...t=8.139e+09 tail sweep 58% (3500 pieces, 2 threads)
  ...t=8.139e+09 tail sweep 66% (4000 pieces, 2 threads)
  ...t=8.139e+09 tail sweep 66% (4000 pieces, 2 threads)
  ...t=8.139e+09 tail sweep 66% (4000 pieces, 2 threads)
  ...t=8.139e+09 tail sweep 66% (4000 pieces, 2 threads)
  ...t=8.139e+09 tail sweep 74% (4500 pieces, 2 threads)
  ...t=8.139e+09 tail sweep 74% (4500 pieces, 2 threads)
  ...t=8.139e+09 tail sweep 74% (4500 pieces, 2 threads)
  ...t=8.139e+09 tail sweep 74% (4500 pieces, 2 threads)
  ...t=8.139e+09 tail sweep 83% (5000 pieces, 2 threads)
  ...t=8.139e+09 tail sweep 83% (5000 pieces, 2 threads)
  ...t=8.139e+09 tail sweep 83% (5000 pieces, 2 threads)
  ...t=8.139e+09 tail sweep 83% (5000 pieces, 2 threads)
  ...t=8.139e+09 tail sweep 91% (5500 pieces, 2 threads)
  ...t=8.139e+09 tail sweep 91% (5500 pieces, 2 threads)
  ...t=8.139e+09 tail sweep 91% (5500 pieces, 2 threads)
  ...t=8.139e+09 tail sweep 91% (5500 pieces, 2 threads)
  ...t=8.139e+09 tail sweep 99% (6000 pieces, 2 threads)
  ...t=8.139e+09 tail sweep 99% (6000 pieces, 2 threads)
  ...t=8.139e+09 tail sweep 99% (6000 pieces, 2 threads)
  ...t=8.139e+09 tail sweep 99% (6000 pieces, 2 threads)
  pt win=1 k=+2 x=8.139e+09 t=8139156365.58026 mnew=1.0000 mcert=1.0000 bexp=8.78e-04
  pt win=1 k=+1 x=8.139e+09 t=8139156365.08026 mnew=1.0000 mcert=1.0000 bexp=8.80e-04
  pt win=1 k=+3 x=8.139e+09 t=8139156366.08026 mnew=1.0000 mcert=1.0000 bexp=8.78e-04
  pt win=1 k=-1 x=8.139e+09 t=8139156364.08026 mnew=1.0000 mcert=1.0000 bexp=9.02e-04
  ...t=8.139e+09 tail sweep 8% (500 pieces, 2 threads)
  ...t=8.139e+09 tail sweep 8% (500 pieces, 2 threads)
  ...t=8.139e+09 tail sweep 8% (500 pieces, 2 threads)
  ...t=8.139e+09 tail sweep 8% (500 pieces, 2 threads)
  ...t=8.139e+09 tail sweep 17% (1000 pieces, 2 threads)
  ...t=8.139e+09 tail sweep 17% (1000 pieces, 2 threads)
  ...t=8.139e+09 tail sweep 17% (1000 pieces, 2 threads)
  ...t=8.139e+09 tail sweep 17% (1000 pieces, 2 threads)
  ...t=8.139e+09 tail sweep 25% (1500 pieces, 2 threads)
  ...t=8.139e+09 tail sweep 25% (1500 pieces, 2 threads)
  ...t=8.139e+09 tail sweep 25% (1500 pieces, 2 threads)
  ...t=8.139e+09 tail sweep 25% (1500 pieces, 2 threads)
  ...t=8.139e+09 tail sweep 33% (2000 pieces, 2 threads)
  ...t=8.139e+09 tail sweep 33% (2000 pieces, 2 threads)
  ...t=8.139e+09 tail sweep 33% (2000 pieces, 2 threads)
  ...t=8.139e+09 tail sweep 33% (2000 pieces, 2 threads)
  ...t=8.139e+09 tail sweep 41% (2500 pieces, 2 threads)
  ...t=8.139e+09 tail sweep 41% (2500 pieces, 2 threads)
  ...t=8.139e+09 tail sweep 41% (2500 pieces, 2 threads)
  ...t=8.139e+09 tail sweep 41% (2500 pieces, 2 threads)
  ...t=8.139e+09 tail sweep 50% (3000 pieces, 2 threads)
  ...t=8.139e+09 tail sweep 50% (3000 pieces, 2 threads)
  ...t=8.139e+09 tail sweep 50% (3000 pieces, 2 threads)
  ...t=8.139e+09 tail sweep 50% (3000 pieces, 2 threads)
  ...t=8.139e+09 tail sweep 58% (3500 pieces, 2 threads)
  ...t=8.139e+09 tail sweep 58% (3500 pieces, 2 threads)
  ...t=8.139e+09 tail sweep 58% (3500 pieces, 2 threads)
  ...t=8.139e+09 tail sweep 58% (3500 pieces, 2 threads)
  ...t=8.139e+09 tail sweep 66% (4000 pieces, 2 threads)
  ...t=8.139e+09 tail sweep 66% (4000 pieces, 2 threads)
  ...t=8.139e+09 tail sweep 66% (4000 pieces, 2 threads)
  ...t=8.139e+09 tail sweep 66% (4000 pieces, 2 threads)
  ...t=8.139e+09 tail sweep 74% (4500 pieces, 2 threads)
  ...t=8.139e+09 tail sweep 74% (4500 pieces, 2 threads)
  ...t=8.139e+09 tail sweep 74% (4500 pieces, 2 threads)
  ...t=8.139e+09 tail sweep 74% (4500 pieces, 2 threads)
  ...t=8.139e+09 tail sweep 83% (5000 pieces, 2 threads)
  ...t=8.139e+09 tail sweep 83% (5000 pieces, 2 threads)
  ...t=8.139e+09 tail sweep 83% (5000 pieces, 2 threads)
  ...t=8.139e+09 tail sweep 83% (5000 pieces, 2 threads)
  ...t=8.139e+09 tail sweep 91% (5500 pieces, 2 threads)
  ...t=8.139e+09 tail sweep 91% (5500 pieces, 2 threads)
  ...t=8.139e+09 tail sweep 91% (5500 pieces, 2 threads)
  ...t=8.139e+09 tail sweep 91% (5500 pieces, 2 threads)
  ...t=8.139e+09 tail sweep 99% (6000 pieces, 2 threads)
  ...t=8.139e+09 tail sweep 99% (6000 pieces, 2 threads)
  ...t=8.139e+09 tail sweep 99% (6000 pieces, 2 threads)
  ...t=8.139e+09 tail sweep 99% (6000 pieces, 2 threads)
  pt win=1 k=+5 x=8.139e+09 t=8139156367.08026 mnew=1.0000 mcert=1.0000 bexp=8.82e-04
  pt win=1 k=+4 x=8.139e+09 t=8139156366.58026 mnew=1.0000 mcert=1.0000 bexp=9.02e-04
  pt win=1 k=+6 x=8.139e+09 t=8139156367.58026 mnew=1.0000 mcert=1.0000 bexp=8.81e-04
  pt win=1 k=+7 x=8.139e+09 t=8139156368.08026 mnew=1.0000 mcert=1.0000 bexp=8.78e-04
  ...t=8.139e+09 tail sweep 8% (500 pieces, 2 threads)
  ...t=8.139e+09 tail sweep 8% (500 pieces, 2 threads)
  ...t=8.139e+09 tail sweep 8% (500 pieces, 2 threads)
  ...t=8.139e+09 tail sweep 8% (500 pieces, 2 threads)
  ...t=8.139e+09 tail sweep 17% (1000 pieces, 2 threads)
  ...t=8.139e+09 tail sweep 17% (1000 pieces, 2 threads)
  ...t=8.139e+09 tail sweep 17% (1000 pieces, 2 threads)
  ...t=8.139e+09 tail sweep 17% (1000 pieces, 2 threads)
  ...t=8.139e+09 tail sweep 25% (1500 pieces, 2 threads)
  ...t=8.139e+09 tail sweep 25% (1500 pieces, 2 threads)
  ...t=8.139e+09 tail sweep 25% (1500 pieces, 2 threads)
  ...t=8.139e+09 tail sweep 25% (1500 pieces, 2 threads)
  ...t=8.139e+09 tail sweep 33% (2000 pieces, 2 threads)
  ...t=8.139e+09 tail sweep 33% (2000 pieces, 2 threads)
  ...t=8.139e+09 tail sweep 33% (2000 pieces, 2 threads)
  ...t=8.139e+09 tail sweep 33% (2000 pieces, 2 threads)
  ...t=8.139e+09 tail sweep 41% (2500 pieces, 2 threads)
  ...t=8.139e+09 tail sweep 41% (2500 pieces, 2 threads)
  ...t=8.139e+09 tail sweep 41% (2500 pieces, 2 threads)
  ...t=8.139e+09 tail sweep 41% (2500 pieces, 2 threads)
  ...t=8.139e+09 tail sweep 50% (3000 pieces, 2 threads)
  ...t=8.139e+09 tail sweep 50% (3000 pieces, 2 threads)
  ...t=8.139e+09 tail sweep 50% (3000 pieces, 2 threads)
  ...t=8.139e+09 tail sweep 50% (3000 pieces, 2 threads)
  ...t=8.139e+09 tail sweep 58% (3500 pieces, 2 threads)
  ...t=8.139e+09 tail sweep 58% (3500 pieces, 2 threads)
  ...t=8.139e+09 tail sweep 58% (3500 pieces, 2 threads)
  ...t=8.139e+09 tail sweep 58% (3500 pieces, 2 threads)
  ...t=8.139e+09 tail sweep 66% (4000 pieces, 2 threads)
  ...t=8.139e+09 tail sweep 66% (4000 pieces, 2 threads)
  ...t=8.139e+09 tail sweep 66% (4000 pieces, 2 threads)
  ...t=8.139e+09 tail sweep 66% (4000 pieces, 2 threads)
  ...t=8.139e+09 tail sweep 74% (4500 pieces, 2 threads)
  ...t=8.139e+09 tail sweep 74% (4500 pieces, 2 threads)
  ...t=8.139e+09 tail sweep 74% (4500 pieces, 2 threads)
  ...t=8.139e+09 tail sweep 74% (4500 pieces, 2 threads)
  ...t=8.139e+09 tail sweep 83% (5000 pieces, 2 threads)
  ...t=8.139e+09 tail sweep 83% (5000 pieces, 2 threads)
  ...t=8.139e+09 tail sweep 83% (5000 pieces, 2 threads)
  ...t=8.139e+09 tail sweep 83% (5000 pieces, 2 threads)
  ...t=8.139e+09 tail sweep 91% (5500 pieces, 2 threads)
  ...t=8.139e+09 tail sweep 91% (5500 pieces, 2 threads)
  ...t=8.139e+09 tail sweep 91% (5500 pieces, 2 threads)
  ...t=8.139e+09 tail sweep 91% (5500 pieces, 2 threads)
  ...t=8.139e+09 tail sweep 99% (6000 pieces, 2 threads)
  ...t=8.139e+09 tail sweep 99% (6000 pieces, 2 threads)
  ...t=8.139e+09 tail sweep 99% (6000 pieces, 2 threads)
  ...t=8.139e+09 tail sweep 99% (6000 pieces, 2 threads)
  pt win=1 k=+10 x=8.139e+09 t=8139156369.58026 mnew=1.0000 mcert=1.0000 bexp=9.81e-04
  pt win=1 k=+9 x=8.139e+09 t=8139156369.08026 mnew=1.0000 mcert=1.0000 bexp=8.83e-04
  pt win=1 k=+11 x=8.139e+09 t=8139156370.08026 mnew=1.0000 mcert=1.0000 bexp=1.02e-03
  pt win=1 k=+8 x=8.139e+09 t=8139156368.58026 mnew=1.0000 mcert=1.0000 bexp=8.86e-04
  ...t=8.139e+09 tail sweep 8% (500 pieces, 2 threads)
  ...t=8.79e+09 tail sweep 8% (500 pieces, 2 threads)
  ...t=8.79e+09 tail sweep 8% (500 pieces, 2 threads)
  ...t=8.79e+09 tail sweep 8% (500 pieces, 2 threads)
  ...t=8.79e+09 tail sweep 17% (1000 pieces, 2 threads)
  ...t=8.79e+09 tail sweep 17% (1000 pieces, 2 threads)
  ...t=8.139e+09 tail sweep 17% (1000 pieces, 2 threads)
  ...t=8.79e+09 tail sweep 17% (1000 pieces, 2 threads)
  ...t=8.139e+09 tail sweep 25% (1500 pieces, 2 threads)
  ...t=8.79e+09 tail sweep 25% (1500 pieces, 2 threads)
  ...t=8.79e+09 tail sweep 25% (1500 pieces, 2 threads)
  ...t=8.79e+09 tail sweep 25% (1500 pieces, 2 threads)
  ...t=8.79e+09 tail sweep 33% (2000 pieces, 2 threads)
  ...t=8.79e+09 tail sweep 33% (2000 pieces, 2 threads)
  ...t=8.139e+09 tail sweep 33% (2000 pieces, 2 threads)
  ...t=8.79e+09 tail sweep 33% (2000 pieces, 2 threads)
  ...t=8.139e+09 tail sweep 41% (2500 pieces, 2 threads)
  ...t=8.79e+09 tail sweep 41% (2500 pieces, 2 threads)
  ...t=8.79e+09 tail sweep 41% (2500 pieces, 2 threads)
  ...t=8.79e+09 tail sweep 41% (2500 pieces, 2 threads)
  ...t=8.79e+09 tail sweep 50% (3000 pieces, 2 threads)
  ...t=8.139e+09 tail sweep 50% (3000 pieces, 2 threads)
  ...t=8.79e+09 tail sweep 50% (3000 pieces, 2 threads)
  ...t=8.79e+09 tail sweep 50% (3000 pieces, 2 threads)
  ...t=8.79e+09 tail sweep 58% (3500 pieces, 2 threads)
  ...t=8.79e+09 tail sweep 58% (3500 pieces, 2 threads)
  ...t=8.79e+09 tail sweep 58% (3500 pieces, 2 threads)
  ...t=8.139e+09 tail sweep 58% (3500 pieces, 2 threads)
  ...t=8.79e+09 tail sweep 66% (4000 pieces, 2 threads)
  ...t=8.79e+09 tail sweep 66% (4000 pieces, 2 threads)
  ...t=8.79e+09 tail sweep 66% (4000 pieces, 2 threads)
  ...t=8.139e+09 tail sweep 66% (4000 pieces, 2 threads)
  ...t=8.79e+09 tail sweep 74% (4500 pieces, 2 threads)
  ...t=8.139e+09 tail sweep 74% (4500 pieces, 2 threads)
  ...t=8.79e+09 tail sweep 74% (4500 pieces, 2 threads)
  ...t=8.79e+09 tail sweep 74% (4500 pieces, 2 threads)
  ...t=8.79e+09 tail sweep 83% (5000 pieces, 2 threads)
  ...t=8.139e+09 tail sweep 83% (5000 pieces, 2 threads)
  ...t=8.79e+09 tail sweep 83% (5000 pieces, 2 threads)
  ...t=8.79e+09 tail sweep 83% (5000 pieces, 2 threads)
  ...t=8.79e+09 tail sweep 91% (5500 pieces, 2 threads)
  ...t=8.79e+09 tail sweep 91% (5500 pieces, 2 threads)
  ...t=8.79e+09 tail sweep 91% (5500 pieces, 2 threads)
  ...t=8.139e+09 tail sweep 91% (5500 pieces, 2 threads)
  ...t=8.139e+09 tail sweep 99% (6000 pieces, 2 threads)
  ...t=8.79e+09 tail sweep 99% (6000 pieces, 2 threads)
  ...t=8.79e+09 tail sweep 99% (6000 pieces, 2 threads)
  ...t=8.79e+09 tail sweep 99% (6000 pieces, 2 threads)
  pt win=1 k=+12 x=8.139e+09 t=8139156370.58026 mnew=1.0000 mcert=1.0000 bexp=9.08e-04
  pt win=2 k=-11 x=8.79e+09 t=8790288868.56915 mnew=1.0000 mcert=1.0000 bexp=9.37e-04
  pt win=2 k=-10 x=8.79e+09 t=8790288869.06915 mnew=1.0000 mcert=1.0000 bexp=9.70e-04
  pt win=2 k=-12 x=8.79e+09 t=8790288868.06915 mnew=1.0000 mcert=1.0000 bexp=9.69e-04
  ...t=8.79e+09 tail sweep 8% (500 pieces, 2 threads)
  ...t=8.79e+09 tail sweep 8% (500 pieces, 2 threads)
  ...t=8.79e+09 tail sweep 8% (500 pieces, 2 threads)
  ...t=8.79e+09 tail sweep 8% (500 pieces, 2 threads)
  ...t=8.79e+09 tail sweep 17% (1000 pieces, 2 threads)
  ...t=8.79e+09 tail sweep 17% (1000 pieces, 2 threads)
  ...t=8.79e+09 tail sweep 17% (1000 pieces, 2 threads)
  ...t=8.79e+09 tail sweep 17% (1000 pieces, 2 threads)
  ...t=8.79e+09 tail sweep 25% (1500 pieces, 2 threads)
  ...t=8.79e+09 tail sweep 25% (1500 pieces, 2 threads)
  ...t=8.79e+09 tail sweep 25% (1500 pieces, 2 threads)
  ...t=8.79e+09 tail sweep 25% (1500 pieces, 2 threads)
  ...t=8.79e+09 tail sweep 33% (2000 pieces, 2 threads)
  ...t=8.79e+09 tail sweep 33% (2000 pieces, 2 threads)
  ...t=8.79e+09 tail sweep 33% (2000 pieces, 2 threads)
  ...t=8.79e+09 tail sweep 33% (2000 pieces, 2 threads)
  ...t=8.79e+09 tail sweep 41% (2500 pieces, 2 threads)
  ...t=8.79e+09 tail sweep 41% (2500 pieces, 2 threads)
  ...t=8.79e+09 tail sweep 41% (2500 pieces, 2 threads)
  ...t=8.79e+09 tail sweep 41% (2500 pieces, 2 threads)
  ...t=8.79e+09 tail sweep 50% (3000 pieces, 2 threads)
  ...t=8.79e+09 tail sweep 50% (3000 pieces, 2 threads)
  ...t=8.79e+09 tail sweep 50% (3000 pieces, 2 threads)
  ...t=8.79e+09 tail sweep 50% (3000 pieces, 2 threads)
  ...t=8.79e+09 tail sweep 58% (3500 pieces, 2 threads)
  ...t=8.79e+09 tail sweep 58% (3500 pieces, 2 threads)
  ...t=8.79e+09 tail sweep 58% (3500 pieces, 2 threads)
  ...t=8.79e+09 tail sweep 58% (3500 pieces, 2 threads)
  ...t=8.79e+09 tail sweep 66% (4000 pieces, 2 threads)
  ...t=8.79e+09 tail sweep 66% (4000 pieces, 2 threads)
  ...t=8.79e+09 tail sweep 66% (4000 pieces, 2 threads)
  ...t=8.79e+09 tail sweep 66% (4000 pieces, 2 threads)
  ...t=8.79e+09 tail sweep 74% (4500 pieces, 2 threads)
  ...t=8.79e+09 tail sweep 74% (4500 pieces, 2 threads)
  ...t=8.79e+09 tail sweep 74% (4500 pieces, 2 threads)
  ...t=8.79e+09 tail sweep 74% (4500 pieces, 2 threads)
  ...t=8.79e+09 tail sweep 83% (5000 pieces, 2 threads)
  ...t=8.79e+09 tail sweep 83% (5000 pieces, 2 threads)
  ...t=8.79e+09 tail sweep 83% (5000 pieces, 2 threads)
  ...t=8.79e+09 tail sweep 83% (5000 pieces, 2 threads)
  ...t=8.79e+09 tail sweep 91% (5500 pieces, 2 threads)
  ...t=8.79e+09 tail sweep 91% (5500 pieces, 2 threads)
  ...t=8.79e+09 tail sweep 91% (5500 pieces, 2 threads)
  ...t=8.79e+09 tail sweep 91% (5500 pieces, 2 threads)
  ...t=8.79e+09 tail sweep 99% (6000 pieces, 2 threads)
  ...t=8.79e+09 tail sweep 99% (6000 pieces, 2 threads)
  ...t=8.79e+09 tail sweep 99% (6000 pieces, 2 threads)
  ...t=8.79e+09 tail sweep 99% (6000 pieces, 2 threads)
  pt win=2 k=-9 x=8.79e+09 t=8790288869.56915 mnew=1.0000 mcert=1.0000 bexp=9.49e-04
  pt win=2 k=-7 x=8.79e+09 t=8790288870.56915 mnew=1.0000 mcert=1.0000 bexp=9.89e-04
  pt win=2 k=-6 x=8.79e+09 t=8790288871.06915 mnew=1.0000 mcert=1.0000 bexp=9.39e-04
  pt win=2 k=-8 x=8.79e+09 t=8790288870.06915 mnew=1.0000 mcert=1.0000 bexp=1.00e-03
  ...t=8.79e+09 tail sweep 8% (500 pieces, 2 threads)
  ...t=8.79e+09 tail sweep 8% (500 pieces, 2 threads)
  ...t=8.79e+09 tail sweep 8% (500 pieces, 2 threads)
  ...t=8.79e+09 tail sweep 8% (500 pieces, 2 threads)
  ...t=8.79e+09 tail sweep 17% (1000 pieces, 2 threads)
  ...t=8.79e+09 tail sweep 17% (1000 pieces, 2 threads)
  ...t=8.79e+09 tail sweep 17% (1000 pieces, 2 threads)
  ...t=8.79e+09 tail sweep 17% (1000 pieces, 2 threads)
  ...t=8.79e+09 tail sweep 25% (1500 pieces, 2 threads)
  ...t=8.79e+09 tail sweep 25% (1500 pieces, 2 threads)
  ...t=8.79e+09 tail sweep 25% (1500 pieces, 2 threads)
  ...t=8.79e+09 tail sweep 25% (1500 pieces, 2 threads)
  ...t=8.79e+09 tail sweep 33% (2000 pieces, 2 threads)
  ...t=8.79e+09 tail sweep 33% (2000 pieces, 2 threads)
  ...t=8.79e+09 tail sweep 33% (2000 pieces, 2 threads)
  ...t=8.79e+09 tail sweep 33% (2000 pieces, 2 threads)
  ...t=8.79e+09 tail sweep 41% (2500 pieces, 2 threads)
  ...t=8.79e+09 tail sweep 41% (2500 pieces, 2 threads)
  ...t=8.79e+09 tail sweep 41% (2500 pieces, 2 threads)
  ...t=8.79e+09 tail sweep 41% (2500 pieces, 2 threads)
  ...t=8.79e+09 tail sweep 50% (3000 pieces, 2 threads)
  ...t=8.79e+09 tail sweep 50% (3000 pieces, 2 threads)
  ...t=8.79e+09 tail sweep 50% (3000 pieces, 2 threads)
  ...t=8.79e+09 tail sweep 50% (3000 pieces, 2 threads)
  ...t=8.79e+09 tail sweep 58% (3500 pieces, 2 threads)
  ...t=8.79e+09 tail sweep 58% (3500 pieces, 2 threads)
  ...t=8.79e+09 tail sweep 58% (3500 pieces, 2 threads)
  ...t=8.79e+09 tail sweep 58% (3500 pieces, 2 threads)
  ...t=8.79e+09 tail sweep 66% (4000 pieces, 2 threads)
  ...t=8.79e+09 tail sweep 66% (4000 pieces, 2 threads)
  ...t=8.79e+09 tail sweep 66% (4000 pieces, 2 threads)
  ...t=8.79e+09 tail sweep 66% (4000 pieces, 2 threads)
  ...t=8.79e+09 tail sweep 74% (4500 pieces, 2 threads)
  ...t=8.79e+09 tail sweep 74% (4500 pieces, 2 threads)
  ...t=8.79e+09 tail sweep 74% (4500 pieces, 2 threads)
  ...t=8.79e+09 tail sweep 74% (4500 pieces, 2 threads)
  ...t=8.79e+09 tail sweep 83% (5000 pieces, 2 threads)
  ...t=8.79e+09 tail sweep 83% (5000 pieces, 2 threads)
  ...t=8.79e+09 tail sweep 83% (5000 pieces, 2 threads)
  ...t=8.79e+09 tail sweep 83% (5000 pieces, 2 threads)
  ...t=8.79e+09 tail sweep 91% (5500 pieces, 2 threads)
  ...t=8.79e+09 tail sweep 91% (5500 pieces, 2 threads)
  ...t=8.79e+09 tail sweep 91% (5500 pieces, 2 threads)
  ...t=8.79e+09 tail sweep 91% (5500 pieces, 2 threads)
  ...t=8.79e+09 tail sweep 99% (6000 pieces, 2 threads)
  ...t=8.79e+09 tail sweep 99% (6000 pieces, 2 threads)
  ...t=8.79e+09 tail sweep 99% (6000 pieces, 2 threads)
  ...t=8.79e+09 tail sweep 99% (6000 pieces, 2 threads)
  pt win=2 k=-5 x=8.79e+09 t=8790288871.56915 mnew=1.0000 mcert=1.0000 bexp=1.14e-03
  pt win=2 k=-3 x=8.79e+09 t=8790288872.56915 mnew=1.0000 mcert=1.0000 bexp=9.46e-04
  pt win=2 k=-4 x=8.79e+09 t=8790288872.06915 mnew=1.0000 mcert=1.0000 bexp=9.48e-04
  pt win=2 k=-2 x=8.79e+09 t=8790288873.06915 mnew=1.0000 mcert=1.0000 bexp=9.77e-04
  ...t=8.79e+09 tail sweep 8% (500 pieces, 2 threads)
  ...t=8.79e+09 tail sweep 8% (500 pieces, 2 threads)
  ...t=8.79e+09 tail sweep 8% (500 pieces, 2 threads)
  ...t=8.79e+09 tail sweep 8% (500 pieces, 2 threads)
  ...t=8.79e+09 tail sweep 17% (1000 pieces, 2 threads)
  ...t=8.79e+09 tail sweep 17% (1000 pieces, 2 threads)
  ...t=8.79e+09 tail sweep 17% (1000 pieces, 2 threads)
  ...t=8.79e+09 tail sweep 17% (1000 pieces, 2 threads)
  ...t=8.79e+09 tail sweep 25% (1500 pieces, 2 threads)
  ...t=8.79e+09 tail sweep 25% (1500 pieces, 2 threads)
  ...t=8.79e+09 tail sweep 25% (1500 pieces, 2 threads)
  ...t=8.79e+09 tail sweep 25% (1500 pieces, 2 threads)
  ...t=8.79e+09 tail sweep 33% (2000 pieces, 2 threads)
  ...t=8.79e+09 tail sweep 33% (2000 pieces, 2 threads)
  ...t=8.79e+09 tail sweep 33% (2000 pieces, 2 threads)
  ...t=8.79e+09 tail sweep 33% (2000 pieces, 2 threads)
  ...t=8.79e+09 tail sweep 41% (2500 pieces, 2 threads)
  ...t=8.79e+09 tail sweep 41% (2500 pieces, 2 threads)
  ...t=8.79e+09 tail sweep 41% (2500 pieces, 2 threads)
  ...t=8.79e+09 tail sweep 41% (2500 pieces, 2 threads)
  ...t=8.79e+09 tail sweep 50% (3000 pieces, 2 threads)
  ...t=8.79e+09 tail sweep 50% (3000 pieces, 2 threads)
  ...t=8.79e+09 tail sweep 50% (3000 pieces, 2 threads)
  ...t=8.79e+09 tail sweep 50% (3000 pieces, 2 threads)
  ...t=8.79e+09 tail sweep 58% (3500 pieces, 2 threads)
  ...t=8.79e+09 tail sweep 58% (3500 pieces, 2 threads)
  ...t=8.79e+09 tail sweep 58% (3500 pieces, 2 threads)
  ...t=8.79e+09 tail sweep 58% (3500 pieces, 2 threads)
  ...t=8.79e+09 tail sweep 66% (4000 pieces, 2 threads)
  ...t=8.79e+09 tail sweep 66% (4000 pieces, 2 threads)
  ...t=8.79e+09 tail sweep 66% (4000 pieces, 2 threads)
  ...t=8.79e+09 tail sweep 66% (4000 pieces, 2 threads)
  ...t=8.79e+09 tail sweep 74% (4500 pieces, 2 threads)
  ...t=8.79e+09 tail sweep 74% (4500 pieces, 2 threads)
  ...t=8.79e+09 tail sweep 74% (4500 pieces, 2 threads)
  ...t=8.79e+09 tail sweep 74% (4500 pieces, 2 threads)
  ...t=8.79e+09 tail sweep 83% (5000 pieces, 2 threads)
  ...t=8.79e+09 tail sweep 83% (5000 pieces, 2 threads)
  ...t=8.79e+09 tail sweep 83% (5000 pieces, 2 threads)
  ...t=8.79e+09 tail sweep 83% (5000 pieces, 2 threads)
  ...t=8.79e+09 tail sweep 91% (5500 pieces, 2 threads)
  ...t=8.79e+09 tail sweep 91% (5500 pieces, 2 threads)
  ...t=8.79e+09 tail sweep 91% (5500 pieces, 2 threads)
  ...t=8.79e+09 tail sweep 91% (5500 pieces, 2 threads)
  ...t=8.79e+09 tail sweep 99% (6000 pieces, 2 threads)
  ...t=8.79e+09 tail sweep 99% (6000 pieces, 2 threads)
  ...t=8.79e+09 tail sweep 99% (6000 pieces, 2 threads)
  ...t=8.79e+09 tail sweep 99% (6000 pieces, 2 threads)
  pt win=2 k=+3 x=8.79e+09 t=8790288875.56915 mnew=1.0000 mcert=1.0000 bexp=9.46e-04
  pt win=2 k=+1 x=8.79e+09 t=8790288874.56915 mnew=1.0000 mcert=1.0000 bexp=9.45e-04
  pt win=2 k=-1 x=8.79e+09 t=8790288873.56915 mnew=1.0000 mcert=1.0000 bexp=1.00e-03
  pt win=2 k=+2 x=8.79e+09 t=8790288875.06915 mnew=1.0000 mcert=1.0000 bexp=1.01e-03
  ...t=8.79e+09 tail sweep 8% (500 pieces, 2 threads)
  ...t=8.79e+09 tail sweep 8% (500 pieces, 2 threads)
  ...t=8.79e+09 tail sweep 8% (500 pieces, 2 threads)
  ...t=8.79e+09 tail sweep 8% (500 pieces, 2 threads)
  ...t=8.79e+09 tail sweep 17% (1000 pieces, 2 threads)
  ...t=8.79e+09 tail sweep 17% (1000 pieces, 2 threads)
  ...t=8.79e+09 tail sweep 17% (1000 pieces, 2 threads)
  ...t=8.79e+09 tail sweep 17% (1000 pieces, 2 threads)
  ...t=8.79e+09 tail sweep 25% (1500 pieces, 2 threads)
  ...t=8.79e+09 tail sweep 25% (1500 pieces, 2 threads)
  ...t=8.79e+09 tail sweep 25% (1500 pieces, 2 threads)
  ...t=8.79e+09 tail sweep 25% (1500 pieces, 2 threads)
  ...t=8.79e+09 tail sweep 33% (2000 pieces, 2 threads)
  ...t=8.79e+09 tail sweep 33% (2000 pieces, 2 threads)
  ...t=8.79e+09 tail sweep 33% (2000 pieces, 2 threads)
  ...t=8.79e+09 tail sweep 33% (2000 pieces, 2 threads)
  ...t=8.79e+09 tail sweep 41% (2500 pieces, 2 threads)
  ...t=8.79e+09 tail sweep 41% (2500 pieces, 2 threads)
  ...t=8.79e+09 tail sweep 41% (2500 pieces, 2 threads)
  ...t=8.79e+09 tail sweep 41% (2500 pieces, 2 threads)
  ...t=8.79e+09 tail sweep 50% (3000 pieces, 2 threads)
  ...t=8.79e+09 tail sweep 50% (3000 pieces, 2 threads)
  ...t=8.79e+09 tail sweep 50% (3000 pieces, 2 threads)
  ...t=8.79e+09 tail sweep 50% (3000 pieces, 2 threads)
  ...t=8.79e+09 tail sweep 58% (3500 pieces, 2 threads)
  ...t=8.79e+09 tail sweep 58% (3500 pieces, 2 threads)
  ...t=8.79e+09 tail sweep 58% (3500 pieces, 2 threads)
  ...t=8.79e+09 tail sweep 58% (3500 pieces, 2 threads)
  ...t=8.79e+09 tail sweep 66% (4000 pieces, 2 threads)
  ...t=8.79e+09 tail sweep 66% (4000 pieces, 2 threads)
  ...t=8.79e+09 tail sweep 66% (4000 pieces, 2 threads)
  ...t=8.79e+09 tail sweep 66% (4000 pieces, 2 threads)
  ...t=8.79e+09 tail sweep 74% (4500 pieces, 2 threads)
  ...t=8.79e+09 tail sweep 74% (4500 pieces, 2 threads)
  ...t=8.79e+09 tail sweep 74% (4500 pieces, 2 threads)
  ...t=8.79e+09 tail sweep 74% (4500 pieces, 2 threads)
  ...t=8.79e+09 tail sweep 83% (5000 pieces, 2 threads)
  ...t=8.79e+09 tail sweep 83% (5000 pieces, 2 threads)
  ...t=8.79e+09 tail sweep 83% (5000 pieces, 2 threads)
  ...t=8.79e+09 tail sweep 83% (5000 pieces, 2 threads)
  ...t=8.79e+09 tail sweep 91% (5500 pieces, 2 threads)
  ...t=8.79e+09 tail sweep 91% (5500 pieces, 2 threads)
  ...t=8.79e+09 tail sweep 91% (5500 pieces, 2 threads)
  ...t=8.79e+09 tail sweep 91% (5500 pieces, 2 threads)
  ...t=8.79e+09 tail sweep 99% (6000 pieces, 2 threads)
  ...t=8.79e+09 tail sweep 99% (6000 pieces, 2 threads)
  ...t=8.79e+09 tail sweep 99% (6000 pieces, 2 threads)
  ...t=8.79e+09 tail sweep 99% (6000 pieces, 2 threads)
  pt win=2 k=+4 x=8.79e+09 t=8790288876.06915 mnew=1.0000 mcert=1.0000 bexp=9.40e-04
  pt win=2 k=+5 x=8.79e+09 t=8790288876.56915 mnew=1.0000 mcert=1.0000 bexp=9.56e-04
  pt win=2 k=+7 x=8.79e+09 t=8790288877.56915 mnew=1.0000 mcert=1.0000 bexp=1.04e-03
  pt win=2 k=+6 x=8.79e+09 t=8790288877.06915 mnew=1.0000 mcert=1.0000 bexp=9.52e-04
  ...t=8.79e+09 tail sweep 8% (500 pieces, 2 threads)
  ...t=8.79e+09 tail sweep 8% (500 pieces, 2 threads)
  ...t=8.79e+09 tail sweep 8% (500 pieces, 2 threads)
  ...t=8.79e+09 tail sweep 8% (500 pieces, 2 threads)
  ...t=8.79e+09 tail sweep 17% (1000 pieces, 2 threads)
  ...t=8.79e+09 tail sweep 17% (1000 pieces, 2 threads)
  ...t=8.79e+09 tail sweep 17% (1000 pieces, 2 threads)
  ...t=8.79e+09 tail sweep 17% (1000 pieces, 2 threads)
  ...t=8.79e+09 tail sweep 25% (1500 pieces, 2 threads)
  ...t=8.79e+09 tail sweep 25% (1500 pieces, 2 threads)
  ...t=8.79e+09 tail sweep 25% (1500 pieces, 2 threads)
  ...t=8.79e+09 tail sweep 25% (1500 pieces, 2 threads)
  ...t=8.79e+09 tail sweep 33% (2000 pieces, 2 threads)
  ...t=8.79e+09 tail sweep 33% (2000 pieces, 2 threads)
  ...t=8.79e+09 tail sweep 33% (2000 pieces, 2 threads)
  ...t=8.79e+09 tail sweep 33% (2000 pieces, 2 threads)
  ...t=8.79e+09 tail sweep 41% (2500 pieces, 2 threads)
  ...t=8.79e+09 tail sweep 41% (2500 pieces, 2 threads)
  ...t=8.79e+09 tail sweep 41% (2500 pieces, 2 threads)
  ...t=8.79e+09 tail sweep 41% (2500 pieces, 2 threads)
  ...t=8.79e+09 tail sweep 50% (3000 pieces, 2 threads)
  ...t=8.79e+09 tail sweep 50% (3000 pieces, 2 threads)
  ...t=8.79e+09 tail sweep 50% (3000 pieces, 2 threads)
  ...t=8.79e+09 tail sweep 50% (3000 pieces, 2 threads)
  ...t=8.79e+09 tail sweep 58% (3500 pieces, 2 threads)
  ...t=8.79e+09 tail sweep 58% (3500 pieces, 2 threads)
  ...t=8.79e+09 tail sweep 58% (3500 pieces, 2 threads)
  ...t=8.79e+09 tail sweep 58% (3500 pieces, 2 threads)
  ...t=8.79e+09 tail sweep 66% (4000 pieces, 2 threads)
  ...t=8.79e+09 tail sweep 66% (4000 pieces, 2 threads)
  ...t=8.79e+09 tail sweep 66% (4000 pieces, 2 threads)
  ...t=8.79e+09 tail sweep 66% (4000 pieces, 2 threads)
  ...t=8.79e+09 tail sweep 74% (4500 pieces, 2 threads)
  ...t=8.79e+09 tail sweep 74% (4500 pieces, 2 threads)
  ...t=8.79e+09 tail sweep 74% (4500 pieces, 2 threads)
  ...t=8.79e+09 tail sweep 74% (4500 pieces, 2 threads)
  ...t=8.79e+09 tail sweep 83% (5000 pieces, 2 threads)
  ...t=8.79e+09 tail sweep 83% (5000 pieces, 2 threads)
  ...t=8.79e+09 tail sweep 83% (5000 pieces, 2 threads)
  ...t=8.79e+09 tail sweep 83% (5000 pieces, 2 threads)
  ...t=8.79e+09 tail sweep 91% (5500 pieces, 2 threads)
  ...t=8.79e+09 tail sweep 91% (5500 pieces, 2 threads)
  ...t=8.79e+09 tail sweep 91% (5500 pieces, 2 threads)
  ...t=8.79e+09 tail sweep 91% (5500 pieces, 2 threads)
  ...t=8.79e+09 tail sweep 99% (6000 pieces, 2 threads)
  pt win=2 k=+9 x=8.79e+09 t=8790288878.56915 mnew=1.0000 mcert=1.0000 bexp=9.61e-04
  ...t=8.79e+09 tail sweep 99% (6000 pieces, 2 threads)
  ...t=8.79e+09 tail sweep 99% (6000 pieces, 2 threads)
  ...t=8.79e+09 tail sweep 99% (6000 pieces, 2 threads)
  pt win=2 k=+10 x=8.79e+09 t=8790288879.06915 mnew=1.0000 mcert=1.0000 bexp=9.46e-04
  pt win=2 k=+11 x=8.79e+09 t=8790288879.56915 mnew=1.0000 mcert=1.0000 bexp=9.47e-04
  pt win=2 k=+8 x=8.79e+09 t=8790288878.06915 mnew=1.0000 mcert=1.0000 bexp=9.46e-04
  ...t=8.79e+09 tail sweep 8% (500 pieces, 2 threads)
  ...t=8.79e+09 tail sweep 17% (1000 pieces, 2 threads)
  ...t=8.79e+09 tail sweep 25% (1500 pieces, 2 threads)
  ...t=8.79e+09 tail sweep 33% (2000 pieces, 2 threads)
  ...t=8.79e+09 tail sweep 41% (2500 pieces, 2 threads)
  ...t=8.79e+09 tail sweep 50% (3000 pieces, 2 threads)
  ...t=8.79e+09 tail sweep 58% (3500 pieces, 2 threads)
  ...t=8.79e+09 tail sweep 66% (4000 pieces, 2 threads)
  ...t=8.79e+09 tail sweep 74% (4500 pieces, 2 threads)
  ...t=8.79e+09 tail sweep 83% (5000 pieces, 2 threads)
  ...t=8.79e+09 tail sweep 91% (5500 pieces, 2 threads)
  ...t=8.79e+09 tail sweep 99% (6000 pieces, 2 threads)
  pt win=2 k=+12 x=8.79e+09 t=8790288880.06915 mnew=1.0000 mcert=1.0000 bexp=9.43e-04
           x            g best_mnew worst_mcert      btot      flag
 7.53626e+09 7536255893.2836  1.000000   1.000000  1.05e-03 -
 8.13916e+09 8139156364.5803  1.000000   1.000000  1.14e-03 -
 8.79029e+09 8790288874.0692  1.000000   1.000000  1.23e-03 -
worst certified margin = 1.000000 at t = 7536255887.28363 (computed 1.000000)
margin_cert < 1: [7536255888.284, 7536255888.784, 7536255887.784, 7536255887.284, 7536255889.784, 7536255889.284, 7536255890.284, 7536255890.784, 7536255891.784, 7536255892.284, 7536255891.284, 7536255892.784, 8139156359.58, 8139156359.08, 8139156358.58, 8139156360.58, 8139156361.58, 8139156361.08, 8139156360.08, 8139156363.08, 8139156363.58, 8139156362.58, 8139156362.08, 8139156364.08, 8790288868.569, 8790288869.069, 8790288868.069, 8790288869.569, 8790288870.569, 8790288871.069, 8790288870.069, 8790288871.569, 8790288872.569, 8790288872.069, 8790288873.069, 8790288873.569]
margin_new  < 1: [7536255888.284, 7536255888.784, 7536255887.784, 7536255887.284, 7536255889.784, 7536255889.284, 7536255890.284, 7536255890.784, 7536255891.784, 7536255892.284, 7536255891.284, 7536255892.784, 8139156359.58, 8139156359.08, 8139156358.58, 8139156360.58, 8139156361.58, 8139156361.08, 8139156360.08, 8139156363.08, 8139156363.58, 8139156362.58, 8139156362.08, 8139156364.08, 8790288868.569, 8790288869.069, 8790288868.069, 8790288869.569, 8790288870.569, 8790288871.069, 8790288870.069, 8790288871.569, 8790288872.569, 8790288872.069, 8790288873.069, 8790288873.569]
wall = 83437.6 s
STATUS: see the pre-registered reading C-2/C-3
H1  FULL-DONE:  3  windows,  72  points,  assembled  to  /workspace/h1/RH/scripts/rh/out_day038_full_pts.txt;  instance  wall  23.2  h
