H1_WINDOWS:  running  windows  21-24  (4  of  29)
resume:  window   0  (x=1.627021123e+10)  0/24  points  on disk
resume:  window   1  (x=1.757182813e+10)  0/24  points  on disk
resume:  window   2  (x=1.897757438e+10)  0/24  points  on disk
resume:  window   3  (x=2.049578033e+10)  0/24  points  on disk
memguard:  MemAvailable  483.1  GiB,  reserve  28  GiB,  ~2.5  GiB/thread  x  2  threads  ->  allow  <=  10  contexts  (=  20  slab  threads;  11  GPU  clients  incl.  Xorg  vs  budget  11)
day038  gpu  H1-3e10:  FULL,  96  point  jobs  remaining (4  windows,  4  contexts  x  2  threads)
pids: parent=6281 workers=4 written to ckpt_h1_3e10/run.pids
overlap: 152/12626784 zeros differ by <=1.00 ulp (last byte,  rounding-level) --  those indices certified with dg x3
stitch: B from element 12626784 (first zero 1006346000.166784); overlap cross-check 12626632/12626784 byte-equal
tail3e10: L 52290633 + A 2792198664 + B' 3053546936 + C 3142622346 + D 92577877714 = 101618536293 zeros (812.9 GB); G_LAST = 30001045999.981976
overlap: 152/12626784 zeros differ by <=1.00 ulp (last byte,  rounding-level) --  those indices certified with dg x3
stitch: B from element 12626784 (first zero 1006346000.166784); overlap cross-check 12626632/12626784 byte-equal
tail3e10: L 52290633 + A 2792198664 + B' 3053546936 + C 3142622346 + D 92577877714 = 101618536293 zeros (812.9 GB); G_LAST = 30001045999.981976
overlap: 152/12626784 zeros differ by <=1.00 ulp (last byte,  rounding-level) --  those indices certified with dg x3
stitch: B from element 12626784 (first zero 1006346000.166784); overlap cross-check 12626632/12626784 byte-equal
tail3e10: L 52290633 + A 2792198664 + B' 3053546936 + C 3142622346 + D 92577877714 = 101618536293 zeros (812.9 GB); G_LAST = 30001045999.981976
overlap: 152/12626784 zeros differ by <=1.00 ulp (last byte,  rounding-level) --  those indices certified with dg x3
stitch: B from element 12626784 (first zero 1006346000.166784); overlap cross-check 12626632/12626784 byte-equal
tail3e10: L 52290633 + A 2792198664 + B' 3053546936 + C 3142622346 + D 92577877714 = 101618536293 zeros (812.9 GB); G_LAST = 30001045999.981976
  ...t=1.627e+10 tail sweep 8% (500 pieces, 2 threads)
  ...t=1.627e+10 tail sweep 8% (500 pieces, 2 threads)
  ...t=1.627e+10 tail sweep 8% (500 pieces, 2 threads)
  ...t=1.627e+10 tail sweep 17% (1000 pieces, 2 threads)
  ...t=1.627e+10 tail sweep 17% (1000 pieces, 2 threads)
  ...t=1.627e+10 tail sweep 8% (500 pieces, 2 threads)
  ...t=1.627e+10 tail sweep 17% (1000 pieces, 2 threads)
  ...t=1.627e+10 tail sweep 25% (1500 pieces, 2 threads)
  ...t=1.627e+10 tail sweep 25% (1500 pieces, 2 threads)
  ...t=1.627e+10 tail sweep 25% (1500 pieces, 2 threads)
  ...t=1.627e+10 tail sweep 17% (1000 pieces, 2 threads)
  ...t=1.627e+10 tail sweep 33% (2000 pieces, 2 threads)
  ...t=1.627e+10 tail sweep 33% (2000 pieces, 2 threads)
  ...t=1.627e+10 tail sweep 33% (2000 pieces, 2 threads)
  ...t=1.627e+10 tail sweep 25% (1500 pieces, 2 threads)
  ...t=1.627e+10 tail sweep 41% (2500 pieces, 2 threads)
  ...t=1.627e+10 tail sweep 41% (2500 pieces, 2 threads)
  ...t=1.627e+10 tail sweep 41% (2500 pieces, 2 threads)
  ...t=1.627e+10 tail sweep 33% (2000 pieces, 2 threads)
  ...t=1.627e+10 tail sweep 50% (3000 pieces, 2 threads)
  ...t=1.627e+10 tail sweep 50% (3000 pieces, 2 threads)
  ...t=1.627e+10 tail sweep 50% (3000 pieces, 2 threads)
  ...t=1.627e+10 tail sweep 41% (2500 pieces, 2 threads)
  ...t=1.627e+10 tail sweep 58% (3500 pieces, 2 threads)
  ...t=1.627e+10 tail sweep 58% (3500 pieces, 2 threads)
  ...t=1.627e+10 tail sweep 58% (3500 pieces, 2 threads)
  ...t=1.627e+10 tail sweep 50% (3000 pieces, 2 threads)
  ...t=1.627e+10 tail sweep 66% (4000 pieces, 2 threads)
  ...t=1.627e+10 tail sweep 66% (4000 pieces, 2 threads)
  ...t=1.627e+10 tail sweep 66% (4000 pieces, 2 threads)
  ...t=1.627e+10 tail sweep 74% (4500 pieces, 2 threads)
  ...t=1.627e+10 tail sweep 74% (4500 pieces, 2 threads)
  ...t=1.627e+10 tail sweep 58% (3500 pieces, 2 threads)
  ...t=1.627e+10 tail sweep 74% (4500 pieces, 2 threads)
  ...t=1.627e+10 tail sweep 83% (5000 pieces, 2 threads)
  ...t=1.627e+10 tail sweep 83% (5000 pieces, 2 threads)
  ...t=1.627e+10 tail sweep 66% (4000 pieces, 2 threads)
  ...t=1.627e+10 tail sweep 83% (5000 pieces, 2 threads)
  ...t=1.627e+10 tail sweep 91% (5500 pieces, 2 threads)
  ...t=1.627e+10 tail sweep 91% (5500 pieces, 2 threads)
  ...t=1.627e+10 tail sweep 91% (5500 pieces, 2 threads)
  ...t=1.627e+10 tail sweep 74% (4500 pieces, 2 threads)
  ...t=1.627e+10 tail sweep 83% (5000 pieces, 2 threads)
  ...t=1.627e+10 tail sweep 99% (6000 pieces, 2 threads)
  ...t=1.627e+10 tail sweep 99% (6000 pieces, 2 threads)
  ...t=1.627e+10 tail sweep 99% (6000 pieces, 2 threads)
  ...t=1.627e+10 tail sweep 91% (5500 pieces, 2 threads)
  pt win=0 k=-11 x=1.627e+10 t=16270211228.18246 mnew=1.0000 mcert=1.0000 bexp=1.72e-03
  pt win=0 k=-9 x=1.627e+10 t=16270211229.18246 mnew=1.0000 mcert=1.0000 bexp=1.64e-03
  ...t=1.627e+10 tail sweep 99% (6000 pieces, 2 threads)
  pt win=0 k=-10 x=1.627e+10 t=16270211228.68246 mnew=1.0000 mcert=1.0000 bexp=1.75e-03
  pt win=0 k=-12 x=1.627e+10 t=16270211227.68246 mnew=1.0000 mcert=1.0000 bexp=1.66e-03
  ...t=1.627e+10 tail sweep 8% (500 pieces, 2 threads)
  ...t=1.627e+10 tail sweep 8% (500 pieces, 2 threads)
  ...t=1.627e+10 tail sweep 8% (500 pieces, 2 threads)
  ...t=1.627e+10 tail sweep 8% (500 pieces, 2 threads)
  ...t=1.627e+10 tail sweep 17% (1000 pieces, 2 threads)
  ...t=1.627e+10 tail sweep 17% (1000 pieces, 2 threads)
  ...t=1.627e+10 tail sweep 17% (1000 pieces, 2 threads)
  ...t=1.627e+10 tail sweep 17% (1000 pieces, 2 threads)
  ...t=1.627e+10 tail sweep 25% (1500 pieces, 2 threads)
  ...t=1.627e+10 tail sweep 25% (1500 pieces, 2 threads)
  ...t=1.627e+10 tail sweep 25% (1500 pieces, 2 threads)
  ...t=1.627e+10 tail sweep 25% (1500 pieces, 2 threads)
  ...t=1.627e+10 tail sweep 33% (2000 pieces, 2 threads)
  ...t=1.627e+10 tail sweep 33% (2000 pieces, 2 threads)
  ...t=1.627e+10 tail sweep 33% (2000 pieces, 2 threads)
  ...t=1.627e+10 tail sweep 33% (2000 pieces, 2 threads)
  ...t=1.627e+10 tail sweep 41% (2500 pieces, 2 threads)
  ...t=1.627e+10 tail sweep 41% (2500 pieces, 2 threads)
  ...t=1.627e+10 tail sweep 41% (2500 pieces, 2 threads)
  ...t=1.627e+10 tail sweep 41% (2500 pieces, 2 threads)
  ...t=1.627e+10 tail sweep 50% (3000 pieces, 2 threads)
  ...t=1.627e+10 tail sweep 50% (3000 pieces, 2 threads)
  ...t=1.627e+10 tail sweep 50% (3000 pieces, 2 threads)
  ...t=1.627e+10 tail sweep 50% (3000 pieces, 2 threads)
  ...t=1.627e+10 tail sweep 58% (3500 pieces, 2 threads)
  ...t=1.627e+10 tail sweep 58% (3500 pieces, 2 threads)
  ...t=1.627e+10 tail sweep 58% (3500 pieces, 2 threads)
  ...t=1.627e+10 tail sweep 58% (3500 pieces, 2 threads)
  ...t=1.627e+10 tail sweep 66% (4000 pieces, 2 threads)
  ...t=1.627e+10 tail sweep 66% (4000 pieces, 2 threads)
  ...t=1.627e+10 tail sweep 66% (4000 pieces, 2 threads)
  ...t=1.627e+10 tail sweep 66% (4000 pieces, 2 threads)
  ...t=1.627e+10 tail sweep 74% (4500 pieces, 2 threads)
  ...t=1.627e+10 tail sweep 74% (4500 pieces, 2 threads)
  ...t=1.627e+10 tail sweep 74% (4500 pieces, 2 threads)
  ...t=1.627e+10 tail sweep 74% (4500 pieces, 2 threads)
  ...t=1.627e+10 tail sweep 83% (5000 pieces, 2 threads)
  ...t=1.627e+10 tail sweep 83% (5000 pieces, 2 threads)
  ...t=1.627e+10 tail sweep 83% (5000 pieces, 2 threads)
  ...t=1.627e+10 tail sweep 83% (5000 pieces, 2 threads)
  ...t=1.627e+10 tail sweep 91% (5500 pieces, 2 threads)
  ...t=1.627e+10 tail sweep 91% (5500 pieces, 2 threads)
  ...t=1.627e+10 tail sweep 91% (5500 pieces, 2 threads)
  ...t=1.627e+10 tail sweep 99% (6000 pieces, 2 threads)
  ...t=1.627e+10 tail sweep 99% (6000 pieces, 2 threads)
  ...t=1.627e+10 tail sweep 99% (6000 pieces, 2 threads)
  ...t=1.627e+10 tail sweep 91% (5500 pieces, 2 threads)
  ...t=1.627e+10 tail sweep 99% (6000 pieces, 2 threads)
  pt win=0 k=-7 x=1.627e+10 t=16270211230.18246 mnew=1.0000 mcert=1.0000 bexp=1.63e-03
  pt win=0 k=-5 x=1.627e+10 t=16270211231.18246 mnew=1.0000 mcert=1.0000 bexp=1.65e-03
  pt win=0 k=-8 x=1.627e+10 t=16270211229.68246 mnew=1.0000 mcert=1.0000 bexp=1.64e-03
  ...t=1.627e+10 tail sweep 8% (500 pieces, 2 threads)
  pt win=0 k=-6 x=1.627e+10 t=16270211230.68246 mnew=1.0000 mcert=1.0000 bexp=1.63e-03
  ...t=1.627e+10 tail sweep 8% (500 pieces, 2 threads)
  ...t=1.627e+10 tail sweep 8% (500 pieces, 2 threads)
  ...t=1.627e+10 tail sweep 8% (500 pieces, 2 threads)
  ...t=1.627e+10 tail sweep 17% (1000 pieces, 2 threads)
  ...t=1.627e+10 tail sweep 17% (1000 pieces, 2 threads)
  ...t=1.627e+10 tail sweep 17% (1000 pieces, 2 threads)
  ...t=1.627e+10 tail sweep 17% (1000 pieces, 2 threads)
  ...t=1.627e+10 tail sweep 25% (1500 pieces, 2 threads)
  ...t=1.627e+10 tail sweep 25% (1500 pieces, 2 threads)
  ...t=1.627e+10 tail sweep 25% (1500 pieces, 2 threads)
  ...t=1.627e+10 tail sweep 25% (1500 pieces, 2 threads)
  ...t=1.627e+10 tail sweep 33% (2000 pieces, 2 threads)
  ...t=1.627e+10 tail sweep 33% (2000 pieces, 2 threads)
  ...t=1.627e+10 tail sweep 33% (2000 pieces, 2 threads)
  ...t=1.627e+10 tail sweep 41% (2500 pieces, 2 threads)
  ...t=1.627e+10 tail sweep 41% (2500 pieces, 2 threads)
  ...t=1.627e+10 tail sweep 33% (2000 pieces, 2 threads)
  ...t=1.627e+10 tail sweep 41% (2500 pieces, 2 threads)
  ...t=1.627e+10 tail sweep 50% (3000 pieces, 2 threads)
  ...t=1.627e+10 tail sweep 50% (3000 pieces, 2 threads)
  ...t=1.627e+10 tail sweep 50% (3000 pieces, 2 threads)
  ...t=1.627e+10 tail sweep 41% (2500 pieces, 2 threads)
  ...t=1.627e+10 tail sweep 58% (3500 pieces, 2 threads)
  ...t=1.627e+10 tail sweep 58% (3500 pieces, 2 threads)
  ...t=1.627e+10 tail sweep 58% (3500 pieces, 2 threads)
  ...t=1.627e+10 tail sweep 50% (3000 pieces, 2 threads)
  ...t=1.627e+10 tail sweep 66% (4000 pieces, 2 threads)
  ...t=1.627e+10 tail sweep 66% (4000 pieces, 2 threads)
  ...t=1.627e+10 tail sweep 58% (3500 pieces, 2 threads)
  ...t=1.627e+10 tail sweep 66% (4000 pieces, 2 threads)
  ...t=1.627e+10 tail sweep 74% (4500 pieces, 2 threads)
  ...t=1.627e+10 tail sweep 74% (4500 pieces, 2 threads)
  ...t=1.627e+10 tail sweep 83% (5000 pieces, 2 threads)
  ...t=1.627e+10 tail sweep 83% (5000 pieces, 2 threads)
  ...t=1.627e+10 tail sweep 66% (4000 pieces, 2 threads)
  ...t=1.627e+10 tail sweep 74% (4500 pieces, 2 threads)
  ...t=1.627e+10 tail sweep 91% (5500 pieces, 2 threads)
  ...t=1.627e+10 tail sweep 91% (5500 pieces, 2 threads)
  ...t=1.627e+10 tail sweep 74% (4500 pieces, 2 threads)
  ...t=1.627e+10 tail sweep 83% (5000 pieces, 2 threads)
  ...t=1.627e+10 tail sweep 99% (6000 pieces, 2 threads)
  ...t=1.627e+10 tail sweep 99% (6000 pieces, 2 threads)
  ...t=1.627e+10 tail sweep 83% (5000 pieces, 2 threads)
  ...t=1.627e+10 tail sweep 91% (5500 pieces, 2 threads)
  pt win=0 k=-1 x=1.627e+10 t=16270211233.18246 mnew=1.0000 mcert=1.0000 bexp=1.63e-03
  pt win=0 k=-4 x=1.627e+10 t=16270211231.68246 mnew=1.0000 mcert=1.0000 bexp=1.66e-03
  ...t=1.627e+10 tail sweep 91% (5500 pieces, 2 threads)
  ...t=1.627e+10 tail sweep 8% (500 pieces, 2 threads)
  ...t=1.627e+10 tail sweep 8% (500 pieces, 2 threads)
  ...t=1.627e+10 tail sweep 99% (6000 pieces, 2 threads)
  ...t=1.627e+10 tail sweep 17% (1000 pieces, 2 threads)
  ...t=1.627e+10 tail sweep 99% (6000 pieces, 2 threads)
  ...t=1.627e+10 tail sweep 17% (1000 pieces, 2 threads)
  pt win=0 k=-2 x=1.627e+10 t=16270211232.68246 mnew=1.0000 mcert=1.0000 bexp=1.65e-03
  pt win=0 k=-3 x=1.627e+10 t=16270211232.18246 mnew=1.0000 mcert=1.0000 bexp=1.64e-03
  ...t=1.627e+10 tail sweep 25% (1500 pieces, 2 threads)
  ...t=1.627e+10 tail sweep 8% (500 pieces, 2 threads)
  ...t=1.627e+10 tail sweep 25% (1500 pieces, 2 threads)
  ...t=1.627e+10 tail sweep 33% (2000 pieces, 2 threads)
  ...t=1.627e+10 tail sweep 8% (500 pieces, 2 threads)
  ...t=1.627e+10 tail sweep 17% (1000 pieces, 2 threads)
  ...t=1.627e+10 tail sweep 41% (2500 pieces, 2 threads)
  ...t=1.627e+10 tail sweep 33% (2000 pieces, 2 threads)
  ...t=1.627e+10 tail sweep 25% (1500 pieces, 2 threads)
  ...t=1.627e+10 tail sweep 17% (1000 pieces, 2 threads)
  ...t=1.627e+10 tail sweep 50% (3000 pieces, 2 threads)
  ...t=1.627e+10 tail sweep 33% (2000 pieces, 2 threads)
  ...t=1.627e+10 tail sweep 41% (2500 pieces, 2 threads)
  ...t=1.627e+10 tail sweep 41% (2500 pieces, 2 threads)
  ...t=1.627e+10 tail sweep 58% (3500 pieces, 2 threads)
  ...t=1.627e+10 tail sweep 25% (1500 pieces, 2 threads)
  ...t=1.627e+10 tail sweep 50% (3000 pieces, 2 threads)
  ...t=1.627e+10 tail sweep 66% (4000 pieces, 2 threads)
  ...t=1.627e+10 tail sweep 50% (3000 pieces, 2 threads)
  ...t=1.627e+10 tail sweep 33% (2000 pieces, 2 threads)
  ...t=1.627e+10 tail sweep 58% (3500 pieces, 2 threads)
  ...t=1.627e+10 tail sweep 74% (4500 pieces, 2 threads)
  ...t=1.627e+10 tail sweep 41% (2500 pieces, 2 threads)
  ...t=1.627e+10 tail sweep 66% (4000 pieces, 2 threads)
  ...t=1.627e+10 tail sweep 58% (3500 pieces, 2 threads)
  ...t=1.627e+10 tail sweep 83% (5000 pieces, 2 threads)
  ...t=1.627e+10 tail sweep 50% (3000 pieces, 2 threads)
  ...t=1.627e+10 tail sweep 74% (4500 pieces, 2 threads)
  ...t=1.627e+10 tail sweep 91% (5500 pieces, 2 threads)
  ...t=1.627e+10 tail sweep 66% (4000 pieces, 2 threads)
  ...t=1.627e+10 tail sweep 83% (5000 pieces, 2 threads)
  ...t=1.627e+10 tail sweep 58% (3500 pieces, 2 threads)
  ...t=1.627e+10 tail sweep 99% (6000 pieces, 2 threads)
  ...t=1.627e+10 tail sweep 74% (4500 pieces, 2 threads)
  ...t=1.627e+10 tail sweep 91% (5500 pieces, 2 threads)
  pt win=0 k=+2 x=1.627e+10 t=16270211234.68246 mnew=1.0000 mcert=1.0000 bexp=1.66e-03
  ...t=1.627e+10 tail sweep 66% (4000 pieces, 2 threads)
  ...t=1.627e+10 tail sweep 99% (6000 pieces, 2 threads)
  ...t=1.627e+10 tail sweep 8% (500 pieces, 2 threads)
  pt win=0 k=+3 x=1.627e+10 t=16270211235.18246 mnew=1.0000 mcert=1.0000 bexp=1.65e-03
  ...t=1.627e+10 tail sweep 83% (5000 pieces, 2 threads)
  ...t=1.627e+10 tail sweep 74% (4500 pieces, 2 threads)
  ...t=1.627e+10 tail sweep 17% (1000 pieces, 2 threads)
  ...t=1.627e+10 tail sweep 8% (500 pieces, 2 threads)
  ...t=1.627e+10 tail sweep 83% (5000 pieces, 2 threads)
  ...t=1.627e+10 tail sweep 91% (5500 pieces, 2 threads)
  ...t=1.627e+10 tail sweep 17% (1000 pieces, 2 threads)
  ...t=1.627e+10 tail sweep 25% (1500 pieces, 2 threads)
  ...t=1.627e+10 tail sweep 91% (5500 pieces, 2 threads)
  ...t=1.627e+10 tail sweep 25% (1500 pieces, 2 threads)
  ...t=1.627e+10 tail sweep 33% (2000 pieces, 2 threads)
  ...t=1.627e+10 tail sweep 99% (6000 pieces, 2 threads)
  ...t=1.627e+10 tail sweep 33% (2000 pieces, 2 threads)
  ...t=1.627e+10 tail sweep 41% (2500 pieces, 2 threads)
  ...t=1.627e+10 tail sweep 99% (6000 pieces, 2 threads)
  pt win=0 k=+1 x=1.627e+10 t=16270211234.18246 mnew=1.0000 mcert=1.0000 bexp=1.64e-03
  ...t=1.627e+10 tail sweep 41% (2500 pieces, 2 threads)
H1_WINDOWS:  running  windows  21-24  (4  of  29)
resume:  window   0  (x=1.627021123e+10)  15/24  points  on disk
resume:  window   1  (x=1.757182813e+10)  0/24  points  on disk
resume:  window   2  (x=1.897757438e+10)  0/24  points  on disk
resume:  window   3  (x=2.049578033e+10)  0/24  points  on disk
memguard:  MemAvailable  483.6  GiB,  reserve  28  GiB,  ~2.5  GiB/thread  x  2  threads  ->  allow  <=  10  contexts  (=  20  slab  threads;  11  GPU  clients  incl.  Xorg  vs  budget  11)
day038  gpu  H1-3e10:  FULL,  81  point  jobs  remaining (4  windows,  4  contexts  x  2  threads)
pids: parent=3243 workers=4 written to ckpt_h1_3e10/run.pids
overlap: 152/12626784 zeros differ by <=1.00 ulp (last byte,  rounding-level) --  those indices certified with dg x3
stitch: B from element 12626784 (first zero 1006346000.166784); overlap cross-check 12626632/12626784 byte-equal
tail3e10: L 52290633 + A 2792198664 + B' 3053546936 + C 3142622346 + D 92577877714 = 101618536293 zeros (812.9 GB); G_LAST = 30001045999.981976
overlap: 152/12626784 zeros differ by <=1.00 ulp (last byte,  rounding-level) --  those indices certified with dg x3
stitch: B from element 12626784 (first zero 1006346000.166784); overlap cross-check 12626632/12626784 byte-equal
tail3e10: L 52290633 + A 2792198664 + B' 3053546936 + C 3142622346 + D 92577877714 = 101618536293 zeros (812.9 GB); G_LAST = 30001045999.981976
overlap: 152/12626784 zeros differ by <=1.00 ulp (last byte,  rounding-level) --  those indices certified with dg x3
stitch: B from element 12626784 (first zero 1006346000.166784); overlap cross-check 12626632/12626784 byte-equal
tail3e10: L 52290633 + A 2792198664 + B' 3053546936 + C 3142622346 + D 92577877714 = 101618536293 zeros (812.9 GB); G_LAST = 30001045999.981976
overlap: 152/12626784 zeros differ by <=1.00 ulp (last byte,  rounding-level) --  those indices certified with dg x3
stitch: B from element 12626784 (first zero 1006346000.166784); overlap cross-check 12626632/12626784 byte-equal
tail3e10: L 52290633 + A 2792198664 + B' 3053546936 + C 3142622346 + D 92577877714 = 101618536293 zeros (812.9 GB); G_LAST = 30001045999.981976
  ...t=1.627e+10 tail sweep 8% (500 pieces, 2 threads)
  ...t=1.627e+10 tail sweep 8% (500 pieces, 2 threads)
  ...t=1.627e+10 tail sweep 8% (500 pieces, 2 threads)
  ...t=1.627e+10 tail sweep 8% (500 pieces, 2 threads)
  ...t=1.627e+10 tail sweep 17% (1000 pieces, 2 threads)  ...t=1.627e+10 tail sweep 17% (1000 pieces, 2 threads)

  ...t=1.627e+10 tail sweep 17% (1000 pieces, 2 threads)
  ...t=1.627e+10 tail sweep 17% (1000 pieces, 2 threads)
  ...t=1.627e+10 tail sweep 25% (1500 pieces, 2 threads)
  ...t=1.627e+10 tail sweep 25% (1500 pieces, 2 threads)
  ...t=1.627e+10 tail sweep 25% (1500 pieces, 2 threads)
  ...t=1.627e+10 tail sweep 33% (2000 pieces, 2 threads)
  ...t=1.627e+10 tail sweep 33% (2000 pieces, 2 threads)
  ...t=1.627e+10 tail sweep 33% (2000 pieces, 2 threads)
  ...t=1.627e+10 tail sweep 25% (1500 pieces, 2 threads)
  ...t=1.627e+10 tail sweep 41% (2500 pieces, 2 threads)
  ...t=1.627e+10 tail sweep 41% (2500 pieces, 2 threads)
  ...t=1.627e+10 tail sweep 41% (2500 pieces, 2 threads)
  ...t=1.627e+10 tail sweep 33% (2000 pieces, 2 threads)
  ...t=1.627e+10 tail sweep 50% (3000 pieces, 2 threads)
  ...t=1.627e+10 tail sweep 50% (3000 pieces, 2 threads)
  ...t=1.627e+10 tail sweep 50% (3000 pieces, 2 threads)
  ...t=1.627e+10 tail sweep 58% (3500 pieces, 2 threads)
  ...t=1.627e+10 tail sweep 58% (3500 pieces, 2 threads)
  ...t=1.627e+10 tail sweep 58% (3500 pieces, 2 threads)
  ...t=1.627e+10 tail sweep 41% (2500 pieces, 2 threads)
  ...t=1.627e+10 tail sweep 66% (4000 pieces, 2 threads)  ...t=1.627e+10 tail sweep 66% (4000 pieces, 2 threads)

  ...t=1.627e+10 tail sweep 66% (4000 pieces, 2 threads)
  ...t=1.627e+10 tail sweep 50% (3000 pieces, 2 threads)
  ...t=1.627e+10 tail sweep 74% (4500 pieces, 2 threads)
  ...t=1.627e+10 tail sweep 74% (4500 pieces, 2 threads)
  ...t=1.627e+10 tail sweep 74% (4500 pieces, 2 threads)
  ...t=1.627e+10 tail sweep 58% (3500 pieces, 2 threads)
  ...t=1.627e+10 tail sweep 83% (5000 pieces, 2 threads)
  ...t=1.627e+10 tail sweep 83% (5000 pieces, 2 threads)
  ...t=1.627e+10 tail sweep 83% (5000 pieces, 2 threads)
  ...t=1.627e+10 tail sweep 91% (5500 pieces, 2 threads)
  ...t=1.627e+10 tail sweep 91% (5500 pieces, 2 threads)
  ...t=1.627e+10 tail sweep 66% (4000 pieces, 2 threads)
  ...t=1.627e+10 tail sweep 91% (5500 pieces, 2 threads)
  ...t=1.627e+10 tail sweep 99% (6000 pieces, 2 threads)
  ...t=1.627e+10 tail sweep 99% (6000 pieces, 2 threads)
  ...t=1.627e+10 tail sweep 74% (4500 pieces, 2 threads)
  ...t=1.627e+10 tail sweep 99% (6000 pieces, 2 threads)
  pt win=0 k=+4 x=1.627e+10 t=16270211235.68246 mnew=1.0000 mcert=1.0000 bexp=1.73e-03
  pt win=0 k=+6 x=1.627e+10 t=16270211236.68246 mnew=1.0000 mcert=1.0000 bexp=1.70e-03
  ...t=1.627e+10 tail sweep 83% (5000 pieces, 2 threads)
  pt win=0 k=+5 x=1.627e+10 t=16270211236.18246 mnew=1.0000 mcert=1.0000 bexp=2.10e-03
  ...t=1.627e+10 tail sweep 8% (500 pieces, 2 threads)
  ...t=1.627e+10 tail sweep 8% (500 pieces, 2 threads)
  ...t=1.627e+10 tail sweep 8% (500 pieces, 2 threads)
  ...t=1.627e+10 tail sweep 91% (5500 pieces, 2 threads)
  ...t=1.627e+10 tail sweep 17% (1000 pieces, 2 threads)
  ...t=1.627e+10 tail sweep 17% (1000 pieces, 2 threads)
  ...t=1.627e+10 tail sweep 17% (1000 pieces, 2 threads)
  ...t=1.627e+10 tail sweep 25% (1500 pieces, 2 threads)
  ...t=1.627e+10 tail sweep 25% (1500 pieces, 2 threads)
  ...t=1.627e+10 tail sweep 25% (1500 pieces, 2 threads)
  ...t=1.627e+10 tail sweep 33% (2000 pieces, 2 threads)
  ...t=1.627e+10 tail sweep 33% (2000 pieces, 2 threads)
  ...t=1.627e+10 tail sweep 33% (2000 pieces, 2 threads)
  ...t=1.627e+10 tail sweep 99% (6000 pieces, 2 threads)
  ...t=1.627e+10 tail sweep 41% (2500 pieces, 2 threads)
  ...t=1.627e+10 tail sweep 41% (2500 pieces, 2 threads)
  ...t=1.627e+10 tail sweep 41% (2500 pieces, 2 threads)
  pt win=0 k=+7 x=1.627e+10 t=16270211237.18246 mnew=1.0000 mcert=1.0000 bexp=1.62e-03
  ...t=1.627e+10 tail sweep 50% (3000 pieces, 2 threads)
  ...t=1.627e+10 tail sweep 50% (3000 pieces, 2 threads)
  ...t=1.627e+10 tail sweep 8% (500 pieces, 2 threads)
  ...t=1.627e+10 tail sweep 58% (3500 pieces, 2 threads)
  ...t=1.627e+10 tail sweep 58% (3500 pieces, 2 threads)
  ...t=1.627e+10 tail sweep 50% (3000 pieces, 2 threads)
  ...t=1.627e+10 tail sweep 17% (1000 pieces, 2 threads)
  ...t=1.627e+10 tail sweep 66% (4000 pieces, 2 threads)
  ...t=1.627e+10 tail sweep 66% (4000 pieces, 2 threads)
  ...t=1.627e+10 tail sweep 58% (3500 pieces, 2 threads)
  ...t=1.627e+10 tail sweep 25% (1500 pieces, 2 threads)
  ...t=1.627e+10 tail sweep 74% (4500 pieces, 2 threads)
  ...t=1.627e+10 tail sweep 74% (4500 pieces, 2 threads)
  ...t=1.627e+10 tail sweep 66% (4000 pieces, 2 threads)
  ...t=1.627e+10 tail sweep 33% (2000 pieces, 2 threads)
  ...t=1.627e+10 tail sweep 83% (5000 pieces, 2 threads)
  ...t=1.627e+10 tail sweep 83% (5000 pieces, 2 threads)
  ...t=1.627e+10 tail sweep 74% (4500 pieces, 2 threads)
  ...t=1.627e+10 tail sweep 91% (5500 pieces, 2 threads)
  ...t=1.627e+10 tail sweep 91% (5500 pieces, 2 threads)
  ...t=1.627e+10 tail sweep 41% (2500 pieces, 2 threads)
  ...t=1.627e+10 tail sweep 83% (5000 pieces, 2 threads)
  ...t=1.627e+10 tail sweep 99% (6000 pieces, 2 threads)
  ...t=1.627e+10 tail sweep 99% (6000 pieces, 2 threads)
  pt win=0 k=+8 x=1.627e+10 t=16270211237.68246 mnew=1.0000 mcert=1.0000 bexp=1.67e-03
  pt win=0 k=+10 x=1.627e+10 t=16270211238.68246 mnew=1.0000 mcert=1.0000 bexp=1.64e-03
  ...t=1.627e+10 tail sweep 50% (3000 pieces, 2 threads)
  ...t=1.627e+10 tail sweep 91% (5500 pieces, 2 threads)
  ...t=1.627e+10 tail sweep 8% (500 pieces, 2 threads)
  ...t=1.757e+10 tail sweep 8% (500 pieces, 2 threads)
  ...t=1.627e+10 tail sweep 58% (3500 pieces, 2 threads)
  ...t=1.627e+10 tail sweep 99% (6000 pieces, 2 threads)
  ...t=1.627e+10 tail sweep 17% (1000 pieces, 2 threads)
  pt win=0 k=+9 x=1.627e+10 t=16270211238.18246 mnew=1.0000 mcert=1.0000 bexp=1.66e-03
  ...t=1.627e+10 tail sweep 66% (4000 pieces, 2 threads)
  ...t=1.757e+10 tail sweep 17% (1000 pieces, 2 threads)
  ...t=1.627e+10 tail sweep 25% (1500 pieces, 2 threads)
  ...t=1.757e+10 tail sweep 8% (500 pieces, 2 threads)
  ...t=1.757e+10 tail sweep 25% (1500 pieces, 2 threads)
  ...t=1.627e+10 tail sweep 74% (4500 pieces, 2 threads)
  ...t=1.627e+10 tail sweep 33% (2000 pieces, 2 threads)
  ...t=1.757e+10 tail sweep 17% (1000 pieces, 2 threads)
  ...t=1.757e+10 tail sweep 33% (2000 pieces, 2 threads)
  ...t=1.627e+10 tail sweep 41% (2500 pieces, 2 threads)
  ...t=1.627e+10 tail sweep 83% (5000 pieces, 2 threads)
  ...t=1.757e+10 tail sweep 25% (1500 pieces, 2 threads)
  ...t=1.757e+10 tail sweep 41% (2500 pieces, 2 threads)
  ...t=1.627e+10 tail sweep 50% (3000 pieces, 2 threads)
  ...t=1.627e+10 tail sweep 91% (5500 pieces, 2 threads)
  ...t=1.757e+10 tail sweep 33% (2000 pieces, 2 threads)
  ...t=1.757e+10 tail sweep 50% (3000 pieces, 2 threads)
  ...t=1.627e+10 tail sweep 58% (3500 pieces, 2 threads)
  ...t=1.757e+10 tail sweep 41% (2500 pieces, 2 threads)
  ...t=1.627e+10 tail sweep 99% (6000 pieces, 2 threads)
  pt win=0 k=+11 x=1.627e+10 t=16270211239.18246 mnew=1.0000 mcert=1.0000 bexp=1.63e-03
  ...t=1.757e+10 tail sweep 58% (3500 pieces, 2 threads)
  ...t=1.757e+10 tail sweep 50% (3000 pieces, 2 threads)
  ...t=1.627e+10 tail sweep 66% (4000 pieces, 2 threads)
  ...t=1.757e+10 tail sweep 8% (500 pieces, 2 threads)
  ...t=1.757e+10 tail sweep 66% (4000 pieces, 2 threads)
  ...t=1.757e+10 tail sweep 58% (3500 pieces, 2 threads)
  ...t=1.627e+10 tail sweep 74% (4500 pieces, 2 threads)
  ...t=1.757e+10 tail sweep 17% (1000 pieces, 2 threads)
  ...t=1.627e+10 tail sweep 83% (5000 pieces, 2 threads)
  ...t=1.757e+10 tail sweep 66% (4000 pieces, 2 threads)
  ...t=1.757e+10 tail sweep 74% (4500 pieces, 2 threads)
  ...t=1.757e+10 tail sweep 25% (1500 pieces, 2 threads)
  ...t=1.627e+10 tail sweep 91% (5500 pieces, 2 threads)
  ...t=1.757e+10 tail sweep 74% (4500 pieces, 2 threads)
  ...t=1.757e+10 tail sweep 83% (5000 pieces, 2 threads)
  ...t=1.757e+10 tail sweep 33% (2000 pieces, 2 threads)
  ...t=1.627e+10 tail sweep 99% (6000 pieces, 2 threads)
  ...t=1.757e+10 tail sweep 83% (5000 pieces, 2 threads)
  ...t=1.757e+10 tail sweep 91% (5500 pieces, 2 threads)
  pt win=0 k=+12 x=1.627e+10 t=16270211239.68246 mnew=1.0000 mcert=1.0000 bexp=1.64e-03
  ...t=1.757e+10 tail sweep 41% (2500 pieces, 2 threads)
  ...t=1.757e+10 tail sweep 8% (500 pieces, 2 threads)
  ...t=1.757e+10 tail sweep 50% (3000 pieces, 2 threads)
  ...t=1.757e+10 tail sweep 91% (5500 pieces, 2 threads)
  ...t=1.757e+10 tail sweep 17% (1000 pieces, 2 threads)
  ...t=1.757e+10 tail sweep 58% (3500 pieces, 2 threads)
  ...t=1.757e+10 tail sweep 99% (6000 pieces, 2 threads)
  ...t=1.757e+10 tail sweep 25% (1500 pieces, 2 threads)
  ...t=1.757e+10 tail sweep 66% (4000 pieces, 2 threads)
  ...t=1.757e+10 tail sweep 33% (2000 pieces, 2 threads)
  ...t=1.757e+10 tail sweep 99% (6000 pieces, 2 threads)
  ...t=1.757e+10 tail sweep 74% (4500 pieces, 2 threads)
  pt win=1 k=-12 x=1.757e+10 t=17571828126.54856 mnew=1.0000 mcert=1.0000 bexp=1.75e-03
  pt win=1 k=-11 x=1.757e+10 t=17571828127.04856 mnew=1.0000 mcert=1.0000 bexp=1.75e-03
  ...t=1.757e+10 tail sweep 41% (2500 pieces, 2 threads)
  ...t=1.757e+10 tail sweep 8% (500 pieces, 2 threads)
  ...t=1.757e+10 tail sweep 8% (500 pieces, 2 threads)
  ...t=1.757e+10 tail sweep 50% (3000 pieces, 2 threads)
  ...t=1.757e+10 tail sweep 83% (5000 pieces, 2 threads)
  ...t=1.757e+10 tail sweep 58% (3500 pieces, 2 threads)
  ...t=1.757e+10 tail sweep 17% (1000 pieces, 2 threads)
  ...t=1.757e+10 tail sweep 17% (1000 pieces, 2 threads)
  ...t=1.757e+10 tail sweep 66% (4000 pieces, 2 threads)
  ...t=1.757e+10 tail sweep 25% (1500 pieces, 2 threads)
  ...t=1.757e+10 tail sweep 91% (5500 pieces, 2 threads)
  ...t=1.757e+10 tail sweep 74% (4500 pieces, 2 threads)
  ...t=1.757e+10 tail sweep 25% (1500 pieces, 2 threads)
  ...t=1.757e+10 tail sweep 33% (2000 pieces, 2 threads)
  ...t=1.757e+10 tail sweep 83% (5000 pieces, 2 threads)
  ...t=1.757e+10 tail sweep 99% (6000 pieces, 2 threads)
  pt win=1 k=-10 x=1.757e+10 t=17571828127.54856 mnew=1.0000 mcert=1.0000 bexp=1.86e-03
  ...t=1.757e+10 tail sweep 41% (2500 pieces, 2 threads)
  ...t=1.757e+10 tail sweep 91% (5500 pieces, 2 threads)
  ...t=1.757e+10 tail sweep 33% (2000 pieces, 2 threads)
  ...t=1.757e+10 tail sweep 8% (500 pieces, 2 threads)
  ...t=1.757e+10 tail sweep 50% (3000 pieces, 2 threads)
  ...t=1.757e+10 tail sweep 41% (2500 pieces, 2 threads)
  ...t=1.757e+10 tail sweep 99% (6000 pieces, 2 threads)
  ...t=1.757e+10 tail sweep 17% (1000 pieces, 2 threads)
  ...t=1.757e+10 tail sweep 58% (3500 pieces, 2 threads)
  pt win=1 k=-9 x=1.757e+10 t=17571828128.04856 mnew=1.0000 mcert=1.0000 bexp=1.79e-03
  ...t=1.757e+10 tail sweep 25% (1500 pieces, 2 threads)
  ...t=1.757e+10 tail sweep 8% (500 pieces, 2 threads)
  ...t=1.757e+10 tail sweep 66% (4000 pieces, 2 threads)
  ...t=1.757e+10 tail sweep 50% (3000 pieces, 2 threads)
  ...t=1.757e+10 tail sweep 17% (1000 pieces, 2 threads)
  ...t=1.757e+10 tail sweep 33% (2000 pieces, 2 threads)
  ...t=1.757e+10 tail sweep 74% (4500 pieces, 2 threads)
  ...t=1.757e+10 tail sweep 25% (1500 pieces, 2 threads)
  ...t=1.757e+10 tail sweep 58% (3500 pieces, 2 threads)
  ...t=1.757e+10 tail sweep 41% (2500 pieces, 2 threads)
  ...t=1.757e+10 tail sweep 33% (2000 pieces, 2 threads)
  ...t=1.757e+10 tail sweep 83% (5000 pieces, 2 threads)
  ...t=1.757e+10 tail sweep 66% (4000 pieces, 2 threads)
  ...t=1.757e+10 tail sweep 50% (3000 pieces, 2 threads)
  ...t=1.757e+10 tail sweep 41% (2500 pieces, 2 threads)
  ...t=1.757e+10 tail sweep 91% (5500 pieces, 2 threads)
  ...t=1.757e+10 tail sweep 50% (3000 pieces, 2 threads)
  ...t=1.757e+10 tail sweep 58% (3500 pieces, 2 threads)
  ...t=1.757e+10 tail sweep 58% (3500 pieces, 2 threads)
  ...t=1.757e+10 tail sweep 99% (6000 pieces, 2 threads)
  ...t=1.757e+10 tail sweep 74% (4500 pieces, 2 threads)
  pt win=1 k=-7 x=1.757e+10 t=17571828129.04856 mnew=1.0000 mcert=1.0000 bexp=1.78e-03
  ...t=1.757e+10 tail sweep 66% (4000 pieces, 2 threads)
  ...t=1.757e+10 tail sweep 66% (4000 pieces, 2 threads)
  ...t=1.757e+10 tail sweep 74% (4500 pieces, 2 threads)
  ...t=1.757e+10 tail sweep 8% (500 pieces, 2 threads)
  ...t=1.757e+10 tail sweep 83% (5000 pieces, 2 threads)
  ...t=1.757e+10 tail sweep 83% (5000 pieces, 2 threads)
  ...t=1.757e+10 tail sweep 74% (4500 pieces, 2 threads)
  ...t=1.757e+10 tail sweep 17% (1000 pieces, 2 threads)
  ...t=1.757e+10 tail sweep 91% (5500 pieces, 2 threads)
  ...t=1.757e+10 tail sweep 91% (5500 pieces, 2 threads)
  ...t=1.757e+10 tail sweep 25% (1500 pieces, 2 threads)
  ...t=1.757e+10 tail sweep 83% (5000 pieces, 2 threads)
  ...t=1.757e+10 tail sweep 99% (6000 pieces, 2 threads)
  ...t=1.757e+10 tail sweep 99% (6000 pieces, 2 threads)
  ...t=1.757e+10 tail sweep 91% (5500 pieces, 2 threads)
  pt win=1 k=-5 x=1.757e+10 t=17571828130.04856 mnew=1.0000 mcert=1.0000 bexp=1.83e-03
  ...t=1.757e+10 tail sweep 33% (2000 pieces, 2 threads)
  pt win=1 k=-8 x=1.757e+10 t=17571828128.54856 mnew=1.0000 mcert=1.0000 bexp=1.87e-03
  ...t=1.757e+10 tail sweep 8% (500 pieces, 2 threads)
  ...t=1.757e+10 tail sweep 8% (500 pieces, 2 threads)
  ...t=1.757e+10 tail sweep 41% (2500 pieces, 2 threads)
  ...t=1.757e+10 tail sweep 17% (1000 pieces, 2 threads)
  ...t=1.757e+10 tail sweep 99% (6000 pieces, 2 threads)
  ...t=1.757e+10 tail sweep 50% (3000 pieces, 2 threads)
  ...t=1.757e+10 tail sweep 17% (1000 pieces, 2 threads)
  pt win=1 k=-6 x=1.757e+10 t=17571828129.54856 mnew=1.0000 mcert=1.0000 bexp=1.74e-03
  ...t=1.757e+10 tail sweep 25% (1500 pieces, 2 threads)
  ...t=1.757e+10 tail sweep 58% (3500 pieces, 2 threads)
  ...t=1.757e+10 tail sweep 25% (1500 pieces, 2 threads)
  ...t=1.757e+10 tail sweep 8% (500 pieces, 2 threads)
  ...t=1.757e+10 tail sweep 33% (2000 pieces, 2 threads)
  ...t=1.757e+10 tail sweep 66% (4000 pieces, 2 threads)
  ...t=1.757e+10 tail sweep 17% (1000 pieces, 2 threads)
  ...t=1.757e+10 tail sweep 41% (2500 pieces, 2 threads)
  ...t=1.757e+10 tail sweep 33% (2000 pieces, 2 threads)
  ...t=1.757e+10 tail sweep 74% (4500 pieces, 2 threads)
  ...t=1.757e+10 tail sweep 50% (3000 pieces, 2 threads)
  ...t=1.757e+10 tail sweep 25% (1500 pieces, 2 threads)
  ...t=1.757e+10 tail sweep 83% (5000 pieces, 2 threads)
  ...t=1.757e+10 tail sweep 41% (2500 pieces, 2 threads)
  ...t=1.757e+10 tail sweep 58% (3500 pieces, 2 threads)
  ...t=1.757e+10 tail sweep 33% (2000 pieces, 2 threads)
  ...t=1.757e+10 tail sweep 91% (5500 pieces, 2 threads)
  ...t=1.757e+10 tail sweep 66% (4000 pieces, 2 threads)
  ...t=1.757e+10 tail sweep 41% (2500 pieces, 2 threads)
  ...t=1.757e+10 tail sweep 50% (3000 pieces, 2 threads)
  ...t=1.757e+10 tail sweep 99% (6000 pieces, 2 threads)
  ...t=1.757e+10 tail sweep 74% (4500 pieces, 2 threads)
  ...t=1.757e+10 tail sweep 50% (3000 pieces, 2 threads)
  pt win=1 k=-4 x=1.757e+10 t=17571828130.54856 mnew=1.0000 mcert=1.0000 bexp=1.78e-03
  ...t=1.757e+10 tail sweep 58% (3500 pieces, 2 threads)
  ...t=1.757e+10 tail sweep 83% (5000 pieces, 2 threads)
  ...t=1.757e+10 tail sweep 58% (3500 pieces, 2 threads)
  ...t=1.757e+10 tail sweep 66% (4000 pieces, 2 threads)
  ...t=1.757e+10 tail sweep 8% (500 pieces, 2 threads)
  ...t=1.757e+10 tail sweep 91% (5500 pieces, 2 threads)
  ...t=1.757e+10 tail sweep 74% (4500 pieces, 2 threads)
  ...t=1.757e+10 tail sweep 66% (4000 pieces, 2 threads)
  ...t=1.757e+10 tail sweep 17% (1000 pieces, 2 threads)
  ...t=1.757e+10 tail sweep 99% (6000 pieces, 2 threads)
  ...t=1.757e+10 tail sweep 83% (5000 pieces, 2 threads)
  ...t=1.757e+10 tail sweep 74% (4500 pieces, 2 threads)
  ...t=1.757e+10 tail sweep 25% (1500 pieces, 2 threads)
  pt win=1 k=-2 x=1.757e+10 t=17571828131.54856 mnew=1.0000 mcert=1.0000 bexp=1.75e-03
  ...t=1.757e+10 tail sweep 91% (5500 pieces, 2 threads)
  ...t=1.757e+10 tail sweep 33% (2000 pieces, 2 threads)
  ...t=1.757e+10 tail sweep 8% (500 pieces, 2 threads)
  ...t=1.757e+10 tail sweep 83% (5000 pieces, 2 threads)
  ...t=1.757e+10 tail sweep 99% (6000 pieces, 2 threads)
  ...t=1.757e+10 tail sweep 17% (1000 pieces, 2 threads)
  ...t=1.757e+10 tail sweep 41% (2500 pieces, 2 threads)
  pt win=1 k=-3 x=1.757e+10 t=17571828131.04856 mnew=1.0000 mcert=1.0000 bexp=1.73e-03
  ...t=1.757e+10 tail sweep 91% (5500 pieces, 2 threads)
  ...t=1.757e+10 tail sweep 8% (500 pieces, 2 threads)
  ...t=1.757e+10 tail sweep 25% (1500 pieces, 2 threads)
  ...t=1.757e+10 tail sweep 50% (3000 pieces, 2 threads)
  ...t=1.757e+10 tail sweep 99% (6000 pieces, 2 threads)
  pt win=1 k=-1 x=1.757e+10 t=17571828132.04856 mnew=1.0000 mcert=1.0000 bexp=1.79e-03
  ...t=1.757e+10 tail sweep 17% (1000 pieces, 2 threads)
  ...t=1.757e+10 tail sweep 33% (2000 pieces, 2 threads)
  ...t=1.757e+10 tail sweep 58% (3500 pieces, 2 threads)
  ...t=1.757e+10 tail sweep 8% (500 pieces, 2 threads)
  ...t=1.757e+10 tail sweep 25% (1500 pieces, 2 threads)
  ...t=1.757e+10 tail sweep 41% (2500 pieces, 2 threads)
  ...t=1.757e+10 tail sweep 66% (4000 pieces, 2 threads)
  ...t=1.757e+10 tail sweep 17% (1000 pieces, 2 threads)
  ...t=1.757e+10 tail sweep 50% (3000 pieces, 2 threads)
  ...t=1.757e+10 tail sweep 33% (2000 pieces, 2 threads)
  ...t=1.757e+10 tail sweep 74% (4500 pieces, 2 threads)
  ...t=1.757e+10 tail sweep 25% (1500 pieces, 2 threads)
  ...t=1.757e+10 tail sweep 58% (3500 pieces, 2 threads)
  ...t=1.757e+10 tail sweep 83% (5000 pieces, 2 threads)
  ...t=1.757e+10 tail sweep 41% (2500 pieces, 2 threads)
  ...t=1.757e+10 tail sweep 33% (2000 pieces, 2 threads)
  ...t=1.757e+10 tail sweep 66% (4000 pieces, 2 threads)
  ...t=1.757e+10 tail sweep 41% (2500 pieces, 2 threads)
  ...t=1.757e+10 tail sweep 91% (5500 pieces, 2 threads)
  ...t=1.757e+10 tail sweep 50% (3000 pieces, 2 threads)
  ...t=1.757e+10 tail sweep 50% (3000 pieces, 2 threads)
  ...t=1.757e+10 tail sweep 74% (4500 pieces, 2 threads)
  ...t=1.757e+10 tail sweep 99% (6000 pieces, 2 threads)
  ...t=1.757e+10 tail sweep 58% (3500 pieces, 2 threads)
  ...t=1.757e+10 tail sweep 58% (3500 pieces, 2 threads)
  pt win=1 k=+1 x=1.757e+10 t=17571828133.04856 mnew=1.0000 mcert=1.0000 bexp=1.89e-03
  ...t=1.757e+10 tail sweep 83% (5000 pieces, 2 threads)
  ...t=1.757e+10 tail sweep 66% (4000 pieces, 2 threads)
  ...t=1.757e+10 tail sweep 66% (4000 pieces, 2 threads)
  ...t=1.757e+10 tail sweep 91% (5500 pieces, 2 threads)
  ...t=1.757e+10 tail sweep 8% (500 pieces, 2 threads)
  ...t=1.757e+10 tail sweep 74% (4500 pieces, 2 threads)
  ...t=1.757e+10 tail sweep 74% (4500 pieces, 2 threads)
  ...t=1.757e+10 tail sweep 99% (6000 pieces, 2 threads)
  ...t=1.757e+10 tail sweep 17% (1000 pieces, 2 threads)
  ...t=1.757e+10 tail sweep 83% (5000 pieces, 2 threads)
  ...t=1.757e+10 tail sweep 83% (5000 pieces, 2 threads)
  pt win=1 k=+2 x=1.757e+10 t=17571828133.54856 mnew=1.0000 mcert=1.0000 bexp=1.75e-03
  ...t=1.757e+10 tail sweep 25% (1500 pieces, 2 threads)
  ...t=1.757e+10 tail sweep 91% (5500 pieces, 2 threads)
  ...t=1.757e+10 tail sweep 91% (5500 pieces, 2 threads)
  ...t=1.757e+10 tail sweep 8% (500 pieces, 2 threads)
  ...t=1.757e+10 tail sweep 33% (2000 pieces, 2 threads)
  ...t=1.757e+10 tail sweep 99% (6000 pieces, 2 threads)
  ...t=1.757e+10 tail sweep 99% (6000 pieces, 2 threads)
  ...t=1.757e+10 tail sweep 17% (1000 pieces, 2 threads)
  ...t=1.757e+10 tail sweep 41% (2500 pieces, 2 threads)
  pt win=1 k=+4 x=1.757e+10 t=17571828134.54856 mnew=1.0000 mcert=1.0000 bexp=1.73e-03
  pt win=1 k=+3 x=1.757e+10 t=17571828134.04856 mnew=1.0000 mcert=1.0000 bexp=1.74e-03
  ...t=1.757e+10 tail sweep 25% (1500 pieces, 2 threads)
  ...t=1.757e+10 tail sweep 50% (3000 pieces, 2 threads)
  ...t=1.757e+10 tail sweep 8% (500 pieces, 2 threads)
  ...t=1.757e+10 tail sweep 8% (500 pieces, 2 threads)
  ...t=1.757e+10 tail sweep 33% (2000 pieces, 2 threads)
  ...t=1.757e+10 tail sweep 58% (3500 pieces, 2 threads)
  ...t=1.757e+10 tail sweep 17% (1000 pieces, 2 threads)
  ...t=1.757e+10 tail sweep 17% (1000 pieces, 2 threads)
  ...t=1.757e+10 tail sweep 41% (2500 pieces, 2 threads)
  ...t=1.757e+10 tail sweep 66% (4000 pieces, 2 threads)
  ...t=1.757e+10 tail sweep 25% (1500 pieces, 2 threads)
  ...t=1.757e+10 tail sweep 25% (1500 pieces, 2 threads)
  ...t=1.757e+10 tail sweep 74% (4500 pieces, 2 threads)
  ...t=1.757e+10 tail sweep 50% (3000 pieces, 2 threads)
  ...t=1.757e+10 tail sweep 33% (2000 pieces, 2 threads)
  ...t=1.757e+10 tail sweep 33% (2000 pieces, 2 threads)
  ...t=1.757e+10 tail sweep 83% (5000 pieces, 2 threads)
  ...t=1.757e+10 tail sweep 41% (2500 pieces, 2 threads)
  ...t=1.757e+10 tail sweep 58% (3500 pieces, 2 threads)
  ...t=1.757e+10 tail sweep 41% (2500 pieces, 2 threads)
  ...t=1.757e+10 tail sweep 91% (5500 pieces, 2 threads)
  ...t=1.757e+10 tail sweep 50% (3000 pieces, 2 threads)
  ...t=1.757e+10 tail sweep 50% (3000 pieces, 2 threads)
  ...t=1.757e+10 tail sweep 99% (6000 pieces, 2 threads)
  ...t=1.757e+10 tail sweep 66% (4000 pieces, 2 threads)
  ...t=1.757e+10 tail sweep 58% (3500 pieces, 2 threads)
  pt win=1 k=+5 x=1.757e+10 t=17571828135.04856 mnew=1.0000 mcert=1.0000 bexp=1.75e-03
  ...t=1.757e+10 tail sweep 58% (3500 pieces, 2 threads)
  ...t=1.757e+10 tail sweep 66% (4000 pieces, 2 threads)
  ...t=1.757e+10 tail sweep 74% (4500 pieces, 2 threads)
  ...t=1.757e+10 tail sweep 8% (500 pieces, 2 threads)
  ...t=1.757e+10 tail sweep 66% (4000 pieces, 2 threads)
  ...t=1.757e+10 tail sweep 74% (4500 pieces, 2 threads)
  ...t=1.757e+10 tail sweep 17% (1000 pieces, 2 threads)
  ...t=1.757e+10 tail sweep 83% (5000 pieces, 2 threads)
  ...t=1.757e+10 tail sweep 83% (5000 pieces, 2 threads)
  ...t=1.757e+10 tail sweep 25% (1500 pieces, 2 threads)
  ...t=1.757e+10 tail sweep 74% (4500 pieces, 2 threads)
  ...t=1.757e+10 tail sweep 91% (5500 pieces, 2 threads)
  ...t=1.757e+10 tail sweep 91% (5500 pieces, 2 threads)
  ...t=1.757e+10 tail sweep 33% (2000 pieces, 2 threads)
  ...t=1.757e+10 tail sweep 83% (5000 pieces, 2 threads)
  ...t=1.757e+10 tail sweep 99% (6000 pieces, 2 threads)
  ...t=1.757e+10 tail sweep 41% (2500 pieces, 2 threads)
  ...t=1.757e+10 tail sweep 99% (6000 pieces, 2 threads)
  ...t=1.757e+10 tail sweep 91% (5500 pieces, 2 threads)
  pt win=1 k=+7 x=1.757e+10 t=17571828136.04856 mnew=1.0000 mcert=1.0000 bexp=1.75e-03
  pt win=1 k=+6 x=1.757e+10 t=17571828135.54856 mnew=1.0000 mcert=1.0000 bexp=1.73e-03
  ...t=1.757e+10 tail sweep 50% (3000 pieces, 2 threads)
  ...t=1.757e+10 tail sweep 8% (500 pieces, 2 threads)
  ...t=1.757e+10 tail sweep 8% (500 pieces, 2 threads)
  ...t=1.757e+10 tail sweep 99% (6000 pieces, 2 threads)
  pt win=1 k=+8 x=1.757e+10 t=17571828136.54856 mnew=1.0000 mcert=1.0000 bexp=1.74e-03
  ...t=1.757e+10 tail sweep 58% (3500 pieces, 2 threads)
  ...t=1.757e+10 tail sweep 17% (1000 pieces, 2 threads)
  ...t=1.757e+10 tail sweep 17% (1000 pieces, 2 threads)
  ...t=1.757e+10 tail sweep 8% (500 pieces, 2 threads)
  ...t=1.757e+10 tail sweep 66% (4000 pieces, 2 threads)
  ...t=1.757e+10 tail sweep 25% (1500 pieces, 2 threads)
  ...t=1.757e+10 tail sweep 17% (1000 pieces, 2 threads)
  ...t=1.757e+10 tail sweep 25% (1500 pieces, 2 threads)
  ...t=1.757e+10 tail sweep 74% (4500 pieces, 2 threads)
  ...t=1.757e+10 tail sweep 25% (1500 pieces, 2 threads)
  ...t=1.757e+10 tail sweep 33% (2000 pieces, 2 threads)
  ...t=1.757e+10 tail sweep 33% (2000 pieces, 2 threads)
  ...t=1.757e+10 tail sweep 33% (2000 pieces, 2 threads)
  ...t=1.757e+10 tail sweep 83% (5000 pieces, 2 threads)
  ...t=1.757e+10 tail sweep 41% (2500 pieces, 2 threads)
  ...t=1.757e+10 tail sweep 41% (2500 pieces, 2 threads)
  ...t=1.757e+10 tail sweep 41% (2500 pieces, 2 threads)
  ...t=1.757e+10 tail sweep 91% (5500 pieces, 2 threads)
  ...t=1.757e+10 tail sweep 50% (3000 pieces, 2 threads)
  ...t=1.757e+10 tail sweep 50% (3000 pieces, 2 threads)
  ...t=1.757e+10 tail sweep 50% (3000 pieces, 2 threads)
  ...t=1.757e+10 tail sweep 99% (6000 pieces, 2 threads)
  ...t=1.757e+10 tail sweep 58% (3500 pieces, 2 threads)
  pt win=1 k=+9 x=1.757e+10 t=17571828137.04856 mnew=1.0000 mcert=1.0000 bexp=1.80e-03
  ...t=1.757e+10 tail sweep 58% (3500 pieces, 2 threads)
  ...t=1.757e+10 tail sweep 66% (4000 pieces, 2 threads)
  ...t=1.757e+10 tail sweep 58% (3500 pieces, 2 threads)
  ...t=1.898e+10 tail sweep 8% (500 pieces, 2 threads)
  ...t=1.757e+10 tail sweep 66% (4000 pieces, 2 threads)
  ...t=1.757e+10 tail sweep 74% (4500 pieces, 2 threads)
  ...t=1.757e+10 tail sweep 66% (4000 pieces, 2 threads)
  ...t=1.757e+10 tail sweep 74% (4500 pieces, 2 threads)
  ...t=1.898e+10 tail sweep 17% (1000 pieces, 2 threads)
  ...t=1.757e+10 tail sweep 83% (5000 pieces, 2 threads)
  ...t=1.757e+10 tail sweep 83% (5000 pieces, 2 threads)
  ...t=1.757e+10 tail sweep 74% (4500 pieces, 2 threads)
  ...t=1.757e+10 tail sweep 91% (5500 pieces, 2 threads)
  ...t=1.898e+10 tail sweep 25% (1500 pieces, 2 threads)
  ...t=1.757e+10 tail sweep 91% (5500 pieces, 2 threads)
  ...t=1.898e+10 tail sweep 33% (2000 pieces, 2 threads)
  ...t=1.757e+10 tail sweep 99% (6000 pieces, 2 threads)
  ...t=1.757e+10 tail sweep 99% (6000 pieces, 2 threads)
  ...t=1.757e+10 tail sweep 83% (5000 pieces, 2 threads)
  pt win=1 k=+10 x=1.757e+10 t=17571828137.54856 mnew=1.0000 mcert=1.0000 bexp=1.74e-03
  pt win=1 k=+12 x=1.757e+10 t=17571828138.54856 mnew=1.0000 mcert=1.0000 bexp=1.74e-03
  ...t=1.898e+10 tail sweep 41% (2500 pieces, 2 threads)
  ...t=1.898e+10 tail sweep 8% (500 pieces, 2 threads)
  ...t=1.898e+10 tail sweep 8% (500 pieces, 2 threads)
  ...t=1.757e+10 tail sweep 91% (5500 pieces, 2 threads)
  ...t=1.898e+10 tail sweep 50% (3000 pieces, 2 threads)
  ...t=1.898e+10 tail sweep 17% (1000 pieces, 2 threads)
  ...t=1.898e+10 tail sweep 17% (1000 pieces, 2 threads)
  ...t=1.898e+10 tail sweep 58% (3500 pieces, 2 threads)
  ...t=1.757e+10 tail sweep 99% (6000 pieces, 2 threads)
  ...t=1.898e+10 tail sweep 25% (1500 pieces, 2 threads)
  ...t=1.898e+10 tail sweep 25% (1500 pieces, 2 threads)
  ...t=1.898e+10 tail sweep 66% (4000 pieces, 2 threads)
  pt win=1 k=+11 x=1.757e+10 t=17571828138.04856 mnew=1.0000 mcert=1.0000 bexp=2.69e-03
  ...t=1.898e+10 tail sweep 33% (2000 pieces, 2 threads)
  ...t=1.898e+10 tail sweep 33% (2000 pieces, 2 threads)
  ...t=1.898e+10 tail sweep 8% (500 pieces, 2 threads)
  ...t=1.898e+10 tail sweep 74% (4500 pieces, 2 threads)
  ...t=1.898e+10 tail sweep 41% (2500 pieces, 2 threads)
  ...t=1.898e+10 tail sweep 41% (2500 pieces, 2 threads)
  ...t=1.898e+10 tail sweep 17% (1000 pieces, 2 threads)
  ...t=1.898e+10 tail sweep 83% (5000 pieces, 2 threads)
  ...t=1.898e+10 tail sweep 50% (3000 pieces, 2 threads)
  ...t=1.898e+10 tail sweep 50% (3000 pieces, 2 threads)
  ...t=1.898e+10 tail sweep 58% (3500 pieces, 2 threads)
  ...t=1.898e+10 tail sweep 58% (3500 pieces, 2 threads)
  ...t=1.898e+10 tail sweep 25% (1500 pieces, 2 threads)
  ...t=1.898e+10 tail sweep 91% (5500 pieces, 2 threads)
  ...t=1.898e+10 tail sweep 66% (4000 pieces, 2 threads)
  ...t=1.898e+10 tail sweep 66% (4000 pieces, 2 threads)
  ...t=1.898e+10 tail sweep 33% (2000 pieces, 2 threads)
  ...t=1.898e+10 tail sweep 99% (6000 pieces, 2 threads)
  ...t=1.898e+10 tail sweep 74% (4500 pieces, 2 threads)
  ...t=1.898e+10 tail sweep 74% (4500 pieces, 2 threads)
  ...t=1.898e+10 tail sweep 83% (5000 pieces, 2 threads)
  ...t=1.898e+10 tail sweep 83% (5000 pieces, 2 threads)
  pt win=2 k=-12 x=1.898e+10 t=18977574377.08279 mnew=1.0000 mcert=1.0000 bexp=1.86e-03
  ...t=1.898e+10 tail sweep 41% (2500 pieces, 2 threads)
  ...t=1.898e+10 tail sweep 91% (5500 pieces, 2 threads)
  ...t=1.898e+10 tail sweep 91% (5500 pieces, 2 threads)
  ...t=1.898e+10 tail sweep 8% (500 pieces, 2 threads)
  ...t=1.898e+10 tail sweep 50% (3000 pieces, 2 threads)
  ...t=1.898e+10 tail sweep 17% (1000 pieces, 2 threads)
  ...t=1.898e+10 tail sweep 99% (6000 pieces, 2 threads)
  ...t=1.898e+10 tail sweep 99% (6000 pieces, 2 threads)
  pt win=2 k=-11 x=1.898e+10 t=18977574377.58279 mnew=1.0000 mcert=1.0000 bexp=1.84e-03
  pt win=2 k=-10 x=1.898e+10 t=18977574378.08279 mnew=1.0000 mcert=1.0000 bexp=1.86e-03
  ...t=1.898e+10 tail sweep 25% (1500 pieces, 2 threads)
  ...t=1.898e+10 tail sweep 58% (3500 pieces, 2 threads)
  ...t=1.898e+10 tail sweep 8% (500 pieces, 2 threads)
  ...t=1.898e+10 tail sweep 8% (500 pieces, 2 threads)
  ...t=1.898e+10 tail sweep 33% (2000 pieces, 2 threads)
  ...t=1.898e+10 tail sweep 41% (2500 pieces, 2 threads)
  ...t=1.898e+10 tail sweep 17% (1000 pieces, 2 threads)
  ...t=1.898e+10 tail sweep 17% (1000 pieces, 2 threads)
  ...t=1.898e+10 tail sweep 66% (4000 pieces, 2 threads)
  ...t=1.898e+10 tail sweep 50% (3000 pieces, 2 threads)
  ...t=1.898e+10 tail sweep 25% (1500 pieces, 2 threads)
  ...t=1.898e+10 tail sweep 25% (1500 pieces, 2 threads)
  ...t=1.898e+10 tail sweep 74% (4500 pieces, 2 threads)
  ...t=1.898e+10 tail sweep 58% (3500 pieces, 2 threads)
  ...t=1.898e+10 tail sweep 33% (2000 pieces, 2 threads)
  ...t=1.898e+10 tail sweep 33% (2000 pieces, 2 threads)
  ...t=1.898e+10 tail sweep 66% (4000 pieces, 2 threads)
  ...t=1.898e+10 tail sweep 41% (2500 pieces, 2 threads)
  ...t=1.898e+10 tail sweep 83% (5000 pieces, 2 threads)
  ...t=1.898e+10 tail sweep 74% (4500 pieces, 2 threads)
  ...t=1.898e+10 tail sweep 41% (2500 pieces, 2 threads)
  ...t=1.898e+10 tail sweep 83% (5000 pieces, 2 threads)
  ...t=1.898e+10 tail sweep 50% (3000 pieces, 2 threads)
  ...t=1.898e+10 tail sweep 91% (5500 pieces, 2 threads)
  ...t=1.898e+10 tail sweep 91% (5500 pieces, 2 threads)
  ...t=1.898e+10 tail sweep 50% (3000 pieces, 2 threads)
  ...t=1.898e+10 tail sweep 58% (3500 pieces, 2 threads)
  ...t=1.898e+10 tail sweep 99% (6000 pieces, 2 threads)
  ...t=1.898e+10 tail sweep 66% (4000 pieces, 2 threads)
  pt win=2 k=-8 x=1.898e+10 t=18977574379.08279 mnew=1.0000 mcert=1.0000 bexp=1.92e-03
  ...t=1.898e+10 tail sweep 58% (3500 pieces, 2 threads)
  ...t=1.898e+10 tail sweep 99% (6000 pieces, 2 threads)
  ...t=1.898e+10 tail sweep 74% (4500 pieces, 2 threads)
  pt win=2 k=-9 x=1.898e+10 t=18977574378.58279 mnew=1.0000 mcert=1.0000 bexp=1.84e-03
  ...t=1.898e+10 tail sweep 8% (500 pieces, 2 threads)
  ...t=1.898e+10 tail sweep 83% (5000 pieces, 2 threads)
  ...t=1.898e+10 tail sweep 66% (4000 pieces, 2 threads)
  ...t=1.898e+10 tail sweep 8% (500 pieces, 2 threads)
  ...t=1.898e+10 tail sweep 17% (1000 pieces, 2 threads)
  ...t=1.898e+10 tail sweep 91% (5500 pieces, 2 threads)
  ...t=1.898e+10 tail sweep 17% (1000 pieces, 2 threads)
  ...t=1.898e+10 tail sweep 74% (4500 pieces, 2 threads)
  ...t=1.898e+10 tail sweep 25% (1500 pieces, 2 threads)
  ...t=1.898e+10 tail sweep 99% (6000 pieces, 2 threads)
  ...t=1.898e+10 tail sweep 25% (1500 pieces, 2 threads)
  pt win=2 k=-7 x=1.898e+10 t=18977574379.58279 mnew=1.0000 mcert=1.0000 bexp=1.88e-03
  ...t=1.898e+10 tail sweep 33% (2000 pieces, 2 threads)
  ...t=1.898e+10 tail sweep 33% (2000 pieces, 2 threads)
  ...t=1.898e+10 tail sweep 83% (5000 pieces, 2 threads)
  ...t=1.898e+10 tail sweep 8% (500 pieces, 2 threads)
  ...t=1.898e+10 tail sweep 41% (2500 pieces, 2 threads)
  ...t=1.898e+10 tail sweep 41% (2500 pieces, 2 threads)
  ...t=1.898e+10 tail sweep 91% (5500 pieces, 2 threads)
  ...t=1.898e+10 tail sweep 17% (1000 pieces, 2 threads)
  ...t=1.898e+10 tail sweep 50% (3000 pieces, 2 threads)
  ...t=1.898e+10 tail sweep 50% (3000 pieces, 2 threads)
  ...t=1.898e+10 tail sweep 99% (6000 pieces, 2 threads)
  ...t=1.898e+10 tail sweep 25% (1500 pieces, 2 threads)
  ...t=1.898e+10 tail sweep 58% (3500 pieces, 2 threads)
  ...t=1.898e+10 tail sweep 58% (3500 pieces, 2 threads)
  pt win=2 k=-6 x=1.898e+10 t=18977574380.08279 mnew=1.0000 mcert=1.0000 bexp=1.87e-03
  ...t=1.898e+10 tail sweep 33% (2000 pieces, 2 threads)
  ...t=1.898e+10 tail sweep 66% (4000 pieces, 2 threads)
  ...t=1.898e+10 tail sweep 66% (4000 pieces, 2 threads)
  ...t=1.898e+10 tail sweep 8% (500 pieces, 2 threads)
  ...t=1.898e+10 tail sweep 41% (2500 pieces, 2 threads)
  ...t=1.898e+10 tail sweep 74% (4500 pieces, 2 threads)
  ...t=1.898e+10 tail sweep 74% (4500 pieces, 2 threads)
  ...t=1.898e+10 tail sweep 17% (1000 pieces, 2 threads)
  ...t=1.898e+10 tail sweep 50% (3000 pieces, 2 threads)
  ...t=1.898e+10 tail sweep 83% (5000 pieces, 2 threads)
  ...t=1.898e+10 tail sweep 25% (1500 pieces, 2 threads)
  ...t=1.898e+10 tail sweep 83% (5000 pieces, 2 threads)
  ...t=1.898e+10 tail sweep 91% (5500 pieces, 2 threads)
  ...t=1.898e+10 tail sweep 58% (3500 pieces, 2 threads)
  ...t=1.898e+10 tail sweep 33% (2000 pieces, 2 threads)
  ...t=1.898e+10 tail sweep 99% (6000 pieces, 2 threads)
  ...t=1.898e+10 tail sweep 91% (5500 pieces, 2 threads)
  ...t=1.898e+10 tail sweep 41% (2500 pieces, 2 threads)
  ...t=1.898e+10 tail sweep 66% (4000 pieces, 2 threads)
  pt win=2 k=-5 x=1.898e+10 t=18977574380.58279 mnew=1.0000 mcert=1.0000 bexp=1.84e-03
  ...t=1.898e+10 tail sweep 50% (3000 pieces, 2 threads)
  ...t=1.898e+10 tail sweep 99% (6000 pieces, 2 threads)
  ...t=1.898e+10 tail sweep 74% (4500 pieces, 2 threads)
  ...t=1.898e+10 tail sweep 8% (500 pieces, 2 threads)
  pt win=2 k=-4 x=1.898e+10 t=18977574381.08279 mnew=1.0000 mcert=1.0000 bexp=1.86e-03
  ...t=1.898e+10 tail sweep 58% (3500 pieces, 2 threads)
  ...t=1.898e+10 tail sweep 17% (1000 pieces, 2 threads)
  ...t=1.898e+10 tail sweep 8% (500 pieces, 2 threads)
  ...t=1.898e+10 tail sweep 83% (5000 pieces, 2 threads)
  ...t=1.898e+10 tail sweep 66% (4000 pieces, 2 threads)
  ...t=1.898e+10 tail sweep 25% (1500 pieces, 2 threads)
  ...t=1.898e+10 tail sweep 17% (1000 pieces, 2 threads)
  ...t=1.898e+10 tail sweep 91% (5500 pieces, 2 threads)
  ...t=1.898e+10 tail sweep 74% (4500 pieces, 2 threads)
  ...t=1.898e+10 tail sweep 33% (2000 pieces, 2 threads)
  ...t=1.898e+10 tail sweep 25% (1500 pieces, 2 threads)
  ...t=1.898e+10 tail sweep 83% (5000 pieces, 2 threads)
  ...t=1.898e+10 tail sweep 33% (2000 pieces, 2 threads)
  ...t=1.898e+10 tail sweep 41% (2500 pieces, 2 threads)
  ...t=1.898e+10 tail sweep 99% (6000 pieces, 2 threads)
  ...t=1.898e+10 tail sweep 91% (5500 pieces, 2 threads)
  ...t=1.898e+10 tail sweep 50% (3000 pieces, 2 threads)
  ...t=1.898e+10 tail sweep 41% (2500 pieces, 2 threads)
  pt win=2 k=-3 x=1.898e+10 t=18977574381.58279 mnew=1.0000 mcert=1.0000 bexp=1.88e-03
  ...t=1.898e+10 tail sweep 58% (3500 pieces, 2 threads)
  ...t=1.898e+10 tail sweep 50% (3000 pieces, 2 threads)
  ...t=1.898e+10 tail sweep 8% (500 pieces, 2 threads)
  ...t=1.898e+10 tail sweep 99% (6000 pieces, 2 threads)
  ...t=1.898e+10 tail sweep 66% (4000 pieces, 2 threads)
  pt win=2 k=-2 x=1.898e+10 t=18977574382.08279 mnew=1.0000 mcert=1.0000 bexp=1.85e-03
  ...t=1.898e+10 tail sweep 58% (3500 pieces, 2 threads)
  ...t=1.898e+10 tail sweep 17% (1000 pieces, 2 threads)
  ...t=1.898e+10 tail sweep 74% (4500 pieces, 2 threads)
  ...t=1.898e+10 tail sweep 8% (500 pieces, 2 threads)
  ...t=1.898e+10 tail sweep 66% (4000 pieces, 2 threads)
  ...t=1.898e+10 tail sweep 25% (1500 pieces, 2 threads)
  ...t=1.898e+10 tail sweep 83% (5000 pieces, 2 threads)
  ...t=1.898e+10 tail sweep 17% (1000 pieces, 2 threads)
  ...t=1.898e+10 tail sweep 91% (5500 pieces, 2 threads)
  ...t=1.898e+10 tail sweep 33% (2000 pieces, 2 threads)
  ...t=1.898e+10 tail sweep 74% (4500 pieces, 2 threads)
  ...t=1.898e+10 tail sweep 25% (1500 pieces, 2 threads)
  ...t=1.898e+10 tail sweep 99% (6000 pieces, 2 threads)
  ...t=1.898e+10 tail sweep 41% (2500 pieces, 2 threads)
  pt win=2 k=-1 x=1.898e+10 t=18977574382.58279 mnew=1.0000 mcert=1.0000 bexp=1.84e-03
  ...t=1.898e+10 tail sweep 33% (2000 pieces, 2 threads)
  ...t=1.898e+10 tail sweep 83% (5000 pieces, 2 threads)
  ...t=1.898e+10 tail sweep 8% (500 pieces, 2 threads)
  ...t=1.898e+10 tail sweep 41% (2500 pieces, 2 threads)
  ...t=1.898e+10 tail sweep 50% (3000 pieces, 2 threads)
  ...t=1.898e+10 tail sweep 50% (3000 pieces, 2 threads)
  ...t=1.898e+10 tail sweep 17% (1000 pieces, 2 threads)
  ...t=1.898e+10 tail sweep 58% (3500 pieces, 2 threads)
  ...t=1.898e+10 tail sweep 58% (3500 pieces, 2 threads)
  ...t=1.898e+10 tail sweep 25% (1500 pieces, 2 threads)
  ...t=1.898e+10 tail sweep 66% (4000 pieces, 2 threads)
  ...t=1.898e+10 tail sweep 91% (5500 pieces, 2 threads)
  ...t=1.898e+10 tail sweep 33% (2000 pieces, 2 threads)
  ...t=1.898e+10 tail sweep 66% (4000 pieces, 2 threads)
  ...t=1.898e+10 tail sweep 74% (4500 pieces, 2 threads)
  ...t=1.898e+10 tail sweep 41% (2500 pieces, 2 threads)
  ...t=1.898e+10 tail sweep 83% (5000 pieces, 2 threads)
  ...t=1.898e+10 tail sweep 74% (4500 pieces, 2 threads)
  ...t=1.898e+10 tail sweep 50% (3000 pieces, 2 threads)
  ...t=1.898e+10 tail sweep 91% (5500 pieces, 2 threads)
  ...t=1.898e+10 tail sweep 58% (3500 pieces, 2 threads)
  ...t=1.898e+10 tail sweep 83% (5000 pieces, 2 threads)
  ...t=1.898e+10 tail sweep 99% (6000 pieces, 2 threads)
  ...t=1.898e+10 tail sweep 99% (6000 pieces, 2 threads)
  pt win=2 k=+1 x=1.898e+10 t=18977574383.58279 mnew=1.0000 mcert=1.0000 bexp=1.85e-03
  ...t=1.898e+10 tail sweep 66% (4000 pieces, 2 threads)
  pt win=2 k=+3 x=1.898e+10 t=18977574384.58279 mnew=1.0000 mcert=1.0000 bexp=1.84e-03
  ...t=1.898e+10 tail sweep 91% (5500 pieces, 2 threads)
  ...t=1.898e+10 tail sweep 74% (4500 pieces, 2 threads)
  ...t=1.898e+10 tail sweep 8% (500 pieces, 2 threads)
  ...t=1.898e+10 tail sweep 8% (500 pieces, 2 threads)
  ...t=1.898e+10 tail sweep 99% (6000 pieces, 2 threads)
  ...t=1.898e+10 tail sweep 83% (5000 pieces, 2 threads)
  ...t=1.898e+10 tail sweep 17% (1000 pieces, 2 threads)
  ...t=1.898e+10 tail sweep 17% (1000 pieces, 2 threads)
  pt win=2 k=+2 x=1.898e+10 t=18977574384.08279 mnew=1.0000 mcert=1.0000 bexp=1.86e-03
  ...t=1.898e+10 tail sweep 91% (5500 pieces, 2 threads)
  ...t=1.898e+10 tail sweep 25% (1500 pieces, 2 threads)
  ...t=1.898e+10 tail sweep 25% (1500 pieces, 2 threads)
  ...t=1.898e+10 tail sweep 8% (500 pieces, 2 threads)
  ...t=1.898e+10 tail sweep 99% (6000 pieces, 2 threads)
  ...t=1.898e+10 tail sweep 33% (2000 pieces, 2 threads)
  ...t=1.898e+10 tail sweep 33% (2000 pieces, 2 threads)
  ...t=1.898e+10 tail sweep 17% (1000 pieces, 2 threads)
  pt win=2 k=+4 x=1.898e+10 t=18977574385.08279 mnew=1.0000 mcert=1.0000 bexp=1.87e-03
  ...t=1.898e+10 tail sweep 41% (2500 pieces, 2 threads)
  ...t=1.898e+10 tail sweep 41% (2500 pieces, 2 threads)
  ...t=1.898e+10 tail sweep 8% (500 pieces, 2 threads)
  ...t=1.898e+10 tail sweep 25% (1500 pieces, 2 threads)
  ...t=1.898e+10 tail sweep 50% (3000 pieces, 2 threads)
  ...t=1.898e+10 tail sweep 50% (3000 pieces, 2 threads)
  ...t=1.898e+10 tail sweep 17% (1000 pieces, 2 threads)
  ...t=1.898e+10 tail sweep 33% (2000 pieces, 2 threads)
  ...t=1.898e+10 tail sweep 58% (3500 pieces, 2 threads)
  ...t=1.898e+10 tail sweep 25% (1500 pieces, 2 threads)
  ...t=1.898e+10 tail sweep 58% (3500 pieces, 2 threads)
  ...t=1.898e+10 tail sweep 41% (2500 pieces, 2 threads)
  ...t=1.898e+10 tail sweep 33% (2000 pieces, 2 threads)
  ...t=1.898e+10 tail sweep 66% (4000 pieces, 2 threads)
  ...t=1.898e+10 tail sweep 66% (4000 pieces, 2 threads)
  ...t=1.898e+10 tail sweep 41% (2500 pieces, 2 threads)
  ...t=1.898e+10 tail sweep 50% (3000 pieces, 2 threads)
  ...t=1.898e+10 tail sweep 74% (4500 pieces, 2 threads)
  ...t=1.898e+10 tail sweep 50% (3000 pieces, 2 threads)
  ...t=1.898e+10 tail sweep 74% (4500 pieces, 2 threads)
  ...t=1.898e+10 tail sweep 58% (3500 pieces, 2 threads)
  ...t=1.898e+10 tail sweep 83% (5000 pieces, 2 threads)
  ...t=1.898e+10 tail sweep 58% (3500 pieces, 2 threads)
  ...t=1.898e+10 tail sweep 66% (4000 pieces, 2 threads)
  ...t=1.898e+10 tail sweep 91% (5500 pieces, 2 threads)
  ...t=1.898e+10 tail sweep 83% (5000 pieces, 2 threads)
  ...t=1.898e+10 tail sweep 66% (4000 pieces, 2 threads)
  ...t=1.898e+10 tail sweep 74% (4500 pieces, 2 threads)
  ...t=1.898e+10 tail sweep 99% (6000 pieces, 2 threads)
  ...t=1.898e+10 tail sweep 74% (4500 pieces, 2 threads)
  ...t=1.898e+10 tail sweep 91% (5500 pieces, 2 threads)
  ...t=1.898e+10 tail sweep 83% (5000 pieces, 2 threads)
  pt win=2 k=+5 x=1.898e+10 t=18977574385.58279 mnew=1.0000 mcert=1.0000 bexp=1.90e-03
  ...t=1.898e+10 tail sweep 83% (5000 pieces, 2 threads)
  ...t=1.898e+10 tail sweep 91% (5500 pieces, 2 threads)
  ...t=1.898e+10 tail sweep 8% (500 pieces, 2 threads)
  ...t=1.898e+10 tail sweep 99% (6000 pieces, 2 threads)
  ...t=1.898e+10 tail sweep 91% (5500 pieces, 2 threads)
  ...t=1.898e+10 tail sweep 99% (6000 pieces, 2 threads)
  ...t=1.898e+10 tail sweep 17% (1000 pieces, 2 threads)
  ...t=1.898e+10 tail sweep 99% (6000 pieces, 2 threads)
  pt win=2 k=+6 x=1.898e+10 t=18977574386.08279 mnew=1.0000 mcert=1.0000 bexp=1.88e-03
  pt win=2 k=+7 x=1.898e+10 t=18977574386.58279 mnew=1.0000 mcert=1.0000 bexp=1.96e-03
  pt win=2 k=+8 x=1.898e+10 t=18977574387.08279 mnew=1.0000 mcert=1.0000 bexp=1.96e-03
  ...t=1.898e+10 tail sweep 25% (1500 pieces, 2 threads)
  ...t=1.898e+10 tail sweep 8% (500 pieces, 2 threads)
  ...t=1.898e+10 tail sweep 8% (500 pieces, 2 threads)
  ...t=1.898e+10 tail sweep 8% (500 pieces, 2 threads)
  ...t=1.898e+10 tail sweep 33% (2000 pieces, 2 threads)
  ...t=1.898e+10 tail sweep 17% (1000 pieces, 2 threads)
  ...t=1.898e+10 tail sweep 17% (1000 pieces, 2 threads)
  ...t=1.898e+10 tail sweep 41% (2500 pieces, 2 threads)
  ...t=1.898e+10 tail sweep 17% (1000 pieces, 2 threads)
  ...t=1.898e+10 tail sweep 25% (1500 pieces, 2 threads)
  ...t=1.898e+10 tail sweep 25% (1500 pieces, 2 threads)
  ...t=1.898e+10 tail sweep 50% (3000 pieces, 2 threads)
  ...t=1.898e+10 tail sweep 25% (1500 pieces, 2 threads)
  ...t=1.898e+10 tail sweep 33% (2000 pieces, 2 threads)
  ...t=1.898e+10 tail sweep 33% (2000 pieces, 2 threads)
  ...t=1.898e+10 tail sweep 58% (3500 pieces, 2 threads)
  ...t=1.898e+10 tail sweep 41% (2500 pieces, 2 threads)
  ...t=1.898e+10 tail sweep 41% (2500 pieces, 2 threads)
  ...t=1.898e+10 tail sweep 33% (2000 pieces, 2 threads)
  ...t=1.898e+10 tail sweep 50% (3000 pieces, 2 threads)
  ...t=1.898e+10 tail sweep 50% (3000 pieces, 2 threads)
  ...t=1.898e+10 tail sweep 66% (4000 pieces, 2 threads)
  ...t=1.898e+10 tail sweep 41% (2500 pieces, 2 threads)
  ...t=1.898e+10 tail sweep 58% (3500 pieces, 2 threads)
  ...t=1.898e+10 tail sweep 58% (3500 pieces, 2 threads)
  ...t=1.898e+10 tail sweep 74% (4500 pieces, 2 threads)
  ...t=1.898e+10 tail sweep 66% (4000 pieces, 2 threads)
  ...t=1.898e+10 tail sweep 66% (4000 pieces, 2 threads)
  ...t=1.898e+10 tail sweep 83% (5000 pieces, 2 threads)
  ...t=1.898e+10 tail sweep 74% (4500 pieces, 2 threads)
  ...t=1.898e+10 tail sweep 74% (4500 pieces, 2 threads)
  ...t=1.898e+10 tail sweep 50% (3000 pieces, 2 threads)
  ...t=1.898e+10 tail sweep 83% (5000 pieces, 2 threads)
  ...t=1.898e+10 tail sweep 83% (5000 pieces, 2 threads)
  ...t=1.898e+10 tail sweep 91% (5500 pieces, 2 threads)
  ...t=1.898e+10 tail sweep 91% (5500 pieces, 2 threads)
  ...t=1.898e+10 tail sweep 91% (5500 pieces, 2 threads)
  ...t=1.898e+10 tail sweep 99% (6000 pieces, 2 threads)  ...t=1.898e+10 tail sweep 99% (6000 pieces, 2 threads)

  ...t=1.898e+10 tail sweep 99% (6000 pieces, 2 threads)
  ...t=1.898e+10 tail sweep 58% (3500 pieces, 2 threads)
  pt win=2 k=+11 x=1.898e+10 t=18977574388.58279 mnew=1.0000 mcert=1.0000 bexp=1.88e-03
  pt win=2 k=+12 x=1.898e+10 t=18977574389.08279 mnew=1.0000 mcert=1.0000 bexp=1.85e-03
  pt win=2 k=+9 x=1.898e+10 t=18977574387.58279 mnew=1.0000 mcert=1.0000 bexp=1.87e-03
  ...t=1.898e+10 tail sweep 66% (4000 pieces, 2 threads)
  ...t=2.05e+10 tail sweep 8% (500 pieces, 2 threads)
  ...t=2.05e+10 tail sweep 8% (500 pieces, 2 threads)
  ...t=2.05e+10 tail sweep 8% (500 pieces, 2 threads)
  ...t=2.05e+10 tail sweep 17% (1000 pieces, 2 threads)
  ...t=2.05e+10 tail sweep 17% (1000 pieces, 2 threads)
  ...t=2.05e+10 tail sweep 17% (1000 pieces, 2 threads)
  ...t=1.898e+10 tail sweep 74% (4500 pieces, 2 threads)
  ...t=2.05e+10 tail sweep 25% (1500 pieces, 2 threads)
  ...t=2.05e+10 tail sweep 25% (1500 pieces, 2 threads)
  ...t=2.05e+10 tail sweep 25% (1500 pieces, 2 threads)
  ...t=2.05e+10 tail sweep 33% (2000 pieces, 2 threads)
  ...t=2.05e+10 tail sweep 33% (2000 pieces, 2 threads)
  ...t=2.05e+10 tail sweep 33% (2000 pieces, 2 threads)
  ...t=1.898e+10 tail sweep 83% (5000 pieces, 2 threads)
  ...t=2.05e+10 tail sweep 41% (2500 pieces, 2 threads)
  ...t=2.05e+10 tail sweep 41% (2500 pieces, 2 threads)
  ...t=2.05e+10 tail sweep 41% (2500 pieces, 2 threads)
  ...t=2.05e+10 tail sweep 50% (3000 pieces, 2 threads)
  ...t=2.05e+10 tail sweep 50% (3000 pieces, 2 threads)
  ...t=2.05e+10 tail sweep 50% (3000 pieces, 2 threads)
  ...t=1.898e+10 tail sweep 91% (5500 pieces, 2 threads)
  ...t=2.05e+10 tail sweep 58% (3500 pieces, 2 threads)
  ...t=2.05e+10 tail sweep 58% (3500 pieces, 2 threads)
  ...t=2.05e+10 tail sweep 58% (3500 pieces, 2 threads)
  ...t=2.05e+10 tail sweep 66% (4000 pieces, 2 threads)
  ...t=2.05e+10 tail sweep 66% (4000 pieces, 2 threads)
  ...t=2.05e+10 tail sweep 66% (4000 pieces, 2 threads)
  ...t=1.898e+10 tail sweep 99% (6000 pieces, 2 threads)
  ...t=2.05e+10 tail sweep 74% (4500 pieces, 2 threads)
  ...t=2.05e+10 tail sweep 74% (4500 pieces, 2 threads)
  ...t=2.05e+10 tail sweep 74% (4500 pieces, 2 threads)
  pt win=2 k=+10 x=1.898e+10 t=18977574388.08279 mnew=1.0000 mcert=1.0000 bexp=1.86e-03
  ...t=2.05e+10 tail sweep 83% (5000 pieces, 2 threads)
  ...t=2.05e+10 tail sweep 83% (5000 pieces, 2 threads)
  ...t=2.05e+10 tail sweep 83% (5000 pieces, 2 threads)
  ...t=2.05e+10 tail sweep 91% (5500 pieces, 2 threads)
  ...t=2.05e+10 tail sweep 91% (5500 pieces, 2 threads)
  ...t=2.05e+10 tail sweep 91% (5500 pieces, 2 threads)
  ...t=2.05e+10 tail sweep 8% (500 pieces, 2 threads)
  ...t=2.05e+10 tail sweep 99% (6000 pieces, 2 threads)
  ...t=2.05e+10 tail sweep 99% (6000 pieces, 2 threads)
  ...t=2.05e+10 tail sweep 99% (6000 pieces, 2 threads)
  ...t=2.05e+10 tail sweep 17% (1000 pieces, 2 threads)
  pt win=3 k=-10 x=2.05e+10 t=20495780328.56189 mnew=1.0000 mcert=1.0000 bexp=1.96e-03
  pt win=3 k=-11 x=2.05e+10 t=20495780328.06189 mnew=1.0000 mcert=1.0000 bexp=2.03e-03
  ...t=2.05e+10 tail sweep 25% (1500 pieces, 2 threads)
  pt win=3 k=-12 x=2.05e+10 t=20495780327.56189 mnew=1.0000 mcert=1.0000 bexp=2.11e-03
  ...t=2.05e+10 tail sweep 8% (500 pieces, 2 threads)
  ...t=2.05e+10 tail sweep 8% (500 pieces, 2 threads)
  ...t=2.05e+10 tail sweep 8% (500 pieces, 2 threads)
  ...t=2.05e+10 tail sweep 33% (2000 pieces, 2 threads)
  ...t=2.05e+10 tail sweep 17% (1000 pieces, 2 threads)
  ...t=2.05e+10 tail sweep 17% (1000 pieces, 2 threads)
  ...t=2.05e+10 tail sweep 17% (1000 pieces, 2 threads)
  ...t=2.05e+10 tail sweep 41% (2500 pieces, 2 threads)
  ...t=2.05e+10 tail sweep 25% (1500 pieces, 2 threads)
  ...t=2.05e+10 tail sweep 25% (1500 pieces, 2 threads)
  ...t=2.05e+10 tail sweep 25% (1500 pieces, 2 threads)
  ...t=2.05e+10 tail sweep 50% (3000 pieces, 2 threads)
  ...t=2.05e+10 tail sweep 33% (2000 pieces, 2 threads)
  ...t=2.05e+10 tail sweep 33% (2000 pieces, 2 threads)
  ...t=2.05e+10 tail sweep 33% (2000 pieces, 2 threads)
  ...t=2.05e+10 tail sweep 58% (3500 pieces, 2 threads)
  ...t=2.05e+10 tail sweep 41% (2500 pieces, 2 threads)
  ...t=2.05e+10 tail sweep 41% (2500 pieces, 2 threads)
  ...t=2.05e+10 tail sweep 41% (2500 pieces, 2 threads)
  ...t=2.05e+10 tail sweep 66% (4000 pieces, 2 threads)
  ...t=2.05e+10 tail sweep 50% (3000 pieces, 2 threads)
  ...t=2.05e+10 tail sweep 50% (3000 pieces, 2 threads)
  ...t=2.05e+10 tail sweep 50% (3000 pieces, 2 threads)
  ...t=2.05e+10 tail sweep 74% (4500 pieces, 2 threads)
  ...t=2.05e+10 tail sweep 58% (3500 pieces, 2 threads)
  ...t=2.05e+10 tail sweep 58% (3500 pieces, 2 threads)
  ...t=2.05e+10 tail sweep 58% (3500 pieces, 2 threads)
  ...t=2.05e+10 tail sweep 66% (4000 pieces, 2 threads)
  ...t=2.05e+10 tail sweep 66% (4000 pieces, 2 threads)
  ...t=2.05e+10 tail sweep 83% (5000 pieces, 2 threads)
  ...t=2.05e+10 tail sweep 91% (5500 pieces, 2 threads)
  ...t=2.05e+10 tail sweep 66% (4000 pieces, 2 threads)
  ...t=2.05e+10 tail sweep 74% (4500 pieces, 2 threads)
  ...t=2.05e+10 tail sweep 74% (4500 pieces, 2 threads)
  ...t=2.05e+10 tail sweep 99% (6000 pieces, 2 threads)
  ...t=2.05e+10 tail sweep 83% (5000 pieces, 2 threads)
  ...t=2.05e+10 tail sweep 83% (5000 pieces, 2 threads)
  ...t=2.05e+10 tail sweep 74% (4500 pieces, 2 threads)
  pt win=3 k=-9 x=2.05e+10 t=20495780329.06189 mnew=1.0000 mcert=1.0000 bexp=2.05e-03
  ...t=2.05e+10 tail sweep 91% (5500 pieces, 2 threads)
  ...t=2.05e+10 tail sweep 91% (5500 pieces, 2 threads)
  ...t=2.05e+10 tail sweep 8% (500 pieces, 2 threads)
  ...t=2.05e+10 tail sweep 83% (5000 pieces, 2 threads)
  ...t=2.05e+10 tail sweep 99% (6000 pieces, 2 threads)
  ...t=2.05e+10 tail sweep 99% (6000 pieces, 2 threads)
  ...t=2.05e+10 tail sweep 17% (1000 pieces, 2 threads)
  ...t=2.05e+10 tail sweep 25% (1500 pieces, 2 threads)
  ...t=2.05e+10 tail sweep 91% (5500 pieces, 2 threads)
  pt win=3 k=-8 x=2.05e+10 t=20495780329.56189 mnew=1.0000 mcert=1.0000 bexp=2.03e-03
  pt win=3 k=-6 x=2.05e+10 t=20495780330.56189 mnew=1.0000 mcert=1.0000 bexp=2.03e-03
  ...t=2.05e+10 tail sweep 33% (2000 pieces, 2 threads)
  ...t=2.05e+10 tail sweep 8% (500 pieces, 2 threads)
  ...t=2.05e+10 tail sweep 8% (500 pieces, 2 threads)
  ...t=2.05e+10 tail sweep 99% (6000 pieces, 2 threads)
  ...t=2.05e+10 tail sweep 41% (2500 pieces, 2 threads)
  ...t=2.05e+10 tail sweep 17% (1000 pieces, 2 threads)
  ...t=2.05e+10 tail sweep 17% (1000 pieces, 2 threads)
  pt win=3 k=-7 x=2.05e+10 t=20495780330.06189 mnew=1.0000 mcert=1.0000 bexp=1.97e-03
  ...t=2.05e+10 tail sweep 25% (1500 pieces, 2 threads)
  ...t=2.05e+10 tail sweep 25% (1500 pieces, 2 threads)
  ...t=2.05e+10 tail sweep 50% (3000 pieces, 2 threads)
  ...t=2.05e+10 tail sweep 8% (500 pieces, 2 threads)
  ...t=2.05e+10 tail sweep 33% (2000 pieces, 2 threads)
  ...t=2.05e+10 tail sweep 33% (2000 pieces, 2 threads)
  ...t=2.05e+10 tail sweep 58% (3500 pieces, 2 threads)
  ...t=2.05e+10 tail sweep 17% (1000 pieces, 2 threads)
  ...t=2.05e+10 tail sweep 41% (2500 pieces, 2 threads)
  ...t=2.05e+10 tail sweep 41% (2500 pieces, 2 threads)
  ...t=2.05e+10 tail sweep 66% (4000 pieces, 2 threads)
  ...t=2.05e+10 tail sweep 25% (1500 pieces, 2 threads)
  ...t=2.05e+10 tail sweep 50% (3000 pieces, 2 threads)
  ...t=2.05e+10 tail sweep 50% (3000 pieces, 2 threads)
  ...t=2.05e+10 tail sweep 74% (4500 pieces, 2 threads)
  ...t=2.05e+10 tail sweep 58% (3500 pieces, 2 threads)
  ...t=2.05e+10 tail sweep 58% (3500 pieces, 2 threads)
  ...t=2.05e+10 tail sweep 66% (4000 pieces, 2 threads)
  ...t=2.05e+10 tail sweep 66% (4000 pieces, 2 threads)
  ...t=2.05e+10 tail sweep 83% (5000 pieces, 2 threads)
  ...t=2.05e+10 tail sweep 33% (2000 pieces, 2 threads)
  ...t=2.05e+10 tail sweep 74% (4500 pieces, 2 threads)
  ...t=2.05e+10 tail sweep 74% (4500 pieces, 2 threads)
  ...t=2.05e+10 tail sweep 91% (5500 pieces, 2 threads)
  ...t=2.05e+10 tail sweep 83% (5000 pieces, 2 threads)
  ...t=2.05e+10 tail sweep 83% (5000 pieces, 2 threads)
  ...t=2.05e+10 tail sweep 41% (2500 pieces, 2 threads)
  ...t=2.05e+10 tail sweep 91% (5500 pieces, 2 threads)
  ...t=2.05e+10 tail sweep 91% (5500 pieces, 2 threads)
  ...t=2.05e+10 tail sweep 99% (6000 pieces, 2 threads)
  pt win=3 k=-5 x=2.05e+10 t=20495780331.06189 mnew=1.0000 mcert=1.0000 bexp=1.99e-03
  ...t=2.05e+10 tail sweep 50% (3000 pieces, 2 threads)
  ...t=2.05e+10 tail sweep 99% (6000 pieces, 2 threads)
  ...t=2.05e+10 tail sweep 99% (6000 pieces, 2 threads)
  ...t=2.05e+10 tail sweep 8% (500 pieces, 2 threads)
  pt win=3 k=-3 x=2.05e+10 t=20495780332.06189 mnew=1.0000 mcert=1.0000 bexp=1.98e-03
  pt win=3 k=-4 x=2.05e+10 t=20495780331.56189 mnew=1.0000 mcert=1.0000 bexp=1.97e-03
  ...t=2.05e+10 tail sweep 58% (3500 pieces, 2 threads)
  ...t=2.05e+10 tail sweep 8% (500 pieces, 2 threads)
  ...t=2.05e+10 tail sweep 8% (500 pieces, 2 threads)
  ...t=2.05e+10 tail sweep 17% (1000 pieces, 2 threads)
  ...t=2.05e+10 tail sweep 66% (4000 pieces, 2 threads)
  ...t=2.05e+10 tail sweep 17% (1000 pieces, 2 threads)
  ...t=2.05e+10 tail sweep 17% (1000 pieces, 2 threads)
  ...t=2.05e+10 tail sweep 25% (1500 pieces, 2 threads)
  ...t=2.05e+10 tail sweep 25% (1500 pieces, 2 threads)
  ...t=2.05e+10 tail sweep 25% (1500 pieces, 2 threads)
  ...t=2.05e+10 tail sweep 33% (2000 pieces, 2 threads)
  ...t=2.05e+10 tail sweep 74% (4500 pieces, 2 threads)
  ...t=2.05e+10 tail sweep 33% (2000 pieces, 2 threads)
  ...t=2.05e+10 tail sweep 33% (2000 pieces, 2 threads)
  ...t=2.05e+10 tail sweep 41% (2500 pieces, 2 threads)
  ...t=2.05e+10 tail sweep 83% (5000 pieces, 2 threads)
  ...t=2.05e+10 tail sweep 41% (2500 pieces, 2 threads)
  ...t=2.05e+10 tail sweep 41% (2500 pieces, 2 threads)
  ...t=2.05e+10 tail sweep 50% (3000 pieces, 2 threads)
  ...t=2.05e+10 tail sweep 50% (3000 pieces, 2 threads)
  ...t=2.05e+10 tail sweep 58% (3500 pieces, 2 threads)
  ...t=2.05e+10 tail sweep 50% (3000 pieces, 2 threads)
  ...t=2.05e+10 tail sweep 91% (5500 pieces, 2 threads)
  ...t=2.05e+10 tail sweep 58% (3500 pieces, 2 threads)
  ...t=2.05e+10 tail sweep 58% (3500 pieces, 2 threads)
  ...t=2.05e+10 tail sweep 66% (4000 pieces, 2 threads)
  ...t=2.05e+10 tail sweep 66% (4000 pieces, 2 threads)
  ...t=2.05e+10 tail sweep 66% (4000 pieces, 2 threads)
  ...t=2.05e+10 tail sweep 74% (4500 pieces, 2 threads)
  ...t=2.05e+10 tail sweep 99% (6000 pieces, 2 threads)
  pt win=3 k=-2 x=2.05e+10 t=20495780332.56189 mnew=1.0000 mcert=1.0000 bexp=1.96e-03
  ...t=2.05e+10 tail sweep 74% (4500 pieces, 2 threads)
  ...t=2.05e+10 tail sweep 74% (4500 pieces, 2 threads)
  ...t=2.05e+10 tail sweep 83% (5000 pieces, 2 threads)
  ...t=2.05e+10 tail sweep 83% (5000 pieces, 2 threads)
  ...t=2.05e+10 tail sweep 83% (5000 pieces, 2 threads)
  ...t=2.05e+10 tail sweep 8% (500 pieces, 2 threads)
  ...t=2.05e+10 tail sweep 91% (5500 pieces, 2 threads)
  ...t=2.05e+10 tail sweep 91% (5500 pieces, 2 threads)
  ...t=2.05e+10 tail sweep 99% (6000 pieces, 2 threads)
  ...t=2.05e+10 tail sweep 17% (1000 pieces, 2 threads)
  ...t=2.05e+10 tail sweep 91% (5500 pieces, 2 threads)
  ...t=2.05e+10 tail sweep 99% (6000 pieces, 2 threads)
  pt win=3 k=-1 x=2.05e+10 t=20495780333.06189 mnew=1.0000 mcert=1.0000 bexp=2.00e-03
  pt win=3 k=+2 x=2.05e+10 t=20495780334.56189 mnew=1.0000 mcert=1.0000 bexp=1.97e-03
  ...t=2.05e+10 tail sweep 99% (6000 pieces, 2 threads)
  ...t=2.05e+10 tail sweep 25% (1500 pieces, 2 threads)
  ...t=2.05e+10 tail sweep 8% (500 pieces, 2 threads)
  ...t=2.05e+10 tail sweep 8% (500 pieces, 2 threads)
  pt win=3 k=+1 x=2.05e+10 t=20495780334.06189 mnew=1.0000 mcert=1.0000 bexp=1.99e-03
  ...t=2.05e+10 tail sweep 33% (2000 pieces, 2 threads)
  ...t=2.05e+10 tail sweep 8% (500 pieces, 2 threads)
  ...t=2.05e+10 tail sweep 17% (1000 pieces, 2 threads)
  ...t=2.05e+10 tail sweep 17% (1000 pieces, 2 threads)
  ...t=2.05e+10 tail sweep 17% (1000 pieces, 2 threads)
  ...t=2.05e+10 tail sweep 41% (2500 pieces, 2 threads)
  ...t=2.05e+10 tail sweep 25% (1500 pieces, 2 threads)
  ...t=2.05e+10 tail sweep 25% (1500 pieces, 2 threads)
  ...t=2.05e+10 tail sweep 25% (1500 pieces, 2 threads)
  ...t=2.05e+10 tail sweep 50% (3000 pieces, 2 threads)
  ...t=2.05e+10 tail sweep 33% (2000 pieces, 2 threads)
  ...t=2.05e+10 tail sweep 33% (2000 pieces, 2 threads)
  ...t=2.05e+10 tail sweep 58% (3500 pieces, 2 threads)
  ...t=2.05e+10 tail sweep 33% (2000 pieces, 2 threads)
  ...t=2.05e+10 tail sweep 66% (4000 pieces, 2 threads)
  ...t=2.05e+10 tail sweep 41% (2500 pieces, 2 threads)
  ...t=2.05e+10 tail sweep 41% (2500 pieces, 2 threads)
  ...t=2.05e+10 tail sweep 41% (2500 pieces, 2 threads)
  ...t=2.05e+10 tail sweep 50% (3000 pieces, 2 threads)
  ...t=2.05e+10 tail sweep 50% (3000 pieces, 2 threads)
  ...t=2.05e+10 tail sweep 74% (4500 pieces, 2 threads)
  ...t=2.05e+10 tail sweep 58% (3500 pieces, 2 threads)
  ...t=2.05e+10 tail sweep 58% (3500 pieces, 2 threads)
  ...t=2.05e+10 tail sweep 83% (5000 pieces, 2 threads)
  ...t=2.05e+10 tail sweep 50% (3000 pieces, 2 threads)
  ...t=2.05e+10 tail sweep 66% (4000 pieces, 2 threads)
  ...t=2.05e+10 tail sweep 66% (4000 pieces, 2 threads)
  ...t=2.05e+10 tail sweep 91% (5500 pieces, 2 threads)
  ...t=2.05e+10 tail sweep 74% (4500 pieces, 2 threads)
  ...t=2.05e+10 tail sweep 74% (4500 pieces, 2 threads)
  ...t=2.05e+10 tail sweep 58% (3500 pieces, 2 threads)
  ...t=2.05e+10 tail sweep 99% (6000 pieces, 2 threads)
  ...t=2.05e+10 tail sweep 83% (5000 pieces, 2 threads)
  ...t=2.05e+10 tail sweep 83% (5000 pieces, 2 threads)
  pt win=3 k=+3 x=2.05e+10 t=20495780335.06189 mnew=1.0000 mcert=1.0000 bexp=1.95e-03
  ...t=2.05e+10 tail sweep 66% (4000 pieces, 2 threads)
  ...t=2.05e+10 tail sweep 91% (5500 pieces, 2 threads)
  ...t=2.05e+10 tail sweep 91% (5500 pieces, 2 threads)
  ...t=2.05e+10 tail sweep 8% (500 pieces, 2 threads)
  ...t=2.05e+10 tail sweep 99% (6000 pieces, 2 threads)
  ...t=2.05e+10 tail sweep 99% (6000 pieces, 2 threads)
  ...t=2.05e+10 tail sweep 17% (1000 pieces, 2 threads)
  ...t=2.05e+10 tail sweep 74% (4500 pieces, 2 threads)
  pt win=3 k=+6 x=2.05e+10 t=20495780336.56189 mnew=1.0000 mcert=1.0000 bexp=1.98e-03
  pt win=3 k=+4 x=2.05e+10 t=20495780335.56189 mnew=1.0000 mcert=1.0000 bexp=1.99e-03
  ...t=2.05e+10 tail sweep 25% (1500 pieces, 2 threads)
  ...t=2.05e+10 tail sweep 8% (500 pieces, 2 threads)
  ...t=2.05e+10 tail sweep 8% (500 pieces, 2 threads)
  ...t=2.05e+10 tail sweep 33% (2000 pieces, 2 threads)
  ...t=2.05e+10 tail sweep 83% (5000 pieces, 2 threads)
  ...t=2.05e+10 tail sweep 17% (1000 pieces, 2 threads)
  ...t=2.05e+10 tail sweep 17% (1000 pieces, 2 threads)
  ...t=2.05e+10 tail sweep 41% (2500 pieces, 2 threads)
  ...t=2.05e+10 tail sweep 91% (5500 pieces, 2 threads)
  ...t=2.05e+10 tail sweep 25% (1500 pieces, 2 threads)
  ...t=2.05e+10 tail sweep 25% (1500 pieces, 2 threads)
  ...t=2.05e+10 tail sweep 50% (3000 pieces, 2 threads)
  ...t=2.05e+10 tail sweep 99% (6000 pieces, 2 threads)
  ...t=2.05e+10 tail sweep 33% (2000 pieces, 2 threads)
  ...t=2.05e+10 tail sweep 33% (2000 pieces, 2 threads)
  pt win=3 k=+5 x=2.05e+10 t=20495780336.06189 mnew=1.0000 mcert=1.0000 bexp=2.00e-03
  ...t=2.05e+10 tail sweep 58% (3500 pieces, 2 threads)
  ...t=2.05e+10 tail sweep 41% (2500 pieces, 2 threads)
  ...t=2.05e+10 tail sweep 41% (2500 pieces, 2 threads)
  ...t=2.05e+10 tail sweep 8% (500 pieces, 2 threads)
  ...t=2.05e+10 tail sweep 66% (4000 pieces, 2 threads)
  ...t=2.05e+10 tail sweep 50% (3000 pieces, 2 threads)
  ...t=2.05e+10 tail sweep 50% (3000 pieces, 2 threads)
  ...t=2.05e+10 tail sweep 17% (1000 pieces, 2 threads)
  ...t=2.05e+10 tail sweep 74% (4500 pieces, 2 threads)
  ...t=2.05e+10 tail sweep 58% (3500 pieces, 2 threads)
  ...t=2.05e+10 tail sweep 25% (1500 pieces, 2 threads)
  ...t=2.05e+10 tail sweep 58% (3500 pieces, 2 threads)
  ...t=2.05e+10 tail sweep 66% (4000 pieces, 2 threads)
  ...t=2.05e+10 tail sweep 83% (5000 pieces, 2 threads)
  ...t=2.05e+10 tail sweep 33% (2000 pieces, 2 threads)
  ...t=2.05e+10 tail sweep 74% (4500 pieces, 2 threads)
  ...t=2.05e+10 tail sweep 66% (4000 pieces, 2 threads)
  ...t=2.05e+10 tail sweep 91% (5500 pieces, 2 threads)
  ...t=2.05e+10 tail sweep 83% (5000 pieces, 2 threads)
  ...t=2.05e+10 tail sweep 41% (2500 pieces, 2 threads)
  ...t=2.05e+10 tail sweep 74% (4500 pieces, 2 threads)
  ...t=2.05e+10 tail sweep 99% (6000 pieces, 2 threads)
  ...t=2.05e+10 tail sweep 91% (5500 pieces, 2 threads)
  ...t=2.05e+10 tail sweep 50% (3000 pieces, 2 threads)
  pt win=3 k=+7 x=2.05e+10 t=20495780337.06189 mnew=1.0000 mcert=1.0000 bexp=2.22e-03
  ...t=2.05e+10 tail sweep 83% (5000 pieces, 2 threads)
  ...t=2.05e+10 tail sweep 58% (3500 pieces, 2 threads)
  ...t=2.05e+10 tail sweep 99% (6000 pieces, 2 threads)
  ...t=2.05e+10 tail sweep 8% (500 pieces, 2 threads)
  ...t=2.05e+10 tail sweep 91% (5500 pieces, 2 threads)
  ...t=2.05e+10 tail sweep 99% (6000 pieces, 2 threads)
  pt win=3 k=+8 x=2.05e+10 t=20495780337.56189 mnew=1.0000 mcert=1.0000 bexp=1.97e-03
  ...t=2.05e+10 tail sweep 66% (4000 pieces, 2 threads)
  ...t=2.05e+10 tail sweep 17% (1000 pieces, 2 threads)
  pt win=3 k=+9 x=2.05e+10 t=20495780338.06189 mnew=1.0000 mcert=1.0000 bexp=1.97e-03
  ...t=2.05e+10 tail sweep 8% (500 pieces, 2 threads)
  ...t=2.05e+10 tail sweep 74% (4500 pieces, 2 threads)
  ...t=2.05e+10 tail sweep 25% (1500 pieces, 2 threads)
  ...t=2.05e+10 tail sweep 17% (1000 pieces, 2 threads)
  ...t=2.05e+10 tail sweep 83% (5000 pieces, 2 threads)
  ...t=2.05e+10 tail sweep 33% (2000 pieces, 2 threads)
  ...t=2.05e+10 tail sweep 91% (5500 pieces, 2 threads)
  ...t=2.05e+10 tail sweep 41% (2500 pieces, 2 threads)
  ...t=2.05e+10 tail sweep 25% (1500 pieces, 2 threads)
  ...t=2.05e+10 tail sweep 99% (6000 pieces, 2 threads)
  ...t=2.05e+10 tail sweep 50% (3000 pieces, 2 threads)
  ...t=2.05e+10 tail sweep 33% (2000 pieces, 2 threads)
  pt win=3 k=+10 x=2.05e+10 t=20495780338.56189 mnew=1.0000 mcert=1.0000 bexp=1.96e-03
  ...t=2.05e+10 tail sweep 58% (3500 pieces, 2 threads)
  ...t=2.05e+10 tail sweep 41% (2500 pieces, 2 threads)
  ...t=2.05e+10 tail sweep 66% (4000 pieces, 2 threads)
  ...t=2.05e+10 tail sweep 50% (3000 pieces, 2 threads)
  ...t=2.05e+10 tail sweep 74% (4500 pieces, 2 threads)
  ...t=2.05e+10 tail sweep 83% (5000 pieces, 2 threads)
  ...t=2.05e+10 tail sweep 58% (3500 pieces, 2 threads)
  ...t=2.05e+10 tail sweep 91% (5500 pieces, 2 threads)
  ...t=2.05e+10 tail sweep 66% (4000 pieces, 2 threads)
  ...t=2.05e+10 tail sweep 99% (6000 pieces, 2 threads)
  ...t=2.05e+10 tail sweep 74% (4500 pieces, 2 threads)
  pt win=3 k=+11 x=2.05e+10 t=20495780339.06189 mnew=1.0000 mcert=1.0000 bexp=3.09e-03
  ...t=2.05e+10 tail sweep 83% (5000 pieces, 2 threads)
  ...t=2.05e+10 tail sweep 91% (5500 pieces, 2 threads)
  ...t=2.05e+10 tail sweep 99% (6000 pieces, 2 threads)
  pt win=3 k=+12 x=2.05e+10 t=20495780339.56189 mnew=1.0000 mcert=1.0000 bexp=2.00e-03
           x            g best_mnew worst_mcert      btot      flag
 1.62702e+10 16270211233.6825  1.000000   1.000000  2.19e-03 -
 1.75718e+10 17571828132.5486  1.000000   1.000000  2.26e-03 -
 1.89776e+10 18977574383.0828  1.000000   1.000000  2.41e-03 -
 2.04958e+10 20495780333.5619  1.000000   1.000000  2.70e-03 -
worst certified margin = 1.000000 at t = 16270211228.18246 (computed 1.000000)
margin_cert < 1: [16270211228.182, 16270211229.182, 16270211228.682, 16270211227.682, 16270211230.182, 16270211231.182, 16270211229.682, 16270211230.682, 16270211233.182, 16270211231.682, 16270211232.682, 16270211232.182, 17571828126.549, 17571828127.049, 17571828127.549, 17571828128.049, 17571828129.049, 17571828130.049, 17571828128.549, 17571828129.549, 17571828130.549, 17571828131.549, 17571828131.049, 17571828132.049, 18977574377.083, 18977574377.583, 18977574378.083, 18977574379.083, 18977574378.583, 18977574379.583, 18977574380.083, 18977574380.583, 18977574381.083, 18977574381.583, 18977574382.083, 18977574382.583, 20495780328.562, 20495780328.062, 20495780327.562, 20495780329.062, 20495780329.562, 20495780330.562, 20495780330.062, 20495780331.062, 20495780332.062, 20495780331.562, 20495780332.562, 20495780333.062]
margin_new  < 1: [16270211228.182, 16270211229.182, 16270211228.682, 16270211227.682, 16270211230.182, 16270211231.182, 16270211229.682, 16270211230.682, 16270211233.182, 16270211231.682, 16270211232.682, 16270211232.182, 17571828126.549, 17571828127.049, 17571828127.549, 17571828128.049, 17571828129.049, 17571828130.049, 17571828128.549, 17571828129.549, 17571828130.549, 17571828131.549, 17571828131.049, 17571828132.049, 18977574377.083, 18977574377.583, 18977574378.083, 18977574379.083, 18977574378.583, 18977574379.583, 18977574380.083, 18977574380.583, 18977574381.083, 18977574381.583, 18977574382.083, 18977574382.583, 20495780328.562, 20495780328.062, 20495780327.562, 20495780329.062, 20495780329.562, 20495780330.562, 20495780330.062, 20495780331.062, 20495780332.062, 20495780331.562, 20495780332.562, 20495780333.062]
wall = 97962.7 s
STATUS: see the pre-registered reading C-2/C-3
H1  FULL-DONE:  4  windows,  96  points,  assembled  to  /workspace/h1/RH/scripts/rh/out_day038_full_pts.txt;  instance  wall  27.2  h
